Iteration: 0 | epoch: 0
---INITTIALIZING GLOBAL VARS---
Arguements passed: {'FAULT_RATE': 3.2, 'EPOCH': 0, 'SIMULATION_TIME': 38, 'ARCH': 'new', 'OUTPUT': './results/test.pkl', 'NUM_LOCATIONS': 10, 'PORT_CLOUD': '8081', 'PORT_CLIENT': '8082'}
updating CloudSim_Conf: {
  "threshold1": "0.9359999999999999",
  "threshold2": "0.7",
  "seed1": "42",
  "seed2": "42",
  "seed3": "42",
  "seed4": "42",
  "port": "8081",
  "num_locations": "10",
  "num_locations_down": "0",
  "num_hosts": "50"
}
INFO:ftm.server:sending msg
INFO:ftm.messaging_monitor:[33mcloud_server starting at 8081[0m
INFO:ftm.messaging_monitor:req to start client server at 8082
INFO:ftm.messaging_monitor:client_server starting at 8082
======== Running on http://0.0.0.0:8081 ========
(Press CTRL+C to quit)
======== Running on http://0.0.0.0:8082 ========
(Press CTRL+C to quit)
INFO:ftm.messaging_monitor:[33mcloud handler approached[0m
DEBUG:ftm.messaging_monitor:[43m[37msending msg: {'desc': 'welcome message'} to cloud[0m
INFO:ftm.server:cloud connected!![0m
[33mServer process says: start client![0m
May 10, 2020 3:44:06 AM org.glassfish.tyrus.core.AnnotatedEndpoint onError
INFO: Unhandled exception in endpoint Client.
java.lang.NullPointerException
	at Client.onMessage(Client.java:75)
	at sun.reflect.NativeMethodAccessorImpl.invoke0(Native Method)
	at sun.reflect.NativeMethodAccessorImpl.invoke(NativeMethodAccessorImpl.java:62)
	at sun.reflect.DelegatingMethodAccessorImpl.invoke(DelegatingMethodAccessorImpl.java:43)
	at java.lang.reflect.Method.invoke(Method.java:498)
	at org.glassfish.tyrus.core.AnnotatedEndpoint.callMethod(AnnotatedEndpoint.java:477)
	at org.glassfish.tyrus.core.AnnotatedEndpoint.access$100(AnnotatedEndpoint.java:87)
	at org.glassfish.tyrus.core.AnnotatedEndpoint$WholeHandler$1.onMessage(AnnotatedEndpoint.java:573)
	at org.glassfish.tyrus.core.TyrusSession.notifyMessageHandlers(TyrusSession.java:564)
	at org.glassfish.tyrus.core.TyrusEndpointWrapper.onMessage(TyrusEndpointWrapper.java:819)
	at org.glassfish.tyrus.core.TyrusWebSocket.onMessage(TyrusWebSocket.java:206)
	at org.glassfish.tyrus.core.frame.TextFrame.respond(TextFrame.java:135)
	at org.glassfish.tyrus.core.ProtocolHandler.process(ProtocolHandler.java:658)
	at org.glassfish.tyrus.client.TyrusClientEngine$TyrusReadHandler.handle(TyrusClientEngine.java:668)
	at org.glassfish.tyrus.container.grizzly.client.GrizzlyClientFilter$ProcessTask.execute(GrizzlyClientFilter.java:472)
	at org.glassfish.tyrus.container.grizzly.client.TaskProcessor.processTask(TaskProcessor.java:114)
	at org.glassfish.tyrus.container.grizzly.client.TaskProcessor.processTask(TaskProcessor.java:91)
	at org.glassfish.tyrus.container.grizzly.client.GrizzlyClientFilter.handleRead(GrizzlyClientFilter.java:270)
	at org.glassfish.grizzly.filterchain.ExecutorResolver$9.execute(ExecutorResolver.java:119)
	at org.glassfish.grizzly.filterchain.DefaultFilterChain.executeFilter(DefaultFilterChain.java:284)
	at org.glassfish.grizzly.filterchain.DefaultFilterChain.executeChainPart(DefaultFilterChain.java:201)
	at org.glassfish.grizzly.filterchain.DefaultFilterChain.execute(DefaultFilterChain.java:133)
	at org.glassfish.grizzly.filterchain.DefaultFilterChain.process(DefaultFilterChain.java:112)
	at org.glassfish.grizzly.ProcessorExecutor.execute(ProcessorExecutor.java:77)
	at org.glassfish.grizzly.nio.transport.TCPNIOTransport.fireIOEvent(TCPNIOTransport.java:561)
	at org.glassfish.grizzly.strategies.AbstractIOStrategy.fireIOEvent(AbstractIOStrategy.java:112)
	at org.glassfish.grizzly.strategies.WorkerThreadIOStrategy.run0(WorkerThreadIOStrategy.java:117)
	at org.glassfish.grizzly.strategies.WorkerThreadIOStrategy.access$100(WorkerThreadIOStrategy.java:56)
	at org.glassfish.grizzly.strategies.WorkerThreadIOStrategy$WorkerThreadRunnable.run(WorkerThreadIOStrategy.java:137)
	at org.glassfish.grizzly.threadpool.AbstractThreadPool$Worker.doWork(AbstractThreadPool.java:565)
	at org.glassfish.grizzly.threadpool.AbstractThreadPool$Worker.run(AbstractThreadPool.java:545)
	at java.lang.Thread.run(Thread.java:748)

INFO:__name__:connecting to ftm at http://0.0.0.0:8082/ws
INFO:ftm.server:[32mnew client connected[0m
INFO:ftm.server:[32mregistered client with app[0m
INFO:__name__:received msg: Welcome to FTM, send your requirements
INFO:__name__:[42mfile loaded:[0m
INFO:__name__:sending client requirements: {'desc': 'requirements', 'vms': [{'num_of_instances': 30, 'config': {'mips': '1000', 'pes': '1', 'ram': '1000', 'bandwidth': '1000', 'size': '10000', 'location': '1'}}], 'latency': 'low', 'availability': 'high', 'bandwidth': 'moderate'}
INFO:__name__:waiting for ftm instantiation...[0m
INFO:ftm.messaging_monitor:client msg: {"desc": "requirements", "vms": [{"num_of_instances": 30, "config": {"mips": "1000", "pes": "1", "ram": "1000", "bandwidth": "1000", "size": "10000", "location": "1"}}], "latency": "low", "availability": "high", "bandwidth": "moderate"}
INFO:ftm.messaging_monitor:client requirements received: {'websocket': <WebSocketResponse Switching Protocols GET /ws >, 'client_id': '1', 'client_req': {'desc': 'requirements', 'vms': [{'num_of_instances': 30, 'config': {'mips': '1000', 'pes': '1', 'ram': '1000', 'bandwidth': '1000', 'size': '10000', 'location': '1'}}], 'latency': 'low', 'availability': 'high', 'bandwidth': 'moderate'}}
INFO:ftm.server:[32mclient requirements received[0m
INFO:ftm.ftm_middleware:[34mstarting ftm application for new client[0m
DEBUG:ftm.ftm_middleware:[47m[34mcreating a FTM object[0m
DEBUG:ftm.resource_mgr:[47m[34mcreating ResourceManger object[0m
DEBUG:__name__:[47m[34mcreating a ServiceDiectory object[0m
DEBUG:ftm.ft_units.reliable:[47m[34mcreating a VmPlacement object[0m
DEBUG:ftm.ft_units.reliable:[47m[34mcalling ActiveReplication[0m
DEBUG:ftm.ft_units.reliable:[47m[34mpassing data: {'test': 'data'} to Base[0m
DEBUG:__name__:[47m[34mcreating ReplicationStratergy object[0m
DEBUG:__name__:[47m[34mdata recvd: {'latency': 'low', 'availability': 'high', 'bandwidth': 'moderate', 'comp_req': 'low'}[0m
DEBUG:ftm.ft_units.reliable:[47m[34mcreating a FaultDetection object[0m
DEBUG:ftm.ft_units.reliable:[47m[34mcreating a ReliableFtUnit object[0m
DEBUG:ftm.ft_units.reliable:[47m[34mft_unit created[0m
DEBUG:ftm.ftm_kernel.composition_engine:[47m[34mcreating a CompositionEngine object[0m
DEBUG:ftm.fault_masking_mgr:[47m[34mcreating a FaultMasking object[0m
INFO:__name__:[34mservice directory is searching for eligible ft_units matching your requirements[0m
DEBUG:__name__:[47m[34mfollowing ft_units are available: dict_keys(['reliable_ft_unit'])[0m
DEBUG:__name__:[47m[34mone unit found[0m
DEBUG:ftm.ft_units.reliable:populating the ft_unit: demo_ft_unit
INFO:ftm.ftm_middleware:[34mpassing the eligible units to composition engine[0m
INFO:ftm.ftm_kernel.composition_engine:[34mcomposing a solution using eligible units[0m
INFO:ftm.ftm_middleware:[34mft_unit:demo_ft_unit has been chosen as appropriate fault tolerance policy[0m
INFO:ftm.ftm_middleware:[47m[34mft_unit_config: {
  "ft_unit_id": "demo_ft_unit",
  "replication_stratergy": "actve_replication",
  "fault_detection_stratergy": "heartbeat",
  "vm_placement_policy": "backup_host != primary_host"
}[0m
INFO:ftm.ftm_middleware:[34mchosing locations using vm placement policy[0m
INFO:ftm.ft_units.reliable:[34mplacing the VMs[0m
INFO:ftm.ftm_middleware:[34mNow invoking the VMs at the chosen locations...[0m
DEBUG:ftm.replication_mgr.replica_invoker:[47m[34minstantiating replicas[0m
INFO:ftm.replication_mgr.replica_invoker:[34mcreated a primary VM id: 1[0m
DEBUG:ftm.resource_mgr:[47m[34minvoking replica 1[0m
DEBUG:ftm.resource_mgr:[47m[34mcalling cloud to allocate VM[0m
INFO:ftm.replication_mgr.replica_invoker:[34minstantiated vm[1] at location [6][0m
INFO:ftm.replication_mgr.replica_invoker:[34mcreated a backup VM with id: 2[0m
DEBUG:ftm.resource_mgr:[47m[34minvoking replica 2[0m
DEBUG:ftm.resource_mgr:[47m[34mcalling cloud to allocate VM[0m
INFO:ftm.replication_mgr.replica_invoker:[34minstantiated vm[2] at location [0][0m
INFO:ftm.replication_mgr.replica_invoker:[34mcreated a backup VM with id: 3[0m
DEBUG:ftm.resource_mgr:[47m[34minvoking replica 3[0m
DEBUG:ftm.resource_mgr:[47m[34mcalling cloud to allocate VM[0m
INFO:ftm.replication_mgr.replica_invoker:[34minstantiated vm[3] at location [2][0m
INFO:ftm.replication_mgr.replica_invoker:[34mcreated a primary VM id: 4[0m
DEBUG:ftm.resource_mgr:[47m[34minvoking replica 4[0m
DEBUG:ftm.resource_mgr:[47m[34mcalling cloud to allocate VM[0m
INFO:ftm.replication_mgr.replica_invoker:[34minstantiated vm[4] at location [2][0m
INFO:ftm.replication_mgr.replica_invoker:[34mcreated a backup VM with id: 5[0m
DEBUG:ftm.resource_mgr:[47m[34minvoking replica 5[0m
DEBUG:ftm.resource_mgr:[47m[34mcalling cloud to allocate VM[0m
INFO:ftm.replication_mgr.replica_invoker:[34minstantiated vm[5] at location [7][0m
INFO:ftm.replication_mgr.replica_invoker:[34mcreated a backup VM with id: 6[0m
DEBUG:ftm.resource_mgr:[47m[34minvoking replica 6[0m
DEBUG:ftm.resource_mgr:[47m[34mcalling cloud to allocate VM[0m
INFO:ftm.replication_mgr.replica_invoker:[34minstantiated vm[6] at location [6][0m
INFO:ftm.replication_mgr.replica_invoker:[34mcreated a primary VM id: 7[0m
DEBUG:ftm.resource_mgr:[47m[34minvoking replica 7[0m
DEBUG:ftm.resource_mgr:[47m[34mcalling cloud to allocate VM[0m
INFO:ftm.replication_mgr.replica_invoker:[34minstantiated vm[7] at location [8][0m
INFO:ftm.replication_mgr.replica_invoker:[34mcreated a backup VM with id: 8[0m
DEBUG:ftm.resource_mgr:[47m[34minvoking replica 8[0m
DEBUG:ftm.resource_mgr:[47m[34mcalling cloud to allocate VM[0m
INFO:ftm.replication_mgr.replica_invoker:[34minstantiated vm[8] at location [0][0m
INFO:ftm.replication_mgr.replica_invoker:[34mcreated a backup VM with id: 9[0m
DEBUG:ftm.resource_mgr:[47m[34minvoking replica 9[0m
DEBUG:ftm.resource_mgr:[47m[34mcalling cloud to allocate VM[0m
INFO:ftm.replication_mgr.replica_invoker:[34minstantiated vm[9] at location [4][0m
INFO:ftm.replication_mgr.replica_invoker:[34mcreated a primary VM id: 10[0m
DEBUG:ftm.resource_mgr:[47m[34minvoking replica 10[0m
DEBUG:ftm.resource_mgr:[47m[34mcalling cloud to allocate VM[0m
INFO:ftm.replication_mgr.replica_invoker:[34minstantiated vm[10] at location [0][0m
INFO:ftm.replication_mgr.replica_invoker:[34mcreated a backup VM with id: 11[0m
DEBUG:ftm.resource_mgr:[47m[34minvoking replica 11[0m
DEBUG:ftm.resource_mgr:[47m[34mcalling cloud to allocate VM[0m
INFO:ftm.replication_mgr.replica_invoker:[34minstantiated vm[11] at location [2][0m
INFO:ftm.replication_mgr.replica_invoker:[34mcreated a backup VM with id: 12[0m
DEBUG:ftm.resource_mgr:[47m[34minvoking replica 12[0m
DEBUG:ftm.resource_mgr:[47m[34mcalling cloud to allocate VM[0m
INFO:ftm.replication_mgr.replica_invoker:[34minstantiated vm[12] at location [5][0m
INFO:ftm.replication_mgr.replica_invoker:[34mcreated a primary VM id: 13[0m
DEBUG:ftm.resource_mgr:[47m[34minvoking replica 13[0m
DEBUG:ftm.resource_mgr:[47m[34mcalling cloud to allocate VM[0m
INFO:ftm.replication_mgr.replica_invoker:[34minstantiated vm[13] at location [0][0m
INFO:ftm.replication_mgr.replica_invoker:[34mcreated a backup VM with id: 14[0m
DEBUG:ftm.resource_mgr:[47m[34minvoking replica 14[0m
DEBUG:ftm.resource_mgr:[47m[34mcalling cloud to allocate VM[0m
INFO:ftm.replication_mgr.replica_invoker:[34minstantiated vm[14] at location [1][0m
INFO:ftm.replication_mgr.replica_invoker:[34mcreated a backup VM with id: 15[0m
DEBUG:ftm.resource_mgr:[47m[34minvoking replica 15[0m
DEBUG:ftm.resource_mgr:[47m[34mcalling cloud to allocate VM[0m
INFO:ftm.replication_mgr.replica_invoker:[34minstantiated vm[15] at location [6][0m
INFO:ftm.replication_mgr.replica_invoker:[34mcreated a primary VM id: 16[0m
DEBUG:ftm.resource_mgr:[47m[34minvoking replica 16[0m
DEBUG:ftm.resource_mgr:[47m[34mcalling cloud to allocate VM[0m
INFO:ftm.replication_mgr.replica_invoker:[34minstantiated vm[16] at location [5][0m
INFO:ftm.replication_mgr.replica_invoker:[34mcreated a backup VM with id: 17[0m
DEBUG:ftm.resource_mgr:[47m[34minvoking replica 17[0m
DEBUG:ftm.resource_mgr:[47m[34mcalling cloud to allocate VM[0m
INFO:ftm.replication_mgr.replica_invoker:[34minstantiated vm[17] at location [2][0m
INFO:ftm.replication_mgr.replica_invoker:[34mcreated a backup VM with id: 18[0m
DEBUG:ftm.resource_mgr:[47m[34minvoking replica 18[0m
DEBUG:ftm.resource_mgr:[47m[34mcalling cloud to allocate VM[0m
INFO:ftm.replication_mgr.replica_invoker:[34minstantiated vm[18] at location [8][0m
INFO:ftm.replication_mgr.replica_invoker:[34mcreated a primary VM id: 19[0m
DEBUG:ftm.resource_mgr:[47m[34minvoking replica 19[0m
DEBUG:ftm.resource_mgr:[47m[34mcalling cloud to allocate VM[0m
INFO:ftm.replication_mgr.replica_invoker:[34minstantiated vm[19] at location [0][0m
INFO:ftm.replication_mgr.replica_invoker:[34mcreated a backup VM with id: 20[0m
DEBUG:ftm.resource_mgr:[47m[34minvoking replica 20[0m
DEBUG:ftm.resource_mgr:[47m[34mcalling cloud to allocate VM[0m
INFO:ftm.replication_mgr.replica_invoker:[34minstantiated vm[20] at location [8][0m
INFO:ftm.replication_mgr.replica_invoker:[34mcreated a backup VM with id: 21[0m
DEBUG:ftm.resource_mgr:[47m[34minvoking replica 21[0m
DEBUG:ftm.resource_mgr:[47m[34mcalling cloud to allocate VM[0m
INFO:ftm.replication_mgr.replica_invoker:[34minstantiated vm[21] at location [6][0m
INFO:ftm.replication_mgr.replica_invoker:[34mcreated a primary VM id: 22[0m
DEBUG:ftm.resource_mgr:[47m[34minvoking replica 22[0m
DEBUG:ftm.resource_mgr:[47m[34mcalling cloud to allocate VM[0m
INFO:ftm.replication_mgr.replica_invoker:[34minstantiated vm[22] at location [3][0m
INFO:ftm.replication_mgr.replica_invoker:[34mcreated a backup VM with id: 23[0m
DEBUG:ftm.resource_mgr:[47m[34minvoking replica 23[0m
DEBUG:ftm.resource_mgr:[47m[34mcalling cloud to allocate VM[0m
INFO:ftm.replication_mgr.replica_invoker:[34minstantiated vm[23] at location [1][0m
INFO:ftm.replication_mgr.replica_invoker:[34mcreated a backup VM with id: 24[0m
DEBUG:ftm.resource_mgr:[47m[34minvoking replica 24[0m
DEBUG:ftm.resource_mgr:[47m[34mcalling cloud to allocate VM[0m
INFO:ftm.replication_mgr.replica_invoker:[34minstantiated vm[24] at location [9][0m
INFO:ftm.replication_mgr.replica_invoker:[34mcreated a primary VM id: 25[0m
DEBUG:ftm.resource_mgr:[47m[34minvoking replica 25[0m
DEBUG:ftm.resource_mgr:[47m[34mcalling cloud to allocate VM[0m
INFO:ftm.replication_mgr.replica_invoker:[34minstantiated vm[25] at location [3][0m
INFO:ftm.replication_mgr.replica_invoker:[34mcreated a backup VM with id: 26[0m
DEBUG:ftm.resource_mgr:[47m[34minvoking replica 26[0m
DEBUG:ftm.resource_mgr:[47m[34mcalling cloud to allocate VM[0m
INFO:ftm.replication_mgr.replica_invoker:[34minstantiated vm[26] at location [0][0m
INFO:ftm.replication_mgr.replica_invoker:[34mcreated a backup VM with id: 27[0m
DEBUG:ftm.resource_mgr:[47m[34minvoking replica 27[0m
DEBUG:ftm.resource_mgr:[47m[34mcalling cloud to allocate VM[0m
INFO:ftm.replication_mgr.replica_invoker:[34minstantiated vm[27] at location [8][0m
INFO:ftm.replication_mgr.replica_invoker:[34mcreated a primary VM id: 28[0m
DEBUG:ftm.resource_mgr:[47m[34minvoking replica 28[0m
DEBUG:ftm.resource_mgr:[47m[34mcalling cloud to allocate VM[0m
INFO:ftm.replication_mgr.replica_invoker:[34minstantiated vm[28] at location [6][0m
INFO:ftm.replication_mgr.replica_invoker:[34mcreated a backup VM with id: 29[0m
DEBUG:ftm.resource_mgr:[47m[34minvoking replica 29[0m
DEBUG:ftm.resource_mgr:[47m[34mcalling cloud to allocate VM[0m
INFO:ftm.replication_mgr.replica_invoker:[34minstantiated vm[29] at location [8][0m
INFO:ftm.replication_mgr.replica_invoker:[34mcreated a backup VM with id: 30[0m
DEBUG:ftm.resource_mgr:[47m[34minvoking replica 30[0m
DEBUG:ftm.resource_mgr:[47m[34mcalling cloud to allocate VM[0m
INFO:ftm.replication_mgr.replica_invoker:[34minstantiated vm[30] at location [7][0m
INFO:ftm.replication_mgr.replica_invoker:[34mcreated a primary VM id: 31[0m
DEBUG:ftm.resource_mgr:[47m[34minvoking replica 31[0m
DEBUG:ftm.resource_mgr:[47m[34mcalling cloud to allocate VM[0m
INFO:ftm.replication_mgr.replica_invoker:[34minstantiated vm[31] at location [5][0m
INFO:ftm.replication_mgr.replica_invoker:[34mcreated a backup VM with id: 32[0m
DEBUG:ftm.resource_mgr:[47m[34minvoking replica 32[0m
DEBUG:ftm.resource_mgr:[47m[34mcalling cloud to allocate VM[0m
INFO:ftm.replication_mgr.replica_invoker:[34minstantiated vm[32] at location [9][0m
INFO:ftm.replication_mgr.replica_invoker:[34mcreated a backup VM with id: 33[0m
DEBUG:ftm.resource_mgr:[47m[34minvoking replica 33[0m
DEBUG:ftm.resource_mgr:[47m[34mcalling cloud to allocate VM[0m
INFO:ftm.replication_mgr.replica_invoker:[34minstantiated vm[33] at location [3][0m
INFO:ftm.replication_mgr.replica_invoker:[34mcreated a primary VM id: 34[0m
DEBUG:ftm.resource_mgr:[47m[34minvoking replica 34[0m
DEBUG:ftm.resource_mgr:[47m[34mcalling cloud to allocate VM[0m
INFO:ftm.replication_mgr.replica_invoker:[34minstantiated vm[34] at location [5][0m
INFO:ftm.replication_mgr.replica_invoker:[34mcreated a backup VM with id: 35[0m
DEBUG:ftm.resource_mgr:[47m[34minvoking replica 35[0m
DEBUG:ftm.resource_mgr:[47m[34mcalling cloud to allocate VM[0m
INFO:ftm.replication_mgr.replica_invoker:[34minstantiated vm[35] at location [8][0m
INFO:ftm.replication_mgr.replica_invoker:[34mcreated a backup VM with id: 36[0m
DEBUG:ftm.resource_mgr:[47m[34minvoking replica 36[0m
DEBUG:ftm.resource_mgr:[47m[34mcalling cloud to allocate VM[0m
INFO:ftm.replication_mgr.replica_invoker:[34minstantiated vm[36] at location [6][0m
INFO:ftm.replication_mgr.replica_invoker:[34mcreated a primary VM id: 37[0m
DEBUG:ftm.resource_mgr:[47m[34minvoking replica 37[0m
DEBUG:ftm.resource_mgr:[47m[34mcalling cloud to allocate VM[0m
INFO:ftm.replication_mgr.replica_invoker:[34minstantiated vm[37] at location [8][0m
INFO:ftm.replication_mgr.replica_invoker:[34mcreated a backup VM with id: 38[0m
DEBUG:ftm.resource_mgr:[47m[34minvoking replica 38[0m
DEBUG:ftm.resource_mgr:[47m[34mcalling cloud to allocate VM[0m
INFO:ftm.replication_mgr.replica_invoker:[34minstantiated vm[38] at location [5][0m
INFO:ftm.replication_mgr.replica_invoker:[34mcreated a backup VM with id: 39[0m
DEBUG:ftm.resource_mgr:[47m[34minvoking replica 39[0m
DEBUG:ftm.resource_mgr:[47m[34mcalling cloud to allocate VM[0m
INFO:ftm.replication_mgr.replica_invoker:[34minstantiated vm[39] at location [7][0m
INFO:ftm.replication_mgr.replica_invoker:[34mcreated a primary VM id: 40[0m
DEBUG:ftm.resource_mgr:[47m[34minvoking replica 40[0m
DEBUG:ftm.resource_mgr:[47m[34mcalling cloud to allocate VM[0m
INFO:ftm.replication_mgr.replica_invoker:[34minstantiated vm[40] at location [0][0m
INFO:ftm.replication_mgr.replica_invoker:[34mcreated a backup VM with id: 41[0m
DEBUG:ftm.resource_mgr:[47m[34minvoking replica 41[0m
DEBUG:ftm.resource_mgr:[47m[34mcalling cloud to allocate VM[0m
INFO:ftm.replication_mgr.replica_invoker:[34minstantiated vm[41] at location [2][0m
INFO:ftm.replication_mgr.replica_invoker:[34mcreated a backup VM with id: 42[0m
DEBUG:ftm.resource_mgr:[47m[34minvoking replica 42[0m
DEBUG:ftm.resource_mgr:[47m[34mcalling cloud to allocate VM[0m
INFO:ftm.replication_mgr.replica_invoker:[34minstantiated vm[42] at location [1][0m
INFO:ftm.replication_mgr.replica_invoker:[34mcreated a primary VM id: 43[0m
DEBUG:ftm.resource_mgr:[47m[34minvoking replica 43[0m
DEBUG:ftm.resource_mgr:[47m[34mcalling cloud to allocate VM[0m
INFO:ftm.replication_mgr.replica_invoker:[34minstantiated vm[43] at location [2][0m
INFO:ftm.replication_mgr.replica_invoker:[34mcreated a backup VM with id: 44[0m
DEBUG:ftm.resource_mgr:[47m[34minvoking replica 44[0m
DEBUG:ftm.resource_mgr:[47m[34mcalling cloud to allocate VM[0m
INFO:ftm.replication_mgr.replica_invoker:[34minstantiated vm[44] at location [6][0m
INFO:ftm.replication_mgr.replica_invoker:[34mcreated a backup VM with id: 45[0m
DEBUG:ftm.resource_mgr:[47m[34minvoking replica 45[0m
DEBUG:ftm.resource_mgr:[47m[34mcalling cloud to allocate VM[0m
INFO:ftm.replication_mgr.replica_invoker:[34minstantiated vm[45] at location [3][0m
INFO:ftm.replication_mgr.replica_invoker:[34mcreated a primary VM id: 46[0m
DEBUG:ftm.resource_mgr:[47m[34minvoking replica 46[0m
DEBUG:ftm.resource_mgr:[47m[34mcalling cloud to allocate VM[0m
INFO:ftm.replication_mgr.replica_invoker:[34minstantiated vm[46] at location [3][0m
INFO:ftm.replication_mgr.replica_invoker:[34mcreated a backup VM with id: 47[0m
DEBUG:ftm.resource_mgr:[47m[34minvoking replica 47[0m
DEBUG:ftm.resource_mgr:[47m[34mcalling cloud to allocate VM[0m
INFO:ftm.replication_mgr.replica_invoker:[34minstantiated vm[47] at location [2][0m
INFO:ftm.replication_mgr.replica_invoker:[34mcreated a backup VM with id: 48[0m
DEBUG:ftm.resource_mgr:[47m[34minvoking replica 48[0m
DEBUG:ftm.resource_mgr:[47m[34mcalling cloud to allocate VM[0m
INFO:ftm.replication_mgr.replica_invoker:[34minstantiated vm[48] at location [9][0m
INFO:ftm.replication_mgr.replica_invoker:[34mcreated a primary VM id: 49[0m
DEBUG:ftm.resource_mgr:[47m[34minvoking replica 49[0m
DEBUG:ftm.resource_mgr:[47m[34mcalling cloud to allocate VM[0m
INFO:ftm.replication_mgr.replica_invoker:[34minstantiated vm[49] at location [6][0m
INFO:ftm.replication_mgr.replica_invoker:[34mcreated a backup VM with id: 50[0m
DEBUG:ftm.resource_mgr:[47m[34minvoking replica 50[0m
DEBUG:ftm.resource_mgr:[47m[34mcalling cloud to allocate VM[0m
INFO:ftm.replication_mgr.replica_invoker:[34minstantiated vm[50] at location [1][0m
INFO:ftm.replication_mgr.replica_invoker:[34mcreated a backup VM with id: 51[0m
DEBUG:ftm.resource_mgr:[47m[34minvoking replica 51[0m
DEBUG:ftm.resource_mgr:[47m[34mcalling cloud to allocate VM[0m
INFO:ftm.replication_mgr.replica_invoker:[34minstantiated vm[51] at location [7][0m
INFO:ftm.replication_mgr.replica_invoker:[34mcreated a primary VM id: 52[0m
DEBUG:ftm.resource_mgr:[47m[34minvoking replica 52[0m
DEBUG:ftm.resource_mgr:[47m[34mcalling cloud to allocate VM[0m
INFO:ftm.replication_mgr.replica_invoker:[34minstantiated vm[52] at location [1][0m
INFO:ftm.replication_mgr.replica_invoker:[34mcreated a backup VM with id: 53[0m
DEBUG:ftm.resource_mgr:[47m[34minvoking replica 53[0m
DEBUG:ftm.resource_mgr:[47m[34mcalling cloud to allocate VM[0m
INFO:ftm.replication_mgr.replica_invoker:[34minstantiated vm[53] at location [3][0m
INFO:ftm.replication_mgr.replica_invoker:[34mcreated a backup VM with id: 54[0m
DEBUG:ftm.resource_mgr:[47m[34minvoking replica 54[0m
DEBUG:ftm.resource_mgr:[47m[34mcalling cloud to allocate VM[0m
INFO:ftm.replication_mgr.replica_invoker:[34minstantiated vm[54] at location [9][0m
INFO:ftm.replication_mgr.replica_invoker:[34mcreated a primary VM id: 55[0m
DEBUG:ftm.resource_mgr:[47m[34minvoking replica 55[0m
DEBUG:ftm.resource_mgr:[47m[34mcalling cloud to allocate VM[0m
INFO:ftm.replication_mgr.replica_invoker:[34minstantiated vm[55] at location [6][0m
INFO:ftm.replication_mgr.replica_invoker:[34mcreated a backup VM with id: 56[0m
DEBUG:ftm.resource_mgr:[47m[34minvoking replica 56[0m
DEBUG:ftm.resource_mgr:[47m[34mcalling cloud to allocate VM[0m
INFO:ftm.replication_mgr.replica_invoker:[34minstantiated vm[56] at location [5][0m
INFO:ftm.replication_mgr.replica_invoker:[34mcreated a backup VM with id: 57[0m
DEBUG:ftm.resource_mgr:[47m[34minvoking replica 57[0m
DEBUG:ftm.resource_mgr:[47m[34mcalling cloud to allocate VM[0m
INFO:ftm.replication_mgr.replica_invoker:[34minstantiated vm[57] at location [8][0m
INFO:ftm.replication_mgr.replica_invoker:[34mcreated a primary VM id: 58[0m
DEBUG:ftm.resource_mgr:[47m[34minvoking replica 58[0m
DEBUG:ftm.resource_mgr:[47m[34mcalling cloud to allocate VM[0m
INFO:ftm.replication_mgr.replica_invoker:[34minstantiated vm[58] at location [7][0m
INFO:ftm.replication_mgr.replica_invoker:[34mcreated a backup VM with id: 59[0m
DEBUG:ftm.resource_mgr:[47m[34minvoking replica 59[0m
DEBUG:ftm.resource_mgr:[47m[34mcalling cloud to allocate VM[0m
INFO:ftm.replication_mgr.replica_invoker:[34minstantiated vm[59] at location [2][0m
INFO:ftm.replication_mgr.replica_invoker:[34mcreated a backup VM with id: 60[0m
DEBUG:ftm.resource_mgr:[47m[34minvoking replica 60[0m
DEBUG:ftm.resource_mgr:[47m[34mcalling cloud to allocate VM[0m
INFO:ftm.replication_mgr.replica_invoker:[34minstantiated vm[60] at location [0][0m
INFO:ftm.replication_mgr.replica_invoker:[34mcreated a primary VM id: 61[0m
DEBUG:ftm.resource_mgr:[47m[34minvoking replica 61[0m
DEBUG:ftm.resource_mgr:[47m[34mcalling cloud to allocate VM[0m
INFO:ftm.replication_mgr.replica_invoker:[34minstantiated vm[61] at location [3][0m
INFO:ftm.replication_mgr.replica_invoker:[34mcreated a backup VM with id: 62[0m
DEBUG:ftm.resource_mgr:[47m[34minvoking replica 62[0m
DEBUG:ftm.resource_mgr:[47m[34mcalling cloud to allocate VM[0m
INFO:ftm.replication_mgr.replica_invoker:[34minstantiated vm[62] at location [2][0m
INFO:ftm.replication_mgr.replica_invoker:[34mcreated a backup VM with id: 63[0m
DEBUG:ftm.resource_mgr:[47m[34minvoking replica 63[0m
DEBUG:ftm.resource_mgr:[47m[34mcalling cloud to allocate VM[0m
INFO:ftm.replication_mgr.replica_invoker:[34minstantiated vm[63] at location [9][0m
INFO:ftm.replication_mgr.replica_invoker:[34mcreated a primary VM id: 64[0m
DEBUG:ftm.resource_mgr:[47m[34minvoking replica 64[0m
DEBUG:ftm.resource_mgr:[47m[34mcalling cloud to allocate VM[0m
INFO:ftm.replication_mgr.replica_invoker:[34minstantiated vm[64] at location [8][0m
INFO:ftm.replication_mgr.replica_invoker:[34mcreated a backup VM with id: 65[0m
DEBUG:ftm.resource_mgr:[47m[34minvoking replica 65[0m
DEBUG:ftm.resource_mgr:[47m[34mcalling cloud to allocate VM[0m
INFO:ftm.replication_mgr.replica_invoker:[34minstantiated vm[65] at location [3][0m
INFO:ftm.replication_mgr.replica_invoker:[34mcreated a backup VM with id: 66[0m
DEBUG:ftm.resource_mgr:[47m[34minvoking replica 66[0m
DEBUG:ftm.resource_mgr:[47m[34mcalling cloud to allocate VM[0m
INFO:ftm.replication_mgr.replica_invoker:[34minstantiated vm[66] at location [6][0m
INFO:ftm.replication_mgr.replica_invoker:[34mcreated a primary VM id: 67[0m
DEBUG:ftm.resource_mgr:[47m[34minvoking replica 67[0m
DEBUG:ftm.resource_mgr:[47m[34mcalling cloud to allocate VM[0m
INFO:ftm.replication_mgr.replica_invoker:[34minstantiated vm[67] at location [3][0m
INFO:ftm.replication_mgr.replica_invoker:[34mcreated a backup VM with id: 68[0m
DEBUG:ftm.resource_mgr:[47m[34minvoking replica 68[0m
DEBUG:ftm.resource_mgr:[47m[34mcalling cloud to allocate VM[0m
INFO:ftm.replication_mgr.replica_invoker:[34minstantiated vm[68] at location [9][0m
INFO:ftm.replication_mgr.replica_invoker:[34mcreated a backup VM with id: 69[0m
DEBUG:ftm.resource_mgr:[47m[34minvoking replica 69[0m
DEBUG:ftm.resource_mgr:[47m[34mcalling cloud to allocate VM[0m
INFO:ftm.replication_mgr.replica_invoker:[34minstantiated vm[69] at location [4][0m
INFO:ftm.replication_mgr.replica_invoker:[34mcreated a primary VM id: 70[0m
DEBUG:ftm.resource_mgr:[47m[34minvoking replica 70[0m
DEBUG:ftm.resource_mgr:[47m[34mcalling cloud to allocate VM[0m
INFO:ftm.replication_mgr.replica_invoker:[34minstantiated vm[70] at location [2][0m
INFO:ftm.replication_mgr.replica_invoker:[34mcreated a backup VM with id: 71[0m
DEBUG:ftm.resource_mgr:[47m[34minvoking replica 71[0m
DEBUG:ftm.resource_mgr:[47m[34mcalling cloud to allocate VM[0m
INFO:ftm.replication_mgr.replica_invoker:[34minstantiated vm[71] at location [5][0m
INFO:ftm.replication_mgr.replica_invoker:[34mcreated a backup VM with id: 72[0m
DEBUG:ftm.resource_mgr:[47m[34minvoking replica 72[0m
DEBUG:ftm.resource_mgr:[47m[34mcalling cloud to allocate VM[0m
INFO:ftm.replication_mgr.replica_invoker:[34minstantiated vm[72] at location [8][0m
INFO:ftm.replication_mgr.replica_invoker:[34mcreated a primary VM id: 73[0m
DEBUG:ftm.resource_mgr:[47m[34minvoking replica 73[0m
DEBUG:ftm.resource_mgr:[47m[34mcalling cloud to allocate VM[0m
INFO:ftm.replication_mgr.replica_invoker:[34minstantiated vm[73] at location [3][0m
INFO:ftm.replication_mgr.replica_invoker:[34mcreated a backup VM with id: 74[0m
DEBUG:ftm.resource_mgr:[47m[34minvoking replica 74[0m
DEBUG:ftm.resource_mgr:[47m[34mcalling cloud to allocate VM[0m
INFO:ftm.replication_mgr.replica_invoker:[34minstantiated vm[74] at location [2][0m
INFO:ftm.replication_mgr.replica_invoker:[34mcreated a backup VM with id: 75[0m
DEBUG:ftm.resource_mgr:[47m[34minvoking replica 75[0m
DEBUG:ftm.resource_mgr:[47m[34mcalling cloud to allocate VM[0m
INFO:ftm.replication_mgr.replica_invoker:[34minstantiated vm[75] at location [9][0m
INFO:ftm.replication_mgr.replica_invoker:[34mcreated a primary VM id: 76[0m
DEBUG:ftm.resource_mgr:[47m[34minvoking replica 76[0m
DEBUG:ftm.resource_mgr:[47m[34mcalling cloud to allocate VM[0m
INFO:ftm.replication_mgr.replica_invoker:[34minstantiated vm[76] at location [5][0m
INFO:ftm.replication_mgr.replica_invoker:[34mcreated a backup VM with id: 77[0m
DEBUG:ftm.resource_mgr:[47m[34minvoking replica 77[0m
DEBUG:ftm.resource_mgr:[47m[34mcalling cloud to allocate VM[0m
INFO:ftm.replication_mgr.replica_invoker:[34minstantiated vm[77] at location [0][0m
INFO:ftm.replication_mgr.replica_invoker:[34mcreated a backup VM with id: 78[0m
DEBUG:ftm.resource_mgr:[47m[34minvoking replica 78[0m
DEBUG:ftm.resource_mgr:[47m[34mcalling cloud to allocate VM[0m
INFO:ftm.replication_mgr.replica_invoker:[34minstantiated vm[78] at location [1][0m
INFO:ftm.replication_mgr.replica_invoker:[34mcreated a primary VM id: 79[0m
DEBUG:ftm.resource_mgr:[47m[34minvoking replica 79[0m
DEBUG:ftm.resource_mgr:[47m[34mcalling cloud to allocate VM[0m
INFO:ftm.replication_mgr.replica_invoker:[34minstantiated vm[79] at location [6][0m
INFO:ftm.replication_mgr.replica_invoker:[34mcreated a backup VM with id: 80[0m
DEBUG:ftm.resource_mgr:[47m[34minvoking replica 80[0m
DEBUG:ftm.resource_mgr:[47m[34mcalling cloud to allocate VM[0m
INFO:ftm.replication_mgr.replica_invoker:[34minstantiated vm[80] at location [7][0m
INFO:ftm.replication_mgr.replica_invoker:[34mcreated a backup VM with id: 81[0m
DEBUG:ftm.resource_mgr:[47m[34minvoking replica 81[0m
DEBUG:ftm.resource_mgr:[47m[34mcalling cloud to allocate VM[0m
INFO:ftm.replication_mgr.replica_invoker:[34minstantiated vm[81] at location [4][0m
INFO:ftm.replication_mgr.replica_invoker:[34mcreated a primary VM id: 82[0m
DEBUG:ftm.resource_mgr:[47m[34minvoking replica 82[0m
DEBUG:ftm.resource_mgr:[47m[34mcalling cloud to allocate VM[0m
INFO:ftm.replication_mgr.replica_invoker:[34minstantiated vm[82] at location [0][0m
INFO:ftm.replication_mgr.replica_invoker:[34mcreated a backup VM with id: 83[0m
DEBUG:ftm.resource_mgr:[47m[34minvoking replica 83[0m
DEBUG:ftm.resource_mgr:[47m[34mcalling cloud to allocate VM[0m
INFO:ftm.replication_mgr.replica_invoker:[34minstantiated vm[83] at location [3][0m
INFO:ftm.replication_mgr.replica_invoker:[34mcreated a backup VM with id: 84[0m
DEBUG:ftm.resource_mgr:[47m[34minvoking replica 84[0m
DEBUG:ftm.resource_mgr:[47m[34mcalling cloud to allocate VM[0m
INFO:ftm.replication_mgr.replica_invoker:[34minstantiated vm[84] at location [9][0m
INFO:ftm.replication_mgr.replica_invoker:[34mcreated a primary VM id: 85[0m
DEBUG:ftm.resource_mgr:[47m[34minvoking replica 85[0m
DEBUG:ftm.resource_mgr:[47m[34mcalling cloud to allocate VM[0m
INFO:ftm.replication_mgr.replica_invoker:[34minstantiated vm[85] at location [5][0m
INFO:ftm.replication_mgr.replica_invoker:[34mcreated a backup VM with id: 86[0m
DEBUG:ftm.resource_mgr:[47m[34minvoking replica 86[0m
DEBUG:ftm.resource_mgr:[47m[34mcalling cloud to allocate VM[0m
INFO:ftm.replication_mgr.replica_invoker:[34minstantiated vm[86] at location [9][0m
INFO:ftm.replication_mgr.replica_invoker:[34mcreated a backup VM with id: 87[0m
DEBUG:ftm.resource_mgr:[47m[34minvoking replica 87[0m
DEBUG:ftm.resource_mgr:[47m[34mcalling cloud to allocate VM[0m
INFO:ftm.replication_mgr.replica_invoker:[34minstantiated vm[87] at location [8][0m
INFO:ftm.replication_mgr.replica_invoker:[34mcreated a primary VM id: 88[0m
DEBUG:ftm.resource_mgr:[47m[34minvoking replica 88[0m
DEBUG:ftm.resource_mgr:[47m[34mcalling cloud to allocate VM[0m
INFO:ftm.replication_mgr.replica_invoker:[34minstantiated vm[88] at location [0][0m
INFO:ftm.replication_mgr.replica_invoker:[34mcreated a backup VM with id: 89[0m
DEBUG:ftm.resource_mgr:[47m[34minvoking replica 89[0m
DEBUG:ftm.resource_mgr:[47m[34mcalling cloud to allocate VM[0m
INFO:ftm.replication_mgr.replica_invoker:[34minstantiated vm[89] at location [7][0m
INFO:ftm.replication_mgr.replica_invoker:[34mcreated a backup VM with id: 90[0m
DEBUG:ftm.resource_mgr:[47m[34minvoking replica 90[0m
DEBUG:ftm.resource_mgr:[47m[34mcalling cloud to allocate VM[0m
INFO:ftm.replication_mgr.replica_invoker:[34minstantiated vm[90] at location [6][0m
INFO:ftm.server:[32mftm_created for the client[0m
DEBUG:ftm.server:[47m[32msending vm list to client[0m
DEBUG:ftm.messaging_monitor:[47m[32msending msg:{
  "desc": "VMs",
  "list": [
    "1",
    "4",
    "7",
    "10",
    "13",
    "16",
    "19",
    "22",
    "25",
    "28",
    "31",
    "34",
    "37",
    "40",
    "43",
    "46",
    "49",
    "52",
    "55",
    "58",
    "61",
    "64",
    "67",
    "70",
    "73",
    "76",
    "79",
    "82",
    "85",
    "88"
  ]
} to client: 1[0m
DEBUG:ftm.messaging_monitor:[47m[32mmsg sent to client[0m
INFO:ftm.server:[34mstarting monitoring task[0m
DEBUG:ftm.resource_mgr:monitoring the VMs for status[0m
INFO:__name__:received msg: {"desc": "VMs", "list": ["1", "4", "7", "10", "13", "16", "19", "22", "25", "28", "31", "34", "37", "40", "43", "46", "49", "52", "55", "58", "61", "64", "67", "70", "73", "76", "79", "82", "85", "88"]}
INFO:__name__:[32mVMs created successfully[0m
INFO:__name__:[34mvm details: {
  "desc": "VMs",
  "list": [
    "1",
    "4",
    "7",
    "10",
    "13",
    "16",
    "19",
    "22",
    "25",
    "28",
    "31",
    "34",
    "37",
    "40",
    "43",
    "46",
    "49",
    "52",
    "55",
    "58",
    "61",
    "64",
    "67",
    "70",
    "73",
    "76",
    "79",
    "82",
    "85",
    "88"
  ]
}[0m
DEBUG:ftm.server:[47m[34mon_host_allocation hit[0m
DEBUG:ftm.ftm_middleware:[47m[34mactivating vm[1][0m
INFO:ftm.ftm_middleware:vm[1] has been activated[0m
DEBUG:ftm.server:[47m[34mon_host_allocation hit[0m
DEBUG:ftm.ftm_middleware:[47m[34mactivating vm[2][0m
INFO:ftm.ftm_middleware:vm[2] has been activated[0m
DEBUG:ftm.server:[47m[34mon_host_allocation hit[0m
DEBUG:ftm.ftm_middleware:[47m[34mactivating vm[3][0m
INFO:ftm.ftm_middleware:vm[3] has been activated[0m
DEBUG:ftm.server:[47m[34mon_host_allocation hit[0m
DEBUG:ftm.ftm_middleware:[47m[34mactivating vm[4][0m
INFO:ftm.ftm_middleware:vm[4] has been activated[0m
DEBUG:ftm.server:[47m[34mon_host_allocation hit[0m
DEBUG:ftm.ftm_middleware:[47m[34mactivating vm[5][0m
INFO:ftm.ftm_middleware:vm[5] has been activated[0m
DEBUG:ftm.server:[47m[34mon_host_allocation hit[0m
DEBUG:ftm.ftm_middleware:[47m[34mactivating vm[6][0m
INFO:ftm.ftm_middleware:vm[6] has been activated[0m
DEBUG:ftm.server:[47m[34mon_host_allocation hit[0m
DEBUG:ftm.ftm_middleware:[47m[34mactivating vm[7][0m
INFO:ftm.ftm_middleware:vm[7] has been activated[0m
DEBUG:ftm.server:[47m[34mon_host_allocation hit[0m
DEBUG:ftm.ftm_middleware:[47m[34mactivating vm[8][0m
INFO:ftm.ftm_middleware:vm[8] has been activated[0m
DEBUG:ftm.server:[47m[34mon_host_allocation hit[0m
DEBUG:ftm.ftm_middleware:[47m[34mactivating vm[9][0m
INFO:ftm.ftm_middleware:vm[9] has been activated[0m
DEBUG:ftm.server:[47m[34mon_host_allocation hit[0m
DEBUG:ftm.ftm_middleware:[47m[34mactivating vm[10][0m
INFO:ftm.ftm_middleware:vm[10] has been activated[0m
DEBUG:ftm.server:[47m[34mon_host_allocation hit[0m
DEBUG:ftm.ftm_middleware:[47m[34mactivating vm[11][0m
INFO:ftm.ftm_middleware:vm[11] has been activated[0m
DEBUG:ftm.server:[47m[34mon_host_allocation hit[0m
DEBUG:ftm.server:[47m[34mon_host_allocation hit[0m
DEBUG:ftm.ftm_middleware:[47m[34mactivating vm[12][0m
INFO:ftm.ftm_middleware:vm[12] has been activated[0m
DEBUG:ftm.ftm_middleware:[47m[34mactivating vm[13][0m
INFO:ftm.ftm_middleware:vm[13] has been activated[0m
DEBUG:ftm.server:[47m[34mon_host_allocation hit[0m
DEBUG:ftm.ftm_middleware:[47m[34mactivating vm[14][0m
INFO:ftm.ftm_middleware:vm[14] has been activated[0m
DEBUG:ftm.server:[47m[34mon_host_allocation hit[0m
DEBUG:ftm.ftm_middleware:[47m[34mactivating vm[15][0m
INFO:ftm.ftm_middleware:vm[15] has been activated[0m
DEBUG:ftm.server:[47m[34mon_host_allocation hit[0m
DEBUG:ftm.ftm_middleware:[47m[34mactivating vm[16][0m
INFO:ftm.ftm_middleware:vm[16] has been activated[0m
DEBUG:ftm.server:[47m[34mon_host_allocation hit[0m
DEBUG:ftm.ftm_middleware:[47m[34mactivating vm[17][0m
INFO:ftm.ftm_middleware:vm[17] has been activated[0m
DEBUG:ftm.server:[47m[34mon_host_allocation hit[0m
DEBUG:ftm.ftm_middleware:[47m[34mactivating vm[18][0m
INFO:ftm.ftm_middleware:vm[18] has been activated[0m
DEBUG:ftm.server:[47m[34mon_host_allocation hit[0m
DEBUG:ftm.ftm_middleware:[47m[34mactivating vm[19][0m
INFO:ftm.ftm_middleware:vm[19] has been activated[0m
DEBUG:ftm.server:[47m[34mon_host_allocation hit[0m
DEBUG:ftm.ftm_middleware:[47m[34mactivating vm[20][0m
INFO:ftm.ftm_middleware:vm[20] has been activated[0m
DEBUG:ftm.server:[47m[34mon_host_allocation hit[0m
DEBUG:ftm.server:[47m[34mon_host_allocation hit[0m
DEBUG:ftm.ftm_middleware:[47m[34mactivating vm[21][0m
INFO:ftm.ftm_middleware:vm[21] has been activated[0m
DEBUG:ftm.ftm_middleware:[47m[34mactivating vm[22][0m
INFO:ftm.ftm_middleware:vm[22] has been activated[0m
DEBUG:ftm.server:[47m[34mon_host_allocation hit[0m
DEBUG:ftm.ftm_middleware:[47m[34mactivating vm[23][0m
INFO:ftm.ftm_middleware:vm[23] has been activated[0m
DEBUG:ftm.server:[47m[34mon_host_allocation hit[0m
DEBUG:ftm.ftm_middleware:[47m[34mactivating vm[24][0m
INFO:ftm.ftm_middleware:vm[24] has been activated[0m
DEBUG:ftm.server:[47m[34mon_host_allocation hit[0m
DEBUG:ftm.ftm_middleware:[47m[34mactivating vm[25][0m
INFO:ftm.ftm_middleware:vm[25] has been activated[0m
DEBUG:ftm.server:[47m[34mon_host_allocation hit[0m
DEBUG:ftm.ftm_middleware:[47m[34mactivating vm[26][0m
INFO:ftm.ftm_middleware:vm[26] has been activated[0m
DEBUG:ftm.server:[47m[34mon_host_allocation hit[0m
DEBUG:ftm.ftm_middleware:[47m[34mactivating vm[27][0m
INFO:ftm.ftm_middleware:vm[27] has been activated[0m
DEBUG:ftm.server:[47m[34mon_host_allocation hit[0m
DEBUG:ftm.ftm_middleware:[47m[34mactivating vm[28][0m
INFO:ftm.ftm_middleware:vm[28] has been activated[0m
DEBUG:ftm.server:[47m[34mon_host_allocation hit[0m
DEBUG:ftm.ftm_middleware:[47m[34mactivating vm[29][0m
INFO:ftm.ftm_middleware:vm[29] has been activated[0m
DEBUG:ftm.server:[47m[34mon_host_allocation hit[0m
DEBUG:ftm.ftm_middleware:[47m[34mactivating vm[30][0m
INFO:ftm.ftm_middleware:vm[30] has been activated[0m
DEBUG:ftm.server:[47m[34mon_host_allocation hit[0m
DEBUG:ftm.ftm_middleware:[47m[34mactivating vm[31][0m
INFO:ftm.ftm_middleware:vm[31] has been activated[0m
DEBUG:ftm.server:[47m[34mon_host_allocation hit[0m
DEBUG:ftm.ftm_middleware:[47m[34mactivating vm[32][0m
INFO:ftm.ftm_middleware:vm[32] has been activated[0m
DEBUG:ftm.server:[47m[34mon_host_allocation hit[0m
DEBUG:ftm.ftm_middleware:[47m[34mactivating vm[33][0m
INFO:ftm.ftm_middleware:vm[33] has been activated[0m
DEBUG:ftm.server:[47m[34mon_host_allocation hit[0m
DEBUG:ftm.ftm_middleware:[47m[34mactivating vm[34][0m
INFO:ftm.ftm_middleware:vm[34] has been activated[0m
DEBUG:ftm.server:[47m[34mon_host_allocation hit[0m
DEBUG:ftm.ftm_middleware:[47m[34mactivating vm[35][0m
INFO:ftm.ftm_middleware:vm[35] has been activated[0m
DEBUG:ftm.server:[47m[34mon_host_allocation hit[0m
DEBUG:ftm.ftm_middleware:[47m[34mactivating vm[36][0m
INFO:ftm.ftm_middleware:vm[36] has been activated[0m
DEBUG:ftm.server:[47m[34mon_host_allocation hit[0m
DEBUG:ftm.ftm_middleware:[47m[34mactivating vm[37][0m
INFO:ftm.ftm_middleware:vm[37] has been activated[0m
DEBUG:ftm.server:[47m[34mon_host_allocation hit[0m
DEBUG:ftm.ftm_middleware:[47m[34mactivating vm[38][0m
INFO:ftm.ftm_middleware:vm[38] has been activated[0m
DEBUG:ftm.server:[47m[34mon_host_allocation hit[0m
DEBUG:ftm.ftm_middleware:[47m[34mactivating vm[39][0m
INFO:ftm.ftm_middleware:vm[39] has been activated[0m
DEBUG:ftm.server:[47m[34mon_host_allocation hit[0m
DEBUG:ftm.server:[47m[34mon_host_allocation hit[0m
DEBUG:ftm.server:[47m[34mon_host_allocation hit[0m
DEBUG:ftm.ftm_middleware:[47m[34mactivating vm[40][0m
INFO:ftm.ftm_middleware:vm[40] has been activated[0m
DEBUG:ftm.ftm_middleware:[47m[34mactivating vm[41][0m
INFO:ftm.ftm_middleware:vm[41] has been activated[0m
DEBUG:ftm.ftm_middleware:[47m[34mactivating vm[42][0m
INFO:ftm.ftm_middleware:vm[42] has been activated[0m
DEBUG:ftm.server:[47m[34mon_host_allocation hit[0m
DEBUG:ftm.server:[47m[34mon_host_allocation hit[0m
DEBUG:ftm.ftm_middleware:[47m[34mactivating vm[43][0m
INFO:ftm.ftm_middleware:vm[43] has been activated[0m
DEBUG:ftm.ftm_middleware:[47m[34mactivating vm[44][0m
INFO:ftm.ftm_middleware:vm[44] has been activated[0m
DEBUG:ftm.server:[47m[34mon_host_allocation hit[0m
DEBUG:ftm.server:[47m[34mon_host_allocation hit[0m
DEBUG:ftm.server:[47m[34mon_host_allocation hit[0m
DEBUG:ftm.ftm_middleware:[47m[34mactivating vm[45][0m
INFO:ftm.ftm_middleware:vm[45] has been activated[0m
DEBUG:ftm.ftm_middleware:[47m[34mactivating vm[46][0m
INFO:ftm.ftm_middleware:vm[46] has been activated[0m
DEBUG:ftm.ftm_middleware:[47m[34mactivating vm[47][0m
INFO:ftm.ftm_middleware:vm[47] has been activated[0m
DEBUG:ftm.server:[47m[34mon_host_allocation hit[0m
DEBUG:ftm.ftm_middleware:[47m[34mactivating vm[48][0m
INFO:ftm.ftm_middleware:vm[48] has been activated[0m
DEBUG:ftm.server:[47m[34mon_host_allocation hit[0m
DEBUG:ftm.ftm_middleware:[47m[34mactivating vm[49][0m
INFO:ftm.ftm_middleware:vm[49] has been activated[0m
DEBUG:ftm.server:[47m[34mon_host_allocation hit[0m
DEBUG:ftm.ftm_middleware:[47m[34mactivating vm[50][0m
INFO:ftm.ftm_middleware:vm[50] has been activated[0m
DEBUG:ftm.server:[47m[34mon_host_allocation hit[0m
DEBUG:ftm.ftm_middleware:[47m[34mactivating vm[51][0m
INFO:ftm.ftm_middleware:vm[51] has been activated[0m
DEBUG:ftm.server:[47m[34mon_host_allocation hit[0m
DEBUG:ftm.ftm_middleware:[47m[34mactivating vm[52][0m
INFO:ftm.ftm_middleware:vm[52] has been activated[0m
DEBUG:ftm.server:[47m[34mon_host_allocation hit[0m
DEBUG:ftm.ftm_middleware:[47m[34mactivating vm[53][0m
INFO:ftm.ftm_middleware:vm[53] has been activated[0m
DEBUG:ftm.server:[47m[34mon_host_allocation hit[0m
DEBUG:ftm.ftm_middleware:[47m[34mactivating vm[54][0m
INFO:ftm.ftm_middleware:vm[54] has been activated[0m
DEBUG:ftm.server:[47m[34mon_host_allocation hit[0m
DEBUG:ftm.ftm_middleware:[47m[34mactivating vm[55][0m
INFO:ftm.ftm_middleware:vm[55] has been activated[0m
DEBUG:ftm.server:[47m[34mon_host_allocation hit[0m
DEBUG:ftm.ftm_middleware:[47m[34mactivating vm[56][0m
INFO:ftm.ftm_middleware:vm[56] has been activated[0m
DEBUG:ftm.server:[47m[34mon_host_allocation hit[0m
DEBUG:ftm.ftm_middleware:[47m[34mactivating vm[57][0m
INFO:ftm.ftm_middleware:vm[57] has been activated[0m
DEBUG:ftm.server:[47m[34mon_host_allocation hit[0m
DEBUG:ftm.ftm_middleware:[47m[34mactivating vm[58][0m
INFO:ftm.ftm_middleware:vm[58] has been activated[0m
DEBUG:ftm.server:[47m[34mon_host_allocation hit[0m
DEBUG:ftm.ftm_middleware:[47m[34mactivating vm[59][0m
INFO:ftm.ftm_middleware:vm[59] has been activated[0m
DEBUG:ftm.server:[47m[34mon_host_allocation hit[0m
DEBUG:ftm.ftm_middleware:[47m[34mactivating vm[60][0m
INFO:ftm.ftm_middleware:vm[60] has been activated[0m
DEBUG:ftm.server:[47m[34mon_host_allocation hit[0m
DEBUG:ftm.ftm_middleware:[47m[34mactivating vm[61][0m
INFO:ftm.ftm_middleware:vm[61] has been activated[0m
DEBUG:ftm.server:[47m[34mon_host_allocation hit[0m
DEBUG:ftm.ftm_middleware:[47m[34mactivating vm[62][0m
INFO:ftm.ftm_middleware:vm[62] has been activated[0m
DEBUG:ftm.server:[47m[34mon_host_allocation hit[0m
DEBUG:ftm.ftm_middleware:[47m[34mactivating vm[63][0m
INFO:ftm.ftm_middleware:vm[63] has been activated[0m
DEBUG:ftm.server:[47m[34mon_host_allocation hit[0m
DEBUG:ftm.server:[47m[34mon_host_allocation hit[0m
DEBUG:ftm.server:[47m[34mon_host_allocation hit[0m
DEBUG:ftm.server:[47m[34mon_host_allocation hit[0m
DEBUG:ftm.server:[47m[34mon_host_allocation hit[0m
DEBUG:ftm.server:[47m[34mon_host_allocation hit[0m
DEBUG:ftm.server:[47m[34mon_host_allocation hit[0m
DEBUG:ftm.server:[47m[34mon_host_allocation hit[0m
DEBUG:ftm.ftm_middleware:[47m[34mactivating vm[64][0m
INFO:ftm.ftm_middleware:vm[64] has been activated[0m
DEBUG:ftm.ftm_middleware:[47m[34mactivating vm[65][0m
INFO:ftm.ftm_middleware:vm[65] has been activated[0m
DEBUG:ftm.ftm_middleware:[47m[34mactivating vm[66][0m
INFO:ftm.ftm_middleware:vm[66] has been activated[0m
DEBUG:ftm.ftm_middleware:[47m[34mactivating vm[67][0m
INFO:ftm.ftm_middleware:vm[67] has been activated[0m
DEBUG:ftm.ftm_middleware:[47m[34mactivating vm[68][0m
INFO:ftm.ftm_middleware:vm[68] has been activated[0m
DEBUG:ftm.ftm_middleware:[47m[34mactivating vm[69][0m
INFO:ftm.ftm_middleware:vm[69] has been activated[0m
DEBUG:ftm.ftm_middleware:[47m[34mactivating vm[70][0m
INFO:ftm.ftm_middleware:vm[70] has been activated[0m
DEBUG:ftm.ftm_middleware:[47m[34mactivating vm[71][0m
INFO:ftm.ftm_middleware:vm[71] has been activated[0m
DEBUG:ftm.server:[47m[34mon_host_allocation hit[0m
DEBUG:ftm.server:[47m[34mon_host_allocation hit[0m
DEBUG:ftm.server:[47m[34mon_host_allocation hit[0m
DEBUG:ftm.ftm_middleware:[47m[34mactivating vm[72][0m
INFO:ftm.ftm_middleware:vm[72] has been activated[0m
DEBUG:ftm.ftm_middleware:[47m[34mactivating vm[73][0m
INFO:ftm.ftm_middleware:vm[73] has been activated[0m
DEBUG:ftm.ftm_middleware:[47m[34mactivating vm[74][0m
INFO:ftm.ftm_middleware:vm[74] has been activated[0m
DEBUG:ftm.server:[47m[34mon_host_allocation hit[0m
DEBUG:ftm.ftm_middleware:[47m[34mactivating vm[75][0m
INFO:ftm.ftm_middleware:vm[75] has been activated[0m
DEBUG:ftm.server:[47m[34mon_host_allocation hit[0m
DEBUG:ftm.ftm_middleware:[47m[34mactivating vm[76][0m
INFO:ftm.ftm_middleware:vm[76] has been activated[0m
DEBUG:ftm.server:[47m[34mon_host_allocation hit[0m
DEBUG:ftm.ftm_middleware:[47m[34mactivating vm[77][0m
INFO:ftm.ftm_middleware:vm[77] has been activated[0m
DEBUG:ftm.server:[47m[34mon_host_allocation hit[0m
DEBUG:ftm.ftm_middleware:[47m[34mactivating vm[78][0m
INFO:ftm.ftm_middleware:vm[78] has been activated[0m
DEBUG:ftm.server:[47m[34mon_host_allocation hit[0m
DEBUG:ftm.server:[47m[34mon_host_allocation hit[0m
DEBUG:ftm.ftm_middleware:[47m[34mactivating vm[79][0m
INFO:ftm.ftm_middleware:vm[79] has been activated[0m
DEBUG:ftm.ftm_middleware:[47m[34mactivating vm[80][0m
INFO:ftm.ftm_middleware:vm[80] has been activated[0m
DEBUG:ftm.server:[47m[34mon_host_allocation hit[0m
DEBUG:ftm.ftm_middleware:[47m[34mactivating vm[81][0m
INFO:ftm.ftm_middleware:vm[81] has been activated[0m
DEBUG:ftm.server:[47m[34mon_host_allocation hit[0m
DEBUG:ftm.ftm_middleware:[47m[34mactivating vm[82][0m
INFO:ftm.ftm_middleware:vm[82] has been activated[0m
DEBUG:ftm.server:[47m[34mon_host_allocation hit[0m
DEBUG:ftm.ftm_middleware:[47m[34mactivating vm[83][0m
INFO:ftm.ftm_middleware:vm[83] has been activated[0m
DEBUG:ftm.server:[47m[34mon_host_allocation hit[0m
DEBUG:ftm.ftm_middleware:[47m[34mactivating vm[84][0m
INFO:ftm.ftm_middleware:vm[84] has been activated[0m
DEBUG:ftm.server:[47m[34mon_host_allocation hit[0m
DEBUG:ftm.ftm_middleware:[47m[34mactivating vm[85][0m
INFO:ftm.ftm_middleware:vm[85] has been activated[0m
DEBUG:ftm.server:[47m[34mon_host_allocation hit[0m
DEBUG:ftm.ftm_middleware:[47m[34mactivating vm[86][0m
INFO:ftm.ftm_middleware:vm[86] has been activated[0m
DEBUG:ftm.server:[47m[34mon_host_allocation hit[0m
DEBUG:ftm.ftm_middleware:[47m[34mactivating vm[87][0m
INFO:ftm.ftm_middleware:vm[87] has been activated[0m
DEBUG:ftm.server:[47m[34mon_host_allocation hit[0m
DEBUG:ftm.ftm_middleware:[47m[34mactivating vm[88][0m
INFO:ftm.ftm_middleware:vm[88] has been activated[0m
DEBUG:ftm.server:[47m[34mon_host_allocation hit[0m
DEBUG:ftm.ftm_middleware:[47m[34mactivating vm[89][0m
INFO:ftm.ftm_middleware:vm[89] has been activated[0m
DEBUG:ftm.server:[47m[34mon_host_allocation hit[0m
DEBUG:ftm.ftm_middleware:[47m[34mactivating vm[90][0m
INFO:ftm.ftm_middleware:vm[90] has been activated[0m
INFO:ftm.ftm_middleware:[47m[32mvm[1]STATUS OK[0m
INFO:ftm.ftm_middleware:[47m[32mvm[2]STATUS OK[0m
INFO:ftm.ftm_middleware:[47m[32mvm[3]STATUS OK[0m
INFO:ftm.ftm_middleware:[47m[32mvm[4]STATUS OK[0m
INFO:ftm.ftm_middleware:[47m[32mvm[5]STATUS OK[0m
INFO:ftm.ftm_middleware:[47m[32mvm[6]STATUS OK[0m
INFO:ftm.ftm_middleware:[47m[32mvm[7]STATUS OK[0m
INFO:ftm.ftm_middleware:[47m[32mvm[8]STATUS OK[0m
INFO:ftm.ftm_middleware:[47m[32mvm[9]STATUS OK[0m
INFO:ftm.ftm_middleware:[47m[32mvm[10]STATUS OK[0m
INFO:ftm.ftm_middleware:[47m[32mvm[11]STATUS OK[0m
INFO:ftm.ftm_middleware:[47m[32mvm[12]STATUS OK[0m
INFO:ftm.ftm_middleware:[47m[32mvm[13]STATUS OK[0m
INFO:ftm.ftm_middleware:[47m[32mvm[14]STATUS OK[0m
INFO:ftm.ftm_middleware:[47m[32mvm[15]STATUS OK[0m
INFO:ftm.ftm_middleware:[47m[32mvm[16]STATUS OK[0m
INFO:ftm.ftm_middleware:[47m[32mvm[17]STATUS OK[0m
INFO:ftm.ftm_middleware:[47m[32mvm[18]STATUS OK[0m
INFO:ftm.ftm_middleware:[47m[32mvm[19]STATUS OK[0m
INFO:ftm.ftm_middleware:[47m[32mvm[20]STATUS OK[0m
INFO:ftm.ftm_middleware:[47m[32mvm[21]STATUS OK[0m
INFO:ftm.ftm_middleware:[47m[32mvm[22]STATUS OK[0m
INFO:ftm.ftm_middleware:[47m[32mvm[23]STATUS OK[0m
INFO:ftm.ftm_middleware:[47m[32mvm[24]STATUS OK[0m
INFO:ftm.ftm_middleware:[47m[32mvm[25]STATUS OK[0m
INFO:ftm.ftm_middleware:[47m[32mvm[26]STATUS OK[0m
INFO:ftm.ftm_middleware:[47m[32mvm[27]STATUS OK[0m
INFO:ftm.ftm_middleware:[47m[32mvm[28]STATUS OK[0m
INFO:ftm.ftm_middleware:[47m[32mvm[29]STATUS OK[0m
INFO:ftm.ftm_middleware:[47m[32mvm[30]STATUS OK[0m
INFO:ftm.ftm_middleware:[47m[32mvm[31]STATUS OK[0m
INFO:ftm.ftm_middleware:[47m[32mvm[32]STATUS OK[0m
INFO:ftm.ftm_middleware:[47m[32mvm[33]STATUS OK[0m
INFO:ftm.ftm_middleware:[47m[32mvm[34]STATUS OK[0m
INFO:ftm.ftm_middleware:[47m[32mvm[35]STATUS OK[0m
INFO:ftm.ftm_middleware:[47m[32mvm[36]STATUS OK[0m
INFO:ftm.ftm_middleware:[47m[32mvm[37]STATUS OK[0m
INFO:ftm.ftm_middleware:[47m[32mvm[38]STATUS OK[0m
INFO:ftm.ftm_middleware:[47m[32mvm[39]STATUS OK[0m
INFO:ftm.ftm_middleware:[47m[32mvm[40]STATUS OK[0m
INFO:ftm.ftm_middleware:[47m[32mvm[41]STATUS OK[0m
INFO:ftm.ftm_middleware:[47m[32mvm[42]STATUS OK[0m
INFO:ftm.ftm_middleware:[47m[32mvm[43]STATUS OK[0m
INFO:ftm.ftm_middleware:[47m[32mvm[44]STATUS OK[0m
INFO:ftm.ftm_middleware:[47m[32mvm[45]STATUS OK[0m
INFO:ftm.ftm_middleware:[47m[32mvm[46]STATUS OK[0m
INFO:ftm.ftm_middleware:[47m[32mvm[47]STATUS OK[0m
INFO:ftm.ftm_middleware:[47m[32mvm[48]STATUS OK[0m
INFO:ftm.ftm_middleware:[47m[32mvm[49]STATUS OK[0m
INFO:ftm.ftm_middleware:[47m[32mvm[50]STATUS OK[0m
INFO:ftm.ftm_middleware:[47m[32mvm[51]STATUS OK[0m
INFO:ftm.ftm_middleware:[47m[32mvm[52]STATUS OK[0m
INFO:ftm.ftm_middleware:[47m[32mvm[53]STATUS OK[0m
INFO:ftm.ftm_middleware:[47m[32mvm[54]STATUS OK[0m
INFO:ftm.ftm_middleware:[47m[32mvm[55]STATUS OK[0m
INFO:ftm.ftm_middleware:[47m[32mvm[56]STATUS OK[0m
INFO:ftm.ftm_middleware:[47m[32mvm[57]STATUS OK[0m
INFO:ftm.ftm_middleware:[47m[32mvm[58]STATUS OK[0m
INFO:ftm.ftm_middleware:[47m[32mvm[59]STATUS OK[0m
INFO:ftm.ftm_middleware:[47m[32mvm[60]STATUS OK[0m
INFO:ftm.ftm_middleware:[47m[32mvm[61]STATUS OK[0m
INFO:ftm.ftm_middleware:[47m[32mvm[62]STATUS OK[0m
INFO:ftm.ftm_middleware:[47m[32mvm[63]STATUS OK[0m
INFO:ftm.ftm_middleware:[47m[32mvm[64]STATUS OK[0m
INFO:ftm.ftm_middleware:[47m[32mvm[65]STATUS OK[0m
INFO:ftm.ftm_middleware:[47m[32mvm[66]STATUS OK[0m
INFO:ftm.ftm_middleware:[47m[32mvm[67]STATUS OK[0m
INFO:ftm.ftm_middleware:[47m[32mvm[68]STATUS OK[0m
INFO:ftm.ftm_middleware:[47m[32mvm[69]STATUS OK[0m
INFO:ftm.ftm_middleware:[47m[32mvm[70]STATUS OK[0m
INFO:ftm.ftm_middleware:[47m[32mvm[71]STATUS OK[0m
INFO:ftm.ftm_middleware:[47m[32mvm[72]STATUS OK[0m
INFO:ftm.ftm_middleware:[47m[32mvm[73]STATUS OK[0m
INFO:ftm.ftm_middleware:[47m[32mvm[74]STATUS OK[0m
INFO:ftm.ftm_middleware:[47m[32mvm[75]STATUS OK[0m
INFO:ftm.ftm_middleware:[47m[32mvm[76]STATUS OK[0m
INFO:ftm.ftm_middleware:[47m[32mvm[77]STATUS OK[0m
INFO:ftm.ftm_middleware:[47m[32mvm[78]STATUS OK[0m
INFO:ftm.ftm_middleware:[47m[32mvm[79]STATUS OK[0m
INFO:ftm.ftm_middleware:[47m[32mvm[80]STATUS OK[0m
INFO:ftm.ftm_middleware:[47m[32mvm[81]STATUS OK[0m
INFO:ftm.ftm_middleware:[47m[32mvm[82]STATUS OK[0m
INFO:ftm.ftm_middleware:[47m[32mvm[83]STATUS OK[0m
INFO:ftm.ftm_middleware:[47m[32mvm[84]STATUS OK[0m
INFO:ftm.ftm_middleware:[47m[32mvm[85]STATUS OK[0m
INFO:ftm.ftm_middleware:[47m[32mvm[86]STATUS OK[0m
INFO:ftm.ftm_middleware:[47m[32mvm[87]STATUS OK[0m
INFO:ftm.ftm_middleware:[47m[32mvm[88]STATUS OK[0m
INFO:ftm.ftm_middleware:[47m[32mvm[89]STATUS OK[0m
INFO:ftm.ftm_middleware:[47m[32mvm[90]STATUS OK[0m
INFO:ftm.ftm_middleware:[47m[32mvm[1]STATUS OK[0m
INFO:ftm.ftm_middleware:[47m[32mvm[2]STATUS OK[0m
INFO:ftm.ftm_middleware:[47m[32mvm[3]STATUS OK[0m
INFO:ftm.ftm_middleware:[47m[32mvm[4]STATUS OK[0m
INFO:ftm.ftm_middleware:[47m[32mvm[5]STATUS OK[0m
INFO:ftm.ftm_middleware:[47m[32mvm[6]STATUS OK[0m
INFO:ftm.ftm_middleware:[47m[32mvm[7]STATUS OK[0m
INFO:ftm.ftm_middleware:[47m[32mvm[8]STATUS OK[0m
INFO:ftm.ftm_middleware:[47m[32mvm[9]STATUS OK[0m
INFO:ftm.ftm_middleware:[47m[32mvm[10]STATUS OK[0m
INFO:ftm.ftm_middleware:[47m[32mvm[11]STATUS OK[0m
INFO:ftm.ftm_middleware:[47m[32mvm[12]STATUS OK[0m
INFO:ftm.ftm_middleware:[47m[32mvm[13]STATUS OK[0m
INFO:ftm.ftm_middleware:[47m[32mvm[14]STATUS OK[0m
INFO:ftm.ftm_middleware:[47m[32mvm[15]STATUS OK[0m
INFO:ftm.ftm_middleware:[47m[32mvm[16]STATUS OK[0m
INFO:ftm.ftm_middleware:[47m[32mvm[17]STATUS OK[0m
INFO:ftm.ftm_middleware:[47m[32mvm[18]STATUS OK[0m
INFO:ftm.ftm_middleware:[47m[32mvm[19]STATUS OK[0m
INFO:ftm.ftm_middleware:[47m[32mvm[20]STATUS OK[0m
INFO:ftm.ftm_middleware:[47m[32mvm[21]STATUS OK[0m
INFO:ftm.ftm_middleware:[47m[32mvm[22]STATUS OK[0m
INFO:ftm.ftm_middleware:[47m[32mvm[23]STATUS OK[0m
INFO:ftm.ftm_middleware:[47m[32mvm[24]STATUS OK[0m
INFO:ftm.ftm_middleware:[47m[32mvm[25]STATUS OK[0m
INFO:ftm.ftm_middleware:[47m[32mvm[26]STATUS OK[0m
INFO:ftm.ftm_middleware:[47m[32mvm[27]STATUS OK[0m
INFO:ftm.ftm_middleware:[47m[32mvm[28]STATUS OK[0m
INFO:ftm.ftm_middleware:[47m[32mvm[29]STATUS OK[0m
INFO:ftm.ftm_middleware:[47m[32mvm[30]STATUS OK[0m
INFO:ftm.ftm_middleware:[47m[32mvm[31]STATUS OK[0m
INFO:ftm.ftm_middleware:[47m[32mvm[32]STATUS OK[0m
INFO:ftm.ftm_middleware:[47m[32mvm[33]STATUS OK[0m
INFO:ftm.ftm_middleware:[47m[32mvm[34]STATUS OK[0m
INFO:ftm.ftm_middleware:[47m[32mvm[35]STATUS OK[0m
INFO:ftm.ftm_middleware:[47m[32mvm[36]STATUS OK[0m
INFO:ftm.ftm_middleware:[47m[32mvm[37]STATUS OK[0m
INFO:ftm.ftm_middleware:[47m[32mvm[38]STATUS OK[0m
INFO:ftm.ftm_middleware:[47m[32mvm[39]STATUS OK[0m
INFO:ftm.ftm_middleware:[47m[32mvm[40]STATUS OK[0m
INFO:ftm.ftm_middleware:[47m[32mvm[41]STATUS OK[0m
INFO:ftm.ftm_middleware:[47m[32mvm[42]STATUS OK[0m
INFO:ftm.ftm_middleware:[47m[32mvm[43]STATUS OK[0m
INFO:ftm.ftm_middleware:[47m[32mvm[44]STATUS OK[0m
INFO:ftm.ftm_middleware:[47m[32mvm[45]STATUS OK[0m
INFO:ftm.ftm_middleware:[47m[32mvm[46]STATUS OK[0m
INFO:ftm.ftm_middleware:[47m[32mvm[47]STATUS OK[0m
INFO:ftm.ftm_middleware:[47m[32mvm[48]STATUS OK[0m
INFO:ftm.ftm_middleware:[47m[32mvm[49]STATUS OK[0m
INFO:ftm.ftm_middleware:[47m[32mvm[50]STATUS OK[0m
INFO:ftm.ftm_middleware:[47m[32mvm[51]STATUS OK[0m
INFO:ftm.ftm_middleware:[47m[32mvm[52]STATUS OK[0m
INFO:ftm.ftm_middleware:[47m[32mvm[53]STATUS OK[0m
INFO:ftm.ftm_middleware:[47m[32mvm[54]STATUS OK[0m
INFO:ftm.ftm_middleware:[47m[32mvm[55]STATUS OK[0m
INFO:ftm.ftm_middleware:[47m[32mvm[56]STATUS OK[0m
INFO:ftm.ftm_middleware:[47m[32mvm[57]STATUS OK[0m
INFO:ftm.ftm_middleware:[47m[32mvm[58]STATUS OK[0m
INFO:ftm.ftm_middleware:[47m[32mvm[59]STATUS OK[0m
INFO:ftm.ftm_middleware:[47m[32mvm[60]STATUS OK[0m
INFO:ftm.ftm_middleware:[47m[32mvm[61]STATUS OK[0m
INFO:ftm.ftm_middleware:[47m[32mvm[62]STATUS OK[0m
INFO:ftm.ftm_middleware:[47m[32mvm[63]STATUS OK[0m
INFO:ftm.ftm_middleware:[47m[32mvm[64]STATUS OK[0m
INFO:ftm.ftm_middleware:[47m[32mvm[65]STATUS OK[0m
INFO:ftm.ftm_middleware:[47m[32mvm[66]STATUS OK[0m
INFO:ftm.ftm_middleware:[47m[32mvm[67]STATUS OK[0m
INFO:ftm.ftm_middleware:[47m[32mvm[68]STATUS OK[0m
INFO:ftm.ftm_middleware:[47m[32mvm[69]STATUS OK[0m
INFO:ftm.ftm_middleware:[47m[32mvm[70]STATUS OK[0m
INFO:ftm.ftm_middleware:[47m[32mvm[71]STATUS OK[0m
INFO:ftm.ftm_middleware:[47m[32mvm[72]STATUS OK[0m
INFO:ftm.ftm_middleware:[47m[32mvm[73]STATUS OK[0m
INFO:ftm.ftm_middleware:[47m[32mvm[74]STATUS OK[0m
INFO:ftm.ftm_middleware:[47m[32mvm[75]STATUS OK[0m
INFO:ftm.ftm_middleware:[47m[32mvm[76]STATUS OK[0m
INFO:ftm.ftm_middleware:[47m[32mvm[77]STATUS OK[0m
INFO:ftm.ftm_middleware:[47m[32mvm[78]STATUS OK[0m
INFO:ftm.ftm_middleware:[47m[32mvm[79]STATUS OK[0m
INFO:ftm.ftm_middleware:[47m[32mvm[80]STATUS OK[0m
INFO:ftm.ftm_middleware:[47m[32mvm[81]STATUS OK[0m
INFO:ftm.ftm_middleware:[47m[32mvm[82]STATUS OK[0m
INFO:ftm.ftm_middleware:[47m[32mvm[83]STATUS OK[0m
INFO:ftm.ftm_middleware:[47m[32mvm[84]STATUS OK[0m
INFO:ftm.ftm_middleware:[47m[32mvm[85]STATUS OK[0m
INFO:ftm.ftm_middleware:[47m[32mvm[86]STATUS OK[0m
INFO:ftm.ftm_middleware:[47m[32mvm[87]STATUS OK[0m
INFO:ftm.ftm_middleware:[47m[32mvm[88]STATUS OK[0m
INFO:ftm.ftm_middleware:[47m[32mvm[89]STATUS OK[0m
INFO:ftm.ftm_middleware:[47m[32mvm[90]STATUS OK[0m
INFO:ftm.ftm_middleware:[47m[32mvm[1]STATUS OK[0m
INFO:ftm.ftm_middleware:[47m[32mvm[2]STATUS OK[0m
INFO:ftm.ftm_middleware:[47m[32mvm[3]STATUS OK[0m
INFO:ftm.ftm_middleware:[47m[32mvm[4]STATUS OK[0m
INFO:ftm.ftm_middleware:[47m[32mvm[5]STATUS OK[0m
INFO:ftm.ftm_middleware:[47m[32mvm[6]STATUS OK[0m
INFO:ftm.ftm_middleware:[47m[32mvm[7]STATUS OK[0m
INFO:ftm.ftm_middleware:[47m[32mvm[8]STATUS OK[0m
INFO:ftm.ftm_middleware:[47m[32mvm[9]STATUS OK[0m
INFO:ftm.ftm_middleware:[47m[32mvm[10]STATUS OK[0m
INFO:ftm.ftm_middleware:[47m[32mvm[11]STATUS OK[0m
INFO:ftm.ftm_middleware:[47m[32mvm[12]STATUS OK[0m
INFO:ftm.ftm_middleware:[47m[32mvm[13]STATUS OK[0m
INFO:ftm.ftm_middleware:[47m[32mvm[14]STATUS OK[0m
INFO:ftm.ftm_middleware:[47m[32mvm[15]STATUS OK[0m
INFO:ftm.ftm_middleware:[47m[32mvm[16]STATUS OK[0m
INFO:ftm.ftm_middleware:[47m[32mvm[17]STATUS OK[0m
INFO:ftm.ftm_middleware:[47m[32mvm[18]STATUS OK[0m
INFO:ftm.ftm_middleware:[47m[32mvm[19]STATUS OK[0m
INFO:ftm.ftm_middleware:[47m[32mvm[20]STATUS OK[0m
INFO:ftm.ftm_middleware:[47m[32mvm[21]STATUS OK[0m
INFO:ftm.ftm_middleware:[47m[32mvm[22]STATUS OK[0m
INFO:ftm.ftm_middleware:[47m[32mvm[23]STATUS OK[0m
INFO:ftm.ftm_middleware:[47m[32mvm[24]STATUS OK[0m
INFO:ftm.ftm_middleware:[47m[32mvm[25]STATUS OK[0m
INFO:ftm.ftm_middleware:[47m[32mvm[26]STATUS OK[0m
INFO:ftm.ftm_middleware:[47m[32mvm[27]STATUS OK[0m
INFO:ftm.ftm_middleware:[47m[32mvm[28]STATUS OK[0m
INFO:ftm.ftm_middleware:[47m[32mvm[29]STATUS OK[0m
INFO:ftm.ftm_middleware:[47m[32mvm[30]STATUS OK[0m
INFO:ftm.ftm_middleware:[47m[32mvm[31]STATUS OK[0m
INFO:ftm.ftm_middleware:[47m[32mvm[32]STATUS OK[0m
INFO:ftm.ftm_middleware:[47m[32mvm[33]STATUS OK[0m
INFO:ftm.ftm_middleware:[47m[32mvm[34]STATUS OK[0m
INFO:ftm.ftm_middleware:[47m[32mvm[35]STATUS OK[0m
INFO:ftm.ftm_middleware:[47m[32mvm[36]STATUS OK[0m
INFO:ftm.ftm_middleware:[47m[32mvm[37]STATUS OK[0m
INFO:ftm.ftm_middleware:[47m[32mvm[38]STATUS OK[0m
INFO:ftm.ftm_middleware:[47m[32mvm[39]STATUS OK[0m
INFO:ftm.ftm_middleware:[47m[32mvm[40]STATUS OK[0m
INFO:ftm.ftm_middleware:[47m[32mvm[41]STATUS OK[0m
INFO:ftm.ftm_middleware:[47m[32mvm[42]STATUS OK[0m
INFO:ftm.ftm_middleware:[47m[32mvm[43]STATUS OK[0m
INFO:ftm.ftm_middleware:[47m[32mvm[44]STATUS OK[0m
INFO:ftm.ftm_middleware:[47m[32mvm[45]STATUS OK[0m
INFO:ftm.ftm_middleware:[47m[32mvm[46]STATUS OK[0m
INFO:ftm.ftm_middleware:[47m[32mvm[47]STATUS OK[0m
INFO:ftm.ftm_middleware:[47m[32mvm[48]STATUS OK[0m
INFO:ftm.ftm_middleware:[47m[32mvm[49]STATUS OK[0m
INFO:ftm.ftm_middleware:[47m[32mvm[50]STATUS OK[0m
INFO:ftm.ftm_middleware:[47m[32mvm[51]STATUS OK[0m
INFO:ftm.ftm_middleware:[47m[32mvm[52]STATUS OK[0m
INFO:ftm.ftm_middleware:[47m[32mvm[53]STATUS OK[0m
INFO:ftm.ftm_middleware:[47m[32mvm[54]STATUS OK[0m
INFO:ftm.ftm_middleware:[47m[32mvm[55]STATUS OK[0m
INFO:ftm.ftm_middleware:[47m[32mvm[56]STATUS OK[0m
INFO:ftm.ftm_middleware:[47m[32mvm[57]STATUS OK[0m
INFO:ftm.ftm_middleware:[47m[32mvm[58]STATUS OK[0m
INFO:ftm.ftm_middleware:[47m[32mvm[59]STATUS OK[0m
INFO:ftm.ftm_middleware:[47m[32mvm[60]STATUS OK[0m
INFO:ftm.ftm_middleware:[47m[32mvm[61]STATUS OK[0m
INFO:ftm.ftm_middleware:[47m[32mvm[62]STATUS OK[0m
INFO:ftm.ftm_middleware:[47m[32mvm[63]STATUS OK[0m
INFO:ftm.ftm_middleware:[47m[32mvm[64]STATUS OK[0m
INFO:ftm.ftm_middleware:[47m[32mvm[65]STATUS OK[0m
INFO:ftm.ftm_middleware:[47m[32mvm[66]STATUS OK[0m
INFO:ftm.ftm_middleware:[47m[32mvm[67]STATUS OK[0m
INFO:ftm.ftm_middleware:[47m[32mvm[68]STATUS OK[0m
INFO:ftm.ftm_middleware:[47m[32mvm[69]STATUS OK[0m
INFO:ftm.ftm_middleware:[47m[32mvm[70]STATUS OK[0m
INFO:ftm.ftm_middleware:[47m[32mvm[71]STATUS OK[0m
INFO:ftm.ftm_middleware:[47m[32mvm[72]STATUS OK[0m
INFO:ftm.ftm_middleware:[47m[32mvm[73]STATUS OK[0m
INFO:ftm.ftm_middleware:[47m[32mvm[74]STATUS OK[0m
INFO:ftm.ftm_middleware:[47m[32mvm[75]STATUS OK[0m
INFO:ftm.ftm_middleware:[47m[32mvm[76]STATUS OK[0m
INFO:ftm.ftm_middleware:[47m[32mvm[77]STATUS OK[0m
INFO:ftm.ftm_middleware:[47m[32mvm[78]STATUS OK[0m
INFO:ftm.ftm_middleware:[47m[32mvm[79]STATUS OK[0m
INFO:ftm.ftm_middleware:[47m[32mvm[80]STATUS OK[0m
INFO:ftm.ftm_middleware:[47m[32mvm[81]STATUS OK[0m
INFO:ftm.ftm_middleware:[47m[32mvm[82]STATUS OK[0m
INFO:ftm.ftm_middleware:[47m[32mvm[83]STATUS OK[0m
INFO:ftm.ftm_middleware:[47m[32mvm[84]STATUS OK[0m
INFO:ftm.ftm_middleware:[47m[32mvm[85]STATUS OK[0m
INFO:ftm.ftm_middleware:[47m[32mvm[86]STATUS OK[0m
INFO:ftm.ftm_middleware:[47m[32mvm[87]STATUS OK[0m
INFO:ftm.ftm_middleware:[47m[32mvm[88]STATUS OK[0m
INFO:ftm.ftm_middleware:[47m[32mvm[89]STATUS OK[0m
INFO:ftm.ftm_middleware:[47m[32mvm[90]STATUS OK[0m
waiting for ftm
INFO:ftm.ftm_middleware:[47m[32mvm[1]STATUS OK[0m
INFO:ftm.ftm_middleware:[47m[32mvm[2]STATUS OK[0m
INFO:ftm.ftm_middleware:[47m[32mvm[3]STATUS OK[0m
INFO:ftm.ftm_middleware:[47m[32mvm[4]STATUS OK[0m
INFO:ftm.ftm_middleware:[47m[32mvm[5]STATUS OK[0m
INFO:ftm.ftm_middleware:[47m[32mvm[6]STATUS OK[0m
INFO:ftm.ftm_middleware:[47m[32mvm[7]STATUS OK[0m
INFO:ftm.ftm_middleware:[47m[32mvm[8]STATUS OK[0m
INFO:ftm.ftm_middleware:[47m[32mvm[9]STATUS OK[0m
INFO:ftm.ftm_middleware:[47m[32mvm[10]STATUS OK[0m
INFO:ftm.ftm_middleware:[47m[32mvm[11]STATUS OK[0m
INFO:ftm.ftm_middleware:[47m[32mvm[12]STATUS OK[0m
INFO:ftm.ftm_middleware:[47m[32mvm[13]STATUS OK[0m
INFO:ftm.ftm_middleware:[47m[32mvm[14]STATUS OK[0m
INFO:ftm.ftm_middleware:[47m[32mvm[15]STATUS OK[0m
INFO:ftm.ftm_middleware:[47m[32mvm[16]STATUS OK[0m
INFO:ftm.ftm_middleware:[47m[32mvm[17]STATUS OK[0m
INFO:ftm.ftm_middleware:[47m[32mvm[18]STATUS OK[0m
INFO:ftm.ftm_middleware:[47m[32mvm[19]STATUS OK[0m
INFO:ftm.ftm_middleware:[47m[32mvm[20]STATUS OK[0m
INFO:ftm.ftm_middleware:[47m[32mvm[21]STATUS OK[0m
INFO:ftm.ftm_middleware:[47m[32mvm[22]STATUS OK[0m
INFO:ftm.ftm_middleware:[47m[32mvm[23]STATUS OK[0m
INFO:ftm.ftm_middleware:[47m[32mvm[24]STATUS OK[0m
INFO:ftm.ftm_middleware:[47m[32mvm[25]STATUS OK[0m
INFO:ftm.ftm_middleware:[47m[32mvm[26]STATUS OK[0m
INFO:ftm.ftm_middleware:[47m[32mvm[27]STATUS OK[0m
INFO:ftm.ftm_middleware:[47m[32mvm[28]STATUS OK[0m
INFO:ftm.ftm_middleware:[47m[32mvm[29]STATUS OK[0m
INFO:ftm.ftm_middleware:[47m[32mvm[30]STATUS OK[0m
INFO:ftm.ftm_middleware:[47m[32mvm[31]STATUS OK[0m
INFO:ftm.ftm_middleware:[47m[32mvm[32]STATUS OK[0m
INFO:ftm.ftm_middleware:[47m[32mvm[33]STATUS OK[0m
INFO:ftm.ftm_middleware:[47m[32mvm[34]STATUS OK[0m
INFO:ftm.ftm_middleware:[47m[32mvm[35]STATUS OK[0m
INFO:ftm.ftm_middleware:[47m[32mvm[36]STATUS OK[0m
INFO:ftm.ftm_middleware:[47m[32mvm[37]STATUS OK[0m
INFO:ftm.ftm_middleware:[47m[32mvm[38]STATUS OK[0m
INFO:ftm.ftm_middleware:[47m[32mvm[39]STATUS OK[0m
INFO:ftm.ftm_middleware:[47m[32mvm[40]STATUS OK[0m
INFO:ftm.ftm_middleware:[47m[32mvm[41]STATUS OK[0m
INFO:ftm.ftm_middleware:[47m[32mvm[42]STATUS OK[0m
INFO:ftm.ftm_middleware:[47m[32mvm[43]STATUS OK[0m
INFO:ftm.ftm_middleware:[47m[32mvm[44]STATUS OK[0m
INFO:ftm.ftm_middleware:[47m[32mvm[45]STATUS OK[0m
INFO:ftm.ftm_middleware:[47m[32mvm[46]STATUS OK[0m
INFO:ftm.ftm_middleware:[47m[32mvm[47]STATUS OK[0m
INFO:ftm.ftm_middleware:[47m[32mvm[48]STATUS OK[0m
INFO:ftm.ftm_middleware:[47m[32mvm[49]STATUS OK[0m
INFO:ftm.ftm_middleware:[47m[32mvm[50]STATUS OK[0m
INFO:ftm.ftm_middleware:[47m[32mvm[51]STATUS OK[0m
INFO:ftm.ftm_middleware:[47m[32mvm[52]STATUS OK[0m
INFO:ftm.ftm_middleware:[47m[32mvm[53]STATUS OK[0m
INFO:ftm.ftm_middleware:[47m[32mvm[54]STATUS OK[0m
INFO:ftm.ftm_middleware:[47m[32mvm[55]STATUS OK[0m
INFO:ftm.ftm_middleware:[47m[32mvm[56]STATUS OK[0m
INFO:ftm.ftm_middleware:[47m[32mvm[57]STATUS OK[0m
INFO:ftm.ftm_middleware:[47m[32mvm[58]STATUS OK[0m
INFO:ftm.ftm_middleware:[47m[32mvm[59]STATUS OK[0m
INFO:ftm.ftm_middleware:[47m[32mvm[60]STATUS OK[0m
INFO:ftm.ftm_middleware:[47m[32mvm[61]STATUS OK[0m
INFO:ftm.ftm_middleware:[47m[32mvm[62]STATUS OK[0m
INFO:ftm.ftm_middleware:[47m[32mvm[63]STATUS OK[0m
INFO:ftm.ftm_middleware:[47m[32mvm[64]STATUS OK[0m
INFO:ftm.ftm_middleware:[47m[32mvm[65]STATUS OK[0m
INFO:ftm.ftm_middleware:[47m[32mvm[66]STATUS OK[0m
INFO:ftm.ftm_middleware:[47m[32mvm[67]STATUS OK[0m
INFO:ftm.ftm_middleware:[47m[32mvm[68]STATUS OK[0m
INFO:ftm.ftm_middleware:[47m[32mvm[69]STATUS OK[0m
INFO:ftm.ftm_middleware:[47m[32mvm[70]STATUS OK[0m
INFO:ftm.ftm_middleware:[47m[32mvm[71]STATUS OK[0m
INFO:ftm.ftm_middleware:[47m[32mvm[72]STATUS OK[0m
INFO:ftm.ftm_middleware:[47m[32mvm[73]STATUS OK[0m
INFO:ftm.ftm_middleware:[47m[32mvm[74]STATUS OK[0m
INFO:ftm.ftm_middleware:[47m[32mvm[75]STATUS OK[0m
INFO:ftm.ftm_middleware:[47m[32mvm[76]STATUS OK[0m
INFO:ftm.ftm_middleware:[47m[32mvm[77]STATUS OK[0m
INFO:ftm.ftm_middleware:[47m[32mvm[78]STATUS OK[0m
INFO:ftm.ftm_middleware:[47m[32mvm[79]STATUS OK[0m
INFO:ftm.ftm_middleware:[47m[32mvm[80]STATUS OK[0m
INFO:ftm.ftm_middleware:[47m[32mvm[81]STATUS OK[0m
INFO:ftm.ftm_middleware:[47m[32mvm[82]STATUS OK[0m
INFO:ftm.ftm_middleware:[47m[32mvm[83]STATUS OK[0m
INFO:ftm.ftm_middleware:[47m[32mvm[84]STATUS OK[0m
INFO:ftm.ftm_middleware:[47m[32mvm[85]STATUS OK[0m
INFO:ftm.ftm_middleware:[47m[32mvm[86]STATUS OK[0m
INFO:ftm.ftm_middleware:[47m[32mvm[87]STATUS OK[0m
INFO:ftm.ftm_middleware:[47m[32mvm[88]STATUS OK[0m
INFO:ftm.ftm_middleware:[47m[32mvm[89]STATUS OK[0m
INFO:ftm.ftm_middleware:[47m[32mvm[90]STATUS OK[0m
INFO:ftm.ftm_middleware:[47m[32mvm[1]STATUS OK[0m
INFO:ftm.ftm_middleware:[47m[32mvm[2]STATUS OK[0m
INFO:ftm.ftm_middleware:[47m[32mvm[3]STATUS OK[0m
INFO:ftm.ftm_middleware:[47m[32mvm[4]STATUS OK[0m
INFO:ftm.ftm_middleware:[47m[32mvm[5]STATUS OK[0m
INFO:ftm.ftm_middleware:[47m[32mvm[6]STATUS OK[0m
INFO:ftm.ftm_middleware:[47m[32mvm[7]STATUS OK[0m
INFO:ftm.ftm_middleware:[47m[32mvm[8]STATUS OK[0m
INFO:ftm.ftm_middleware:[47m[32mvm[9]STATUS OK[0m
INFO:ftm.ftm_middleware:[47m[32mvm[10]STATUS OK[0m
INFO:ftm.ftm_middleware:[47m[32mvm[11]STATUS OK[0m
INFO:ftm.ftm_middleware:[47m[32mvm[12]STATUS OK[0m
INFO:ftm.ftm_middleware:[47m[32mvm[13]STATUS OK[0m
INFO:ftm.ftm_middleware:[47m[32mvm[14]STATUS OK[0m
INFO:ftm.ftm_middleware:[47m[32mvm[15]STATUS OK[0m
INFO:ftm.ftm_middleware:[47m[32mvm[16]STATUS OK[0m
INFO:ftm.ftm_middleware:[47m[32mvm[17]STATUS OK[0m
INFO:ftm.ftm_middleware:[47m[32mvm[18]STATUS OK[0m
INFO:ftm.ftm_middleware:[47m[32mvm[19]STATUS OK[0m
INFO:ftm.ftm_middleware:[47m[32mvm[20]STATUS OK[0m
INFO:ftm.ftm_middleware:[47m[32mvm[21]STATUS OK[0m
INFO:ftm.ftm_middleware:[47m[32mvm[22]STATUS OK[0m
INFO:ftm.ftm_middleware:[47m[32mvm[23]STATUS OK[0m
INFO:ftm.ftm_middleware:[47m[32mvm[24]STATUS OK[0m
INFO:ftm.ftm_middleware:[47m[32mvm[25]STATUS OK[0m
INFO:ftm.ftm_middleware:[47m[32mvm[26]STATUS OK[0m
INFO:ftm.ftm_middleware:[47m[32mvm[27]STATUS OK[0m
INFO:ftm.ftm_middleware:[47m[32mvm[28]STATUS OK[0m
INFO:ftm.ftm_middleware:[47m[32mvm[29]STATUS OK[0m
INFO:ftm.ftm_middleware:[47m[32mvm[30]STATUS OK[0m
INFO:ftm.ftm_middleware:[47m[32mvm[31]STATUS OK[0m
INFO:ftm.ftm_middleware:[47m[32mvm[32]STATUS OK[0m
INFO:ftm.ftm_middleware:[47m[32mvm[33]STATUS OK[0m
INFO:ftm.ftm_middleware:[47m[32mvm[34]STATUS OK[0m
INFO:ftm.ftm_middleware:[47m[32mvm[35]STATUS OK[0m
INFO:ftm.ftm_middleware:[47m[32mvm[36]STATUS OK[0m
INFO:ftm.ftm_middleware:[47m[32mvm[37]STATUS OK[0m
INFO:ftm.ftm_middleware:[47m[32mvm[38]STATUS OK[0m
INFO:ftm.ftm_middleware:[47m[32mvm[39]STATUS OK[0m
INFO:ftm.ftm_middleware:[47m[32mvm[40]STATUS OK[0m
INFO:ftm.ftm_middleware:[47m[32mvm[41]STATUS OK[0m
INFO:ftm.ftm_middleware:[47m[32mvm[42]STATUS OK[0m
INFO:ftm.ftm_middleware:[47m[32mvm[43]STATUS OK[0m
INFO:ftm.ftm_middleware:[47m[32mvm[44]STATUS OK[0m
INFO:ftm.ftm_middleware:[47m[32mvm[45]STATUS OK[0m
INFO:ftm.ftm_middleware:[47m[32mvm[46]STATUS OK[0m
INFO:ftm.ftm_middleware:[47m[32mvm[47]STATUS OK[0m
INFO:ftm.ftm_middleware:[47m[32mvm[48]STATUS OK[0m
INFO:ftm.ftm_middleware:[47m[32mvm[49]STATUS OK[0m
INFO:ftm.ftm_middleware:[47m[32mvm[50]STATUS OK[0m
INFO:ftm.ftm_middleware:[47m[32mvm[51]STATUS OK[0m
INFO:ftm.ftm_middleware:[47m[32mvm[52]STATUS OK[0m
INFO:ftm.ftm_middleware:[47m[32mvm[53]STATUS OK[0m
INFO:ftm.ftm_middleware:[47m[32mvm[54]STATUS OK[0m
INFO:ftm.ftm_middleware:[47m[32mvm[55]STATUS OK[0m
INFO:ftm.ftm_middleware:[47m[32mvm[56]STATUS OK[0m
INFO:ftm.ftm_middleware:[47m[32mvm[57]STATUS OK[0m
INFO:ftm.ftm_middleware:[47m[32mvm[58]STATUS OK[0m
INFO:ftm.ftm_middleware:[47m[32mvm[59]STATUS OK[0m
INFO:ftm.ftm_middleware:[47m[32mvm[60]STATUS OK[0m
INFO:ftm.ftm_middleware:[47m[32mvm[61]STATUS OK[0m
INFO:ftm.ftm_middleware:[47m[32mvm[62]STATUS OK[0m
INFO:ftm.ftm_middleware:[47m[32mvm[63]STATUS OK[0m
INFO:ftm.ftm_middleware:[47m[32mvm[64]STATUS OK[0m
INFO:ftm.ftm_middleware:[47m[32mvm[65]STATUS OK[0m
INFO:ftm.ftm_middleware:[47m[32mvm[66]STATUS OK[0m
INFO:ftm.ftm_middleware:[47m[32mvm[67]STATUS OK[0m
INFO:ftm.ftm_middleware:[47m[32mvm[68]STATUS OK[0m
INFO:ftm.ftm_middleware:[47m[32mvm[69]STATUS OK[0m
INFO:ftm.ftm_middleware:[47m[32mvm[70]STATUS OK[0m
INFO:ftm.ftm_middleware:[47m[32mvm[71]STATUS OK[0m
INFO:ftm.ftm_middleware:[47m[32mvm[72]STATUS OK[0m
INFO:ftm.ftm_middleware:[47m[32mvm[73]STATUS OK[0m
INFO:ftm.ftm_middleware:[47m[32mvm[74]STATUS OK[0m
INFO:ftm.ftm_middleware:[47m[32mvm[75]STATUS OK[0m
INFO:ftm.ftm_middleware:[47m[32mvm[76]STATUS OK[0m
INFO:ftm.ftm_middleware:[47m[32mvm[77]STATUS OK[0m
INFO:ftm.ftm_middleware:[47m[32mvm[78]STATUS OK[0m
INFO:ftm.ftm_middleware:[47m[32mvm[79]STATUS OK[0m
INFO:ftm.ftm_middleware:[47m[32mvm[80]STATUS OK[0m
INFO:ftm.ftm_middleware:[47m[32mvm[81]STATUS OK[0m
INFO:ftm.ftm_middleware:[47m[32mvm[82]STATUS OK[0m
INFO:ftm.ftm_middleware:[47m[32mvm[83]STATUS OK[0m
INFO:ftm.ftm_middleware:[47m[32mvm[84]STATUS OK[0m
INFO:ftm.ftm_middleware:[47m[32mvm[85]STATUS OK[0m
INFO:ftm.ftm_middleware:[47m[32mvm[86]STATUS OK[0m
INFO:ftm.ftm_middleware:[47m[32mvm[87]STATUS OK[0m
INFO:ftm.ftm_middleware:[47m[32mvm[88]STATUS OK[0m
INFO:ftm.ftm_middleware:[47m[32mvm[89]STATUS OK[0m
INFO:ftm.ftm_middleware:[47m[32mvm[90]STATUS OK[0m
INFO:ftm.ftm_middleware:[47m[32mvm[1]STATUS OK[0m
INFO:ftm.ftm_middleware:[47m[32mvm[2]STATUS OK[0m
INFO:ftm.ftm_middleware:[47m[32mvm[3]STATUS OK[0m
INFO:ftm.ftm_middleware:[47m[32mvm[4]STATUS OK[0m
INFO:ftm.ftm_middleware:[47m[32mvm[5]STATUS OK[0m
INFO:ftm.ftm_middleware:[47m[32mvm[6]STATUS OK[0m
INFO:ftm.ftm_middleware:[47m[32mvm[7]STATUS OK[0m
INFO:ftm.ftm_middleware:[47m[32mvm[8]STATUS OK[0m
INFO:ftm.ftm_middleware:[47m[32mvm[9]STATUS OK[0m
INFO:ftm.ftm_middleware:[47m[32mvm[10]STATUS OK[0m
INFO:ftm.ftm_middleware:[47m[32mvm[11]STATUS OK[0m
INFO:ftm.ftm_middleware:[47m[32mvm[12]STATUS OK[0m
INFO:ftm.ftm_middleware:[47m[32mvm[13]STATUS OK[0m
INFO:ftm.ftm_middleware:[47m[32mvm[14]STATUS OK[0m
INFO:ftm.ftm_middleware:[47m[32mvm[15]STATUS OK[0m
INFO:ftm.ftm_middleware:[47m[32mvm[16]STATUS OK[0m
INFO:ftm.ftm_middleware:[47m[32mvm[17]STATUS OK[0m
INFO:ftm.ftm_middleware:[47m[32mvm[18]STATUS OK[0m
INFO:ftm.ftm_middleware:[47m[32mvm[19]STATUS OK[0m
INFO:ftm.ftm_middleware:[47m[32mvm[20]STATUS OK[0m
INFO:ftm.ftm_middleware:[47m[32mvm[21]STATUS OK[0m
INFO:ftm.ftm_middleware:[47m[32mvm[22]STATUS OK[0m
INFO:ftm.ftm_middleware:[47m[32mvm[23]STATUS OK[0m
INFO:ftm.ftm_middleware:[47m[32mvm[24]STATUS OK[0m
INFO:ftm.ftm_middleware:[47m[32mvm[25]STATUS OK[0m
INFO:ftm.ftm_middleware:[47m[32mvm[26]STATUS OK[0m
INFO:ftm.ftm_middleware:[47m[32mvm[27]STATUS OK[0m
INFO:ftm.ftm_middleware:[47m[32mvm[28]STATUS OK[0m
INFO:ftm.ftm_middleware:[47m[32mvm[29]STATUS OK[0m
INFO:ftm.ftm_middleware:[47m[32mvm[30]STATUS OK[0m
INFO:ftm.ftm_middleware:[47m[32mvm[31]STATUS OK[0m
INFO:ftm.ftm_middleware:[47m[32mvm[32]STATUS OK[0m
INFO:ftm.ftm_middleware:[47m[32mvm[33]STATUS OK[0m
INFO:ftm.ftm_middleware:[47m[32mvm[34]STATUS OK[0m
INFO:ftm.ftm_middleware:[47m[32mvm[35]STATUS OK[0m
INFO:ftm.ftm_middleware:[47m[32mvm[36]STATUS OK[0m
INFO:ftm.ftm_middleware:[47m[32mvm[37]STATUS OK[0m
INFO:ftm.ftm_middleware:[47m[32mvm[38]STATUS OK[0m
INFO:ftm.ftm_middleware:[47m[32mvm[39]STATUS OK[0m
INFO:ftm.ftm_middleware:[47m[32mvm[40]STATUS OK[0m
INFO:ftm.ftm_middleware:[47m[32mvm[41]STATUS OK[0m
INFO:ftm.ftm_middleware:[47m[32mvm[42]STATUS OK[0m
INFO:ftm.ftm_middleware:[47m[32mvm[43]STATUS OK[0m
INFO:ftm.ftm_middleware:[47m[32mvm[44]STATUS OK[0m
INFO:ftm.ftm_middleware:[47m[32mvm[45]STATUS OK[0m
INFO:ftm.ftm_middleware:[47m[32mvm[46]STATUS OK[0m
INFO:ftm.ftm_middleware:[47m[32mvm[47]STATUS OK[0m
INFO:ftm.ftm_middleware:[47m[32mvm[48]STATUS OK[0m
INFO:ftm.ftm_middleware:[47m[32mvm[49]STATUS OK[0m
INFO:ftm.ftm_middleware:[47m[32mvm[50]STATUS OK[0m
INFO:ftm.ftm_middleware:[47m[32mvm[51]STATUS OK[0m
INFO:ftm.ftm_middleware:[47m[32mvm[52]STATUS OK[0m
INFO:ftm.ftm_middleware:[47m[32mvm[53]STATUS OK[0m
INFO:ftm.ftm_middleware:[47m[32mvm[54]STATUS OK[0m
INFO:ftm.ftm_middleware:[47m[32mvm[55]STATUS OK[0m
INFO:ftm.ftm_middleware:[47m[32mvm[56]STATUS OK[0m
INFO:ftm.ftm_middleware:[47m[32mvm[57]STATUS OK[0m
INFO:ftm.ftm_middleware:[47m[32mvm[58]STATUS OK[0m
INFO:ftm.ftm_middleware:[47m[32mvm[59]STATUS OK[0m
INFO:ftm.ftm_middleware:[47m[32mvm[60]STATUS OK[0m
INFO:ftm.ftm_middleware:[47m[32mvm[61]STATUS OK[0m
INFO:ftm.ftm_middleware:[47m[32mvm[62]STATUS OK[0m
INFO:ftm.ftm_middleware:[47m[32mvm[63]STATUS OK[0m
INFO:ftm.ftm_middleware:[47m[32mvm[64]STATUS OK[0m
INFO:ftm.ftm_middleware:[47m[32mvm[65]STATUS OK[0m
INFO:ftm.ftm_middleware:[47m[32mvm[66]STATUS OK[0m
INFO:ftm.ftm_middleware:[47m[32mvm[67]STATUS OK[0m
INFO:ftm.ftm_middleware:[47m[32mvm[68]STATUS OK[0m
INFO:ftm.ftm_middleware:[47m[32mvm[69]STATUS OK[0m
INFO:ftm.ftm_middleware:[47m[32mvm[70]STATUS OK[0m
INFO:ftm.ftm_middleware:[47m[32mvm[71]STATUS OK[0m
INFO:ftm.ftm_middleware:[47m[32mvm[72]STATUS OK[0m
INFO:ftm.ftm_middleware:[47m[32mvm[73]STATUS OK[0m
INFO:ftm.ftm_middleware:[47m[32mvm[74]STATUS OK[0m
INFO:ftm.ftm_middleware:[47m[32mvm[75]STATUS OK[0m
INFO:ftm.ftm_middleware:[47m[32mvm[76]STATUS OK[0m
INFO:ftm.ftm_middleware:[47m[32mvm[77]STATUS OK[0m
INFO:ftm.ftm_middleware:[47m[32mvm[78]STATUS OK[0m
INFO:ftm.ftm_middleware:[47m[32mvm[79]STATUS OK[0m
INFO:ftm.ftm_middleware:[47m[32mvm[80]STATUS OK[0m
INFO:ftm.ftm_middleware:[47m[32mvm[81]STATUS OK[0m
INFO:ftm.ftm_middleware:[47m[32mvm[82]STATUS OK[0m
INFO:ftm.ftm_middleware:[47m[32mvm[83]STATUS OK[0m
INFO:ftm.ftm_middleware:[47m[32mvm[84]STATUS OK[0m
INFO:ftm.ftm_middleware:[47m[32mvm[85]STATUS OK[0m
INFO:ftm.ftm_middleware:[47m[32mvm[86]STATUS OK[0m
INFO:ftm.ftm_middleware:[47m[32mvm[87]STATUS OK[0m
INFO:ftm.ftm_middleware:[47m[32mvm[88]STATUS OK[0m
INFO:ftm.ftm_middleware:[47m[32mvm[89]STATUS OK[0m
INFO:ftm.ftm_middleware:[47m[32mvm[90]STATUS OK[0m
INFO:ftm.ftm_middleware:[47m[32mvm[1]STATUS OK[0m
INFO:ftm.ftm_middleware:[47m[32mvm[2]STATUS OK[0m
INFO:ftm.ftm_middleware:[47m[32mvm[3]STATUS OK[0m
INFO:ftm.ftm_middleware:[47m[32mvm[4]STATUS OK[0m
INFO:ftm.ftm_middleware:[47m[32mvm[5]STATUS OK[0m
INFO:ftm.ftm_middleware:[47m[32mvm[6]STATUS OK[0m
INFO:ftm.ftm_middleware:[47m[32mvm[7]STATUS OK[0m
INFO:ftm.ftm_middleware:[47m[32mvm[8]STATUS OK[0m
INFO:ftm.ftm_middleware:[47m[32mvm[9]STATUS OK[0m
INFO:ftm.ftm_middleware:[47m[32mvm[10]STATUS OK[0m
INFO:ftm.ftm_middleware:[47m[32mvm[11]STATUS OK[0m
INFO:ftm.ftm_middleware:[47m[32mvm[12]STATUS OK[0m
INFO:ftm.ftm_middleware:[47m[32mvm[13]STATUS OK[0m
INFO:ftm.ftm_middleware:[47m[32mvm[14]STATUS OK[0m
INFO:ftm.ftm_middleware:[47m[32mvm[15]STATUS OK[0m
INFO:ftm.ftm_middleware:[47m[32mvm[16]STATUS OK[0m
INFO:ftm.ftm_middleware:[47m[32mvm[17]STATUS OK[0m
INFO:ftm.ftm_middleware:[47m[32mvm[18]STATUS OK[0m
INFO:ftm.ftm_middleware:[47m[32mvm[19]STATUS OK[0m
INFO:ftm.ftm_middleware:[47m[32mvm[20]STATUS OK[0m
INFO:ftm.ftm_middleware:[47m[32mvm[21]STATUS OK[0m
INFO:ftm.ftm_middleware:[47m[32mvm[22]STATUS OK[0m
INFO:ftm.ftm_middleware:[47m[32mvm[23]STATUS OK[0m
INFO:ftm.ftm_middleware:[47m[32mvm[24]STATUS OK[0m
INFO:ftm.ftm_middleware:[47m[32mvm[25]STATUS OK[0m
INFO:ftm.ftm_middleware:[47m[32mvm[26]STATUS OK[0m
INFO:ftm.ftm_middleware:[47m[32mvm[27]STATUS OK[0m
INFO:ftm.ftm_middleware:[47m[32mvm[28]STATUS OK[0m
INFO:ftm.ftm_middleware:[47m[32mvm[29]STATUS OK[0m
INFO:ftm.ftm_middleware:[47m[32mvm[30]STATUS OK[0m
INFO:ftm.ftm_middleware:[47m[32mvm[31]STATUS OK[0m
INFO:ftm.ftm_middleware:[47m[32mvm[32]STATUS OK[0m
INFO:ftm.ftm_middleware:[47m[32mvm[33]STATUS OK[0m
INFO:ftm.ftm_middleware:[47m[32mvm[34]STATUS OK[0m
INFO:ftm.ftm_middleware:[47m[32mvm[35]STATUS OK[0m
INFO:ftm.ftm_middleware:[47m[32mvm[36]STATUS OK[0m
INFO:ftm.ftm_middleware:[47m[32mvm[37]STATUS OK[0m
INFO:ftm.ftm_middleware:[47m[32mvm[38]STATUS OK[0m
INFO:ftm.ftm_middleware:[47m[32mvm[39]STATUS OK[0m
INFO:ftm.ftm_middleware:[47m[32mvm[40]STATUS OK[0m
INFO:ftm.ftm_middleware:[47m[32mvm[41]STATUS OK[0m
INFO:ftm.ftm_middleware:[47m[32mvm[42]STATUS OK[0m
INFO:ftm.ftm_middleware:[47m[32mvm[43]STATUS OK[0m
INFO:ftm.ftm_middleware:[47m[32mvm[44]STATUS OK[0m
INFO:ftm.ftm_middleware:[47m[32mvm[45]STATUS OK[0m
INFO:ftm.ftm_middleware:[47m[32mvm[46]STATUS OK[0m
INFO:ftm.ftm_middleware:[47m[32mvm[47]STATUS OK[0m
INFO:ftm.ftm_middleware:[47m[32mvm[48]STATUS OK[0m
INFO:ftm.ftm_middleware:[47m[32mvm[49]STATUS OK[0m
INFO:ftm.ftm_middleware:[47m[32mvm[50]STATUS OK[0m
INFO:ftm.ftm_middleware:[47m[32mvm[51]STATUS OK[0m
INFO:ftm.ftm_middleware:[47m[32mvm[52]STATUS OK[0m
INFO:ftm.ftm_middleware:[47m[32mvm[53]STATUS OK[0m
INFO:ftm.ftm_middleware:[47m[32mvm[54]STATUS OK[0m
INFO:ftm.ftm_middleware:[47m[32mvm[55]STATUS OK[0m
INFO:ftm.ftm_middleware:[47m[32mvm[56]STATUS OK[0m
INFO:ftm.ftm_middleware:[47m[32mvm[57]STATUS OK[0m
INFO:ftm.ftm_middleware:[47m[32mvm[58]STATUS OK[0m
INFO:ftm.ftm_middleware:[47m[32mvm[59]STATUS OK[0m
INFO:ftm.ftm_middleware:[47m[32mvm[60]STATUS OK[0m
INFO:ftm.ftm_middleware:[47m[32mvm[61]STATUS OK[0m
INFO:ftm.ftm_middleware:[47m[32mvm[62]STATUS OK[0m
INFO:ftm.ftm_middleware:[47m[32mvm[63]STATUS OK[0m
INFO:ftm.ftm_middleware:[47m[32mvm[64]STATUS OK[0m
INFO:ftm.ftm_middleware:[47m[32mvm[65]STATUS OK[0m
INFO:ftm.ftm_middleware:[47m[32mvm[66]STATUS OK[0m
INFO:ftm.ftm_middleware:[47m[32mvm[67]STATUS OK[0m
INFO:ftm.ftm_middleware:[47m[32mvm[68]STATUS OK[0m
INFO:ftm.ftm_middleware:[47m[32mvm[69]STATUS OK[0m
INFO:ftm.ftm_middleware:[47m[32mvm[70]STATUS OK[0m
INFO:ftm.ftm_middleware:[47m[32mvm[71]STATUS OK[0m
INFO:ftm.ftm_middleware:[47m[32mvm[72]STATUS OK[0m
INFO:ftm.ftm_middleware:[47m[32mvm[73]STATUS OK[0m
INFO:ftm.ftm_middleware:[47m[32mvm[74]STATUS OK[0m
INFO:ftm.ftm_middleware:[47m[32mvm[75]STATUS OK[0m
INFO:ftm.ftm_middleware:[47m[32mvm[76]STATUS OK[0m
INFO:ftm.ftm_middleware:[47m[32mvm[77]STATUS OK[0m
INFO:ftm.ftm_middleware:[47m[32mvm[78]STATUS OK[0m
INFO:ftm.ftm_middleware:[47m[32mvm[79]STATUS OK[0m
INFO:ftm.ftm_middleware:[47m[32mvm[80]STATUS OK[0m
INFO:ftm.ftm_middleware:[47m[32mvm[81]STATUS OK[0m
INFO:ftm.ftm_middleware:[47m[32mvm[82]STATUS OK[0m
INFO:ftm.ftm_middleware:[47m[32mvm[83]STATUS OK[0m
INFO:ftm.ftm_middleware:[47m[32mvm[84]STATUS OK[0m
INFO:ftm.ftm_middleware:[47m[32mvm[85]STATUS OK[0m
INFO:ftm.ftm_middleware:[47m[32mvm[86]STATUS OK[0m
INFO:ftm.ftm_middleware:[47m[32mvm[87]STATUS OK[0m
INFO:ftm.ftm_middleware:[47m[32mvm[88]STATUS OK[0m
INFO:ftm.ftm_middleware:[47m[32mvm[89]STATUS OK[0m
INFO:ftm.ftm_middleware:[47m[32mvm[90]STATUS OK[0m
INFO:ftm.ftm_middleware:[47m[32mvm[1]STATUS OK[0m
INFO:ftm.ftm_middleware:[47m[32mvm[2]STATUS OK[0m
INFO:ftm.ftm_middleware:[47m[32mvm[3]STATUS OK[0m
INFO:ftm.ftm_middleware:[47m[32mvm[4]STATUS OK[0m
INFO:ftm.ftm_middleware:[47m[32mvm[5]STATUS OK[0m
INFO:ftm.ftm_middleware:[47m[32mvm[6]STATUS OK[0m
INFO:ftm.ftm_middleware:[47m[32mvm[7]STATUS OK[0m
INFO:ftm.ftm_middleware:[47m[32mvm[8]STATUS OK[0m
INFO:ftm.ftm_middleware:[47m[32mvm[9]STATUS OK[0m
INFO:ftm.ftm_middleware:[47m[32mvm[10]STATUS OK[0m
INFO:ftm.ftm_middleware:[47m[32mvm[11]STATUS OK[0m
INFO:ftm.ftm_middleware:[47m[32mvm[12]STATUS OK[0m
INFO:ftm.ftm_middleware:[47m[32mvm[13]STATUS OK[0m
INFO:ftm.ftm_middleware:[47m[32mvm[14]STATUS OK[0m
INFO:ftm.ftm_middleware:[47m[32mvm[15]STATUS OK[0m
INFO:ftm.ftm_middleware:[47m[32mvm[16]STATUS OK[0m
INFO:ftm.ftm_middleware:[47m[32mvm[17]STATUS OK[0m
INFO:ftm.ftm_middleware:[47m[32mvm[18]STATUS OK[0m
INFO:ftm.ftm_middleware:[47m[32mvm[19]STATUS OK[0m
INFO:ftm.ftm_middleware:[47m[32mvm[20]STATUS OK[0m
INFO:ftm.ftm_middleware:[47m[32mvm[21]STATUS OK[0m
INFO:ftm.ftm_middleware:[47m[32mvm[22]STATUS OK[0m
INFO:ftm.ftm_middleware:[47m[32mvm[23]STATUS OK[0m
INFO:ftm.ftm_middleware:[47m[32mvm[24]STATUS OK[0m
INFO:ftm.ftm_middleware:[47m[32mvm[25]STATUS OK[0m
INFO:ftm.ftm_middleware:[47m[32mvm[26]STATUS OK[0m
INFO:ftm.ftm_middleware:[47m[32mvm[27]STATUS OK[0m
INFO:ftm.ftm_middleware:[47m[32mvm[28]STATUS OK[0m
INFO:ftm.ftm_middleware:[47m[32mvm[29]STATUS OK[0m
INFO:ftm.ftm_middleware:[47m[32mvm[30]STATUS OK[0m
INFO:ftm.ftm_middleware:[47m[32mvm[31]STATUS OK[0m
INFO:ftm.ftm_middleware:[47m[32mvm[32]STATUS OK[0m
INFO:ftm.ftm_middleware:[47m[32mvm[33]STATUS OK[0m
INFO:ftm.ftm_middleware:[47m[32mvm[34]STATUS OK[0m
INFO:ftm.ftm_middleware:[47m[32mvm[35]STATUS OK[0m
INFO:ftm.ftm_middleware:[47m[32mvm[36]STATUS OK[0m
INFO:ftm.ftm_middleware:[47m[32mvm[37]STATUS OK[0m
INFO:ftm.ftm_middleware:[47m[32mvm[38]STATUS OK[0m
INFO:ftm.ftm_middleware:[47m[32mvm[39]STATUS OK[0m
INFO:ftm.ftm_middleware:[47m[32mvm[40]STATUS OK[0m
INFO:ftm.ftm_middleware:[47m[32mvm[41]STATUS OK[0m
INFO:ftm.ftm_middleware:[47m[32mvm[42]STATUS OK[0m
INFO:ftm.ftm_middleware:[47m[32mvm[43]STATUS OK[0m
INFO:ftm.ftm_middleware:[47m[32mvm[44]STATUS OK[0m
INFO:ftm.ftm_middleware:[47m[32mvm[45]STATUS OK[0m
INFO:ftm.ftm_middleware:[47m[32mvm[46]STATUS OK[0m
INFO:ftm.ftm_middleware:[47m[32mvm[47]STATUS OK[0m
INFO:ftm.ftm_middleware:[47m[32mvm[48]STATUS OK[0m
INFO:ftm.ftm_middleware:[47m[32mvm[49]STATUS OK[0m
INFO:ftm.ftm_middleware:[47m[32mvm[50]STATUS OK[0m
INFO:ftm.ftm_middleware:[47m[32mvm[51]STATUS OK[0m
INFO:ftm.ftm_middleware:[47m[32mvm[52]STATUS OK[0m
INFO:ftm.ftm_middleware:[47m[32mvm[53]STATUS OK[0m
INFO:ftm.ftm_middleware:[47m[32mvm[54]STATUS OK[0m
INFO:ftm.ftm_middleware:[47m[32mvm[55]STATUS OK[0m
INFO:ftm.ftm_middleware:[47m[32mvm[56]STATUS OK[0m
INFO:ftm.ftm_middleware:[47m[32mvm[57]STATUS OK[0m
INFO:ftm.ftm_middleware:[47m[32mvm[58]STATUS OK[0m
INFO:ftm.ftm_middleware:[47m[32mvm[59]STATUS OK[0m
INFO:ftm.ftm_middleware:[47m[32mvm[60]STATUS OK[0m
INFO:ftm.ftm_middleware:[47m[32mvm[61]STATUS OK[0m
INFO:ftm.ftm_middleware:[47m[32mvm[62]STATUS OK[0m
INFO:ftm.ftm_middleware:[47m[32mvm[63]STATUS OK[0m
INFO:ftm.ftm_middleware:[47m[32mvm[64]STATUS OK[0m
INFO:ftm.ftm_middleware:[47m[32mvm[65]STATUS OK[0m
INFO:ftm.ftm_middleware:[47m[32mvm[66]STATUS OK[0m
INFO:ftm.ftm_middleware:[47m[32mvm[67]STATUS OK[0m
INFO:ftm.ftm_middleware:[47m[32mvm[68]STATUS OK[0m
INFO:ftm.ftm_middleware:[47m[32mvm[69]STATUS OK[0m
INFO:ftm.ftm_middleware:[47m[32mvm[70]STATUS OK[0m
INFO:ftm.ftm_middleware:[47m[32mvm[71]STATUS OK[0m
INFO:ftm.ftm_middleware:[47m[32mvm[72]STATUS OK[0m
INFO:ftm.ftm_middleware:[47m[32mvm[73]STATUS OK[0m
INFO:ftm.ftm_middleware:[47m[32mvm[74]STATUS OK[0m
INFO:ftm.ftm_middleware:[47m[32mvm[75]STATUS OK[0m
INFO:ftm.ftm_middleware:[47m[32mvm[76]STATUS OK[0m
INFO:ftm.ftm_middleware:[47m[32mvm[77]STATUS OK[0m
INFO:ftm.ftm_middleware:[47m[32mvm[78]STATUS OK[0m
INFO:ftm.ftm_middleware:[47m[32mvm[79]STATUS OK[0m
INFO:ftm.ftm_middleware:[47m[32mvm[80]STATUS OK[0m
INFO:ftm.ftm_middleware:[47m[32mvm[81]STATUS OK[0m
INFO:ftm.ftm_middleware:[47m[32mvm[82]STATUS OK[0m
INFO:ftm.ftm_middleware:[47m[32mvm[83]STATUS OK[0m
INFO:ftm.ftm_middleware:[47m[32mvm[84]STATUS OK[0m
INFO:ftm.ftm_middleware:[47m[32mvm[85]STATUS OK[0m
INFO:ftm.ftm_middleware:[47m[32mvm[86]STATUS OK[0m
INFO:ftm.ftm_middleware:[47m[32mvm[87]STATUS OK[0m
INFO:ftm.ftm_middleware:[47m[32mvm[88]STATUS OK[0m
INFO:ftm.ftm_middleware:[47m[32mvm[89]STATUS OK[0m
INFO:ftm.ftm_middleware:[47m[32mvm[90]STATUS OK[0m
INFO:ftm.ftm_middleware:[47m[32mvm[1]STATUS OK[0m
INFO:ftm.ftm_middleware:[47m[32mvm[2]STATUS OK[0m
INFO:ftm.ftm_middleware:[47m[32mvm[3]STATUS OK[0m
INFO:ftm.ftm_middleware:[47m[32mvm[4]STATUS OK[0m
INFO:ftm.ftm_middleware:[47m[32mvm[5]STATUS OK[0m
INFO:ftm.ftm_middleware:[47m[32mvm[6]STATUS OK[0m
INFO:ftm.ftm_middleware:[47m[32mvm[7]STATUS OK[0m
INFO:ftm.ftm_middleware:[47m[32mvm[8]STATUS OK[0m
INFO:ftm.ftm_middleware:[47m[32mvm[9]STATUS OK[0m
INFO:ftm.ftm_middleware:[47m[32mvm[10]STATUS OK[0m
INFO:ftm.ftm_middleware:[47m[32mvm[11]STATUS OK[0m
INFO:ftm.ftm_middleware:[47m[32mvm[12]STATUS OK[0m
INFO:ftm.ftm_middleware:[47m[32mvm[13]STATUS OK[0m
INFO:ftm.ftm_middleware:[47m[32mvm[14]STATUS OK[0m
INFO:ftm.ftm_middleware:[47m[32mvm[15]STATUS OK[0m
INFO:ftm.ftm_middleware:[47m[32mvm[16]STATUS OK[0m
INFO:ftm.ftm_middleware:[47m[32mvm[17]STATUS OK[0m
INFO:ftm.ftm_middleware:[47m[32mvm[18]STATUS OK[0m
INFO:ftm.ftm_middleware:[47m[32mvm[19]STATUS OK[0m
INFO:ftm.ftm_middleware:[47m[32mvm[20]STATUS OK[0m
INFO:ftm.ftm_middleware:[47m[32mvm[21]STATUS OK[0m
INFO:ftm.ftm_middleware:[47m[32mvm[22]STATUS OK[0m
INFO:ftm.ftm_middleware:[47m[32mvm[23]STATUS OK[0m
INFO:ftm.ftm_middleware:[47m[32mvm[24]STATUS OK[0m
INFO:ftm.ftm_middleware:[47m[32mvm[25]STATUS OK[0m
INFO:ftm.ftm_middleware:[47m[32mvm[26]STATUS OK[0m
INFO:ftm.ftm_middleware:[47m[32mvm[27]STATUS OK[0m
INFO:ftm.ftm_middleware:[47m[32mvm[28]STATUS OK[0m
INFO:ftm.ftm_middleware:[47m[32mvm[29]STATUS OK[0m
INFO:ftm.ftm_middleware:[47m[32mvm[30]STATUS OK[0m
INFO:ftm.ftm_middleware:[47m[32mvm[31]STATUS OK[0m
INFO:ftm.ftm_middleware:[47m[32mvm[32]STATUS OK[0m
INFO:ftm.ftm_middleware:[47m[32mvm[33]STATUS OK[0m
INFO:ftm.ftm_middleware:[47m[32mvm[34]STATUS OK[0m
INFO:ftm.ftm_middleware:[47m[32mvm[35]STATUS OK[0m
INFO:ftm.ftm_middleware:[47m[32mvm[36]STATUS OK[0m
INFO:ftm.ftm_middleware:[47m[32mvm[37]STATUS OK[0m
INFO:ftm.ftm_middleware:[47m[32mvm[38]STATUS OK[0m
INFO:ftm.ftm_middleware:[47m[32mvm[39]STATUS OK[0m
INFO:ftm.ftm_middleware:[47m[32mvm[40]STATUS OK[0m
INFO:ftm.ftm_middleware:[47m[32mvm[41]STATUS OK[0m
INFO:ftm.ftm_middleware:[47m[32mvm[42]STATUS OK[0m
INFO:ftm.ftm_middleware:[47m[32mvm[43]STATUS OK[0m
INFO:ftm.ftm_middleware:[47m[32mvm[44]STATUS OK[0m
INFO:ftm.ftm_middleware:[47m[32mvm[45]STATUS OK[0m
INFO:ftm.ftm_middleware:[47m[32mvm[46]STATUS OK[0m
INFO:ftm.ftm_middleware:[47m[32mvm[47]STATUS OK[0m
INFO:ftm.ftm_middleware:[47m[32mvm[48]STATUS OK[0m
INFO:ftm.ftm_middleware:[47m[32mvm[49]STATUS OK[0m
INFO:ftm.ftm_middleware:[47m[32mvm[50]STATUS OK[0m
INFO:ftm.ftm_middleware:[47m[32mvm[51]STATUS OK[0m
INFO:ftm.ftm_middleware:[47m[32mvm[52]STATUS OK[0m
INFO:ftm.ftm_middleware:[47m[32mvm[53]STATUS OK[0m
INFO:ftm.ftm_middleware:[47m[32mvm[54]STATUS OK[0m
INFO:ftm.ftm_middleware:[47m[32mvm[55]STATUS OK[0m
INFO:ftm.ftm_middleware:[47m[32mvm[56]STATUS OK[0m
INFO:ftm.ftm_middleware:[47m[32mvm[57]STATUS OK[0m
INFO:ftm.ftm_middleware:[47m[32mvm[58]STATUS OK[0m
INFO:ftm.ftm_middleware:[47m[32mvm[59]STATUS OK[0m
INFO:ftm.ftm_middleware:[47m[32mvm[60]STATUS OK[0m
INFO:ftm.ftm_middleware:[47m[32mvm[61]STATUS OK[0m
INFO:ftm.ftm_middleware:[47m[32mvm[62]STATUS OK[0m
INFO:ftm.ftm_middleware:[47m[32mvm[63]STATUS OK[0m
INFO:ftm.ftm_middleware:[47m[32mvm[64]STATUS OK[0m
INFO:ftm.ftm_middleware:[47m[32mvm[65]STATUS OK[0m
INFO:ftm.ftm_middleware:[47m[32mvm[66]STATUS OK[0m
INFO:ftm.ftm_middleware:[47m[32mvm[67]STATUS OK[0m
INFO:ftm.ftm_middleware:[47m[32mvm[68]STATUS OK[0m
INFO:ftm.ftm_middleware:[47m[32mvm[69]STATUS OK[0m
INFO:ftm.ftm_middleware:[47m[32mvm[70]STATUS OK[0m
INFO:ftm.ftm_middleware:[47m[32mvm[71]STATUS OK[0m
INFO:ftm.ftm_middleware:[47m[32mvm[72]STATUS OK[0m
INFO:ftm.ftm_middleware:[47m[32mvm[73]STATUS OK[0m
INFO:ftm.ftm_middleware:[47m[32mvm[74]STATUS OK[0m
INFO:ftm.ftm_middleware:[47m[32mvm[75]STATUS OK[0m
INFO:ftm.ftm_middleware:[47m[32mvm[76]STATUS OK[0m
INFO:ftm.ftm_middleware:[47m[32mvm[77]STATUS OK[0m
INFO:ftm.ftm_middleware:[47m[32mvm[78]STATUS OK[0m
INFO:ftm.ftm_middleware:[47m[32mvm[79]STATUS OK[0m
INFO:ftm.ftm_middleware:[47m[32mvm[80]STATUS OK[0m
INFO:ftm.ftm_middleware:[47m[32mvm[81]STATUS OK[0m
INFO:ftm.ftm_middleware:[47m[32mvm[82]STATUS OK[0m
INFO:ftm.ftm_middleware:[47m[32mvm[83]STATUS OK[0m
INFO:ftm.ftm_middleware:[47m[32mvm[84]STATUS OK[0m
INFO:ftm.ftm_middleware:[47m[32mvm[85]STATUS OK[0m
INFO:ftm.ftm_middleware:[47m[32mvm[86]STATUS OK[0m
INFO:ftm.ftm_middleware:[47m[32mvm[87]STATUS OK[0m
INFO:ftm.ftm_middleware:[47m[32mvm[88]STATUS OK[0m
INFO:ftm.ftm_middleware:[47m[32mvm[89]STATUS OK[0m
INFO:ftm.ftm_middleware:[47m[32mvm[90]STATUS OK[0m
INFO:ftm.ftm_middleware:[47m[32mvm[1]STATUS OK[0m
INFO:ftm.ftm_middleware:[47m[32mvm[2]STATUS OK[0m
INFO:ftm.ftm_middleware:[47m[32mvm[3]STATUS OK[0m
INFO:ftm.ftm_middleware:[47m[32mvm[4]STATUS OK[0m
INFO:ftm.ftm_middleware:[47m[32mvm[5]STATUS OK[0m
INFO:ftm.ftm_middleware:[47m[32mvm[6]STATUS OK[0m
INFO:ftm.ftm_middleware:[47m[32mvm[7]STATUS OK[0m
INFO:ftm.ftm_middleware:[47m[32mvm[8]STATUS OK[0m
INFO:ftm.ftm_middleware:[47m[32mvm[9]STATUS OK[0m
INFO:ftm.ftm_middleware:[47m[32mvm[10]STATUS OK[0m
INFO:ftm.ftm_middleware:[47m[32mvm[11]STATUS OK[0m
INFO:ftm.ftm_middleware:[47m[32mvm[12]STATUS OK[0m
INFO:ftm.ftm_middleware:[47m[32mvm[13]STATUS OK[0m
INFO:ftm.ftm_middleware:[47m[32mvm[14]STATUS OK[0m
INFO:ftm.ftm_middleware:[47m[32mvm[15]STATUS OK[0m
INFO:ftm.ftm_middleware:[47m[32mvm[16]STATUS OK[0m
INFO:ftm.ftm_middleware:[47m[32mvm[17]STATUS OK[0m
INFO:ftm.ftm_middleware:[47m[32mvm[18]STATUS OK[0m
INFO:ftm.ftm_middleware:[47m[32mvm[19]STATUS OK[0m
INFO:ftm.ftm_middleware:[47m[32mvm[20]STATUS OK[0m
INFO:ftm.ftm_middleware:[47m[32mvm[21]STATUS OK[0m
INFO:ftm.ftm_middleware:[47m[32mvm[22]STATUS OK[0m
INFO:ftm.ftm_middleware:[47m[32mvm[23]STATUS OK[0m
INFO:ftm.ftm_middleware:[47m[32mvm[24]STATUS OK[0m
INFO:ftm.ftm_middleware:[47m[32mvm[25]STATUS OK[0m
INFO:ftm.ftm_middleware:[47m[32mvm[26]STATUS OK[0m
INFO:ftm.ftm_middleware:[47m[32mvm[27]STATUS OK[0m
INFO:ftm.ftm_middleware:[47m[32mvm[28]STATUS OK[0m
INFO:ftm.ftm_middleware:[47m[32mvm[29]STATUS OK[0m
INFO:ftm.ftm_middleware:[47m[32mvm[30]STATUS OK[0m
INFO:ftm.ftm_middleware:[47m[32mvm[31]STATUS OK[0m
INFO:ftm.ftm_middleware:[47m[32mvm[32]STATUS OK[0m
INFO:ftm.ftm_middleware:[47m[32mvm[33]STATUS OK[0m
INFO:ftm.ftm_middleware:[47m[32mvm[34]STATUS OK[0m
INFO:ftm.ftm_middleware:[47m[32mvm[35]STATUS OK[0m
INFO:ftm.ftm_middleware:[47m[32mvm[36]STATUS OK[0m
INFO:ftm.ftm_middleware:[47m[32mvm[37]STATUS OK[0m
INFO:ftm.ftm_middleware:[47m[32mvm[38]STATUS OK[0m
INFO:ftm.ftm_middleware:[47m[32mvm[39]STATUS OK[0m
INFO:ftm.ftm_middleware:[47m[32mvm[40]STATUS OK[0m
INFO:ftm.ftm_middleware:[47m[32mvm[41]STATUS OK[0m
INFO:ftm.ftm_middleware:[47m[32mvm[42]STATUS OK[0m
INFO:ftm.ftm_middleware:[47m[32mvm[43]STATUS OK[0m
INFO:ftm.ftm_middleware:[47m[32mvm[44]STATUS OK[0m
INFO:ftm.ftm_middleware:[47m[32mvm[45]STATUS OK[0m
INFO:ftm.ftm_middleware:[47m[32mvm[46]STATUS OK[0m
INFO:ftm.ftm_middleware:[47m[32mvm[47]STATUS OK[0m
INFO:ftm.ftm_middleware:[47m[32mvm[48]STATUS OK[0m
INFO:ftm.ftm_middleware:[47m[32mvm[49]STATUS OK[0m
INFO:ftm.ftm_middleware:[47m[32mvm[50]STATUS OK[0m
INFO:ftm.ftm_middleware:[47m[32mvm[51]STATUS OK[0m
INFO:ftm.ftm_middleware:[47m[32mvm[52]STATUS OK[0m
INFO:ftm.ftm_middleware:[47m[32mvm[53]STATUS OK[0m
INFO:ftm.ftm_middleware:[47m[32mvm[54]STATUS OK[0m
INFO:ftm.ftm_middleware:[47m[32mvm[55]STATUS OK[0m
INFO:ftm.ftm_middleware:[47m[32mvm[56]STATUS OK[0m
INFO:ftm.ftm_middleware:[47m[32mvm[57]STATUS OK[0m
INFO:ftm.ftm_middleware:[47m[32mvm[58]STATUS OK[0m
INFO:ftm.ftm_middleware:[47m[32mvm[59]STATUS OK[0m
INFO:ftm.ftm_middleware:[47m[32mvm[60]STATUS OK[0m
INFO:ftm.ftm_middleware:[47m[32mvm[61]STATUS OK[0m
INFO:ftm.ftm_middleware:[47m[32mvm[62]STATUS OK[0m
INFO:ftm.ftm_middleware:[47m[32mvm[63]STATUS OK[0m
INFO:ftm.ftm_middleware:[47m[32mvm[64]STATUS OK[0m
INFO:ftm.ftm_middleware:[47m[32mvm[65]STATUS OK[0m
INFO:ftm.ftm_middleware:[47m[32mvm[66]STATUS OK[0m
INFO:ftm.ftm_middleware:[47m[32mvm[67]STATUS OK[0m
INFO:ftm.ftm_middleware:[47m[32mvm[68]STATUS OK[0m
INFO:ftm.ftm_middleware:[47m[32mvm[69]STATUS OK[0m
INFO:ftm.ftm_middleware:[47m[32mvm[70]STATUS OK[0m
INFO:ftm.ftm_middleware:[47m[32mvm[71]STATUS OK[0m
INFO:ftm.ftm_middleware:[47m[32mvm[72]STATUS OK[0m
INFO:ftm.ftm_middleware:[47m[32mvm[73]STATUS OK[0m
INFO:ftm.ftm_middleware:[47m[32mvm[74]STATUS OK[0m
INFO:ftm.ftm_middleware:[47m[32mvm[75]STATUS OK[0m
INFO:ftm.ftm_middleware:[47m[32mvm[76]STATUS OK[0m
INFO:ftm.ftm_middleware:[47m[32mvm[77]STATUS OK[0m
INFO:ftm.ftm_middleware:[47m[32mvm[78]STATUS OK[0m
INFO:ftm.ftm_middleware:[47m[32mvm[79]STATUS OK[0m
INFO:ftm.ftm_middleware:[47m[32mvm[80]STATUS OK[0m
INFO:ftm.ftm_middleware:[47m[32mvm[81]STATUS OK[0m
INFO:ftm.ftm_middleware:[47m[32mvm[82]STATUS OK[0m
INFO:ftm.ftm_middleware:[47m[32mvm[83]STATUS OK[0m
INFO:ftm.ftm_middleware:[47m[32mvm[84]STATUS OK[0m
INFO:ftm.ftm_middleware:[47m[32mvm[85]STATUS OK[0m
INFO:ftm.ftm_middleware:[47m[32mvm[86]STATUS OK[0m
INFO:ftm.ftm_middleware:[47m[32mvm[87]STATUS OK[0m
INFO:ftm.ftm_middleware:[47m[32mvm[88]STATUS OK[0m
INFO:ftm.ftm_middleware:[47m[32mvm[89]STATUS OK[0m
INFO:ftm.ftm_middleware:[47m[32mvm[90]STATUS OK[0m
INFO:ftm.ftm_middleware:[47m[32mvm[1]STATUS OK[0m
INFO:ftm.ftm_middleware:[47m[32mvm[2]STATUS OK[0m
INFO:ftm.ftm_middleware:[47m[32mvm[3]STATUS OK[0m
INFO:ftm.ftm_middleware:[47m[32mvm[4]STATUS OK[0m
INFO:ftm.ftm_middleware:[47m[32mvm[5]STATUS OK[0m
INFO:ftm.ftm_middleware:[47m[32mvm[6]STATUS OK[0m
INFO:ftm.ftm_middleware:[47m[32mvm[7]STATUS OK[0m
INFO:ftm.ftm_middleware:[47m[32mvm[8]STATUS OK[0m
INFO:ftm.ftm_middleware:[47m[32mvm[9]STATUS OK[0m
INFO:ftm.ftm_middleware:[47m[32mvm[10]STATUS OK[0m
INFO:ftm.ftm_middleware:[47m[32mvm[11]STATUS OK[0m
INFO:ftm.ftm_middleware:[47m[32mvm[12]STATUS OK[0m
INFO:ftm.ftm_middleware:[47m[32mvm[13]STATUS OK[0m
INFO:ftm.ftm_middleware:[47m[32mvm[14]STATUS OK[0m
INFO:ftm.ftm_middleware:[47m[32mvm[15]STATUS OK[0m
INFO:ftm.ftm_middleware:[47m[32mvm[16]STATUS OK[0m
INFO:ftm.ftm_middleware:[47m[32mvm[17]STATUS OK[0m
INFO:ftm.ftm_middleware:[47m[32mvm[18]STATUS OK[0m
INFO:ftm.ftm_middleware:[47m[32mvm[19]STATUS OK[0m
INFO:ftm.ftm_middleware:[47m[32mvm[20]STATUS OK[0m
INFO:ftm.ftm_middleware:[47m[32mvm[21]STATUS OK[0m
INFO:ftm.ftm_middleware:[47m[32mvm[22]STATUS OK[0m
INFO:ftm.ftm_middleware:[47m[32mvm[23]STATUS OK[0m
INFO:ftm.ftm_middleware:[47m[32mvm[24]STATUS OK[0m
INFO:ftm.ftm_middleware:[47m[32mvm[25]STATUS OK[0m
INFO:ftm.ftm_middleware:[47m[32mvm[26]STATUS OK[0m
INFO:ftm.ftm_middleware:[47m[32mvm[27]STATUS OK[0m
INFO:ftm.ftm_middleware:[47m[32mvm[28]STATUS OK[0m
INFO:ftm.ftm_middleware:[47m[32mvm[29]STATUS OK[0m
INFO:ftm.ftm_middleware:[47m[32mvm[30]STATUS OK[0m
INFO:ftm.ftm_middleware:[47m[32mvm[31]STATUS OK[0m
INFO:ftm.ftm_middleware:[47m[32mvm[32]STATUS OK[0m
INFO:ftm.ftm_middleware:[47m[32mvm[33]STATUS OK[0m
INFO:ftm.ftm_middleware:[47m[32mvm[34]STATUS OK[0m
INFO:ftm.ftm_middleware:[47m[32mvm[35]STATUS OK[0m
INFO:ftm.ftm_middleware:[47m[32mvm[36]STATUS OK[0m
INFO:ftm.ftm_middleware:[47m[32mvm[37]STATUS OK[0m
INFO:ftm.ftm_middleware:[47m[32mvm[38]STATUS OK[0m
INFO:ftm.ftm_middleware:[47m[32mvm[39]STATUS OK[0m
INFO:ftm.ftm_middleware:[47m[32mvm[40]STATUS OK[0m
INFO:ftm.ftm_middleware:[47m[32mvm[41]STATUS OK[0m
INFO:ftm.ftm_middleware:[47m[32mvm[42]STATUS OK[0m
INFO:ftm.ftm_middleware:[47m[32mvm[43]STATUS OK[0m
INFO:ftm.ftm_middleware:[47m[32mvm[44]STATUS OK[0m
INFO:ftm.ftm_middleware:[47m[32mvm[45]STATUS OK[0m
INFO:ftm.ftm_middleware:[47m[32mvm[46]STATUS OK[0m
INFO:ftm.ftm_middleware:[47m[32mvm[47]STATUS OK[0m
INFO:ftm.ftm_middleware:[47m[32mvm[48]STATUS OK[0m
INFO:ftm.ftm_middleware:[47m[32mvm[49]STATUS OK[0m
INFO:ftm.ftm_middleware:[47m[32mvm[50]STATUS OK[0m
INFO:ftm.ftm_middleware:[47m[32mvm[51]STATUS OK[0m
INFO:ftm.ftm_middleware:[47m[32mvm[52]STATUS OK[0m
INFO:ftm.ftm_middleware:[47m[32mvm[53]STATUS OK[0m
INFO:ftm.ftm_middleware:[47m[32mvm[54]STATUS OK[0m
INFO:ftm.ftm_middleware:[47m[32mvm[55]STATUS OK[0m
INFO:ftm.ftm_middleware:[47m[32mvm[56]STATUS OK[0m
INFO:ftm.ftm_middleware:[47m[32mvm[57]STATUS OK[0m
INFO:ftm.ftm_middleware:[47m[32mvm[58]STATUS OK[0m
INFO:ftm.ftm_middleware:[47m[32mvm[59]STATUS OK[0m
INFO:ftm.ftm_middleware:[47m[32mvm[60]STATUS OK[0m
INFO:ftm.ftm_middleware:[47m[32mvm[61]STATUS OK[0m
INFO:ftm.ftm_middleware:[47m[32mvm[62]STATUS OK[0m
INFO:ftm.ftm_middleware:[47m[32mvm[63]STATUS OK[0m
INFO:ftm.ftm_middleware:[47m[32mvm[64]STATUS OK[0m
INFO:ftm.ftm_middleware:[47m[32mvm[65]STATUS OK[0m
INFO:ftm.ftm_middleware:[47m[32mvm[66]STATUS OK[0m
INFO:ftm.ftm_middleware:[47m[32mvm[67]STATUS OK[0m
INFO:ftm.ftm_middleware:[47m[32mvm[68]STATUS OK[0m
INFO:ftm.ftm_middleware:[47m[32mvm[69]STATUS OK[0m
INFO:ftm.ftm_middleware:[47m[32mvm[70]STATUS OK[0m
INFO:ftm.ftm_middleware:[47m[32mvm[71]STATUS OK[0m
INFO:ftm.ftm_middleware:[47m[32mvm[72]STATUS OK[0m
INFO:ftm.ftm_middleware:[47m[32mvm[73]STATUS OK[0m
INFO:ftm.ftm_middleware:[47m[32mvm[74]STATUS OK[0m
INFO:ftm.ftm_middleware:[47m[32mvm[75]STATUS OK[0m
INFO:ftm.ftm_middleware:[47m[32mvm[76]STATUS OK[0m
INFO:ftm.ftm_middleware:[47m[32mvm[77]STATUS OK[0m
INFO:ftm.ftm_middleware:[47m[32mvm[78]STATUS OK[0m
INFO:ftm.ftm_middleware:[47m[32mvm[79]STATUS OK[0m
INFO:ftm.ftm_middleware:[47m[32mvm[80]STATUS OK[0m
INFO:ftm.ftm_middleware:[47m[32mvm[81]STATUS OK[0m
INFO:ftm.ftm_middleware:[47m[32mvm[82]STATUS OK[0m
INFO:ftm.ftm_middleware:[47m[32mvm[83]STATUS OK[0m
INFO:ftm.ftm_middleware:[47m[32mvm[84]STATUS OK[0m
INFO:ftm.ftm_middleware:[47m[32mvm[85]STATUS OK[0m
INFO:ftm.ftm_middleware:[47m[32mvm[86]STATUS OK[0m
INFO:ftm.ftm_middleware:[47m[32mvm[87]STATUS OK[0m
INFO:ftm.ftm_middleware:[47m[32mvm[88]STATUS OK[0m
INFO:ftm.ftm_middleware:[47m[32mvm[89]STATUS OK[0m
INFO:ftm.ftm_middleware:[47m[32mvm[90]STATUS OK[0m
INFO:ftm.ftm_middleware:[47m[32mvm[1]STATUS OK[0m
INFO:ftm.ftm_middleware:[47m[32mvm[2]STATUS OK[0m
INFO:ftm.ftm_middleware:[47m[32mvm[3]STATUS OK[0m
INFO:ftm.ftm_middleware:[47m[32mvm[4]STATUS OK[0m
INFO:ftm.ftm_middleware:[47m[32mvm[5]STATUS OK[0m
INFO:ftm.ftm_middleware:[47m[32mvm[6]STATUS OK[0m
INFO:ftm.ftm_middleware:[47m[32mvm[7]STATUS OK[0m
INFO:ftm.ftm_middleware:[47m[32mvm[8]STATUS OK[0m
INFO:ftm.ftm_middleware:[47m[32mvm[9]STATUS OK[0m
INFO:ftm.ftm_middleware:[47m[32mvm[10]STATUS OK[0m
INFO:ftm.ftm_middleware:[47m[32mvm[11]STATUS OK[0m
INFO:ftm.ftm_middleware:[47m[32mvm[12]STATUS OK[0m
INFO:ftm.ftm_middleware:[47m[32mvm[13]STATUS OK[0m
INFO:ftm.ftm_middleware:[47m[32mvm[14]STATUS OK[0m
INFO:ftm.ftm_middleware:[47m[32mvm[15]STATUS OK[0m
INFO:ftm.ftm_middleware:[47m[32mvm[16]STATUS OK[0m
INFO:ftm.ftm_middleware:[47m[32mvm[17]STATUS OK[0m
INFO:ftm.ftm_middleware:[47m[32mvm[18]STATUS OK[0m
INFO:ftm.ftm_middleware:[47m[32mvm[19]STATUS OK[0m
INFO:ftm.ftm_middleware:[47m[32mvm[20]STATUS OK[0m
INFO:ftm.ftm_middleware:[47m[32mvm[21]STATUS OK[0m
INFO:ftm.ftm_middleware:[47m[32mvm[22]STATUS OK[0m
INFO:ftm.ftm_middleware:[47m[32mvm[23]STATUS OK[0m
INFO:ftm.ftm_middleware:[47m[32mvm[24]STATUS OK[0m
INFO:ftm.ftm_middleware:[47m[32mvm[25]STATUS OK[0m
INFO:ftm.ftm_middleware:[47m[32mvm[26]STATUS OK[0m
INFO:ftm.ftm_middleware:[47m[32mvm[27]STATUS OK[0m
INFO:ftm.ftm_middleware:[47m[32mvm[28]STATUS OK[0m
INFO:ftm.ftm_middleware:[47m[32mvm[29]STATUS OK[0m
INFO:ftm.ftm_middleware:[47m[32mvm[30]STATUS OK[0m
INFO:ftm.ftm_middleware:[47m[32mvm[31]STATUS OK[0m
INFO:ftm.ftm_middleware:[47m[32mvm[32]STATUS OK[0m
INFO:ftm.ftm_middleware:[47m[32mvm[33]STATUS OK[0m
INFO:ftm.ftm_middleware:[47m[32mvm[34]STATUS OK[0m
INFO:ftm.ftm_middleware:[47m[32mvm[35]STATUS OK[0m
INFO:ftm.ftm_middleware:[47m[32mvm[36]STATUS OK[0m
INFO:ftm.ftm_middleware:[47m[32mvm[37]STATUS OK[0m
INFO:ftm.ftm_middleware:[47m[32mvm[38]STATUS OK[0m
INFO:ftm.ftm_middleware:[47m[32mvm[39]STATUS OK[0m
INFO:ftm.ftm_middleware:[47m[32mvm[40]STATUS OK[0m
INFO:ftm.ftm_middleware:[47m[32mvm[41]STATUS OK[0m
INFO:ftm.ftm_middleware:[47m[32mvm[42]STATUS OK[0m
INFO:ftm.ftm_middleware:[47m[32mvm[43]STATUS OK[0m
INFO:ftm.ftm_middleware:[47m[32mvm[44]STATUS OK[0m
INFO:ftm.ftm_middleware:[47m[32mvm[45]STATUS OK[0m
INFO:ftm.ftm_middleware:[47m[32mvm[46]STATUS OK[0m
INFO:ftm.ftm_middleware:[47m[32mvm[47]STATUS OK[0m
INFO:ftm.ftm_middleware:[47m[32mvm[48]STATUS OK[0m
INFO:ftm.ftm_middleware:[47m[32mvm[49]STATUS OK[0m
INFO:ftm.ftm_middleware:[47m[32mvm[50]STATUS OK[0m
INFO:ftm.ftm_middleware:[47m[32mvm[51]STATUS OK[0m
INFO:ftm.ftm_middleware:[47m[32mvm[52]STATUS OK[0m
INFO:ftm.ftm_middleware:[47m[32mvm[53]STATUS OK[0m
INFO:ftm.ftm_middleware:[47m[32mvm[54]STATUS OK[0m
INFO:ftm.ftm_middleware:[47m[32mvm[55]STATUS OK[0m
INFO:ftm.ftm_middleware:[47m[32mvm[56]STATUS OK[0m
INFO:ftm.ftm_middleware:[47m[32mvm[57]STATUS OK[0m
INFO:ftm.ftm_middleware:[47m[32mvm[58]STATUS OK[0m
INFO:ftm.ftm_middleware:[47m[32mvm[59]STATUS OK[0m
INFO:ftm.ftm_middleware:[47m[32mvm[60]STATUS OK[0m
INFO:ftm.ftm_middleware:[47m[32mvm[61]STATUS OK[0m
INFO:ftm.ftm_middleware:[47m[32mvm[62]STATUS OK[0m
INFO:ftm.ftm_middleware:[47m[32mvm[63]STATUS OK[0m
INFO:ftm.ftm_middleware:[47m[32mvm[64]STATUS OK[0m
INFO:ftm.ftm_middleware:[47m[32mvm[65]STATUS OK[0m
INFO:ftm.ftm_middleware:[47m[32mvm[66]STATUS OK[0m
INFO:ftm.ftm_middleware:[47m[32mvm[67]STATUS OK[0m
INFO:ftm.ftm_middleware:[47m[32mvm[68]STATUS OK[0m
INFO:ftm.ftm_middleware:[47m[32mvm[69]STATUS OK[0m
INFO:ftm.ftm_middleware:[47m[32mvm[70]STATUS OK[0m
INFO:ftm.ftm_middleware:[47m[32mvm[71]STATUS OK[0m
INFO:ftm.ftm_middleware:[47m[32mvm[72]STATUS OK[0m
INFO:ftm.ftm_middleware:[47m[32mvm[73]STATUS OK[0m
INFO:ftm.ftm_middleware:[47m[32mvm[74]STATUS OK[0m
INFO:ftm.ftm_middleware:[47m[32mvm[75]STATUS OK[0m
INFO:ftm.ftm_middleware:[47m[32mvm[76]STATUS OK[0m
INFO:ftm.ftm_middleware:[47m[32mvm[77]STATUS OK[0m
INFO:ftm.ftm_middleware:[47m[32mvm[78]STATUS OK[0m
INFO:ftm.ftm_middleware:[47m[32mvm[79]STATUS OK[0m
INFO:ftm.ftm_middleware:[47m[32mvm[80]STATUS OK[0m
INFO:ftm.ftm_middleware:[47m[32mvm[81]STATUS OK[0m
INFO:ftm.ftm_middleware:[47m[32mvm[82]STATUS OK[0m
INFO:ftm.ftm_middleware:[47m[32mvm[83]STATUS OK[0m
INFO:ftm.ftm_middleware:[47m[32mvm[84]STATUS OK[0m
INFO:ftm.ftm_middleware:[47m[32mvm[85]STATUS OK[0m
INFO:ftm.ftm_middleware:[47m[32mvm[86]STATUS OK[0m
INFO:ftm.ftm_middleware:[47m[32mvm[87]STATUS OK[0m
INFO:ftm.ftm_middleware:[47m[32mvm[88]STATUS OK[0m
INFO:ftm.ftm_middleware:[47m[32mvm[89]STATUS OK[0m
INFO:ftm.ftm_middleware:[47m[32mvm[90]STATUS OK[0m
INFO:ftm.ftm_middleware:[47m[32mvm[1]STATUS OK[0m
INFO:ftm.ftm_middleware:[47m[32mvm[2]STATUS OK[0m
INFO:ftm.ftm_middleware:[47m[32mvm[3]STATUS OK[0m
INFO:ftm.ftm_middleware:[47m[32mvm[4]STATUS OK[0m
INFO:ftm.ftm_middleware:[47m[32mvm[5]STATUS OK[0m
INFO:ftm.ftm_middleware:[47m[32mvm[6]STATUS OK[0m
INFO:ftm.ftm_middleware:[47m[32mvm[7]STATUS OK[0m
INFO:ftm.ftm_middleware:[47m[32mvm[8]STATUS OK[0m
INFO:ftm.ftm_middleware:[47m[32mvm[9]STATUS OK[0m
INFO:ftm.ftm_middleware:[47m[32mvm[10]STATUS OK[0m
INFO:ftm.ftm_middleware:[47m[32mvm[11]STATUS OK[0m
INFO:ftm.ftm_middleware:[47m[32mvm[12]STATUS OK[0m
INFO:ftm.ftm_middleware:[47m[32mvm[13]STATUS OK[0m
INFO:ftm.ftm_middleware:[47m[32mvm[14]STATUS OK[0m
INFO:ftm.ftm_middleware:[47m[32mvm[15]STATUS OK[0m
INFO:ftm.ftm_middleware:[47m[32mvm[16]STATUS OK[0m
INFO:ftm.ftm_middleware:[47m[32mvm[17]STATUS OK[0m
INFO:ftm.ftm_middleware:[47m[32mvm[18]STATUS OK[0m
INFO:ftm.ftm_middleware:[47m[32mvm[19]STATUS OK[0m
INFO:ftm.ftm_middleware:[47m[32mvm[20]STATUS OK[0m
INFO:ftm.ftm_middleware:[47m[32mvm[21]STATUS OK[0m
INFO:ftm.ftm_middleware:[47m[32mvm[22]STATUS OK[0m
INFO:ftm.ftm_middleware:[47m[32mvm[23]STATUS OK[0m
INFO:ftm.ftm_middleware:[47m[32mvm[24]STATUS OK[0m
INFO:ftm.ftm_middleware:[47m[32mvm[25]STATUS OK[0m
INFO:ftm.ftm_middleware:[47m[32mvm[26]STATUS OK[0m
INFO:ftm.ftm_middleware:[47m[32mvm[27]STATUS OK[0m
INFO:ftm.ftm_middleware:[47m[32mvm[28]STATUS OK[0m
INFO:ftm.ftm_middleware:[47m[32mvm[29]STATUS OK[0m
INFO:ftm.ftm_middleware:[47m[32mvm[30]STATUS OK[0m
INFO:ftm.ftm_middleware:[47m[32mvm[31]STATUS OK[0m
INFO:ftm.ftm_middleware:[47m[32mvm[32]STATUS OK[0m
INFO:ftm.ftm_middleware:[47m[32mvm[33]STATUS OK[0m
INFO:ftm.ftm_middleware:[47m[32mvm[34]STATUS OK[0m
INFO:ftm.ftm_middleware:[47m[32mvm[35]STATUS OK[0m
INFO:ftm.ftm_middleware:[47m[32mvm[36]STATUS OK[0m
INFO:ftm.ftm_middleware:[47m[32mvm[37]STATUS OK[0m
INFO:ftm.ftm_middleware:[47m[32mvm[38]STATUS OK[0m
INFO:ftm.ftm_middleware:[47m[32mvm[39]STATUS OK[0m
INFO:ftm.ftm_middleware:[47m[32mvm[40]STATUS OK[0m
INFO:ftm.ftm_middleware:[47m[32mvm[41]STATUS OK[0m
INFO:ftm.ftm_middleware:[47m[32mvm[42]STATUS OK[0m
INFO:ftm.ftm_middleware:[47m[32mvm[43]STATUS OK[0m
INFO:ftm.ftm_middleware:[47m[32mvm[44]STATUS OK[0m
INFO:ftm.ftm_middleware:[47m[32mvm[45]STATUS OK[0m
INFO:ftm.ftm_middleware:[47m[32mvm[46]STATUS OK[0m
INFO:ftm.ftm_middleware:[47m[32mvm[47]STATUS OK[0m
INFO:ftm.ftm_middleware:[47m[32mvm[48]STATUS OK[0m
INFO:ftm.ftm_middleware:[47m[32mvm[49]STATUS OK[0m
INFO:ftm.ftm_middleware:[47m[32mvm[50]STATUS OK[0m
INFO:ftm.ftm_middleware:[47m[32mvm[51]STATUS OK[0m
INFO:ftm.ftm_middleware:[47m[32mvm[52]STATUS OK[0m
INFO:ftm.ftm_middleware:[47m[32mvm[53]STATUS OK[0m
INFO:ftm.ftm_middleware:[47m[32mvm[54]STATUS OK[0m
INFO:ftm.ftm_middleware:[47m[32mvm[55]STATUS OK[0m
INFO:ftm.ftm_middleware:[47m[32mvm[56]STATUS OK[0m
INFO:ftm.ftm_middleware:[47m[32mvm[57]STATUS OK[0m
INFO:ftm.ftm_middleware:[47m[32mvm[58]STATUS OK[0m
INFO:ftm.ftm_middleware:[47m[32mvm[59]STATUS OK[0m
INFO:ftm.ftm_middleware:[47m[32mvm[60]STATUS OK[0m
INFO:ftm.ftm_middleware:[47m[32mvm[61]STATUS OK[0m
INFO:ftm.ftm_middleware:[47m[32mvm[62]STATUS OK[0m
INFO:ftm.ftm_middleware:[47m[32mvm[63]STATUS OK[0m
INFO:ftm.ftm_middleware:[47m[32mvm[64]STATUS OK[0m
INFO:ftm.ftm_middleware:[47m[32mvm[65]STATUS OK[0m
INFO:ftm.ftm_middleware:[47m[32mvm[66]STATUS OK[0m
INFO:ftm.ftm_middleware:[47m[32mvm[67]STATUS OK[0m
INFO:ftm.ftm_middleware:[47m[32mvm[68]STATUS OK[0m
INFO:ftm.ftm_middleware:[47m[32mvm[69]STATUS OK[0m
INFO:ftm.ftm_middleware:[47m[32mvm[70]STATUS OK[0m
INFO:ftm.ftm_middleware:[47m[32mvm[71]STATUS OK[0m
INFO:ftm.ftm_middleware:[47m[32mvm[72]STATUS OK[0m
INFO:ftm.ftm_middleware:[47m[32mvm[73]STATUS OK[0m
INFO:ftm.ftm_middleware:[47m[32mvm[74]STATUS OK[0m
INFO:ftm.ftm_middleware:[47m[32mvm[75]STATUS OK[0m
INFO:ftm.ftm_middleware:[47m[32mvm[76]STATUS OK[0m
INFO:ftm.ftm_middleware:[47m[32mvm[77]STATUS OK[0m
INFO:ftm.ftm_middleware:[47m[32mvm[78]STATUS OK[0m
INFO:ftm.ftm_middleware:[47m[32mvm[79]STATUS OK[0m
INFO:ftm.ftm_middleware:[47m[32mvm[80]STATUS OK[0m
INFO:ftm.ftm_middleware:[47m[32mvm[81]STATUS OK[0m
INFO:ftm.ftm_middleware:[47m[32mvm[82]STATUS OK[0m
INFO:ftm.ftm_middleware:[47m[32mvm[83]STATUS OK[0m
INFO:ftm.ftm_middleware:[47m[32mvm[84]STATUS OK[0m
INFO:ftm.ftm_middleware:[47m[32mvm[85]STATUS OK[0m
INFO:ftm.ftm_middleware:[47m[32mvm[86]STATUS OK[0m
INFO:ftm.ftm_middleware:[47m[32mvm[87]STATUS OK[0m
INFO:ftm.ftm_middleware:[47m[32mvm[88]STATUS OK[0m
INFO:ftm.ftm_middleware:[47m[32mvm[89]STATUS OK[0m
INFO:ftm.ftm_middleware:[47m[32mvm[90]STATUS OK[0m
INFO:ftm.ftm_middleware:[47m[32mvm[1]STATUS OK[0m
INFO:ftm.ftm_middleware:[47m[32mvm[2]STATUS OK[0m
INFO:ftm.ftm_middleware:[47m[32mvm[3]STATUS OK[0m
INFO:ftm.ftm_middleware:[47m[32mvm[4]STATUS OK[0m
INFO:ftm.ftm_middleware:[47m[32mvm[5]STATUS OK[0m
INFO:ftm.ftm_middleware:[47m[32mvm[6]STATUS OK[0m
INFO:ftm.ftm_middleware:[47m[32mvm[7]STATUS OK[0m
INFO:ftm.ftm_middleware:[47m[32mvm[8]STATUS OK[0m
INFO:ftm.ftm_middleware:[31mvm [9] condition is not working!![0m
INFO:ftm.ftm_middleware:[47m[32mvm[10]STATUS OK[0m
INFO:ftm.ftm_middleware:[47m[32mvm[11]STATUS OK[0m
INFO:ftm.ftm_middleware:[47m[32mvm[12]STATUS OK[0m
INFO:ftm.ftm_middleware:[47m[32mvm[13]STATUS OK[0m
INFO:ftm.ftm_middleware:[47m[32mvm[14]STATUS OK[0m
INFO:ftm.ftm_middleware:[47m[32mvm[15]STATUS OK[0m
INFO:ftm.ftm_middleware:[47m[32mvm[16]STATUS OK[0m
INFO:ftm.ftm_middleware:[47m[32mvm[17]STATUS OK[0m
INFO:ftm.ftm_middleware:[47m[32mvm[18]STATUS OK[0m
INFO:ftm.ftm_middleware:[47m[32mvm[19]STATUS OK[0m
INFO:ftm.ftm_middleware:[47m[32mvm[20]STATUS OK[0m
INFO:ftm.ftm_middleware:[47m[32mvm[21]STATUS OK[0m
INFO:ftm.ftm_middleware:[47m[32mvm[22]STATUS OK[0m
INFO:ftm.ftm_middleware:[47m[32mvm[23]STATUS OK[0m
INFO:ftm.ftm_middleware:[47m[32mvm[24]STATUS OK[0m
INFO:ftm.ftm_middleware:[31mvm [25] condition is not working!![0m
INFO:ftm.ftm_middleware:[47m[32mvm[26]STATUS OK[0m
INFO:ftm.ftm_middleware:[47m[32mvm[27]STATUS OK[0m
INFO:ftm.ftm_middleware:[47m[32mvm[28]STATUS OK[0m
INFO:ftm.ftm_middleware:[47m[32mvm[29]STATUS OK[0m
INFO:ftm.ftm_middleware:[47m[32mvm[30]STATUS OK[0m
INFO:ftm.ftm_middleware:[47m[32mvm[31]STATUS OK[0m
INFO:ftm.fault_masking_mgr:[31mmigrating faulty VM [9][0m
INFO:ftm.ftm_middleware:[47m[32mvm[32]STATUS OK[0m
INFO:ftm.ftm_middleware:[47m[32mvm[33]STATUS OK[0m
INFO:ftm.ftm_middleware:[47m[32mvm[34]STATUS OK[0m
INFO:ftm.ftm_middleware:[47m[32mvm[35]STATUS OK[0m
INFO:ftm.ftm_middleware:[47m[32mvm[36]STATUS OK[0m
INFO:ftm.ftm_middleware:[47m[32mvm[37]STATUS OK[0m
INFO:ftm.ftm_middleware:[47m[32mvm[38]STATUS OK[0m
INFO:ftm.ftm_middleware:[47m[32mvm[39]STATUS OK[0m
INFO:ftm.ftm_middleware:[47m[32mvm[40]STATUS OK[0m
INFO:ftm.ftm_middleware:[47m[32mvm[41]STATUS OK[0m
INFO:ftm.ftm_middleware:[31mvm [42] condition is not working!![0m
INFO:ftm.ftm_middleware:[47m[32mvm[43]STATUS OK[0m
INFO:ftm.ftm_middleware:[47m[32mvm[44]STATUS OK[0m
INFO:ftm.ftm_middleware:[47m[32mvm[45]STATUS OK[0m
INFO:ftm.ftm_middleware:[47m[32mvm[46]STATUS OK[0m
INFO:ftm.ftm_middleware:[47m[32mvm[47]STATUS OK[0m
INFO:ftm.ftm_middleware:[47m[32mvm[48]STATUS OK[0m
INFO:ftm.ftm_middleware:[47m[32mvm[49]STATUS OK[0m
INFO:ftm.ftm_middleware:[47m[32mvm[50]STATUS OK[0m
INFO:ftm.ftm_middleware:[47m[32mvm[51]STATUS OK[0m
INFO:ftm.ftm_middleware:[31mvm [52] condition is not working!![0m
INFO:ftm.ftm_middleware:[47m[32mvm[53]STATUS OK[0m
INFO:ftm.ftm_middleware:[47m[32mvm[54]STATUS OK[0m
INFO:ftm.ftm_middleware:[47m[32mvm[55]STATUS OK[0m
INFO:ftm.ftm_middleware:[47m[32mvm[56]STATUS OK[0m
INFO:ftm.ftm_middleware:[47m[32mvm[57]STATUS OK[0m
INFO:ftm.ftm_middleware:[47m[32mvm[58]STATUS OK[0m
INFO:ftm.ftm_middleware:[47m[32mvm[59]STATUS OK[0m
INFO:ftm.ftm_middleware:[47m[32mvm[60]STATUS OK[0m
INFO:ftm.ftm_middleware:[47m[32mvm[61]STATUS OK[0m
INFO:ftm.ftm_middleware:[47m[32mvm[62]STATUS OK[0m
INFO:ftm.ftm_middleware:[47m[32mvm[63]STATUS OK[0m
INFO:ftm.fault_masking_mgr:[31mmigrating faulty VM [25][0m
INFO:ftm.ftm_middleware:[47m[32mvm[64]STATUS OK[0m
INFO:ftm.ftm_middleware:[47m[32mvm[65]STATUS OK[0m
INFO:ftm.ftm_middleware:[47m[32mvm[66]STATUS OK[0m
INFO:ftm.ftm_middleware:[31mvm [67] condition is not working!![0m
INFO:ftm.ftm_middleware:[47m[32mvm[68]STATUS OK[0m
INFO:ftm.ftm_middleware:[47m[32mvm[69]STATUS OK[0m
INFO:ftm.ftm_middleware:[47m[32mvm[70]STATUS OK[0m
INFO:ftm.ftm_middleware:[47m[32mvm[71]STATUS OK[0m
INFO:ftm.ftm_middleware:[47m[32mvm[72]STATUS OK[0m
INFO:ftm.ftm_middleware:[47m[32mvm[73]STATUS OK[0m
INFO:ftm.ftm_middleware:[47m[32mvm[74]STATUS OK[0m
INFO:ftm.ftm_middleware:[47m[32mvm[75]STATUS OK[0m
INFO:ftm.ftm_middleware:[47m[32mvm[76]STATUS OK[0m
INFO:ftm.ftm_middleware:[47m[32mvm[77]STATUS OK[0m
INFO:ftm.ftm_middleware:[31mvm [78] condition is not working!![0m
INFO:ftm.ftm_middleware:[47m[32mvm[79]STATUS OK[0m
INFO:ftm.ftm_middleware:[47m[32mvm[80]STATUS OK[0m
INFO:ftm.ftm_middleware:[31mvm [81] condition is not working!![0m
INFO:ftm.ftm_middleware:[47m[32mvm[82]STATUS OK[0m
INFO:ftm.ftm_middleware:[31mvm [83] condition is not working!![0m
INFO:ftm.ftm_middleware:[47m[32mvm[84]STATUS OK[0m
INFO:ftm.ftm_middleware:[47m[32mvm[85]STATUS OK[0m
INFO:ftm.ftm_middleware:[47m[32mvm[86]STATUS OK[0m
INFO:ftm.ftm_middleware:[47m[32mvm[87]STATUS OK[0m
INFO:ftm.ftm_middleware:[47m[32mvm[88]STATUS OK[0m
INFO:ftm.ftm_middleware:[47m[32mvm[89]STATUS OK[0m
INFO:ftm.ftm_middleware:[47m[32mvm[90]STATUS OK[0m
INFO:ftm.fault_masking_mgr:[31mmigrating faulty VM [42][0m
INFO:ftm.fault_masking_mgr:[31mmigrating faulty VM [52][0m
INFO:ftm.fault_masking_mgr:[31mmigrating faulty VM [67][0m
INFO:ftm.fault_masking_mgr:[31mmigrating faulty VM [78][0m
INFO:ftm.fault_masking_mgr:[31mmigrating faulty VM [81][0m
INFO:ftm.fault_masking_mgr:[31mmigrating faulty VM [83][0m
{"id":"9","desc":"migration"}
18.1
{"id":"25","desc":"migration"}
18.1
{"id":"42","desc":"migration"}
18.1
{"id":"52","desc":"migration"}
18.1
{"id":"67","desc":"migration"}
18.1
{"id":"78","desc":"migration"}
18.1
{"id":"81","desc":"migration"}
18.1
{"id":"83","desc":"migration"}
18.1
INFO:ftm.ftm_middleware:[47m[32mvm[1]STATUS OK[0m
INFO:ftm.ftm_middleware:[47m[32mvm[2]STATUS OK[0m
INFO:ftm.ftm_middleware:[47m[32mvm[3]STATUS OK[0m
INFO:ftm.ftm_middleware:[47m[32mvm[4]STATUS OK[0m
INFO:ftm.ftm_middleware:[47m[32mvm[5]STATUS OK[0m
INFO:ftm.ftm_middleware:[47m[32mvm[6]STATUS OK[0m
INFO:ftm.ftm_middleware:[47m[32mvm[7]STATUS OK[0m
INFO:ftm.ftm_middleware:[47m[32mvm[8]STATUS OK[0m
INFO:ftm.ftm_middleware:[31mvm [9] condition is not working!![0m
INFO:ftm.ftm_middleware:[47m[32mvm[10]STATUS OK[0m
INFO:ftm.ftm_middleware:[47m[32mvm[11]STATUS OK[0m
INFO:ftm.ftm_middleware:[47m[32mvm[12]STATUS OK[0m
INFO:ftm.ftm_middleware:[47m[32mvm[13]STATUS OK[0m
INFO:ftm.ftm_middleware:[47m[32mvm[14]STATUS OK[0m
INFO:ftm.ftm_middleware:[47m[32mvm[15]STATUS OK[0m
INFO:ftm.ftm_middleware:[47m[32mvm[16]STATUS OK[0m
INFO:ftm.ftm_middleware:[47m[32mvm[17]STATUS OK[0m
INFO:ftm.ftm_middleware:[47m[32mvm[18]STATUS OK[0m
INFO:ftm.ftm_middleware:[47m[32mvm[19]STATUS OK[0m
INFO:ftm.ftm_middleware:[47m[32mvm[20]STATUS OK[0m
INFO:ftm.ftm_middleware:[47m[32mvm[21]STATUS OK[0m
INFO:ftm.ftm_middleware:[47m[32mvm[22]STATUS OK[0m
INFO:ftm.ftm_middleware:[47m[32mvm[23]STATUS OK[0m
INFO:ftm.ftm_middleware:[31mvm [24] condition is not working!![0m
INFO:ftm.ftm_middleware:[31mvm [25] condition is not working!![0m
INFO:ftm.ftm_middleware:[47m[32mvm[26]STATUS OK[0m
INFO:ftm.ftm_middleware:[47m[32mvm[27]STATUS OK[0m
INFO:ftm.ftm_middleware:[47m[32mvm[28]STATUS OK[0m
INFO:ftm.ftm_middleware:[47m[32mvm[29]STATUS OK[0m
INFO:ftm.ftm_middleware:[47m[32mvm[30]STATUS OK[0m
INFO:ftm.ftm_middleware:[47m[32mvm[31]STATUS OK[0m
INFO:ftm.ftm_middleware:[47m[32mvm[32]STATUS OK[0m
INFO:ftm.ftm_middleware:[47m[32mvm[33]STATUS OK[0m
INFO:ftm.ftm_middleware:[47m[32mvm[34]STATUS OK[0m
INFO:ftm.ftm_middleware:[47m[32mvm[35]STATUS OK[0m
INFO:ftm.ftm_middleware:[47m[32mvm[36]STATUS OK[0m
INFO:ftm.ftm_middleware:[47m[32mvm[37]STATUS OK[0m
INFO:ftm.ftm_middleware:[47m[32mvm[38]STATUS OK[0m
INFO:ftm.ftm_middleware:[47m[32mvm[39]STATUS OK[0m
INFO:ftm.ftm_middleware:[47m[32mvm[40]STATUS OK[0m
INFO:ftm.ftm_middleware:[47m[32mvm[41]STATUS OK[0m
INFO:ftm.ftm_middleware:[31mvm [42] condition is not working!![0m
INFO:ftm.ftm_middleware:[47m[32mvm[43]STATUS OK[0m
INFO:ftm.ftm_middleware:[47m[32mvm[44]STATUS OK[0m
INFO:ftm.ftm_middleware:[47m[32mvm[45]STATUS OK[0m
INFO:ftm.ftm_middleware:[47m[32mvm[46]STATUS OK[0m
INFO:ftm.ftm_middleware:[47m[32mvm[47]STATUS OK[0m
INFO:ftm.ftm_middleware:[47m[32mvm[48]STATUS OK[0m
INFO:ftm.ftm_middleware:[47m[32mvm[49]STATUS OK[0m
INFO:ftm.ftm_middleware:[47m[32mvm[50]STATUS OK[0m
INFO:ftm.ftm_middleware:[47m[32mvm[51]STATUS OK[0m
INFO:ftm.ftm_middleware:[31mvm [52] condition is not working!![0m
INFO:ftm.ftm_middleware:[47m[32mvm[53]STATUS OK[0m
INFO:ftm.ftm_middleware:[47m[32mvm[54]STATUS OK[0m
INFO:ftm.ftm_middleware:[47m[32mvm[55]STATUS OK[0m
INFO:ftm.fault_masking_mgr:[31mmigrating faulty VM [24][0m
INFO:ftm.ftm_middleware:[47m[32mvm[56]STATUS OK[0m
INFO:ftm.ftm_middleware:[47m[32mvm[57]STATUS OK[0m
INFO:ftm.ftm_middleware:[47m[32mvm[58]STATUS OK[0m
INFO:ftm.ftm_middleware:[47m[32mvm[59]STATUS OK[0m
INFO:ftm.ftm_middleware:[47m[32mvm[60]STATUS OK[0m
INFO:ftm.ftm_middleware:[47m[32mvm[61]STATUS OK[0m
INFO:ftm.ftm_middleware:[47m[32mvm[62]STATUS OK[0m
INFO:ftm.ftm_middleware:[47m[32mvm[63]STATUS OK[0m
INFO:ftm.ftm_middleware:[47m[32mvm[64]STATUS OK[0m
INFO:ftm.ftm_middleware:[47m[32mvm[65]STATUS OK[0m
INFO:ftm.ftm_middleware:[47m[32mvm[66]STATUS OK[0m
INFO:ftm.ftm_middleware:[31mvm [67] condition is not working!![0m
INFO:ftm.ftm_middleware:[47m[32mvm[68]STATUS OK[0m
INFO:ftm.ftm_middleware:[47m[32mvm[69]STATUS OK[0m
INFO:ftm.ftm_middleware:[47m[32mvm[70]STATUS OK[0m
INFO:ftm.ftm_middleware:[47m[32mvm[71]STATUS OK[0m
INFO:ftm.ftm_middleware:[47m[32mvm[72]STATUS OK[0m
INFO:ftm.ftm_middleware:[47m[32mvm[73]STATUS OK[0m
INFO:ftm.ftm_middleware:[47m[32mvm[74]STATUS OK[0m
INFO:ftm.ftm_middleware:[47m[32mvm[75]STATUS OK[0m
INFO:ftm.ftm_middleware:[47m[32mvm[76]STATUS OK[0m
INFO:ftm.ftm_middleware:[47m[32mvm[77]STATUS OK[0m
INFO:ftm.ftm_middleware:[31mvm [78] condition is not working!![0m
INFO:ftm.ftm_middleware:[47m[32mvm[79]STATUS OK[0m
INFO:ftm.ftm_middleware:[47m[32mvm[80]STATUS OK[0m
INFO:ftm.ftm_middleware:[31mvm [81] condition is not working!![0m
INFO:ftm.ftm_middleware:[47m[32mvm[82]STATUS OK[0m
INFO:ftm.ftm_middleware:[31mvm [83] condition is not working!![0m
INFO:ftm.ftm_middleware:[31mvm [84] condition is not working!![0m
INFO:ftm.ftm_middleware:[47m[32mvm[85]STATUS OK[0m
INFO:ftm.ftm_middleware:[47m[32mvm[86]STATUS OK[0m
INFO:ftm.ftm_middleware:[47m[32mvm[87]STATUS OK[0m
INFO:ftm.ftm_middleware:[47m[32mvm[88]STATUS OK[0m
INFO:ftm.ftm_middleware:[47m[32mvm[89]STATUS OK[0m
INFO:ftm.ftm_middleware:[47m[32mvm[90]STATUS OK[0m
INFO:ftm.fault_masking_mgr:[31mmigrating faulty VM [84][0m
{"id":"24","desc":"migration"}
19.0765625
{"id":"84","desc":"migration"}
19.0765625
INFO:ftm.ftm_middleware:[47m[32mvm[1]STATUS OK[0m
INFO:ftm.ftm_middleware:[47m[32mvm[2]STATUS OK[0m
INFO:ftm.ftm_middleware:[47m[32mvm[3]STATUS OK[0m
INFO:ftm.ftm_middleware:[47m[32mvm[4]STATUS OK[0m
INFO:ftm.ftm_middleware:[47m[32mvm[5]STATUS OK[0m
INFO:ftm.ftm_middleware:[47m[32mvm[6]STATUS OK[0m
INFO:ftm.ftm_middleware:[47m[32mvm[7]STATUS OK[0m
INFO:ftm.ftm_middleware:[47m[32mvm[8]STATUS OK[0m
INFO:ftm.ftm_middleware:[31mvm [9] condition is not working!![0m
INFO:ftm.ftm_middleware:[47m[32mvm[10]STATUS OK[0m
INFO:ftm.ftm_middleware:[47m[32mvm[11]STATUS OK[0m
INFO:ftm.ftm_middleware:[31mvm [12] condition is not working!![0m
INFO:ftm.ftm_middleware:[31mvm [13] condition is not working!![0m
INFO:ftm.ftm_middleware:[47m[32mvm[14]STATUS OK[0m
INFO:ftm.ftm_middleware:[47m[32mvm[15]STATUS OK[0m
INFO:ftm.ftm_middleware:[47m[32mvm[16]STATUS OK[0m
INFO:ftm.ftm_middleware:[47m[32mvm[17]STATUS OK[0m
INFO:ftm.ftm_middleware:[47m[32mvm[18]STATUS OK[0m
INFO:ftm.ftm_middleware:[47m[32mvm[19]STATUS OK[0m
INFO:ftm.ftm_middleware:[47m[32mvm[20]STATUS OK[0m
INFO:ftm.ftm_middleware:[47m[32mvm[21]STATUS OK[0m
INFO:ftm.ftm_middleware:[47m[32mvm[22]STATUS OK[0m
INFO:ftm.ftm_middleware:[47m[32mvm[23]STATUS OK[0m
INFO:ftm.ftm_middleware:[31mvm [24] condition is not working!![0m
INFO:ftm.ftm_middleware:[31mvm [25] condition is not working!![0m
INFO:ftm.ftm_middleware:[47m[32mvm[26]STATUS OK[0m
INFO:ftm.ftm_middleware:[47m[32mvm[27]STATUS OK[0m
INFO:ftm.ftm_middleware:[47m[32mvm[28]STATUS OK[0m
INFO:ftm.ftm_middleware:[47m[32mvm[29]STATUS OK[0m
INFO:ftm.ftm_middleware:[47m[32mvm[30]STATUS OK[0m
INFO:ftm.ftm_middleware:[47m[32mvm[31]STATUS OK[0m
INFO:ftm.ftm_middleware:[47m[32mvm[32]STATUS OK[0m
INFO:ftm.ftm_middleware:[47m[32mvm[33]STATUS OK[0m
INFO:ftm.ftm_middleware:[47m[32mvm[34]STATUS OK[0m
INFO:ftm.ftm_middleware:[47m[32mvm[35]STATUS OK[0m
INFO:ftm.ftm_middleware:[47m[32mvm[36]STATUS OK[0m
INFO:ftm.ftm_middleware:[47m[32mvm[37]STATUS OK[0m
INFO:ftm.fault_masking_mgr:[31mmigrating faulty VM [12][0m
INFO:ftm.fault_masking_mgr:[31mmigrating faulty VM [13][0m
INFO:ftm.ftm_middleware:[31mvm [38] condition is not working!![0m
INFO:ftm.ftm_middleware:[47m[32mvm[39]STATUS OK[0m
INFO:ftm.ftm_middleware:[47m[32mvm[40]STATUS OK[0m
INFO:ftm.ftm_middleware:[47m[32mvm[41]STATUS OK[0m
INFO:ftm.ftm_middleware:[31mvm [42] condition is not working!![0m
INFO:ftm.ftm_middleware:[47m[32mvm[43]STATUS OK[0m
INFO:ftm.ftm_middleware:[47m[32mvm[44]STATUS OK[0m
INFO:ftm.ftm_middleware:[47m[32mvm[45]STATUS OK[0m
INFO:ftm.ftm_middleware:[47m[32mvm[46]STATUS OK[0m
INFO:ftm.ftm_middleware:[47m[32mvm[47]STATUS OK[0m
INFO:ftm.ftm_middleware:[47m[32mvm[48]STATUS OK[0m
INFO:ftm.ftm_middleware:[47m[32mvm[49]STATUS OK[0m
INFO:ftm.ftm_middleware:[47m[32mvm[50]STATUS OK[0m
INFO:ftm.ftm_middleware:[47m[32mvm[51]STATUS OK[0m
INFO:ftm.ftm_middleware:[31mvm [52] condition is not working!![0m
INFO:ftm.ftm_middleware:[47m[32mvm[53]STATUS OK[0m
INFO:ftm.ftm_middleware:[47m[32mvm[54]STATUS OK[0m
INFO:ftm.ftm_middleware:[47m[32mvm[55]STATUS OK[0m
INFO:ftm.ftm_middleware:[47m[32mvm[56]STATUS OK[0m
INFO:ftm.ftm_middleware:[47m[32mvm[57]STATUS OK[0m
INFO:ftm.ftm_middleware:[47m[32mvm[58]STATUS OK[0m
INFO:ftm.ftm_middleware:[47m[32mvm[59]STATUS OK[0m
INFO:ftm.ftm_middleware:[31mvm [60] condition is not working!![0m
INFO:ftm.ftm_middleware:[47m[32mvm[61]STATUS OK[0m
INFO:ftm.ftm_middleware:[47m[32mvm[62]STATUS OK[0m
INFO:ftm.ftm_middleware:[47m[32mvm[63]STATUS OK[0m
INFO:ftm.ftm_middleware:[47m[32mvm[64]STATUS OK[0m
INFO:ftm.ftm_middleware:[47m[32mvm[65]STATUS OK[0m
INFO:ftm.ftm_middleware:[47m[32mvm[66]STATUS OK[0m
INFO:ftm.ftm_middleware:[31mvm [67] condition is not working!![0m
INFO:ftm.ftm_middleware:[47m[32mvm[68]STATUS OK[0m
INFO:ftm.ftm_middleware:[47m[32mvm[69]STATUS OK[0m
INFO:ftm.ftm_middleware:[47m[32mvm[70]STATUS OK[0m
INFO:ftm.ftm_middleware:[47m[32mvm[71]STATUS OK[0m
INFO:ftm.ftm_middleware:[47m[32mvm[72]STATUS OK[0m
INFO:ftm.ftm_middleware:[47m[32mvm[73]STATUS OK[0m
INFO:ftm.ftm_middleware:[47m[32mvm[74]STATUS OK[0m
INFO:ftm.ftm_middleware:[47m[32mvm[75]STATUS OK[0m
INFO:ftm.ftm_middleware:[47m[32mvm[76]STATUS OK[0m
INFO:ftm.ftm_middleware:[31mvm [77] condition is not working!![0m
INFO:ftm.ftm_middleware:[31mvm [78] condition is not working!![0m
INFO:ftm.ftm_middleware:[47m[32mvm[79]STATUS OK[0m
INFO:ftm.ftm_middleware:[47m[32mvm[80]STATUS OK[0m
INFO:ftm.ftm_middleware:[31mvm [81] condition is not working!![0m
INFO:ftm.ftm_middleware:[47m[32mvm[82]STATUS OK[0m
INFO:ftm.ftm_middleware:[31mvm [83] condition is not working!![0m
INFO:ftm.ftm_middleware:[31mvm [84] condition is not working!![0m
INFO:ftm.ftm_middleware:[47m[32mvm[85]STATUS OK[0m
INFO:ftm.ftm_middleware:[47m[32mvm[86]STATUS OK[0m
INFO:ftm.ftm_middleware:[47m[32mvm[87]STATUS OK[0m
INFO:ftm.ftm_middleware:[31mvm [88] condition is not working!![0m
INFO:ftm.ftm_middleware:[47m[32mvm[89]STATUS OK[0m
INFO:ftm.ftm_middleware:[47m[32mvm[90]STATUS OK[0m
INFO:ftm.fault_masking_mgr:[31mmigrating faulty VM [38][0m
INFO:ftm.fault_masking_mgr:[31mmigrating faulty VM [60][0m
INFO:ftm.fault_masking_mgr:[31mmigrating faulty VM [77][0m
INFO:ftm.fault_masking_mgr:[31mmigrating faulty VM [88][0m
DEBUG:ftm.server:[47m[34mon_host_allocation hit[0m
DEBUG:ftm.ftm_middleware:[47m[34mactivating vm[9][0m
INFO:ftm.ftm_middleware:vm[9] has been activated[0m
DEBUG:ftm.server:[47m[34mon_host_allocation hit[0m
DEBUG:ftm.ftm_middleware:[47m[34mactivating vm[25][0m
INFO:ftm.ftm_middleware:vm[25] has been activated[0m
DEBUG:ftm.server:[47m[34mon_host_allocation hit[0m
DEBUG:ftm.ftm_middleware:[47m[34mactivating vm[42][0m
INFO:ftm.ftm_middleware:vm[42] has been activated[0m
DEBUG:ftm.server:[47m[34mon_host_allocation hit[0m
DEBUG:ftm.ftm_middleware:[47m[34mactivating vm[67][0m
INFO:ftm.ftm_middleware:vm[67] has been activated[0m
DEBUG:ftm.server:[47m[34mon_host_allocation hit[0m
DEBUG:ftm.ftm_middleware:[47m[34mactivating vm[78][0m
INFO:ftm.ftm_middleware:vm[78] has been activated[0m
DEBUG:ftm.server:[47m[34mon_host_allocation hit[0m
DEBUG:ftm.ftm_middleware:[47m[34mactivating vm[81][0m
INFO:ftm.ftm_middleware:vm[81] has been activated[0m
DEBUG:ftm.server:[47m[34mon_host_allocation hit[0m
DEBUG:ftm.ftm_middleware:[47m[34mactivating vm[83][0m
INFO:ftm.ftm_middleware:vm[83] has been activated[0m
{"id":"12","desc":"migration"}
20.053125
{"id":"13","desc":"migration"}
20.053125
{"id":"38","desc":"migration"}
20.053125
{"id":"60","desc":"migration"}
20.053125
{"id":"77","desc":"migration"}
20.053125
{"id":"88","desc":"migration"}
20.053125
INFO:ftm.ftm_middleware:[47m[32mvm[1]STATUS OK[0m
INFO:ftm.ftm_middleware:[47m[32mvm[2]STATUS OK[0m
INFO:ftm.ftm_middleware:[47m[32mvm[3]STATUS OK[0m
INFO:ftm.ftm_middleware:[47m[32mvm[4]STATUS OK[0m
INFO:ftm.ftm_middleware:[31mvm [5] condition is not working!![0m
INFO:ftm.ftm_middleware:[31mvm [6] condition is not working!![0m
INFO:ftm.ftm_middleware:[31mvm [7] condition is not working!![0m
INFO:ftm.ftm_middleware:[47m[32mvm[8]STATUS OK[0m
INFO:ftm.ftm_middleware:[47m[32mvm[9]STATUS OK[0m
INFO:ftm.ftm_middleware:[47m[32mvm[10]STATUS OK[0m
INFO:ftm.ftm_middleware:[47m[32mvm[11]STATUS OK[0m
INFO:ftm.ftm_middleware:[31mvm [12] condition is not working!![0m
INFO:ftm.ftm_middleware:[31mvm [13] condition is not working!![0m
INFO:ftm.ftm_middleware:[47m[32mvm[14]STATUS OK[0m
INFO:ftm.ftm_middleware:[47m[32mvm[15]STATUS OK[0m
INFO:ftm.ftm_middleware:[47m[32mvm[16]STATUS OK[0m
INFO:ftm.ftm_middleware:[31mvm [17] condition is not working!![0m
INFO:ftm.ftm_middleware:[31mvm [18] condition is not working!![0m
INFO:ftm.ftm_middleware:[47m[32mvm[19]STATUS OK[0m
INFO:ftm.ftm_middleware:[47m[32mvm[20]STATUS OK[0m
INFO:ftm.ftm_middleware:[47m[32mvm[21]STATUS OK[0m
INFO:ftm.ftm_middleware:[47m[32mvm[22]STATUS OK[0m
INFO:ftm.ftm_middleware:[47m[32mvm[23]STATUS OK[0m
INFO:ftm.ftm_middleware:[31mvm [24] condition is not working!![0m
INFO:ftm.ftm_middleware:[47m[32mvm[25]STATUS OK[0m
INFO:ftm.ftm_middleware:[47m[32mvm[26]STATUS OK[0m
INFO:ftm.ftm_middleware:[31mvm [27] condition is not working!![0m
INFO:ftm.ftm_middleware:[47m[32mvm[28]STATUS OK[0m
INFO:ftm.ftm_middleware:[47m[32mvm[29]STATUS OK[0m
INFO:ftm.ftm_middleware:[47m[32mvm[30]STATUS OK[0m
INFO:ftm.ftm_middleware:[47m[32mvm[31]STATUS OK[0m
INFO:ftm.ftm_middleware:[47m[32mvm[32]STATUS OK[0m
INFO:ftm.ftm_middleware:[31mvm [33] condition is not working!![0m
INFO:ftm.ftm_middleware:[47m[32mvm[34]STATUS OK[0m
INFO:ftm.ftm_middleware:[47m[32mvm[35]STATUS OK[0m
INFO:ftm.ftm_middleware:[47m[32mvm[36]STATUS OK[0m
INFO:ftm.ftm_middleware:[31mvm [37] condition is not working!![0m
INFO:ftm.ftm_middleware:[31mvm [38] condition is not working!![0m
INFO:ftm.ftm_middleware:[47m[32mvm[39]STATUS OK[0m
INFO:ftm.ftm_middleware:[47m[32mvm[40]STATUS OK[0m
INFO:ftm.ftm_middleware:[47m[32mvm[41]STATUS OK[0m
INFO:ftm.ftm_middleware:[47m[32mvm[42]STATUS OK[0m
INFO:ftm.ftm_middleware:[47m[32mvm[43]STATUS OK[0m
INFO:ftm.ftm_middleware:[47m[32mvm[44]STATUS OK[0m
INFO:ftm.ftm_middleware:[31mvm [45] condition is not working!![0m
INFO:ftm.ftm_middleware:[31mvm [46] condition is not working!![0m
INFO:ftm.ftm_middleware:[31mvm [47] condition is not working!![0m
INFO:ftm.ftm_middleware:[47m[32mvm[48]STATUS OK[0m
INFO:ftm.ftm_middleware:[47m[32mvm[49]STATUS OK[0m
INFO:ftm.ftm_middleware:[47m[32mvm[50]STATUS OK[0m
INFO:ftm.ftm_middleware:[47m[32mvm[51]STATUS OK[0m
INFO:ftm.ftm_middleware:[31mvm [52] condition is not working!![0m
INFO:ftm.ftm_middleware:[31mvm [53] condition is not working!![0m
INFO:ftm.ftm_middleware:[47m[32mvm[54]STATUS OK[0m
INFO:ftm.ftm_middleware:[47m[32mvm[55]STATUS OK[0m
INFO:ftm.ftm_middleware:[47m[32mvm[56]STATUS OK[0m
INFO:ftm.ftm_middleware:[31mvm [57] condition is not working!![0m
INFO:ftm.ftm_middleware:[31mvm [58] condition is not working!![0m
INFO:ftm.ftm_middleware:[47m[32mvm[59]STATUS OK[0m
INFO:ftm.ftm_middleware:[31mvm [60] condition is not working!![0m
INFO:ftm.ftm_middleware:[31mvm [61] condition is not working!![0m
INFO:ftm.ftm_middleware:[31mvm [62] condition is not working!![0m
INFO:ftm.ftm_middleware:[47m[32mvm[63]STATUS OK[0m
INFO:ftm.ftm_middleware:[31mvm [64] condition is not working!![0m
INFO:ftm.ftm_middleware:[31mvm [65] condition is not working!![0m
INFO:ftm.ftm_middleware:[31mvm [66] condition is not working!![0m
INFO:ftm.ftm_middleware:[47m[32mvm[67]STATUS OK[0m
INFO:ftm.ftm_middleware:[47m[32mvm[68]STATUS OK[0m
INFO:ftm.ftm_middleware:[47m[32mvm[69]STATUS OK[0m
INFO:ftm.ftm_middleware:[47m[32mvm[70]STATUS OK[0m
INFO:ftm.ftm_middleware:[47m[32mvm[71]STATUS OK[0m
INFO:ftm.ftm_middleware:[47m[32mvm[72]STATUS OK[0m
INFO:ftm.ftm_middleware:[47m[32mvm[73]STATUS OK[0m
INFO:ftm.ftm_middleware:[31mvm [74] condition is not working!![0m
INFO:ftm.ftm_middleware:[47m[32mvm[75]STATUS OK[0m
INFO:ftm.ftm_middleware:[47m[32mvm[76]STATUS OK[0m
INFO:ftm.ftm_middleware:[31mvm [77] condition is not working!![0m
INFO:ftm.ftm_middleware:[47m[32mvm[78]STATUS OK[0m
INFO:ftm.ftm_middleware:[47m[32mvm[79]STATUS OK[0m
INFO:ftm.ftm_middleware:[31mvm [80] condition is not working!![0m
INFO:ftm.ftm_middleware:[47m[32mvm[81]STATUS OK[0m
INFO:ftm.ftm_middleware:[47m[32mvm[82]STATUS OK[0m
INFO:ftm.ftm_middleware:[47m[32mvm[83]STATUS OK[0m
INFO:ftm.ftm_middleware:[31mvm [84] condition is not working!![0m
INFO:ftm.ftm_middleware:[47m[32mvm[85]STATUS OK[0m
INFO:ftm.ftm_middleware:[47m[32mvm[86]STATUS OK[0m
INFO:ftm.ftm_middleware:[47m[32mvm[87]STATUS OK[0m
INFO:ftm.ftm_middleware:[31mvm [88] condition is not working!![0m
INFO:ftm.ftm_middleware:[31mvm [89] condition is not working!![0m
INFO:ftm.ftm_middleware:[47m[32mvm[90]STATUS OK[0m
INFO:ftm.fault_masking_mgr:[31mmigrating faulty VM [5][0m
INFO:ftm.fault_masking_mgr:[31mmigrating faulty VM [6][0m
INFO:ftm.fault_masking_mgr:[31mmigrating faulty VM [7][0m
INFO:ftm.fault_masking_mgr:[31mmigrating faulty VM [17][0m
INFO:ftm.fault_masking_mgr:[31mmigrating faulty VM [18][0m
INFO:ftm.fault_masking_mgr:[31mmigrating faulty VM [27][0m
INFO:ftm.fault_masking_mgr:[31mmigrating faulty VM [33][0m
INFO:ftm.fault_masking_mgr:[31mmigrating faulty VM [37][0m
INFO:ftm.fault_masking_mgr:[31mmigrating faulty VM [45][0m
INFO:ftm.fault_masking_mgr:[31mmigrating faulty VM [46][0m
INFO:ftm.fault_masking_mgr:[31mmigrating faulty VM [47][0m
INFO:ftm.fault_masking_mgr:[31mmigrating faulty VM [53][0m
INFO:ftm.fault_masking_mgr:[31mmigrating faulty VM [57][0m
INFO:ftm.fault_masking_mgr:[31mmigrating faulty VM [58][0m
INFO:ftm.fault_masking_mgr:[31mmigrating faulty VM [61][0m
INFO:ftm.fault_masking_mgr:[31mmigrating faulty VM [62][0m
INFO:ftm.fault_masking_mgr:[31mmigrating faulty VM [64][0m
INFO:ftm.fault_masking_mgr:[31mmigrating faulty VM [65][0m
INFO:ftm.fault_masking_mgr:[31mmigrating faulty VM [66][0m
INFO:ftm.fault_masking_mgr:[31mmigrating faulty VM [74][0m
INFO:ftm.fault_masking_mgr:[31mmigrating faulty VM [80][0m
INFO:ftm.fault_masking_mgr:[31mmigrating faulty VM [89][0m
DEBUG:ftm.server:[47m[34mon_host_allocation hit[0m
DEBUG:ftm.ftm_middleware:[47m[34mactivating vm[24][0m
INFO:ftm.ftm_middleware:vm[24] has been activated[0m
DEBUG:ftm.server:[47m[34mon_host_allocation hit[0m
DEBUG:ftm.ftm_middleware:[47m[34mactivating vm[84][0m
INFO:ftm.ftm_middleware:vm[84] has been activated[0m
{"id":"5","desc":"migration"}
21.0296875
{"id":"6","desc":"migration"}
21.0296875
{"id":"7","desc":"migration"}
21.0296875
{"id":"17","desc":"migration"}
21.0296875
{"id":"18","desc":"migration"}
21.0296875
{"id":"27","desc":"migration"}
21.0296875
{"id":"33","desc":"migration"}
21.0296875
{"id":"37","desc":"migration"}
21.0296875
{"id":"45","desc":"migration"}
21.0296875
{"id":"46","desc":"migration"}
21.0296875
{"id":"47","desc":"migration"}
21.0296875
{"id":"53","desc":"migration"}
21.0296875
{"id":"57","desc":"migration"}
21.0296875
{"id":"58","desc":"migration"}
21.0296875
{"id":"61","desc":"migration"}
21.0296875
{"id":"62","desc":"migration"}
21.0296875
{"id":"64","desc":"migration"}
21.0296875
{"id":"65","desc":"migration"}
21.0296875
{"id":"66","desc":"migration"}
21.0296875
{"id":"74","desc":"migration"}
21.0296875
{"id":"80","desc":"migration"}
21.0296875
{"id":"89","desc":"migration"}
21.0296875
INFO:ftm.ftm_middleware:[31mvm [1] condition is not working!![0m
INFO:ftm.ftm_middleware:[47m[32mvm[2]STATUS OK[0m
INFO:ftm.ftm_middleware:[47m[32mvm[3]STATUS OK[0m
INFO:ftm.ftm_middleware:[47m[32mvm[4]STATUS OK[0m
INFO:ftm.ftm_middleware:[31mvm [5] condition is not working!![0m
INFO:ftm.fault_masking_mgr:[31mmigrating faulty VM [1][0m
{"id":"1","desc":"migration"}
21.0296875
INFO:ftm.ftm_middleware:[31mvm [6] condition is not working!![0m
INFO:ftm.ftm_middleware:[31mvm [7] condition is not working!![0m
INFO:ftm.ftm_middleware:[47m[32mvm[8]STATUS OK[0m
INFO:ftm.ftm_middleware:[47m[32mvm[9]STATUS OK[0m
INFO:ftm.ftm_middleware:[47m[32mvm[10]STATUS OK[0m
INFO:ftm.ftm_middleware:[47m[32mvm[11]STATUS OK[0m
INFO:ftm.ftm_middleware:[31mvm [12] condition is not working!![0m
INFO:ftm.ftm_middleware:[31mvm [13] condition is not working!![0m
INFO:ftm.ftm_middleware:[47m[32mvm[14]STATUS OK[0m
INFO:ftm.ftm_middleware:[47m[32mvm[15]STATUS OK[0m
INFO:ftm.ftm_middleware:[47m[32mvm[16]STATUS OK[0m
INFO:ftm.ftm_middleware:[31mvm [17] condition is not working!![0m
INFO:ftm.ftm_middleware:[31mvm [18] condition is not working!![0m
INFO:ftm.ftm_middleware:[47m[32mvm[19]STATUS OK[0m
INFO:ftm.ftm_middleware:[47m[32mvm[20]STATUS OK[0m
INFO:ftm.ftm_middleware:[47m[32mvm[21]STATUS OK[0m
INFO:ftm.ftm_middleware:[47m[32mvm[22]STATUS OK[0m
INFO:ftm.ftm_middleware:[47m[32mvm[23]STATUS OK[0m
INFO:ftm.ftm_middleware:[47m[32mvm[24]STATUS OK[0m
INFO:ftm.ftm_middleware:[47m[32mvm[25]STATUS OK[0m
INFO:ftm.ftm_middleware:[47m[32mvm[26]STATUS OK[0m
INFO:ftm.ftm_middleware:[31mvm [27] condition is not working!![0m
INFO:ftm.ftm_middleware:[47m[32mvm[28]STATUS OK[0m
INFO:ftm.ftm_middleware:[47m[32mvm[29]STATUS OK[0m
INFO:ftm.ftm_middleware:[47m[32mvm[30]STATUS OK[0m
INFO:ftm.ftm_middleware:[47m[32mvm[31]STATUS OK[0m
INFO:ftm.ftm_middleware:[47m[32mvm[32]STATUS OK[0m
INFO:ftm.ftm_middleware:[31mvm [33] condition is not working!![0m
INFO:ftm.ftm_middleware:[47m[32mvm[34]STATUS OK[0m
INFO:ftm.ftm_middleware:[47m[32mvm[35]STATUS OK[0m
INFO:ftm.ftm_middleware:[31mvm [36] condition is not working!![0m
INFO:ftm.ftm_middleware:[31mvm [37] condition is not working!![0m
INFO:ftm.ftm_middleware:[31mvm [38] condition is not working!![0m
INFO:ftm.ftm_middleware:[47m[32mvm[39]STATUS OK[0m
INFO:ftm.ftm_middleware:[47m[32mvm[40]STATUS OK[0m
INFO:ftm.ftm_middleware:[47m[32mvm[41]STATUS OK[0m
INFO:ftm.ftm_middleware:[47m[32mvm[42]STATUS OK[0m
INFO:ftm.ftm_middleware:[47m[32mvm[43]STATUS OK[0m
INFO:ftm.ftm_middleware:[47m[32mvm[44]STATUS OK[0m
INFO:ftm.ftm_middleware:[31mvm [45] condition is not working!![0m
INFO:ftm.ftm_middleware:[31mvm [46] condition is not working!![0m
INFO:ftm.ftm_middleware:[31mvm [47] condition is not working!![0m
INFO:ftm.ftm_middleware:[47m[32mvm[48]STATUS OK[0m
INFO:ftm.ftm_middleware:[47m[32mvm[49]STATUS OK[0m
INFO:ftm.ftm_middleware:[47m[32mvm[50]STATUS OK[0m
INFO:ftm.ftm_middleware:[47m[32mvm[51]STATUS OK[0m
INFO:ftm.ftm_middleware:[31mvm [52] condition is not working!![0m
INFO:ftm.ftm_middleware:[31mvm [53] condition is not working!![0m
INFO:ftm.ftm_middleware:[47m[32mvm[54]STATUS OK[0m
INFO:ftm.ftm_middleware:[47m[32mvm[55]STATUS OK[0m
INFO:ftm.ftm_middleware:[47m[32mvm[56]STATUS OK[0m
INFO:ftm.ftm_middleware:[31mvm [57] condition is not working!![0m
INFO:ftm.ftm_middleware:[31mvm [58] condition is not working!![0m
INFO:ftm.ftm_middleware:[47m[32mvm[59]STATUS OK[0m
INFO:ftm.ftm_middleware:[31mvm [60] condition is not working!![0m
INFO:ftm.ftm_middleware:[31mvm [61] condition is not working!![0m
INFO:ftm.ftm_middleware:[31mvm [62] condition is not working!![0m
INFO:ftm.ftm_middleware:[47m[32mvm[63]STATUS OK[0m
INFO:ftm.ftm_middleware:[31mvm [64] condition is not working!![0m
INFO:ftm.ftm_middleware:[31mvm [65] condition is not working!![0m
INFO:ftm.ftm_middleware:[31mvm [66] condition is not working!![0m
INFO:ftm.ftm_middleware:[47m[32mvm[67]STATUS OK[0m
INFO:ftm.ftm_middleware:[47m[32mvm[68]STATUS OK[0m
INFO:ftm.ftm_middleware:[47m[32mvm[69]STATUS OK[0m
INFO:ftm.ftm_middleware:[47m[32mvm[70]STATUS OK[0m
INFO:ftm.ftm_middleware:[47m[32mvm[71]STATUS OK[0m
INFO:ftm.ftm_middleware:[47m[32mvm[72]STATUS OK[0m
INFO:ftm.ftm_middleware:[47m[32mvm[73]STATUS OK[0m
INFO:ftm.ftm_middleware:[31mvm [74] condition is not working!![0m
INFO:ftm.ftm_middleware:[47m[32mvm[75]STATUS OK[0m
INFO:ftm.ftm_middleware:[47m[32mvm[76]STATUS OK[0m
INFO:ftm.ftm_middleware:[31mvm [77] condition is not working!![0m
INFO:ftm.ftm_middleware:[47m[32mvm[78]STATUS OK[0m
INFO:ftm.ftm_middleware:[31mvm [79] condition is not working!![0m
INFO:ftm.ftm_middleware:[31mvm [80] condition is not working!![0m
INFO:ftm.ftm_middleware:[31mvm [81] condition is not working!![0m
INFO:ftm.ftm_middleware:[47m[32mvm[82]STATUS OK[0m
INFO:ftm.ftm_middleware:[31mvm [83] condition is not working!![0m
INFO:ftm.ftm_middleware:[47m[32mvm[84]STATUS OK[0m
INFO:ftm.ftm_middleware:[47m[32mvm[85]STATUS OK[0m
INFO:ftm.ftm_middleware:[47m[32mvm[86]STATUS OK[0m
INFO:ftm.ftm_middleware:[47m[32mvm[87]STATUS OK[0m
INFO:ftm.ftm_middleware:[31mvm [88] condition is not working!![0m
INFO:ftm.ftm_middleware:[31mvm [89] condition is not working!![0m
INFO:ftm.ftm_middleware:[47m[32mvm[90]STATUS OK[0m
INFO:ftm.ftm_middleware:[47m[32mvm[9]STATUS OK[0m
INFO:ftm.ftm_middleware:[47m[32mvm[25]STATUS OK[0m
INFO:ftm.ftm_middleware:[47m[32mvm[42]STATUS OK[0m
INFO:ftm.ftm_middleware:[47m[32mvm[67]STATUS OK[0m
INFO:ftm.ftm_middleware:[47m[32mvm[78]STATUS OK[0m
INFO:ftm.ftm_middleware:[31mvm [81] condition is not working!![0m
INFO:ftm.ftm_middleware:[31mvm [83] condition is not working!![0m
INFO:ftm.fault_masking_mgr:[31mmigrating faulty VM [36][0m
INFO:ftm.fault_masking_mgr:[31mmigrating faulty VM [79][0m
INFO:ftm.fault_masking_mgr:[31mmigrating faulty VM [81][0m
INFO:ftm.fault_masking_mgr:[31mmigrating faulty VM [83][0m
INFO:ftm.fault_masking_mgr:[31mmigrating faulty VM [81][0m
INFO:ftm.fault_masking_mgr:[31mmigrating faulty VM [83][0m
DEBUG:ftm.server:[47m[34mon_host_allocation hit[0m
DEBUG:ftm.ftm_middleware:[47m[34mactivating vm[13][0m
INFO:ftm.ftm_middleware:vm[13] has been activated[0m
DEBUG:ftm.server:[47m[34mon_host_allocation hit[0m
DEBUG:ftm.ftm_middleware:[47m[34mactivating vm[60][0m
INFO:ftm.ftm_middleware:vm[60] has been activated[0m
DEBUG:ftm.server:[47m[34mon_host_allocation hit[0m
DEBUG:ftm.ftm_middleware:[47m[34mactivating vm[77][0m
INFO:ftm.ftm_middleware:vm[77] has been activated[0m
{"id":"36","desc":"migration"}
22.00625
{"id":"79","desc":"migration"}
22.00625
{"id":"81","desc":"migration"}
22.00625
{"id":"83","desc":"migration"}
22.00625
{"id":"81","desc":"migration"}
22.00625
{"id":"83","desc":"migration"}
22.00625
INFO:ftm.ftm_middleware:[31mvm [1] condition is not working!![0m
INFO:ftm.ftm_middleware:[47m[32mvm[2]STATUS OK[0m
INFO:ftm.ftm_middleware:[47m[32mvm[3]STATUS OK[0m
INFO:ftm.ftm_middleware:[47m[32mvm[4]STATUS OK[0m
INFO:ftm.ftm_middleware:[31mvm [5] condition is not working!![0m
INFO:ftm.ftm_middleware:[31mvm [6] condition is not working!![0m
INFO:ftm.ftm_middleware:[31mvm [7] condition is not working!![0m
INFO:ftm.ftm_middleware:[47m[32mvm[8]STATUS OK[0m
INFO:ftm.ftm_middleware:[47m[32mvm[9]STATUS OK[0m
INFO:ftm.ftm_middleware:[47m[32mvm[10]STATUS OK[0m
INFO:ftm.ftm_middleware:[47m[32mvm[11]STATUS OK[0m
INFO:ftm.ftm_middleware:[31mvm [12] condition is not working!![0m
INFO:ftm.ftm_middleware:[47m[32mvm[13]STATUS OK[0m
INFO:ftm.ftm_middleware:[47m[32mvm[14]STATUS OK[0m
INFO:ftm.ftm_middleware:[47m[32mvm[15]STATUS OK[0m
INFO:ftm.ftm_middleware:[47m[32mvm[16]STATUS OK[0m
INFO:ftm.ftm_middleware:[31mvm [17] condition is not working!![0m
INFO:ftm.ftm_middleware:[31mvm [18] condition is not working!![0m
INFO:ftm.ftm_middleware:[47m[32mvm[19]STATUS OK[0m
INFO:ftm.ftm_middleware:[47m[32mvm[20]STATUS OK[0m
INFO:ftm.ftm_middleware:[47m[32mvm[21]STATUS OK[0m
INFO:ftm.ftm_middleware:[47m[32mvm[22]STATUS OK[0m
INFO:ftm.ftm_middleware:[47m[32mvm[23]STATUS OK[0m
INFO:ftm.ftm_middleware:[47m[32mvm[24]STATUS OK[0m
INFO:ftm.ftm_middleware:[47m[32mvm[25]STATUS OK[0m
INFO:ftm.ftm_middleware:[47m[32mvm[26]STATUS OK[0m
INFO:ftm.ftm_middleware:[31mvm [27] condition is not working!![0m
INFO:ftm.ftm_middleware:[47m[32mvm[28]STATUS OK[0m
INFO:ftm.ftm_middleware:[47m[32mvm[29]STATUS OK[0m
INFO:ftm.ftm_middleware:[47m[32mvm[30]STATUS OK[0m
INFO:ftm.ftm_middleware:[47m[32mvm[31]STATUS OK[0m
INFO:ftm.ftm_middleware:[47m[32mvm[32]STATUS OK[0m
INFO:ftm.ftm_middleware:[31mvm [33] condition is not working!![0m
INFO:ftm.ftm_middleware:[31mvm [34] condition is not working!![0m
INFO:ftm.ftm_middleware:[47m[32mvm[35]STATUS OK[0m
INFO:ftm.ftm_middleware:[31mvm [36] condition is not working!![0m
INFO:ftm.ftm_middleware:[31mvm [37] condition is not working!![0m
INFO:ftm.ftm_middleware:[31mvm [38] condition is not working!![0m
INFO:ftm.ftm_middleware:[47m[32mvm[39]STATUS OK[0m
INFO:ftm.ftm_middleware:[47m[32mvm[40]STATUS OK[0m
INFO:ftm.ftm_middleware:[47m[32mvm[41]STATUS OK[0m
INFO:ftm.ftm_middleware:[47m[32mvm[42]STATUS OK[0m
INFO:ftm.ftm_middleware:[47m[32mvm[43]STATUS OK[0m
INFO:ftm.ftm_middleware:[47m[32mvm[44]STATUS OK[0m
INFO:ftm.ftm_middleware:[31mvm [45] condition is not working!![0m
INFO:ftm.ftm_middleware:[31mvm [46] condition is not working!![0m
INFO:ftm.ftm_middleware:[31mvm [47] condition is not working!![0m
INFO:ftm.ftm_middleware:[47m[32mvm[48]STATUS OK[0m
INFO:ftm.ftm_middleware:[47m[32mvm[49]STATUS OK[0m
INFO:ftm.ftm_middleware:[47m[32mvm[50]STATUS OK[0m
INFO:ftm.ftm_middleware:[47m[32mvm[51]STATUS OK[0m
INFO:ftm.ftm_middleware:[31mvm [52] condition is not working!![0m
INFO:ftm.ftm_middleware:[31mvm [53] condition is not working!![0m
INFO:ftm.ftm_middleware:[47m[32mvm[54]STATUS OK[0m
INFO:ftm.ftm_middleware:[47m[32mvm[55]STATUS OK[0m
INFO:ftm.ftm_middleware:[31mvm [56] condition is not working!![0m
INFO:ftm.ftm_middleware:[31mvm [57] condition is not working!![0m
INFO:ftm.ftm_middleware:[31mvm [58] condition is not working!![0m
INFO:ftm.ftm_middleware:[47m[32mvm[59]STATUS OK[0m
INFO:ftm.ftm_middleware:[47m[32mvm[60]STATUS OK[0m
INFO:ftm.ftm_middleware:[31mvm [61] condition is not working!![0m
INFO:ftm.ftm_middleware:[31mvm [62] condition is not working!![0m
INFO:ftm.ftm_middleware:[47m[32mvm[63]STATUS OK[0m
INFO:ftm.ftm_middleware:[31mvm [64] condition is not working!![0m
INFO:ftm.ftm_middleware:[31mvm [65] condition is not working!![0m
INFO:ftm.ftm_middleware:[31mvm [66] condition is not working!![0m
INFO:ftm.ftm_middleware:[47m[32mvm[67]STATUS OK[0m
INFO:ftm.ftm_middleware:[47m[32mvm[68]STATUS OK[0m
INFO:ftm.ftm_middleware:[47m[32mvm[69]STATUS OK[0m
INFO:ftm.ftm_middleware:[47m[32mvm[70]STATUS OK[0m
INFO:ftm.ftm_middleware:[31mvm [71] condition is not working!![0m
INFO:ftm.ftm_middleware:[47m[32mvm[72]STATUS OK[0m
INFO:ftm.ftm_middleware:[47m[32mvm[73]STATUS OK[0m
INFO:ftm.ftm_middleware:[31mvm [74] condition is not working!![0m
INFO:ftm.ftm_middleware:[47m[32mvm[75]STATUS OK[0m
INFO:ftm.ftm_middleware:[47m[32mvm[76]STATUS OK[0m
INFO:ftm.ftm_middleware:[47m[32mvm[77]STATUS OK[0m
INFO:ftm.ftm_middleware:[47m[32mvm[78]STATUS OK[0m
INFO:ftm.ftm_middleware:[31mvm [79] condition is not working!![0m
INFO:ftm.ftm_middleware:[31mvm [80] condition is not working!![0m
INFO:ftm.ftm_middleware:[31mvm [81] condition is not working!![0m
INFO:ftm.ftm_middleware:[47m[32mvm[82]STATUS OK[0m
INFO:ftm.ftm_middleware:[31mvm [83] condition is not working!![0m
INFO:ftm.ftm_middleware:[47m[32mvm[84]STATUS OK[0m
INFO:ftm.ftm_middleware:[47m[32mvm[85]STATUS OK[0m
INFO:ftm.ftm_middleware:[47m[32mvm[86]STATUS OK[0m
INFO:ftm.ftm_middleware:[47m[32mvm[87]STATUS OK[0m
INFO:ftm.ftm_middleware:[31mvm [88] condition is not working!![0m
INFO:ftm.ftm_middleware:[31mvm [89] condition is not working!![0m
INFO:ftm.ftm_middleware:[47m[32mvm[90]STATUS OK[0m
INFO:ftm.ftm_middleware:[47m[32mvm[9]STATUS OK[0m
INFO:ftm.ftm_middleware:[47m[32mvm[25]STATUS OK[0m
INFO:ftm.ftm_middleware:[47m[32mvm[42]STATUS OK[0m
INFO:ftm.ftm_middleware:[47m[32mvm[67]STATUS OK[0m
INFO:ftm.ftm_middleware:[47m[32mvm[78]STATUS OK[0m
INFO:ftm.ftm_middleware:[31mvm [81] condition is not working!![0m
INFO:ftm.ftm_middleware:[31mvm [83] condition is not working!![0m
INFO:ftm.ftm_middleware:[47m[32mvm[24]STATUS OK[0m
INFO:ftm.ftm_middleware:[47m[32mvm[84]STATUS OK[0m
INFO:ftm.fault_masking_mgr:[31mmigrating faulty VM [34][0m
INFO:ftm.fault_masking_mgr:[31mmigrating faulty VM [56][0m
INFO:ftm.fault_masking_mgr:[31mmigrating faulty VM [71][0m
DEBUG:ftm.server:[47m[34mon_host_allocation hit[0m
DEBUG:ftm.ftm_middleware:[47m[34mactivating vm[6][0m
INFO:ftm.ftm_middleware:vm[6] has been activated[0m
DEBUG:ftm.server:[47m[34mon_host_allocation hit[0m
DEBUG:ftm.ftm_middleware:[47m[34mactivating vm[7][0m
INFO:ftm.ftm_middleware:vm[7] has been activated[0m
DEBUG:ftm.server:[47m[34mon_host_allocation hit[0m
DEBUG:ftm.ftm_middleware:[47m[34mactivating vm[17][0m
INFO:ftm.ftm_middleware:vm[17] has been activated[0m
DEBUG:ftm.server:[47m[34mon_host_allocation hit[0m
DEBUG:ftm.ftm_middleware:[47m[34mactivating vm[18][0m
INFO:ftm.ftm_middleware:vm[18] has been activated[0m
DEBUG:ftm.server:[47m[34mon_host_allocation hit[0m
DEBUG:ftm.ftm_middleware:[47m[34mactivating vm[27][0m
INFO:ftm.ftm_middleware:vm[27] has been activated[0m
DEBUG:ftm.server:[47m[34mon_host_allocation hit[0m
DEBUG:ftm.ftm_middleware:[47m[34mactivating vm[33][0m
INFO:ftm.ftm_middleware:vm[33] has been activated[0m
DEBUG:ftm.server:[47m[34mon_host_allocation hit[0m
DEBUG:ftm.ftm_middleware:[47m[34mactivating vm[37][0m
INFO:ftm.ftm_middleware:vm[37] has been activated[0m
DEBUG:ftm.server:[47m[34mon_host_allocation hit[0m
DEBUG:ftm.ftm_middleware:[47m[34mactivating vm[45][0m
INFO:ftm.ftm_middleware:vm[45] has been activated[0m
DEBUG:ftm.server:[47m[34mon_host_allocation hit[0m
DEBUG:ftm.server:[47m[34mon_host_allocation hit[0m
DEBUG:ftm.ftm_middleware:[47m[34mactivating vm[47][0m
INFO:ftm.ftm_middleware:vm[47] has been activated[0m
DEBUG:ftm.ftm_middleware:[47m[34mactivating vm[53][0m
INFO:ftm.ftm_middleware:vm[53] has been activated[0m
DEBUG:ftm.server:[47m[34mon_host_allocation hit[0m
DEBUG:ftm.server:[47m[34mon_host_allocation hit[0m
DEBUG:ftm.ftm_middleware:[47m[34mactivating vm[58][0m
INFO:ftm.ftm_middleware:vm[58] has been activated[0m
DEBUG:ftm.ftm_middleware:[47m[34mactivating vm[62][0m
INFO:ftm.ftm_middleware:vm[62] has been activated[0m
DEBUG:ftm.server:[47m[34mon_host_allocation hit[0m
DEBUG:ftm.ftm_middleware:[47m[34mactivating vm[65][0m
INFO:ftm.ftm_middleware:vm[65] has been activated[0m
DEBUG:ftm.server:[47m[34mon_host_allocation hit[0m
{"id":"34","desc":"migration"}
22.9828125
{"id":"56","desc":"migration"}
22.9828125
{"id":"71","desc":"migration"}
22.9828125
DEBUG:ftm.ftm_middleware:[47m[34mactivating vm[66][0m
INFO:ftm.ftm_middleware:vm[66] has been activated[0m
DEBUG:ftm.server:[47m[34mon_host_allocation hit[0m
DEBUG:ftm.server:[47m[34mon_host_allocation hit[0m
DEBUG:ftm.server:[47m[34mon_host_allocation hit[0m
DEBUG:ftm.ftm_middleware:[47m[34mactivating vm[74][0m
INFO:ftm.ftm_middleware:vm[74] has been activated[0m
DEBUG:ftm.ftm_middleware:[47m[34mactivating vm[80][0m
INFO:ftm.ftm_middleware:vm[80] has been activated[0m
DEBUG:ftm.ftm_middleware:[47m[34mactivating vm[89][0m
INFO:ftm.ftm_middleware:vm[89] has been activated[0m
INFO:ftm.ftm_middleware:[31mvm [1] condition is not working!![0m
INFO:ftm.ftm_middleware:[47m[32mvm[2]STATUS OK[0m
INFO:ftm.ftm_middleware:[47m[32mvm[3]STATUS OK[0m
INFO:ftm.ftm_middleware:[47m[32mvm[4]STATUS OK[0m
INFO:ftm.ftm_middleware:[31mvm [5] condition is not working!![0m
INFO:ftm.ftm_middleware:[47m[32mvm[6]STATUS OK[0m
INFO:ftm.ftm_middleware:[47m[32mvm[7]STATUS OK[0m
INFO:ftm.ftm_middleware:[47m[32mvm[8]STATUS OK[0m
INFO:ftm.ftm_middleware:[47m[32mvm[9]STATUS OK[0m
INFO:ftm.ftm_middleware:[47m[32mvm[10]STATUS OK[0m
INFO:ftm.ftm_middleware:[47m[32mvm[11]STATUS OK[0m
INFO:ftm.ftm_middleware:[31mvm [12] condition is not working!![0m
INFO:ftm.ftm_middleware:[47m[32mvm[13]STATUS OK[0m
INFO:ftm.ftm_middleware:[47m[32mvm[14]STATUS OK[0m
INFO:ftm.ftm_middleware:[47m[32mvm[15]STATUS OK[0m
INFO:ftm.ftm_middleware:[47m[32mvm[16]STATUS OK[0m
INFO:ftm.ftm_middleware:[47m[32mvm[17]STATUS OK[0m
INFO:ftm.ftm_middleware:[47m[32mvm[18]STATUS OK[0m
INFO:ftm.ftm_middleware:[47m[32mvm[19]STATUS OK[0m
INFO:ftm.ftm_middleware:[47m[32mvm[20]STATUS OK[0m
INFO:ftm.ftm_middleware:[47m[32mvm[21]STATUS OK[0m
INFO:ftm.ftm_middleware:[47m[32mvm[22]STATUS OK[0m
INFO:ftm.ftm_middleware:[47m[32mvm[23]STATUS OK[0m
INFO:ftm.ftm_middleware:[47m[32mvm[24]STATUS OK[0m
INFO:ftm.ftm_middleware:[47m[32mvm[25]STATUS OK[0m
INFO:ftm.ftm_middleware:[47m[32mvm[26]STATUS OK[0m
INFO:ftm.ftm_middleware:[47m[32mvm[27]STATUS OK[0m
INFO:ftm.ftm_middleware:[47m[32mvm[28]STATUS OK[0m
INFO:ftm.ftm_middleware:[47m[32mvm[29]STATUS OK[0m
INFO:ftm.ftm_middleware:[47m[32mvm[30]STATUS OK[0m
INFO:ftm.ftm_middleware:[47m[32mvm[31]STATUS OK[0m
INFO:ftm.ftm_middleware:[47m[32mvm[32]STATUS OK[0m
INFO:ftm.ftm_middleware:[47m[32mvm[33]STATUS OK[0m
INFO:ftm.ftm_middleware:[31mvm [34] condition is not working!![0m
INFO:ftm.ftm_middleware:[47m[32mvm[35]STATUS OK[0m
INFO:ftm.ftm_middleware:[31mvm [36] condition is not working!![0m
INFO:ftm.ftm_middleware:[47m[32mvm[37]STATUS OK[0m
INFO:ftm.ftm_middleware:[31mvm [38] condition is not working!![0m
INFO:ftm.ftm_middleware:[47m[32mvm[39]STATUS OK[0m
INFO:ftm.ftm_middleware:[47m[32mvm[40]STATUS OK[0m
INFO:ftm.ftm_middleware:[47m[32mvm[41]STATUS OK[0m
INFO:ftm.ftm_middleware:[47m[32mvm[42]STATUS OK[0m
INFO:ftm.ftm_middleware:[47m[32mvm[43]STATUS OK[0m
INFO:ftm.ftm_middleware:[47m[32mvm[44]STATUS OK[0m
INFO:ftm.ftm_middleware:[47m[32mvm[45]STATUS OK[0m
INFO:ftm.ftm_middleware:[31mvm [46] condition is not working!![0m
INFO:ftm.ftm_middleware:[47m[32mvm[47]STATUS OK[0m
INFO:ftm.ftm_middleware:[47m[32mvm[48]STATUS OK[0m
INFO:ftm.ftm_middleware:[47m[32mvm[49]STATUS OK[0m
INFO:ftm.ftm_middleware:[47m[32mvm[50]STATUS OK[0m
INFO:ftm.ftm_middleware:[47m[32mvm[51]STATUS OK[0m
INFO:ftm.ftm_middleware:[31mvm [52] condition is not working!![0m
INFO:ftm.ftm_middleware:[47m[32mvm[53]STATUS OK[0m
INFO:ftm.ftm_middleware:[47m[32mvm[54]STATUS OK[0m
INFO:ftm.ftm_middleware:[47m[32mvm[55]STATUS OK[0m
INFO:ftm.ftm_middleware:[31mvm [56] condition is not working!![0m
INFO:ftm.ftm_middleware:[31mvm [57] condition is not working!![0m
INFO:ftm.ftm_middleware:[47m[32mvm[58]STATUS OK[0m
INFO:ftm.ftm_middleware:[47m[32mvm[59]STATUS OK[0m
INFO:ftm.ftm_middleware:[47m[32mvm[60]STATUS OK[0m
INFO:ftm.ftm_middleware:[31mvm [61] condition is not working!![0m
INFO:ftm.ftm_middleware:[47m[32mvm[62]STATUS OK[0m
INFO:ftm.ftm_middleware:[47m[32mvm[63]STATUS OK[0m
INFO:ftm.ftm_middleware:[31mvm [64] condition is not working!![0m
INFO:ftm.ftm_middleware:[47m[32mvm[65]STATUS OK[0m
INFO:ftm.ftm_middleware:[47m[32mvm[66]STATUS OK[0m
INFO:ftm.ftm_middleware:[47m[32mvm[67]STATUS OK[0m
INFO:ftm.ftm_middleware:[47m[32mvm[68]STATUS OK[0m
INFO:ftm.ftm_middleware:[47m[32mvm[69]STATUS OK[0m
INFO:ftm.ftm_middleware:[47m[32mvm[70]STATUS OK[0m
INFO:ftm.ftm_middleware:[31mvm [71] condition is not working!![0m
INFO:ftm.ftm_middleware:[47m[32mvm[72]STATUS OK[0m
INFO:ftm.ftm_middleware:[47m[32mvm[73]STATUS OK[0m
INFO:ftm.ftm_middleware:[47m[32mvm[74]STATUS OK[0m
INFO:ftm.ftm_middleware:[47m[32mvm[75]STATUS OK[0m
INFO:ftm.ftm_middleware:[47m[32mvm[76]STATUS OK[0m
INFO:ftm.ftm_middleware:[47m[32mvm[77]STATUS OK[0m
INFO:ftm.ftm_middleware:[47m[32mvm[78]STATUS OK[0m
INFO:ftm.ftm_middleware:[31mvm [79] condition is not working!![0m
INFO:ftm.ftm_middleware:[47m[32mvm[80]STATUS OK[0m
INFO:ftm.ftm_middleware:[31mvm [81] condition is not working!![0m
INFO:ftm.ftm_middleware:[47m[32mvm[82]STATUS OK[0m
INFO:ftm.ftm_middleware:[31mvm [83] condition is not working!![0m
INFO:ftm.ftm_middleware:[47m[32mvm[84]STATUS OK[0m
INFO:ftm.ftm_middleware:[47m[32mvm[85]STATUS OK[0m
INFO:ftm.ftm_middleware:[47m[32mvm[86]STATUS OK[0m
INFO:ftm.ftm_middleware:[47m[32mvm[87]STATUS OK[0m
INFO:ftm.ftm_middleware:[31mvm [88] condition is not working!![0m
INFO:ftm.ftm_middleware:[47m[32mvm[89]STATUS OK[0m
INFO:ftm.ftm_middleware:[47m[32mvm[90]STATUS OK[0m
INFO:ftm.ftm_middleware:[47m[32mvm[9]STATUS OK[0m
INFO:ftm.ftm_middleware:[47m[32mvm[25]STATUS OK[0m
INFO:ftm.ftm_middleware:[47m[32mvm[42]STATUS OK[0m
INFO:ftm.ftm_middleware:[47m[32mvm[67]STATUS OK[0m
INFO:ftm.ftm_middleware:[47m[32mvm[78]STATUS OK[0m
INFO:ftm.ftm_middleware:[31mvm [81] condition is not working!![0m
INFO:ftm.ftm_middleware:[31mvm [83] condition is not working!![0m
INFO:ftm.ftm_middleware:[47m[32mvm[24]STATUS OK[0m
INFO:ftm.ftm_middleware:[47m[32mvm[84]STATUS OK[0m
INFO:ftm.ftm_middleware:[47m[32mvm[13]STATUS OK[0m
INFO:ftm.ftm_middleware:[47m[32mvm[60]STATUS OK[0m
INFO:ftm.ftm_middleware:[47m[32mvm[77]STATUS OK[0m
INFO:ftm.fault_masking_mgr:[31mmigrating faulty VM [52][0m
DEBUG:ftm.server:[47m[34mon_host_allocation hit[0m
DEBUG:ftm.ftm_middleware:[47m[34mactivating vm[81][0m
INFO:ftm.ftm_middleware:vm[81] has been activated[0m
DEBUG:ftm.server:[47m[34mon_host_allocation hit[0m
DEBUG:ftm.ftm_middleware:[47m[34mactivating vm[83][0m
INFO:ftm.ftm_middleware:vm[83] has been activated[0m
DEBUG:ftm.server:[47m[34mon_host_allocation hit[0m
DEBUG:ftm.ftm_middleware:[47m[34mactivating vm[81][0m
INFO:ftm.ftm_middleware:vm[81] has been activated[0m
{"id":"52","desc":"migration"}
23.959375
INFO:ftm.ftm_middleware:[31mvm [1] condition is not working!![0m
INFO:ftm.ftm_middleware:[47m[32mvm[2]STATUS OK[0m
INFO:ftm.ftm_middleware:[47m[32mvm[3]STATUS OK[0m
INFO:ftm.ftm_middleware:[47m[32mvm[4]STATUS OK[0m
INFO:ftm.ftm_middleware:[31mvm [5] condition is not working!![0m
INFO:ftm.ftm_middleware:[47m[32mvm[6]STATUS OK[0m
INFO:ftm.ftm_middleware:[47m[32mvm[7]STATUS OK[0m
INFO:ftm.ftm_middleware:[47m[32mvm[8]STATUS OK[0m
INFO:ftm.ftm_middleware:[47m[32mvm[9]STATUS OK[0m
INFO:ftm.ftm_middleware:[47m[32mvm[10]STATUS OK[0m
INFO:ftm.ftm_middleware:[47m[32mvm[11]STATUS OK[0m
INFO:ftm.ftm_middleware:[31mvm [12] condition is not working!![0m
INFO:ftm.ftm_middleware:[47m[32mvm[13]STATUS OK[0m
INFO:ftm.ftm_middleware:[47m[32mvm[14]STATUS OK[0m
INFO:ftm.ftm_middleware:[47m[32mvm[15]STATUS OK[0m
INFO:ftm.ftm_middleware:[47m[32mvm[16]STATUS OK[0m
INFO:ftm.ftm_middleware:[47m[32mvm[17]STATUS OK[0m
INFO:ftm.ftm_middleware:[31mvm [18] condition is not working!![0m
INFO:ftm.ftm_middleware:[47m[32mvm[19]STATUS OK[0m
INFO:ftm.ftm_middleware:[47m[32mvm[20]STATUS OK[0m
INFO:ftm.ftm_middleware:[47m[32mvm[21]STATUS OK[0m
INFO:ftm.ftm_middleware:[47m[32mvm[22]STATUS OK[0m
INFO:ftm.ftm_middleware:[47m[32mvm[23]STATUS OK[0m
INFO:ftm.ftm_middleware:[47m[32mvm[24]STATUS OK[0m
INFO:ftm.ftm_middleware:[47m[32mvm[25]STATUS OK[0m
INFO:ftm.ftm_middleware:[47m[32mvm[26]STATUS OK[0m
INFO:ftm.ftm_middleware:[47m[32mvm[27]STATUS OK[0m
INFO:ftm.ftm_middleware:[47m[32mvm[28]STATUS OK[0m
INFO:ftm.ftm_middleware:[47m[32mvm[29]STATUS OK[0m
INFO:ftm.ftm_middleware:[47m[32mvm[30]STATUS OK[0m
INFO:ftm.ftm_middleware:[47m[32mvm[31]STATUS OK[0m
INFO:ftm.ftm_middleware:[47m[32mvm[32]STATUS OK[0m
INFO:ftm.ftm_middleware:[47m[32mvm[33]STATUS OK[0m
INFO:ftm.ftm_middleware:[31mvm [34] condition is not working!![0m
INFO:ftm.ftm_middleware:[47m[32mvm[35]STATUS OK[0m
INFO:ftm.ftm_middleware:[31mvm [36] condition is not working!![0m
INFO:ftm.ftm_middleware:[47m[32mvm[37]STATUS OK[0m
INFO:ftm.ftm_middleware:[31mvm [38] condition is not working!![0m
INFO:ftm.ftm_middleware:[47m[32mvm[39]STATUS OK[0m
INFO:ftm.ftm_middleware:[47m[32mvm[40]STATUS OK[0m
INFO:ftm.ftm_middleware:[47m[32mvm[41]STATUS OK[0m
INFO:ftm.ftm_middleware:[47m[32mvm[42]STATUS OK[0m
INFO:ftm.ftm_middleware:[47m[32mvm[43]STATUS OK[0m
INFO:ftm.ftm_middleware:[31mvm [44] condition is not working!![0m
INFO:ftm.ftm_middleware:[47m[32mvm[45]STATUS OK[0m
INFO:ftm.ftm_middleware:[31mvm [46] condition is not working!![0m
INFO:ftm.ftm_middleware:[47m[32mvm[47]STATUS OK[0m
INFO:ftm.ftm_middleware:[47m[32mvm[48]STATUS OK[0m
INFO:ftm.ftm_middleware:[47m[32mvm[49]STATUS OK[0m
INFO:ftm.ftm_middleware:[47m[32mvm[50]STATUS OK[0m
INFO:ftm.ftm_middleware:[47m[32mvm[51]STATUS OK[0m
INFO:ftm.ftm_middleware:[31mvm [52] condition is not working!![0m
INFO:ftm.ftm_middleware:[31mvm [53] condition is not working!![0m
INFO:ftm.ftm_middleware:[47m[32mvm[54]STATUS OK[0m
INFO:ftm.ftm_middleware:[31mvm [55] condition is not working!![0m
INFO:ftm.ftm_middleware:[31mvm [56] condition is not working!![0m
INFO:ftm.ftm_middleware:[31mvm [57] condition is not working!![0m
INFO:ftm.ftm_middleware:[31mvm [58] condition is not working!![0m
INFO:ftm.ftm_middleware:[47m[32mvm[59]STATUS OK[0m
INFO:ftm.ftm_middleware:[47m[32mvm[60]STATUS OK[0m
INFO:ftm.ftm_middleware:[31mvm [61] condition is not working!![0m
INFO:ftm.ftm_middleware:[47m[32mvm[62]STATUS OK[0m
INFO:ftm.ftm_middleware:[47m[32mvm[63]STATUS OK[0m
INFO:ftm.ftm_middleware:[31mvm [64] condition is not working!![0m
INFO:ftm.ftm_middleware:[47m[32mvm[65]STATUS OK[0m
INFO:ftm.ftm_middleware:[47m[32mvm[66]STATUS OK[0m
INFO:ftm.ftm_middleware:[47m[32mvm[67]STATUS OK[0m
INFO:ftm.ftm_middleware:[47m[32mvm[68]STATUS OK[0m
INFO:ftm.ftm_middleware:[47m[32mvm[69]STATUS OK[0m
INFO:ftm.ftm_middleware:[47m[32mvm[70]STATUS OK[0m
INFO:ftm.ftm_middleware:[31mvm [71] condition is not working!![0m
INFO:ftm.ftm_middleware:[47m[32mvm[72]STATUS OK[0m
INFO:ftm.ftm_middleware:[47m[32mvm[73]STATUS OK[0m
INFO:ftm.ftm_middleware:[47m[32mvm[74]STATUS OK[0m
INFO:ftm.ftm_middleware:[47m[32mvm[75]STATUS OK[0m
INFO:ftm.ftm_middleware:[47m[32mvm[76]STATUS OK[0m
INFO:ftm.ftm_middleware:[31mvm [77] condition is not working!![0m
INFO:ftm.ftm_middleware:[47m[32mvm[78]STATUS OK[0m
INFO:ftm.ftm_middleware:[31mvm [79] condition is not working!![0m
INFO:ftm.ftm_middleware:[47m[32mvm[80]STATUS OK[0m
INFO:ftm.ftm_middleware:[47m[32mvm[81]STATUS OK[0m
INFO:ftm.ftm_middleware:[47m[32mvm[82]STATUS OK[0m
INFO:ftm.ftm_middleware:[47m[32mvm[83]STATUS OK[0m
INFO:ftm.ftm_middleware:[47m[32mvm[84]STATUS OK[0m
INFO:ftm.ftm_middleware:[47m[32mvm[85]STATUS OK[0m
INFO:ftm.ftm_middleware:[47m[32mvm[86]STATUS OK[0m
INFO:ftm.ftm_middleware:[47m[32mvm[87]STATUS OK[0m
INFO:ftm.ftm_middleware:[31mvm [88] condition is not working!![0m
INFO:ftm.ftm_middleware:[47m[32mvm[89]STATUS OK[0m
INFO:ftm.ftm_middleware:[31mvm [90] condition is not working!![0m
INFO:ftm.ftm_middleware:[47m[32mvm[9]STATUS OK[0m
INFO:ftm.ftm_middleware:[47m[32mvm[25]STATUS OK[0m
INFO:ftm.ftm_middleware:[47m[32mvm[42]STATUS OK[0m
INFO:ftm.ftm_middleware:[47m[32mvm[67]STATUS OK[0m
INFO:ftm.ftm_middleware:[47m[32mvm[78]STATUS OK[0m
INFO:ftm.ftm_middleware:[47m[32mvm[81]STATUS OK[0m
INFO:ftm.ftm_middleware:[47m[32mvm[83]STATUS OK[0m
INFO:ftm.ftm_middleware:[47m[32mvm[24]STATUS OK[0m
INFO:ftm.ftm_middleware:[47m[32mvm[84]STATUS OK[0m
INFO:ftm.ftm_middleware:[47m[32mvm[13]STATUS OK[0m
INFO:ftm.ftm_middleware:[47m[32mvm[60]STATUS OK[0m
INFO:ftm.ftm_middleware:[31mvm [77] condition is not working!![0m
INFO:ftm.ftm_middleware:[47m[32mvm[6]STATUS OK[0m
INFO:ftm.ftm_middleware:[47m[32mvm[7]STATUS OK[0m
INFO:ftm.ftm_middleware:[47m[32mvm[17]STATUS OK[0m
INFO:ftm.ftm_middleware:[31mvm [18] condition is not working!![0m
INFO:ftm.ftm_middleware:[47m[32mvm[27]STATUS OK[0m
INFO:ftm.ftm_middleware:[47m[32mvm[33]STATUS OK[0m
INFO:ftm.ftm_middleware:[47m[32mvm[37]STATUS OK[0m
INFO:ftm.ftm_middleware:[47m[32mvm[45]STATUS OK[0m
INFO:ftm.ftm_middleware:[47m[32mvm[47]STATUS OK[0m
INFO:ftm.ftm_middleware:[31mvm [53] condition is not working!![0m
INFO:ftm.ftm_middleware:[31mvm [58] condition is not working!![0m
INFO:ftm.ftm_middleware:[47m[32mvm[62]STATUS OK[0m
INFO:ftm.ftm_middleware:[47m[32mvm[65]STATUS OK[0m
INFO:ftm.ftm_middleware:[47m[32mvm[66]STATUS OK[0m
INFO:ftm.ftm_middleware:[47m[32mvm[74]STATUS OK[0m
INFO:ftm.ftm_middleware:[47m[32mvm[80]STATUS OK[0m
INFO:ftm.ftm_middleware:[47m[32mvm[89]STATUS OK[0m
INFO:ftm.ftm_middleware:[31mvm [1] condition is not working!![0m
INFO:ftm.ftm_middleware:[47m[32mvm[2]STATUS OK[0m
INFO:ftm.ftm_middleware:[47m[32mvm[3]STATUS OK[0m
INFO:ftm.ftm_middleware:[47m[32mvm[4]STATUS OK[0m
INFO:ftm.ftm_middleware:[31mvm [5] condition is not working!![0m
INFO:ftm.ftm_middleware:[47m[32mvm[6]STATUS OK[0m
INFO:ftm.ftm_middleware:[47m[32mvm[7]STATUS OK[0m
INFO:ftm.ftm_middleware:[47m[32mvm[8]STATUS OK[0m
INFO:ftm.ftm_middleware:[47m[32mvm[9]STATUS OK[0m
INFO:ftm.ftm_middleware:[47m[32mvm[10]STATUS OK[0m
INFO:ftm.ftm_middleware:[47m[32mvm[11]STATUS OK[0m
INFO:ftm.ftm_middleware:[31mvm [12] condition is not working!![0m
INFO:ftm.ftm_middleware:[47m[32mvm[13]STATUS OK[0m
INFO:ftm.ftm_middleware:[47m[32mvm[14]STATUS OK[0m
INFO:ftm.ftm_middleware:[47m[32mvm[15]STATUS OK[0m
INFO:ftm.ftm_middleware:[47m[32mvm[16]STATUS OK[0m
INFO:ftm.ftm_middleware:[47m[32mvm[17]STATUS OK[0m
INFO:ftm.ftm_middleware:[31mvm [18] condition is not working!![0m
INFO:ftm.ftm_middleware:[47m[32mvm[19]STATUS OK[0m
INFO:ftm.ftm_middleware:[47m[32mvm[20]STATUS OK[0m
INFO:ftm.ftm_middleware:[47m[32mvm[21]STATUS OK[0m
INFO:ftm.ftm_middleware:[47m[32mvm[22]STATUS OK[0m
INFO:ftm.ftm_middleware:[47m[32mvm[23]STATUS OK[0m
INFO:ftm.ftm_middleware:[47m[32mvm[24]STATUS OK[0m
INFO:ftm.fault_masking_mgr:[31mmigrating faulty VM [18][0m
INFO:ftm.fault_masking_mgr:[31mmigrating faulty VM [44][0m
INFO:ftm.fault_masking_mgr:[31mmigrating faulty VM [53][0m
INFO:ftm.fault_masking_mgr:[31mmigrating faulty VM [55][0m
INFO:ftm.fault_masking_mgr:[31mmigrating faulty VM [58][0m
INFO:ftm.ftm_middleware:[47m[32mvm[25]STATUS OK[0m
INFO:ftm.ftm_middleware:[47m[32mvm[26]STATUS OK[0m
INFO:ftm.ftm_middleware:[47m[32mvm[27]STATUS OK[0m
INFO:ftm.ftm_middleware:[47m[32mvm[28]STATUS OK[0m
INFO:ftm.ftm_middleware:[47m[32mvm[29]STATUS OK[0m
INFO:ftm.ftm_middleware:[47m[32mvm[30]STATUS OK[0m
INFO:ftm.ftm_middleware:[47m[32mvm[31]STATUS OK[0m
INFO:ftm.ftm_middleware:[47m[32mvm[32]STATUS OK[0m
INFO:ftm.ftm_middleware:[47m[32mvm[33]STATUS OK[0m
INFO:ftm.ftm_middleware:[31mvm [34] condition is not working!![0m
INFO:ftm.ftm_middleware:[47m[32mvm[35]STATUS OK[0m
INFO:ftm.ftm_middleware:[31mvm [36] condition is not working!![0m
INFO:ftm.ftm_middleware:[47m[32mvm[37]STATUS OK[0m
INFO:ftm.ftm_middleware:[31mvm [38] condition is not working!![0m
INFO:ftm.ftm_middleware:[47m[32mvm[39]STATUS OK[0m
INFO:ftm.ftm_middleware:[47m[32mvm[40]STATUS OK[0m
INFO:ftm.ftm_middleware:[47m[32mvm[41]STATUS OK[0m
INFO:ftm.ftm_middleware:[47m[32mvm[42]STATUS OK[0m
INFO:ftm.ftm_middleware:[47m[32mvm[43]STATUS OK[0m
INFO:ftm.ftm_middleware:[31mvm [44] condition is not working!![0m
INFO:ftm.ftm_middleware:[47m[32mvm[45]STATUS OK[0m
INFO:ftm.ftm_middleware:[31mvm [46] condition is not working!![0m
INFO:ftm.ftm_middleware:[47m[32mvm[47]STATUS OK[0m
INFO:ftm.ftm_middleware:[47m[32mvm[48]STATUS OK[0m
INFO:ftm.ftm_middleware:[47m[32mvm[49]STATUS OK[0m
INFO:ftm.ftm_middleware:[47m[32mvm[50]STATUS OK[0m
INFO:ftm.ftm_middleware:[47m[32mvm[51]STATUS OK[0m
INFO:ftm.ftm_middleware:[31mvm [52] condition is not working!![0m
INFO:ftm.ftm_middleware:[31mvm [53] condition is not working!![0m
INFO:ftm.ftm_middleware:[47m[32mvm[54]STATUS OK[0m
INFO:ftm.ftm_middleware:[31mvm [55] condition is not working!![0m
INFO:ftm.ftm_middleware:[31mvm [56] condition is not working!![0m
INFO:ftm.ftm_middleware:[31mvm [57] condition is not working!![0m
INFO:ftm.ftm_middleware:[31mvm [58] condition is not working!![0m
INFO:ftm.ftm_middleware:[47m[32mvm[59]STATUS OK[0m
INFO:ftm.ftm_middleware:[47m[32mvm[60]STATUS OK[0m
INFO:ftm.ftm_middleware:[31mvm [61] condition is not working!![0m
INFO:ftm.ftm_middleware:[47m[32mvm[62]STATUS OK[0m
INFO:ftm.ftm_middleware:[47m[32mvm[63]STATUS OK[0m
INFO:ftm.ftm_middleware:[31mvm [64] condition is not working!![0m
INFO:ftm.ftm_middleware:[47m[32mvm[65]STATUS OK[0m
INFO:ftm.ftm_middleware:[47m[32mvm[66]STATUS OK[0m
INFO:ftm.ftm_middleware:[47m[32mvm[67]STATUS OK[0m
INFO:ftm.ftm_middleware:[47m[32mvm[68]STATUS OK[0m
INFO:ftm.ftm_middleware:[47m[32mvm[69]STATUS OK[0m
INFO:ftm.ftm_middleware:[47m[32mvm[70]STATUS OK[0m
INFO:ftm.ftm_middleware:[31mvm [71] condition is not working!![0m
INFO:ftm.ftm_middleware:[47m[32mvm[72]STATUS OK[0m
INFO:ftm.ftm_middleware:[47m[32mvm[73]STATUS OK[0m
INFO:ftm.ftm_middleware:[47m[32mvm[74]STATUS OK[0m
INFO:ftm.ftm_middleware:[47m[32mvm[75]STATUS OK[0m
INFO:ftm.ftm_middleware:[47m[32mvm[76]STATUS OK[0m
INFO:ftm.ftm_middleware:[31mvm [77] condition is not working!![0m
INFO:ftm.ftm_middleware:[47m[32mvm[78]STATUS OK[0m
INFO:ftm.ftm_middleware:[31mvm [79] condition is not working!![0m
INFO:ftm.ftm_middleware:[47m[32mvm[80]STATUS OK[0m
INFO:ftm.ftm_middleware:[47m[32mvm[81]STATUS OK[0m
INFO:ftm.ftm_middleware:[47m[32mvm[82]STATUS OK[0m
INFO:ftm.ftm_middleware:[47m[32mvm[83]STATUS OK[0m
INFO:ftm.ftm_middleware:[47m[32mvm[84]STATUS OK[0m
INFO:ftm.ftm_middleware:[47m[32mvm[85]STATUS OK[0m
INFO:ftm.ftm_middleware:[47m[32mvm[86]STATUS OK[0m
INFO:ftm.ftm_middleware:[47m[32mvm[87]STATUS OK[0m
INFO:ftm.ftm_middleware:[31mvm [88] condition is not working!![0m
INFO:ftm.ftm_middleware:[47m[32mvm[89]STATUS OK[0m
INFO:ftm.ftm_middleware:[31mvm [90] condition is not working!![0m
INFO:ftm.ftm_middleware:[47m[32mvm[9]STATUS OK[0m
INFO:ftm.ftm_middleware:[47m[32mvm[25]STATUS OK[0m
INFO:ftm.ftm_middleware:[47m[32mvm[42]STATUS OK[0m
INFO:ftm.ftm_middleware:[47m[32mvm[67]STATUS OK[0m
INFO:ftm.ftm_middleware:[47m[32mvm[78]STATUS OK[0m
INFO:ftm.ftm_middleware:[47m[32mvm[81]STATUS OK[0m
INFO:ftm.ftm_middleware:[47m[32mvm[83]STATUS OK[0m
INFO:ftm.ftm_middleware:[47m[32mvm[24]STATUS OK[0m
INFO:ftm.ftm_middleware:[47m[32mvm[84]STATUS OK[0m
INFO:ftm.ftm_middleware:[47m[32mvm[13]STATUS OK[0m
INFO:ftm.ftm_middleware:[47m[32mvm[60]STATUS OK[0m
INFO:ftm.ftm_middleware:[31mvm [77] condition is not working!![0m
INFO:ftm.ftm_middleware:[47m[32mvm[6]STATUS OK[0m
INFO:ftm.ftm_middleware:[47m[32mvm[7]STATUS OK[0m
INFO:ftm.ftm_middleware:[47m[32mvm[17]STATUS OK[0m
INFO:ftm.ftm_middleware:[31mvm [18] condition is not working!![0m
INFO:ftm.ftm_middleware:[47m[32mvm[27]STATUS OK[0m
INFO:ftm.ftm_middleware:[47m[32mvm[33]STATUS OK[0m
INFO:ftm.ftm_middleware:[47m[32mvm[37]STATUS OK[0m
INFO:ftm.ftm_middleware:[47m[32mvm[45]STATUS OK[0m
INFO:ftm.ftm_middleware:[47m[32mvm[47]STATUS OK[0m
INFO:ftm.ftm_middleware:[31mvm [53] condition is not working!![0m
INFO:ftm.ftm_middleware:[31mvm [58] condition is not working!![0m
INFO:ftm.fault_masking_mgr:[31mmigrating faulty VM [77][0m
INFO:ftm.fault_masking_mgr:[31mmigrating faulty VM [90][0m
INFO:ftm.fault_masking_mgr:[31mmigrating faulty VM [77][0m
INFO:ftm.fault_masking_mgr:[31mmigrating faulty VM [18][0m
INFO:ftm.fault_masking_mgr:[31mmigrating faulty VM [53][0m
INFO:ftm.fault_masking_mgr:[31mmigrating faulty VM [58][0m
INFO:ftm.fault_masking_mgr:[31mmigrating faulty VM [12][0m
INFO:ftm.fault_masking_mgr:[31mmigrating faulty VM [18][0m
INFO:ftm.ftm_middleware:[47m[32mvm[62]STATUS OK[0m
INFO:ftm.ftm_middleware:[47m[32mvm[65]STATUS OK[0m
INFO:ftm.ftm_middleware:[47m[32mvm[66]STATUS OK[0m
INFO:ftm.ftm_middleware:[47m[32mvm[74]STATUS OK[0m
INFO:ftm.ftm_middleware:[47m[32mvm[80]STATUS OK[0m
INFO:ftm.ftm_middleware:[47m[32mvm[89]STATUS OK[0m
INFO:ftm.ftm_middleware:[47m[32mvm[81]STATUS OK[0m
INFO:ftm.ftm_middleware:[47m[32mvm[83]STATUS OK[0m
INFO:ftm.ftm_middleware:[47m[32mvm[81]STATUS OK[0m
INFO:ftm.fault_masking_mgr:[31mmigrating faulty VM [38][0m
INFO:ftm.fault_masking_mgr:[31mmigrating faulty VM [77][0m
INFO:ftm.fault_masking_mgr:[31mmigrating faulty VM [88][0m
INFO:ftm.fault_masking_mgr:[31mmigrating faulty VM [90][0m
INFO:ftm.fault_masking_mgr:[31mmigrating faulty VM [77][0m
DEBUG:ftm.server:[47m[34mon_host_allocation hit[0m
DEBUG:ftm.ftm_middleware:[47m[34mactivating vm[71][0m
INFO:ftm.ftm_middleware:vm[71] has been activated[0m
{"id":"18","desc":"migration"}
24.959375
{"id":"44","desc":"migration"}
24.959375
{"id":"53","desc":"migration"}
24.959375
{"id":"55","desc":"migration"}
24.959375
{"id":"58","desc":"migration"}
24.959375
{"id":"77","desc":"migration"}
24.959375
{"id":"90","desc":"migration"}
24.959375
{"id":"77","desc":"migration"}
24.959375
{"id":"18","desc":"migration"}
24.959375
{"id":"53","desc":"migration"}
24.959375
{"id":"58","desc":"migration"}
24.959375
{"id":"12","desc":"migration"}
24.959375
{"id":"18","desc":"migration"}
24.959375
{"id":"38","desc":"migration"}
24.959375
{"id":"77","desc":"migration"}
24.959375
{"id":"88","desc":"migration"}
24.959375
{"id":"90","desc":"migration"}
24.959375
{"id":"77","desc":"migration"}
24.959375
INFO:ftm.ftm_middleware:[31mvm [1] condition is not working!![0m
INFO:ftm.ftm_middleware:[47m[32mvm[2]STATUS OK[0m
INFO:ftm.ftm_middleware:[47m[32mvm[3]STATUS OK[0m
INFO:ftm.ftm_middleware:[31mvm [4] condition is not working!![0m
INFO:ftm.ftm_middleware:[31mvm [5] condition is not working!![0m
INFO:ftm.ftm_middleware:[47m[32mvm[6]STATUS OK[0m
INFO:ftm.ftm_middleware:[47m[32mvm[7]STATUS OK[0m
INFO:ftm.ftm_middleware:[47m[32mvm[8]STATUS OK[0m
INFO:ftm.ftm_middleware:[47m[32mvm[9]STATUS OK[0m
INFO:ftm.ftm_middleware:[47m[32mvm[10]STATUS OK[0m
INFO:ftm.ftm_middleware:[31mvm [11] condition is not working!![0m
INFO:ftm.ftm_middleware:[31mvm [12] condition is not working!![0m
INFO:ftm.ftm_middleware:[47m[32mvm[13]STATUS OK[0m
INFO:ftm.ftm_middleware:[47m[32mvm[14]STATUS OK[0m
INFO:ftm.fault_masking_mgr:[31mmigrating faulty VM [4][0m
INFO:ftm.fault_masking_mgr:[31mmigrating faulty VM [5][0m
INFO:ftm.ftm_middleware:[47m[32mvm[15]STATUS OK[0m
INFO:ftm.ftm_middleware:[47m[32mvm[16]STATUS OK[0m
INFO:ftm.ftm_middleware:[47m[32mvm[17]STATUS OK[0m
INFO:ftm.ftm_middleware:[31mvm [18] condition is not working!![0m
INFO:ftm.ftm_middleware:[47m[32mvm[19]STATUS OK[0m
INFO:ftm.ftm_middleware:[47m[32mvm[20]STATUS OK[0m
INFO:ftm.ftm_middleware:[47m[32mvm[21]STATUS OK[0m
INFO:ftm.ftm_middleware:[31mvm [22] condition is not working!![0m
INFO:ftm.ftm_middleware:[47m[32mvm[23]STATUS OK[0m
INFO:ftm.ftm_middleware:[47m[32mvm[24]STATUS OK[0m
INFO:ftm.ftm_middleware:[47m[32mvm[25]STATUS OK[0m
INFO:ftm.ftm_middleware:[47m[32mvm[26]STATUS OK[0m
INFO:ftm.fault_masking_mgr:[31mmigrating faulty VM [11][0m
INFO:ftm.ftm_middleware:[47m[32mvm[27]STATUS OK[0m
INFO:ftm.ftm_middleware:[47m[32mvm[28]STATUS OK[0m
INFO:ftm.ftm_middleware:[47m[32mvm[29]STATUS OK[0m
INFO:ftm.ftm_middleware:[31mvm [30] condition is not working!![0m
INFO:ftm.ftm_middleware:[47m[32mvm[31]STATUS OK[0m
INFO:ftm.ftm_middleware:[31mvm [32] condition is not working!![0m
INFO:ftm.ftm_middleware:[47m[32mvm[33]STATUS OK[0m
INFO:ftm.ftm_middleware:[31mvm [34] condition is not working!![0m
INFO:ftm.ftm_middleware:[47m[32mvm[35]STATUS OK[0m
INFO:ftm.ftm_middleware:[31mvm [36] condition is not working!![0m
INFO:ftm.ftm_middleware:[47m[32mvm[37]STATUS OK[0m
INFO:ftm.ftm_middleware:[31mvm [38] condition is not working!![0m
INFO:ftm.ftm_middleware:[31mvm [39] condition is not working!![0m
INFO:ftm.ftm_middleware:[47m[32mvm[40]STATUS OK[0m
INFO:ftm.ftm_middleware:[47m[32mvm[41]STATUS OK[0m
INFO:ftm.ftm_middleware:[47m[32mvm[42]STATUS OK[0m
INFO:ftm.ftm_middleware:[31mvm [43] condition is not working!![0m
INFO:ftm.ftm_middleware:[31mvm [44] condition is not working!![0m
INFO:ftm.ftm_middleware:[47m[32mvm[45]STATUS OK[0m
INFO:ftm.ftm_middleware:[31mvm [46] condition is not working!![0m
INFO:ftm.ftm_middleware:[47m[32mvm[47]STATUS OK[0m
INFO:ftm.ftm_middleware:[31mvm [48] condition is not working!![0m
INFO:ftm.ftm_middleware:[47m[32mvm[49]STATUS OK[0m
INFO:ftm.fault_masking_mgr:[31mmigrating faulty VM [22][0m
INFO:ftm.ftm_middleware:[47m[32mvm[50]STATUS OK[0m
INFO:ftm.ftm_middleware:[47m[32mvm[51]STATUS OK[0m
INFO:ftm.ftm_middleware:[31mvm [52] condition is not working!![0m
INFO:ftm.ftm_middleware:[31mvm [53] condition is not working!![0m
INFO:ftm.ftm_middleware:[47m[32mvm[54]STATUS OK[0m
INFO:ftm.ftm_middleware:[31mvm [55] condition is not working!![0m
INFO:ftm.ftm_middleware:[31mvm [56] condition is not working!![0m
INFO:ftm.ftm_middleware:[31mvm [57] condition is not working!![0m
INFO:ftm.ftm_middleware:[31mvm [58] condition is not working!![0m
INFO:ftm.ftm_middleware:[47m[32mvm[59]STATUS OK[0m
INFO:ftm.ftm_middleware:[31mvm [60] condition is not working!![0m
INFO:ftm.ftm_middleware:[31mvm [61] condition is not working!![0m
INFO:ftm.ftm_middleware:[47m[32mvm[62]STATUS OK[0m
INFO:ftm.ftm_middleware:[31mvm [63] condition is not working!![0m
INFO:ftm.ftm_middleware:[31mvm [64] condition is not working!![0m
INFO:ftm.ftm_middleware:[47m[32mvm[65]STATUS OK[0m
INFO:ftm.ftm_middleware:[47m[32mvm[66]STATUS OK[0m
INFO:ftm.fault_masking_mgr:[31mmigrating faulty VM [30][0m
INFO:ftm.fault_masking_mgr:[31mmigrating faulty VM [32][0m
INFO:ftm.fault_masking_mgr:[31mmigrating faulty VM [39][0m
INFO:ftm.fault_masking_mgr:[31mmigrating faulty VM [43][0m
INFO:ftm.fault_masking_mgr:[31mmigrating faulty VM [46][0m
INFO:ftm.fault_masking_mgr:[31mmigrating faulty VM [48][0m
{"id":"4","desc":"migration"}
24.959375
{"id":"5","desc":"migration"}
24.959375
{"id":"11","desc":"migration"}
24.959375
{"id":"22","desc":"migration"}
24.959375
{"id":"30","desc":"migration"}
24.959375
{"id":"32","desc":"migration"}
24.959375
{"id":"39","desc":"migration"}
24.959375
INFO:ftm.fault_masking_mgr:[31mmigrating faulty VM [57][0m
{"id":"43","desc":"migration"}
24.959375
INFO:ftm.fault_masking_mgr:[31mmigrating faulty VM [60][0m
INFO:ftm.fault_masking_mgr:[31mmigrating faulty VM [61][0m
{"id":"46","desc":"migration"}
24.959375
INFO:ftm.fault_masking_mgr:[31mmigrating faulty VM [63][0m
{"id":"48","desc":"migration"}
24.959375
INFO:ftm.fault_masking_mgr:[31mmigrating faulty VM [64][0m
{"id":"57","desc":"migration"}
24.959375
{"id":"60","desc":"migration"}
24.959375
{"id":"61","desc":"migration"}
24.959375
{"id":"63","desc":"migration"}
24.959375
INFO:ftm.ftm_middleware:[47m[32mvm[67]STATUS OK[0m
INFO:ftm.ftm_middleware:[31mvm [68] condition is not working!![0m
{"id":"64","desc":"migration"}
24.959375
INFO:ftm.ftm_middleware:[47m[32mvm[69]STATUS OK[0m
INFO:ftm.ftm_middleware:[47m[32mvm[70]STATUS OK[0m
INFO:ftm.ftm_middleware:[47m[32mvm[71]STATUS OK[0m
INFO:ftm.ftm_middleware:[47m[32mvm[72]STATUS OK[0m
INFO:ftm.ftm_middleware:[31mvm [73] condition is not working!![0m
INFO:ftm.ftm_middleware:[47m[32mvm[74]STATUS OK[0m
INFO:ftm.ftm_middleware:[47m[32mvm[75]STATUS OK[0m
INFO:ftm.ftm_middleware:[47m[32mvm[76]STATUS OK[0m
INFO:ftm.ftm_middleware:[31mvm [77] condition is not working!![0m
INFO:ftm.ftm_middleware:[47m[32mvm[78]STATUS OK[0m
INFO:ftm.ftm_middleware:[31mvm [79] condition is not working!![0m
INFO:ftm.ftm_middleware:[47m[32mvm[80]STATUS OK[0m
INFO:ftm.ftm_middleware:[47m[32mvm[81]STATUS OK[0m
INFO:ftm.ftm_middleware:[31mvm [82] condition is not working!![0m
INFO:ftm.ftm_middleware:[47m[32mvm[83]STATUS OK[0m
INFO:ftm.ftm_middleware:[47m[32mvm[84]STATUS OK[0m
INFO:ftm.ftm_middleware:[47m[32mvm[85]STATUS OK[0m
INFO:ftm.ftm_middleware:[31mvm [86] condition is not working!![0m
INFO:ftm.ftm_middleware:[47m[32mvm[87]STATUS OK[0m
INFO:ftm.ftm_middleware:[31mvm [88] condition is not working!![0m
INFO:ftm.ftm_middleware:[47m[32mvm[89]STATUS OK[0m
INFO:ftm.ftm_middleware:[31mvm [90] condition is not working!![0m
INFO:ftm.ftm_middleware:[47m[32mvm[9]STATUS OK[0m
INFO:ftm.ftm_middleware:[47m[32mvm[25]STATUS OK[0m
INFO:ftm.ftm_middleware:[47m[32mvm[42]STATUS OK[0m
INFO:ftm.ftm_middleware:[47m[32mvm[67]STATUS OK[0m
INFO:ftm.ftm_middleware:[47m[32mvm[78]STATUS OK[0m
INFO:ftm.ftm_middleware:[47m[32mvm[81]STATUS OK[0m
INFO:ftm.ftm_middleware:[47m[32mvm[83]STATUS OK[0m
INFO:ftm.ftm_middleware:[47m[32mvm[24]STATUS OK[0m
INFO:ftm.ftm_middleware:[47m[32mvm[84]STATUS OK[0m
INFO:ftm.ftm_middleware:[47m[32mvm[13]STATUS OK[0m
INFO:ftm.ftm_middleware:[31mvm [60] condition is not working!![0m
INFO:ftm.ftm_middleware:[31mvm [77] condition is not working!![0m
INFO:ftm.ftm_middleware:[47m[32mvm[6]STATUS OK[0m
INFO:ftm.ftm_middleware:[47m[32mvm[7]STATUS OK[0m
INFO:ftm.ftm_middleware:[47m[32mvm[17]STATUS OK[0m
INFO:ftm.ftm_middleware:[31mvm [18] condition is not working!![0m
INFO:ftm.ftm_middleware:[47m[32mvm[27]STATUS OK[0m
INFO:ftm.ftm_middleware:[47m[32mvm[33]STATUS OK[0m
INFO:ftm.ftm_middleware:[47m[32mvm[37]STATUS OK[0m
INFO:ftm.ftm_middleware:[47m[32mvm[45]STATUS OK[0m
INFO:ftm.ftm_middleware:[47m[32mvm[47]STATUS OK[0m
INFO:ftm.ftm_middleware:[31mvm [53] condition is not working!![0m
INFO:ftm.ftm_middleware:[31mvm [58] condition is not working!![0m
INFO:ftm.ftm_middleware:[47m[32mvm[62]STATUS OK[0m
INFO:ftm.ftm_middleware:[47m[32mvm[65]STATUS OK[0m
INFO:ftm.ftm_middleware:[47m[32mvm[66]STATUS OK[0m
INFO:ftm.ftm_middleware:[47m[32mvm[74]STATUS OK[0m
INFO:ftm.ftm_middleware:[47m[32mvm[80]STATUS OK[0m
INFO:ftm.ftm_middleware:[47m[32mvm[89]STATUS OK[0m
INFO:ftm.ftm_middleware:[47m[32mvm[81]STATUS OK[0m
INFO:ftm.ftm_middleware:[47m[32mvm[83]STATUS OK[0m
INFO:ftm.ftm_middleware:[47m[32mvm[81]STATUS OK[0m
INFO:ftm.fault_masking_mgr:[31mmigrating faulty VM [68][0m
INFO:ftm.fault_masking_mgr:[31mmigrating faulty VM [73][0m
INFO:ftm.fault_masking_mgr:[31mmigrating faulty VM [82][0m
INFO:ftm.fault_masking_mgr:[31mmigrating faulty VM [86][0m
{"id":"68","desc":"migration"}
25.9359375
{"id":"73","desc":"migration"}
25.9359375
{"id":"82","desc":"migration"}
25.9359375
{"id":"86","desc":"migration"}
25.9359375
INFO:ftm.ftm_middleware:[31mvm [1] condition is not working!![0m
INFO:ftm.ftm_middleware:[31mvm [2] condition is not working!![0m
INFO:ftm.ftm_middleware:[47m[32mvm[3]STATUS OK[0m
INFO:ftm.ftm_middleware:[31mvm [4] condition is not working!![0m
INFO:ftm.ftm_middleware:[31mvm [5] condition is not working!![0m
INFO:ftm.fault_masking_mgr:[31mmigrating faulty VM [1][0m
INFO:ftm.ftm_middleware:[31mvm [6] condition is not working!![0m
INFO:ftm.ftm_middleware:[47m[32mvm[7]STATUS OK[0m
INFO:ftm.ftm_middleware:[47m[32mvm[8]STATUS OK[0m
INFO:ftm.ftm_middleware:[47m[32mvm[9]STATUS OK[0m
INFO:ftm.ftm_middleware:[31mvm [10] condition is not working!![0m
INFO:ftm.ftm_middleware:[31mvm [11] condition is not working!![0m
INFO:ftm.fault_masking_mgr:[31mmigrating faulty VM [2][0m
INFO:ftm.ftm_middleware:[31mvm [12] condition is not working!![0m
INFO:ftm.ftm_middleware:[31mvm [13] condition is not working!![0m
INFO:ftm.ftm_middleware:[47m[32mvm[14]STATUS OK[0m
INFO:ftm.ftm_middleware:[47m[32mvm[15]STATUS OK[0m
INFO:ftm.ftm_middleware:[47m[32mvm[16]STATUS OK[0m
INFO:ftm.ftm_middleware:[47m[32mvm[17]STATUS OK[0m
{"id":"1","desc":"migration"}
25.9359375
{"id":"2","desc":"migration"}
25.9359375
INFO:ftm.ftm_middleware:[31mvm [18] condition is not working!![0m
INFO:ftm.ftm_middleware:[47m[32mvm[19]STATUS OK[0m
INFO:ftm.ftm_middleware:[31mvm [20] condition is not working!![0m
INFO:ftm.ftm_middleware:[47m[32mvm[21]STATUS OK[0m
INFO:ftm.ftm_middleware:[31mvm [22] condition is not working!![0m
INFO:ftm.fault_masking_mgr:[31mmigrating faulty VM [6][0m
INFO:ftm.fault_masking_mgr:[31mmigrating faulty VM [10][0m
INFO:ftm.ftm_middleware:[47m[32mvm[23]STATUS OK[0m
INFO:ftm.ftm_middleware:[47m[32mvm[24]STATUS OK[0m
INFO:ftm.ftm_middleware:[47m[32mvm[25]STATUS OK[0m
INFO:ftm.ftm_middleware:[31mvm [26] condition is not working!![0m
INFO:ftm.ftm_middleware:[47m[32mvm[27]STATUS OK[0m
INFO:ftm.ftm_middleware:[47m[32mvm[28]STATUS OK[0m
INFO:ftm.ftm_middleware:[47m[32mvm[29]STATUS OK[0m
INFO:ftm.ftm_middleware:[31mvm [30] condition is not working!![0m
INFO:ftm.ftm_middleware:[47m[32mvm[31]STATUS OK[0m
INFO:ftm.ftm_middleware:[31mvm [32] condition is not working!![0m
INFO:ftm.ftm_middleware:[47m[32mvm[33]STATUS OK[0m
INFO:ftm.ftm_middleware:[31mvm [34] condition is not working!![0m
INFO:ftm.ftm_middleware:[47m[32mvm[35]STATUS OK[0m
INFO:ftm.ftm_middleware:[31mvm [36] condition is not working!![0m
INFO:ftm.ftm_middleware:[47m[32mvm[37]STATUS OK[0m
INFO:ftm.ftm_middleware:[31mvm [38] condition is not working!![0m
INFO:ftm.ftm_middleware:[31mvm [39] condition is not working!![0m
INFO:ftm.ftm_middleware:[31mvm [40] condition is not working!![0m
INFO:ftm.ftm_middleware:[47m[32mvm[41]STATUS OK[0m
INFO:ftm.ftm_middleware:[47m[32mvm[42]STATUS OK[0m
INFO:ftm.ftm_middleware:[31mvm [43] condition is not working!![0m
INFO:ftm.ftm_middleware:[31mvm [44] condition is not working!![0m
INFO:ftm.fault_masking_mgr:[31mmigrating faulty VM [13][0m
INFO:ftm.fault_masking_mgr:[31mmigrating faulty VM [20][0m
INFO:ftm.ftm_middleware:[47m[32mvm[45]STATUS OK[0m
INFO:ftm.ftm_middleware:[31mvm [46] condition is not working!![0m
INFO:ftm.ftm_middleware:[47m[32mvm[47]STATUS OK[0m
INFO:ftm.ftm_middleware:[31mvm [48] condition is not working!![0m
INFO:ftm.ftm_middleware:[47m[32mvm[49]STATUS OK[0m
INFO:ftm.ftm_middleware:[47m[32mvm[50]STATUS OK[0m
INFO:ftm.ftm_middleware:[47m[32mvm[51]STATUS OK[0m
INFO:ftm.ftm_middleware:[31mvm [52] condition is not working!![0m
INFO:ftm.ftm_middleware:[31mvm [53] condition is not working!![0m
INFO:ftm.ftm_middleware:[47m[32mvm[54]STATUS OK[0m
INFO:ftm.ftm_middleware:[31mvm [55] condition is not working!![0m
INFO:ftm.ftm_middleware:[31mvm [56] condition is not working!![0m
INFO:ftm.ftm_middleware:[31mvm [57] condition is not working!![0m
INFO:ftm.ftm_middleware:[31mvm [58] condition is not working!![0m
INFO:ftm.ftm_middleware:[47m[32mvm[59]STATUS OK[0m
INFO:ftm.ftm_middleware:[31mvm [60] condition is not working!![0m
INFO:ftm.ftm_middleware:[31mvm [61] condition is not working!![0m
INFO:ftm.ftm_middleware:[47m[32mvm[62]STATUS OK[0m
INFO:ftm.ftm_middleware:[31mvm [63] condition is not working!![0m
INFO:ftm.ftm_middleware:[31mvm [64] condition is not working!![0m
INFO:ftm.ftm_middleware:[47m[32mvm[65]STATUS OK[0m
INFO:ftm.ftm_middleware:[47m[32mvm[66]STATUS OK[0m
INFO:ftm.ftm_middleware:[31mvm [67] condition is not working!![0m
INFO:ftm.ftm_middleware:[31mvm [68] condition is not working!![0m
INFO:ftm.ftm_middleware:[47m[32mvm[69]STATUS OK[0m
INFO:ftm.ftm_middleware:[47m[32mvm[70]STATUS OK[0m
INFO:ftm.ftm_middleware:[47m[32mvm[71]STATUS OK[0m
INFO:ftm.ftm_middleware:[31mvm [72] condition is not working!![0m
INFO:ftm.ftm_middleware:[31mvm [73] condition is not working!![0m
INFO:ftm.ftm_middleware:[47m[32mvm[74]STATUS OK[0m
INFO:ftm.ftm_middleware:[31mvm [75] condition is not working!![0m
INFO:ftm.ftm_middleware:[47m[32mvm[76]STATUS OK[0m
INFO:ftm.ftm_middleware:[31mvm [77] condition is not working!![0m
INFO:ftm.ftm_middleware:[47m[32mvm[78]STATUS OK[0m
INFO:ftm.ftm_middleware:[31mvm [79] condition is not working!![0m
INFO:ftm.ftm_middleware:[31mvm [80] condition is not working!![0m
INFO:ftm.ftm_middleware:[47m[32mvm[81]STATUS OK[0m
INFO:ftm.fault_masking_mgr:[31mmigrating faulty VM [26][0m
INFO:ftm.fault_masking_mgr:[31mmigrating faulty VM [36][0m
INFO:ftm.fault_masking_mgr:[31mmigrating faulty VM [40][0m
INFO:ftm.ftm_middleware:[31mvm [82] condition is not working!![0m
INFO:ftm.ftm_middleware:[31mvm [83] condition is not working!![0m
INFO:ftm.ftm_middleware:[47m[32mvm[84]STATUS OK[0m
INFO:ftm.ftm_middleware:[47m[32mvm[85]STATUS OK[0m
INFO:ftm.ftm_middleware:[31mvm [86] condition is not working!![0m
INFO:ftm.ftm_middleware:[47m[32mvm[87]STATUS OK[0m
INFO:ftm.ftm_middleware:[31mvm [88] condition is not working!![0m
INFO:ftm.ftm_middleware:[31mvm [89] condition is not working!![0m
INFO:ftm.ftm_middleware:[31mvm [90] condition is not working!![0m
INFO:ftm.ftm_middleware:[47m[32mvm[9]STATUS OK[0m
INFO:ftm.ftm_middleware:[47m[32mvm[25]STATUS OK[0m
INFO:ftm.ftm_middleware:[47m[32mvm[42]STATUS OK[0m
INFO:ftm.ftm_middleware:[31mvm [67] condition is not working!![0m
INFO:ftm.ftm_middleware:[47m[32mvm[78]STATUS OK[0m
INFO:ftm.ftm_middleware:[47m[32mvm[81]STATUS OK[0m
INFO:ftm.ftm_middleware:[31mvm [83] condition is not working!![0m
INFO:ftm.ftm_middleware:[47m[32mvm[24]STATUS OK[0m
INFO:ftm.ftm_middleware:[47m[32mvm[84]STATUS OK[0m
INFO:ftm.ftm_middleware:[31mvm [13] condition is not working!![0m
INFO:ftm.ftm_middleware:[31mvm [60] condition is not working!![0m
INFO:ftm.ftm_middleware:[31mvm [77] condition is not working!![0m
INFO:ftm.ftm_middleware:[31mvm [6] condition is not working!![0m
INFO:ftm.ftm_middleware:[47m[32mvm[7]STATUS OK[0m
INFO:ftm.ftm_middleware:[47m[32mvm[17]STATUS OK[0m
INFO:ftm.ftm_middleware:[31mvm [18] condition is not working!![0m
INFO:ftm.ftm_middleware:[47m[32mvm[27]STATUS OK[0m
INFO:ftm.ftm_middleware:[47m[32mvm[33]STATUS OK[0m
INFO:ftm.ftm_middleware:[47m[32mvm[37]STATUS OK[0m
INFO:ftm.ftm_middleware:[47m[32mvm[45]STATUS OK[0m
INFO:ftm.ftm_middleware:[47m[32mvm[47]STATUS OK[0m
INFO:ftm.ftm_middleware:[31mvm [53] condition is not working!![0m
INFO:ftm.ftm_middleware:[31mvm [58] condition is not working!![0m
INFO:ftm.ftm_middleware:[47m[32mvm[62]STATUS OK[0m
INFO:ftm.ftm_middleware:[47m[32mvm[65]STATUS OK[0m
INFO:ftm.ftm_middleware:[47m[32mvm[66]STATUS OK[0m
INFO:ftm.ftm_middleware:[47m[32mvm[74]STATUS OK[0m
INFO:ftm.ftm_middleware:[31mvm [80] condition is not working!![0m
INFO:ftm.ftm_middleware:[31mvm [89] condition is not working!![0m
INFO:ftm.ftm_middleware:[47m[32mvm[81]STATUS OK[0m
INFO:ftm.ftm_middleware:[31mvm [83] condition is not working!![0m
INFO:ftm.ftm_middleware:[47m[32mvm[81]STATUS OK[0m
INFO:ftm.ftm_middleware:[47m[32mvm[71]STATUS OK[0m
INFO:ftm.fault_masking_mgr:[31mmigrating faulty VM [67][0m
INFO:ftm.fault_masking_mgr:[31mmigrating faulty VM [72][0m
INFO:ftm.fault_masking_mgr:[31mmigrating faulty VM [75][0m
INFO:ftm.fault_masking_mgr:[31mmigrating faulty VM [79][0m
INFO:ftm.fault_masking_mgr:[31mmigrating faulty VM [80][0m
INFO:ftm.fault_masking_mgr:[31mmigrating faulty VM [83][0m
INFO:ftm.fault_masking_mgr:[31mmigrating faulty VM [89][0m
INFO:ftm.fault_masking_mgr:[31mmigrating faulty VM [67][0m
INFO:ftm.fault_masking_mgr:[31mmigrating faulty VM [83][0m
INFO:ftm.fault_masking_mgr:[31mmigrating faulty VM [53][0m
INFO:ftm.fault_masking_mgr:[31mmigrating faulty VM [58][0m
INFO:ftm.fault_masking_mgr:[31mmigrating faulty VM [80][0m
INFO:ftm.fault_masking_mgr:[31mmigrating faulty VM [89][0m
INFO:ftm.fault_masking_mgr:[31mmigrating faulty VM [83][0m
DEBUG:ftm.server:[47m[34mon_host_allocation hit[0m
DEBUG:ftm.ftm_middleware:[47m[34mactivating vm[53][0m
INFO:ftm.ftm_middleware:vm[53] has been activated[0m
DEBUG:ftm.server:[47m[34mon_host_allocation hit[0m
DEBUG:ftm.ftm_middleware:[47m[34mactivating vm[77][0m
INFO:ftm.ftm_middleware:vm[77] has been activated[0m
DEBUG:ftm.server:[47m[34mon_host_allocation hit[0m
DEBUG:ftm.ftm_middleware:[47m[34mactivating vm[53][0m
INFO:ftm.ftm_middleware:vm[53] has been activated[0m
DEBUG:ftm.server:[47m[34mon_host_allocation hit[0m
DEBUG:ftm.ftm_middleware:[47m[34mactivating vm[38][0m
INFO:ftm.ftm_middleware:vm[38] has been activated[0m
DEBUG:ftm.server:[47m[34mon_host_allocation hit[0m
DEBUG:ftm.ftm_middleware:[47m[34mactivating vm[88][0m
INFO:ftm.ftm_middleware:vm[88] has been activated[0m
DEBUG:ftm.server:[47m[34mon_host_allocation hit[0m
DEBUG:ftm.ftm_middleware:[47m[34mactivating vm[90][0m
INFO:ftm.ftm_middleware:vm[90] has been activated[0m
DEBUG:ftm.server:[47m[34mon_host_allocation hit[0m
DEBUG:ftm.server:[47m[34mon_host_allocation hit[0m
DEBUG:ftm.ftm_middleware:[47m[34mactivating vm[11][0m
INFO:ftm.ftm_middleware:vm[11] has been activated[0m
DEBUG:ftm.ftm_middleware:[47m[34mactivating vm[30][0m
INFO:ftm.ftm_middleware:vm[30] has been activated[0m
DEBUG:ftm.server:[47m[34mon_host_allocation hit[0m
DEBUG:ftm.server:[47m[34mon_host_allocation hit[0m
DEBUG:ftm.ftm_middleware:[47m[34mactivating vm[43][0m
INFO:ftm.ftm_middleware:vm[43] has been activated[0m
DEBUG:ftm.ftm_middleware:[47m[34mactivating vm[61][0m
INFO:ftm.ftm_middleware:vm[61] has been activated[0m
DEBUG:ftm.server:[47m[34mon_host_allocation hit[0m
DEBUG:ftm.ftm_middleware:[47m[34mactivating vm[63][0m
{"id":"6","desc":"migration"}
26.9125
INFO:ftm.ftm_middleware:vm[63] has been activated[0m
{"id":"10","desc":"migration"}
26.9125
DEBUG:ftm.server:[47m[34mon_host_allocation hit[0m
{"id":"13","desc":"migration"}
26.9125
DEBUG:ftm.ftm_middleware:[47m[34mactivating vm[64][0m
{"id":"20","desc":"migration"}
26.9125
INFO:ftm.ftm_middleware:vm[64] has been activated[0m
{"id":"26","desc":"migration"}
26.9125
{"id":"36","desc":"migration"}
26.9125
{"id":"40","desc":"migration"}
26.9125
{"id":"67","desc":"migration"}
26.9125
{"id":"72","desc":"migration"}
26.9125
{"id":"75","desc":"migration"}
26.9125
{"id":"79","desc":"migration"}
26.9125
{"id":"80","desc":"migration"}
26.9125
{"id":"83","desc":"migration"}
26.9125
{"id":"89","desc":"migration"}
26.9125
{"id":"67","desc":"migration"}
26.9125
{"id":"83","desc":"migration"}
26.9125
{"id":"53","desc":"migration"}
26.9125
{"id":"58","desc":"migration"}
26.9125
{"id":"80","desc":"migration"}
26.9125
{"id":"89","desc":"migration"}
26.9125
{"id":"83","desc":"migration"}
26.9125
INFO:ftm.ftm_middleware:[31mvm [1] condition is not working!![0m
INFO:ftm.ftm_middleware:[31mvm [2] condition is not working!![0m
INFO:ftm.ftm_middleware:[47m[32mvm[3]STATUS OK[0m
INFO:ftm.ftm_middleware:[31mvm [4] condition is not working!![0m
INFO:ftm.ftm_middleware:[31mvm [5] condition is not working!![0m
INFO:ftm.ftm_middleware:[31mvm [6] condition is not working!![0m
INFO:ftm.ftm_middleware:[47m[32mvm[7]STATUS OK[0m
INFO:ftm.ftm_middleware:[47m[32mvm[8]STATUS OK[0m
INFO:ftm.ftm_middleware:[47m[32mvm[9]STATUS OK[0m
INFO:ftm.ftm_middleware:[31mvm [10] condition is not working!![0m
INFO:ftm.ftm_middleware:[47m[32mvm[11]STATUS OK[0m
INFO:ftm.ftm_middleware:[31mvm [12] condition is not working!![0m
INFO:ftm.ftm_middleware:[31mvm [13] condition is not working!![0m
INFO:ftm.ftm_middleware:[47m[32mvm[14]STATUS OK[0m
INFO:ftm.ftm_middleware:[47m[32mvm[15]STATUS OK[0m
INFO:ftm.ftm_middleware:[47m[32mvm[16]STATUS OK[0m
INFO:ftm.ftm_middleware:[47m[32mvm[17]STATUS OK[0m
INFO:ftm.ftm_middleware:[31mvm [18] condition is not working!![0m
INFO:ftm.ftm_middleware:[47m[32mvm[19]STATUS OK[0m
INFO:ftm.ftm_middleware:[31mvm [20] condition is not working!![0m
INFO:ftm.ftm_middleware:[47m[32mvm[21]STATUS OK[0m
INFO:ftm.ftm_middleware:[31mvm [22] condition is not working!![0m
INFO:ftm.ftm_middleware:[47m[32mvm[23]STATUS OK[0m
INFO:ftm.ftm_middleware:[47m[32mvm[24]STATUS OK[0m
INFO:ftm.ftm_middleware:[47m[32mvm[25]STATUS OK[0m
INFO:ftm.ftm_middleware:[31mvm [26] condition is not working!![0m
INFO:ftm.ftm_middleware:[47m[32mvm[27]STATUS OK[0m
INFO:ftm.ftm_middleware:[47m[32mvm[28]STATUS OK[0m
INFO:ftm.ftm_middleware:[47m[32mvm[29]STATUS OK[0m
INFO:ftm.ftm_middleware:[47m[32mvm[30]STATUS OK[0m
INFO:ftm.ftm_middleware:[47m[32mvm[31]STATUS OK[0m
INFO:ftm.ftm_middleware:[31mvm [32] condition is not working!![0m
INFO:ftm.ftm_middleware:[47m[32mvm[33]STATUS OK[0m
INFO:ftm.ftm_middleware:[31mvm [34] condition is not working!![0m
INFO:ftm.ftm_middleware:[47m[32mvm[35]STATUS OK[0m
INFO:ftm.ftm_middleware:[31mvm [36] condition is not working!![0m
INFO:ftm.ftm_middleware:[47m[32mvm[37]STATUS OK[0m
INFO:ftm.ftm_middleware:[47m[32mvm[38]STATUS OK[0m
INFO:ftm.ftm_middleware:[31mvm [39] condition is not working!![0m
INFO:ftm.ftm_middleware:[31mvm [40] condition is not working!![0m
INFO:ftm.ftm_middleware:[31mvm [41] condition is not working!![0m
INFO:ftm.ftm_middleware:[47m[32mvm[42]STATUS OK[0m
INFO:ftm.ftm_middleware:[47m[32mvm[43]STATUS OK[0m
INFO:ftm.ftm_middleware:[31mvm [44] condition is not working!![0m
INFO:ftm.ftm_middleware:[47m[32mvm[45]STATUS OK[0m
INFO:ftm.ftm_middleware:[31mvm [46] condition is not working!![0m
INFO:ftm.ftm_middleware:[47m[32mvm[47]STATUS OK[0m
INFO:ftm.ftm_middleware:[31mvm [48] condition is not working!![0m
INFO:ftm.ftm_middleware:[47m[32mvm[49]STATUS OK[0m
INFO:ftm.ftm_middleware:[47m[32mvm[50]STATUS OK[0m
INFO:ftm.ftm_middleware:[47m[32mvm[51]STATUS OK[0m
INFO:ftm.ftm_middleware:[31mvm [52] condition is not working!![0m
INFO:ftm.ftm_middleware:[47m[32mvm[53]STATUS OK[0m
INFO:ftm.fault_masking_mgr:[31mmigrating faulty VM [18][0m
INFO:ftm.ftm_middleware:[47m[32mvm[54]STATUS OK[0m
INFO:ftm.ftm_middleware:[31mvm [55] condition is not working!![0m
INFO:ftm.ftm_middleware:[31mvm [56] condition is not working!![0m
INFO:ftm.ftm_middleware:[31mvm [57] condition is not working!![0m
INFO:ftm.ftm_middleware:[31mvm [58] condition is not working!![0m
INFO:ftm.ftm_middleware:[47m[32mvm[59]STATUS OK[0m
INFO:ftm.ftm_middleware:[31mvm [60] condition is not working!![0m
INFO:ftm.ftm_middleware:[47m[32mvm[61]STATUS OK[0m
INFO:ftm.ftm_middleware:[47m[32mvm[62]STATUS OK[0m
INFO:ftm.ftm_middleware:[47m[32mvm[63]STATUS OK[0m
INFO:ftm.ftm_middleware:[47m[32mvm[64]STATUS OK[0m
INFO:ftm.ftm_middleware:[47m[32mvm[65]STATUS OK[0m
INFO:ftm.ftm_middleware:[47m[32mvm[66]STATUS OK[0m
INFO:ftm.ftm_middleware:[31mvm [67] condition is not working!![0m
INFO:ftm.ftm_middleware:[31mvm [68] condition is not working!![0m
INFO:ftm.ftm_middleware:[47m[32mvm[69]STATUS OK[0m
INFO:ftm.ftm_middleware:[31mvm [70] condition is not working!![0m
INFO:ftm.ftm_middleware:[47m[32mvm[71]STATUS OK[0m
INFO:ftm.ftm_middleware:[31mvm [72] condition is not working!![0m
INFO:ftm.ftm_middleware:[31mvm [73] condition is not working!![0m
INFO:ftm.ftm_middleware:[47m[32mvm[74]STATUS OK[0m
INFO:ftm.ftm_middleware:[31mvm [75] condition is not working!![0m
INFO:ftm.ftm_middleware:[47m[32mvm[76]STATUS OK[0m
INFO:ftm.ftm_middleware:[47m[32mvm[77]STATUS OK[0m
INFO:ftm.ftm_middleware:[47m[32mvm[78]STATUS OK[0m
INFO:ftm.ftm_middleware:[31mvm [79] condition is not working!![0m
INFO:ftm.ftm_middleware:[31mvm [80] condition is not working!![0m
INFO:ftm.ftm_middleware:[47m[32mvm[81]STATUS OK[0m
INFO:ftm.ftm_middleware:[31mvm [82] condition is not working!![0m
INFO:ftm.ftm_middleware:[31mvm [83] condition is not working!![0m
INFO:ftm.ftm_middleware:[47m[32mvm[84]STATUS OK[0m
INFO:ftm.ftm_middleware:[47m[32mvm[85]STATUS OK[0m
INFO:ftm.ftm_middleware:[31mvm [86] condition is not working!![0m
INFO:ftm.ftm_middleware:[47m[32mvm[87]STATUS OK[0m
INFO:ftm.ftm_middleware:[47m[32mvm[88]STATUS OK[0m
INFO:ftm.ftm_middleware:[31mvm [89] condition is not working!![0m
INFO:ftm.ftm_middleware:[47m[32mvm[90]STATUS OK[0m
INFO:ftm.ftm_middleware:[47m[32mvm[9]STATUS OK[0m
INFO:ftm.ftm_middleware:[47m[32mvm[25]STATUS OK[0m
INFO:ftm.ftm_middleware:[47m[32mvm[42]STATUS OK[0m
INFO:ftm.fault_masking_mgr:[31mmigrating faulty VM [34][0m
INFO:ftm.fault_masking_mgr:[31mmigrating faulty VM [41][0m
INFO:ftm.ftm_middleware:[31mvm [67] condition is not working!![0m
INFO:ftm.ftm_middleware:[47m[32mvm[78]STATUS OK[0m
INFO:ftm.ftm_middleware:[47m[32mvm[81]STATUS OK[0m
INFO:ftm.ftm_middleware:[31mvm [83] condition is not working!![0m
INFO:ftm.ftm_middleware:[47m[32mvm[24]STATUS OK[0m
INFO:ftm.ftm_middleware:[47m[32mvm[84]STATUS OK[0m
INFO:ftm.ftm_middleware:[31mvm [13] condition is not working!![0m
INFO:ftm.ftm_middleware:[31mvm [60] condition is not working!![0m
INFO:ftm.ftm_middleware:[47m[32mvm[77]STATUS OK[0m
INFO:ftm.ftm_middleware:[31mvm [6] condition is not working!![0m
INFO:ftm.ftm_middleware:[47m[32mvm[7]STATUS OK[0m
INFO:ftm.ftm_middleware:[47m[32mvm[17]STATUS OK[0m
INFO:ftm.ftm_middleware:[31mvm [18] condition is not working!![0m
INFO:ftm.ftm_middleware:[47m[32mvm[27]STATUS OK[0m
INFO:ftm.ftm_middleware:[47m[32mvm[33]STATUS OK[0m
INFO:ftm.ftm_middleware:[47m[32mvm[37]STATUS OK[0m
INFO:ftm.ftm_middleware:[47m[32mvm[45]STATUS OK[0m
INFO:ftm.ftm_middleware:[47m[32mvm[47]STATUS OK[0m
INFO:ftm.ftm_middleware:[47m[32mvm[53]STATUS OK[0m
INFO:ftm.ftm_middleware:[31mvm [58] condition is not working!![0m
INFO:ftm.ftm_middleware:[47m[32mvm[62]STATUS OK[0m
INFO:ftm.ftm_middleware:[47m[32mvm[65]STATUS OK[0m
INFO:ftm.ftm_middleware:[47m[32mvm[66]STATUS OK[0m
INFO:ftm.ftm_middleware:[47m[32mvm[74]STATUS OK[0m
INFO:ftm.ftm_middleware:[31mvm [80] condition is not working!![0m
INFO:ftm.ftm_middleware:[31mvm [89] condition is not working!![0m
INFO:ftm.ftm_middleware:[47m[32mvm[81]STATUS OK[0m
INFO:ftm.ftm_middleware:[31mvm [83] condition is not working!![0m
INFO:ftm.ftm_middleware:[47m[32mvm[81]STATUS OK[0m
INFO:ftm.ftm_middleware:[47m[32mvm[71]STATUS OK[0m
INFO:ftm.fault_masking_mgr:[31mmigrating faulty VM [56][0m
INFO:ftm.fault_masking_mgr:[31mmigrating faulty VM [70][0m
DEBUG:ftm.server:[47m[34mon_host_allocation hit[0m
DEBUG:ftm.ftm_middleware:[47m[34mactivating vm[73][0m
INFO:ftm.ftm_middleware:vm[73] has been activated[0m
DEBUG:ftm.server:[47m[34mon_host_allocation hit[0m
DEBUG:ftm.ftm_middleware:[47m[34mactivating vm[86][0m
INFO:ftm.ftm_middleware:vm[86] has been activated[0m
{"id":"18","desc":"migration"}
27.8890625
{"id":"34","desc":"migration"}
27.8890625
{"id":"41","desc":"migration"}
27.8890625
{"id":"56","desc":"migration"}
27.8890625
{"id":"70","desc":"migration"}
27.8890625
INFO:ftm.ftm_middleware:[31mvm [1] condition is not working!![0m
INFO:ftm.ftm_middleware:[31mvm [2] condition is not working!![0m
INFO:ftm.ftm_middleware:[47m[32mvm[3]STATUS OK[0m
INFO:ftm.ftm_middleware:[31mvm [4] condition is not working!![0m
INFO:ftm.ftm_middleware:[31mvm [5] condition is not working!![0m
INFO:ftm.ftm_middleware:[31mvm [6] condition is not working!![0m
INFO:ftm.ftm_middleware:[47m[32mvm[7]STATUS OK[0m
INFO:ftm.ftm_middleware:[31mvm [8] condition is not working!![0m
INFO:ftm.ftm_middleware:[47m[32mvm[9]STATUS OK[0m
INFO:ftm.ftm_middleware:[31mvm [10] condition is not working!![0m
INFO:ftm.ftm_middleware:[47m[32mvm[11]STATUS OK[0m
INFO:ftm.ftm_middleware:[31mvm [12] condition is not working!![0m
INFO:ftm.ftm_middleware:[31mvm [13] condition is not working!![0m
INFO:ftm.ftm_middleware:[47m[32mvm[14]STATUS OK[0m
INFO:ftm.ftm_middleware:[47m[32mvm[15]STATUS OK[0m
INFO:ftm.ftm_middleware:[47m[32mvm[16]STATUS OK[0m
INFO:ftm.ftm_middleware:[47m[32mvm[17]STATUS OK[0m
INFO:ftm.ftm_middleware:[31mvm [18] condition is not working!![0m
INFO:ftm.ftm_middleware:[31mvm [19] condition is not working!![0m
INFO:ftm.ftm_middleware:[31mvm [20] condition is not working!![0m
INFO:ftm.ftm_middleware:[47m[32mvm[21]STATUS OK[0m
INFO:ftm.ftm_middleware:[31mvm [22] condition is not working!![0m
INFO:ftm.ftm_middleware:[47m[32mvm[23]STATUS OK[0m
INFO:ftm.ftm_middleware:[47m[32mvm[24]STATUS OK[0m
INFO:ftm.ftm_middleware:[47m[32mvm[25]STATUS OK[0m
INFO:ftm.fault_masking_mgr:[31mmigrating faulty VM [8][0m
INFO:ftm.ftm_middleware:[31mvm [26] condition is not working!![0m
INFO:ftm.ftm_middleware:[47m[32mvm[27]STATUS OK[0m
INFO:ftm.ftm_middleware:[47m[32mvm[28]STATUS OK[0m
INFO:ftm.ftm_middleware:[47m[32mvm[29]STATUS OK[0m
INFO:ftm.ftm_middleware:[47m[32mvm[30]STATUS OK[0m
INFO:ftm.ftm_middleware:[47m[32mvm[31]STATUS OK[0m
INFO:ftm.ftm_middleware:[31mvm [32] condition is not working!![0m
INFO:ftm.ftm_middleware:[47m[32mvm[33]STATUS OK[0m
INFO:ftm.ftm_middleware:[31mvm [34] condition is not working!![0m
INFO:ftm.ftm_middleware:[47m[32mvm[35]STATUS OK[0m
INFO:ftm.ftm_middleware:[31mvm [36] condition is not working!![0m
INFO:ftm.ftm_middleware:[47m[32mvm[37]STATUS OK[0m
INFO:ftm.ftm_middleware:[47m[32mvm[38]STATUS OK[0m
INFO:ftm.ftm_middleware:[31mvm [39] condition is not working!![0m
INFO:ftm.ftm_middleware:[31mvm [40] condition is not working!![0m
INFO:ftm.ftm_middleware:[31mvm [41] condition is not working!![0m
INFO:ftm.ftm_middleware:[47m[32mvm[42]STATUS OK[0m
INFO:ftm.ftm_middleware:[47m[32mvm[43]STATUS OK[0m
INFO:ftm.ftm_middleware:[31mvm [44] condition is not working!![0m
INFO:ftm.ftm_middleware:[47m[32mvm[45]STATUS OK[0m
INFO:ftm.ftm_middleware:[31mvm [46] condition is not working!![0m
INFO:ftm.ftm_middleware:[47m[32mvm[47]STATUS OK[0m
INFO:ftm.ftm_middleware:[31mvm [48] condition is not working!![0m
INFO:ftm.ftm_middleware:[47m[32mvm[49]STATUS OK[0m
INFO:ftm.ftm_middleware:[47m[32mvm[50]STATUS OK[0m
INFO:ftm.ftm_middleware:[47m[32mvm[51]STATUS OK[0m
INFO:ftm.ftm_middleware:[31mvm [52] condition is not working!![0m
INFO:ftm.ftm_middleware:[47m[32mvm[53]STATUS OK[0m
INFO:ftm.ftm_middleware:[47m[32mvm[54]STATUS OK[0m
INFO:ftm.ftm_middleware:[31mvm [55] condition is not working!![0m
INFO:ftm.ftm_middleware:[31mvm [56] condition is not working!![0m
INFO:ftm.ftm_middleware:[31mvm [57] condition is not working!![0m
INFO:ftm.ftm_middleware:[31mvm [58] condition is not working!![0m
INFO:ftm.ftm_middleware:[47m[32mvm[59]STATUS OK[0m
INFO:ftm.ftm_middleware:[31mvm [60] condition is not working!![0m
INFO:ftm.ftm_middleware:[47m[32mvm[61]STATUS OK[0m
INFO:ftm.ftm_middleware:[31mvm [62] condition is not working!![0m
INFO:ftm.ftm_middleware:[47m[32mvm[63]STATUS OK[0m
INFO:ftm.ftm_middleware:[47m[32mvm[64]STATUS OK[0m
INFO:ftm.ftm_middleware:[47m[32mvm[65]STATUS OK[0m
INFO:ftm.ftm_middleware:[47m[32mvm[66]STATUS OK[0m
INFO:ftm.ftm_middleware:[31mvm [67] condition is not working!![0m
INFO:ftm.ftm_middleware:[31mvm [68] condition is not working!![0m
INFO:ftm.ftm_middleware:[47m[32mvm[69]STATUS OK[0m
INFO:ftm.ftm_middleware:[31mvm [70] condition is not working!![0m
INFO:ftm.ftm_middleware:[47m[32mvm[71]STATUS OK[0m
INFO:ftm.ftm_middleware:[31mvm [72] condition is not working!![0m
INFO:ftm.ftm_middleware:[47m[32mvm[73]STATUS OK[0m
INFO:ftm.ftm_middleware:[47m[32mvm[74]STATUS OK[0m
INFO:ftm.ftm_middleware:[31mvm [75] condition is not working!![0m
INFO:ftm.ftm_middleware:[47m[32mvm[76]STATUS OK[0m
INFO:ftm.ftm_middleware:[47m[32mvm[77]STATUS OK[0m
INFO:ftm.ftm_middleware:[47m[32mvm[78]STATUS OK[0m
INFO:ftm.ftm_middleware:[31mvm [79] condition is not working!![0m
INFO:ftm.ftm_middleware:[31mvm [80] condition is not working!![0m
INFO:ftm.ftm_middleware:[47m[32mvm[81]STATUS OK[0m
INFO:ftm.ftm_middleware:[31mvm [82] condition is not working!![0m
INFO:ftm.ftm_middleware:[31mvm [83] condition is not working!![0m
INFO:ftm.ftm_middleware:[47m[32mvm[84]STATUS OK[0m
INFO:ftm.ftm_middleware:[47m[32mvm[85]STATUS OK[0m
INFO:ftm.ftm_middleware:[47m[32mvm[86]STATUS OK[0m
INFO:ftm.ftm_middleware:[47m[32mvm[87]STATUS OK[0m
INFO:ftm.ftm_middleware:[47m[32mvm[88]STATUS OK[0m
INFO:ftm.fault_masking_mgr:[31mmigrating faulty VM [19][0m
INFO:ftm.ftm_middleware:[31mvm [89] condition is not working!![0m
INFO:ftm.ftm_middleware:[47m[32mvm[90]STATUS OK[0m
INFO:ftm.ftm_middleware:[47m[32mvm[9]STATUS OK[0m
INFO:ftm.ftm_middleware:[47m[32mvm[25]STATUS OK[0m
INFO:ftm.ftm_middleware:[47m[32mvm[42]STATUS OK[0m
INFO:ftm.ftm_middleware:[31mvm [67] condition is not working!![0m
INFO:ftm.ftm_middleware:[47m[32mvm[78]STATUS OK[0m
INFO:ftm.ftm_middleware:[47m[32mvm[81]STATUS OK[0m
INFO:ftm.ftm_middleware:[31mvm [83] condition is not working!![0m
INFO:ftm.ftm_middleware:[47m[32mvm[24]STATUS OK[0m
INFO:ftm.ftm_middleware:[47m[32mvm[84]STATUS OK[0m
INFO:ftm.ftm_middleware:[31mvm [13] condition is not working!![0m
INFO:ftm.ftm_middleware:[31mvm [60] condition is not working!![0m
INFO:ftm.ftm_middleware:[47m[32mvm[77]STATUS OK[0m
INFO:ftm.ftm_middleware:[31mvm [6] condition is not working!![0m
INFO:ftm.ftm_middleware:[47m[32mvm[7]STATUS OK[0m
INFO:ftm.ftm_middleware:[47m[32mvm[17]STATUS OK[0m
INFO:ftm.ftm_middleware:[31mvm [18] condition is not working!![0m
INFO:ftm.ftm_middleware:[47m[32mvm[27]STATUS OK[0m
INFO:ftm.ftm_middleware:[47m[32mvm[33]STATUS OK[0m
INFO:ftm.ftm_middleware:[47m[32mvm[37]STATUS OK[0m
INFO:ftm.ftm_middleware:[47m[32mvm[45]STATUS OK[0m
INFO:ftm.ftm_middleware:[47m[32mvm[47]STATUS OK[0m
INFO:ftm.ftm_middleware:[47m[32mvm[53]STATUS OK[0m
INFO:ftm.ftm_middleware:[31mvm [58] condition is not working!![0m
INFO:ftm.ftm_middleware:[31mvm [62] condition is not working!![0m
INFO:ftm.ftm_middleware:[47m[32mvm[65]STATUS OK[0m
INFO:ftm.ftm_middleware:[47m[32mvm[66]STATUS OK[0m
INFO:ftm.ftm_middleware:[47m[32mvm[74]STATUS OK[0m
INFO:ftm.ftm_middleware:[31mvm [80] condition is not working!![0m
INFO:ftm.ftm_middleware:[31mvm [89] condition is not working!![0m
INFO:ftm.ftm_middleware:[47m[32mvm[81]STATUS OK[0m
INFO:ftm.ftm_middleware:[31mvm [83] condition is not working!![0m
INFO:ftm.ftm_middleware:[47m[32mvm[81]STATUS OK[0m
INFO:ftm.ftm_middleware:[47m[32mvm[71]STATUS OK[0m
INFO:ftm.ftm_middleware:[47m[32mvm[53]STATUS OK[0m
INFO:ftm.ftm_middleware:[47m[32mvm[77]STATUS OK[0m
INFO:ftm.ftm_middleware:[47m[32mvm[53]STATUS OK[0m
INFO:ftm.ftm_middleware:[47m[32mvm[38]STATUS OK[0m
INFO:ftm.ftm_middleware:[47m[32mvm[88]STATUS OK[0m
INFO:ftm.ftm_middleware:[47m[32mvm[90]STATUS OK[0m
INFO:ftm.ftm_middleware:[47m[32mvm[11]STATUS OK[0m
INFO:ftm.ftm_middleware:[47m[32mvm[30]STATUS OK[0m
INFO:ftm.ftm_middleware:[47m[32mvm[43]STATUS OK[0m
INFO:ftm.ftm_middleware:[47m[32mvm[61]STATUS OK[0m
INFO:ftm.ftm_middleware:[47m[32mvm[63]STATUS OK[0m
INFO:ftm.ftm_middleware:[47m[32mvm[64]STATUS OK[0m
INFO:ftm.fault_masking_mgr:[31mmigrating faulty VM [52][0m
INFO:ftm.fault_masking_mgr:[31mmigrating faulty VM [60][0m
INFO:ftm.fault_masking_mgr:[31mmigrating faulty VM [62][0m
INFO:ftm.fault_masking_mgr:[31mmigrating faulty VM [62][0m
INFO:ftm.fault_masking_mgr:[31mmigrating faulty VM [83][0m
DEBUG:ftm.server:[47m[34mon_host_allocation hit[0m
DEBUG:ftm.ftm_middleware:[47m[34mactivating vm[13][0m
INFO:ftm.ftm_middleware:vm[13] has been activated[0m
DEBUG:ftm.server:[47m[34mon_host_allocation hit[0m
DEBUG:ftm.ftm_middleware:[47m[34mactivating vm[20][0m
INFO:ftm.ftm_middleware:vm[20] has been activated[0m
DEBUG:ftm.server:[47m[34mon_host_allocation hit[0m
DEBUG:ftm.ftm_middleware:[47m[34mactivating vm[40][0m
INFO:ftm.ftm_middleware:vm[40] has been activated[0m
DEBUG:ftm.server:[47m[34mon_host_allocation hit[0m
DEBUG:ftm.ftm_middleware:[47m[34mactivating vm[67][0m
INFO:ftm.ftm_middleware:vm[67] has been activated[0m
DEBUG:ftm.server:[47m[34mon_host_allocation hit[0m
DEBUG:ftm.ftm_middleware:[47m[34mactivating vm[75][0m
INFO:ftm.ftm_middleware:vm[75] has been activated[0m
DEBUG:ftm.server:[47m[34mon_host_allocation hit[0m
DEBUG:ftm.server:[47m[34mon_host_allocation hit[0m
DEBUG:ftm.ftm_middleware:[47m[34mactivating vm[79][0m
INFO:ftm.ftm_middleware:vm[79] has been activated[0m
{"id":"8","desc":"migration"}
28.865625
DEBUG:ftm.ftm_middleware:[47m[34mactivating vm[89][0m
INFO:ftm.ftm_middleware:vm[89] has been activated[0m
{"id":"19","desc":"migration"}
28.865625
DEBUG:ftm.server:[47m[34mon_host_allocation hit[0m
DEBUG:ftm.server:[47m[34mon_host_allocation hit[0m
{"id":"52","desc":"migration"}
28.865625
DEBUG:ftm.server:[47m[34mon_host_allocation hit[0m
DEBUG:ftm.server:[47m[34mon_host_allocation hit[0m
DEBUG:ftm.ftm_middleware:[47m[34mactivating vm[53][0m
INFO:ftm.ftm_middleware:vm[53] has been activated[0m
{"id":"60","desc":"migration"}
28.865625DEBUG:ftm.ftm_middleware:[47m[34mactivating vm[58][0m

INFO:ftm.ftm_middleware:vm[58] has been activated[0m
{"id":"62","desc":"migration"}
28.865625
DEBUG:ftm.ftm_middleware:[47m[34mactivating vm[80][0m
INFO:ftm.ftm_middleware:vm[80] has been activated[0m
DEBUG:ftm.ftm_middleware:[47m[34mactivating vm[83][0m
INFO:ftm.ftm_middleware:vm[83] has been activated[0m
{"id":"62","desc":"migration"}
28.865625
{"id":"83","desc":"migration"}
28.865625
INFO:ftm.ftm_middleware:[31mvm [1] condition is not working!![0m
INFO:ftm.ftm_middleware:[31mvm [2] condition is not working!![0m
INFO:ftm.ftm_middleware:[47m[32mvm[3]STATUS OK[0m
INFO:ftm.ftm_middleware:[31mvm [4] condition is not working!![0m
INFO:ftm.ftm_middleware:[31mvm [5] condition is not working!![0m
INFO:ftm.ftm_middleware:[31mvm [6] condition is not working!![0m
INFO:ftm.ftm_middleware:[47m[32mvm[7]STATUS OK[0m
INFO:ftm.ftm_middleware:[31mvm [8] condition is not working!![0m
INFO:ftm.ftm_middleware:[47m[32mvm[9]STATUS OK[0m
INFO:ftm.ftm_middleware:[31mvm [10] condition is not working!![0m
INFO:ftm.ftm_middleware:[47m[32mvm[11]STATUS OK[0m
INFO:ftm.ftm_middleware:[31mvm [12] condition is not working!![0m
INFO:ftm.ftm_middleware:[47m[32mvm[13]STATUS OK[0m
INFO:ftm.ftm_middleware:[47m[32mvm[14]STATUS OK[0m
INFO:ftm.ftm_middleware:[47m[32mvm[15]STATUS OK[0m
INFO:ftm.ftm_middleware:[47m[32mvm[16]STATUS OK[0m
INFO:ftm.ftm_middleware:[47m[32mvm[17]STATUS OK[0m
INFO:ftm.ftm_middleware:[31mvm [18] condition is not working!![0m
INFO:ftm.fault_masking_mgr:[31mmigrating faulty VM [6][0m
INFO:ftm.ftm_middleware:[31mvm [19] condition is not working!![0m
INFO:ftm.ftm_middleware:[47m[32mvm[20]STATUS OK[0m
INFO:ftm.ftm_middleware:[47m[32mvm[21]STATUS OK[0m
INFO:ftm.ftm_middleware:[31mvm [22] condition is not working!![0m
INFO:ftm.ftm_middleware:[47m[32mvm[23]STATUS OK[0m
INFO:ftm.ftm_middleware:[47m[32mvm[24]STATUS OK[0m
INFO:ftm.ftm_middleware:[47m[32mvm[25]STATUS OK[0m
INFO:ftm.ftm_middleware:[31mvm [26] condition is not working!![0m
INFO:ftm.ftm_middleware:[47m[32mvm[27]STATUS OK[0m
INFO:ftm.ftm_middleware:[47m[32mvm[28]STATUS OK[0m
INFO:ftm.ftm_middleware:[47m[32mvm[29]STATUS OK[0m
INFO:ftm.ftm_middleware:[47m[32mvm[30]STATUS OK[0m
INFO:ftm.ftm_middleware:[47m[32mvm[31]STATUS OK[0m
INFO:ftm.ftm_middleware:[31mvm [32] condition is not working!![0m
INFO:ftm.ftm_middleware:[47m[32mvm[33]STATUS OK[0m
INFO:ftm.ftm_middleware:[31mvm [34] condition is not working!![0m
INFO:ftm.ftm_middleware:[47m[32mvm[35]STATUS OK[0m
INFO:ftm.ftm_middleware:[31mvm [36] condition is not working!![0m
INFO:ftm.ftm_middleware:[47m[32mvm[37]STATUS OK[0m
INFO:ftm.ftm_middleware:[47m[32mvm[38]STATUS OK[0m
INFO:ftm.ftm_middleware:[31mvm [39] condition is not working!![0m
INFO:ftm.ftm_middleware:[47m[32mvm[40]STATUS OK[0m
INFO:ftm.ftm_middleware:[31mvm [41] condition is not working!![0m
INFO:ftm.ftm_middleware:[47m[32mvm[42]STATUS OK[0m
INFO:ftm.ftm_middleware:[47m[32mvm[43]STATUS OK[0m
INFO:ftm.ftm_middleware:[31mvm [44] condition is not working!![0m
INFO:ftm.ftm_middleware:[47m[32mvm[45]STATUS OK[0m
INFO:ftm.ftm_middleware:[31mvm [46] condition is not working!![0m
INFO:ftm.ftm_middleware:[47m[32mvm[47]STATUS OK[0m
INFO:ftm.ftm_middleware:[31mvm [48] condition is not working!![0m
INFO:ftm.ftm_middleware:[47m[32mvm[49]STATUS OK[0m
INFO:ftm.ftm_middleware:[47m[32mvm[50]STATUS OK[0m
INFO:ftm.ftm_middleware:[47m[32mvm[51]STATUS OK[0m
INFO:ftm.ftm_middleware:[31mvm [52] condition is not working!![0m
INFO:ftm.ftm_middleware:[47m[32mvm[53]STATUS OK[0m
INFO:ftm.ftm_middleware:[47m[32mvm[54]STATUS OK[0m
INFO:ftm.ftm_middleware:[31mvm [55] condition is not working!![0m
INFO:ftm.ftm_middleware:[31mvm [56] condition is not working!![0m
INFO:ftm.ftm_middleware:[31mvm [57] condition is not working!![0m
INFO:ftm.ftm_middleware:[47m[32mvm[58]STATUS OK[0m
INFO:ftm.ftm_middleware:[47m[32mvm[59]STATUS OK[0m
INFO:ftm.ftm_middleware:[31mvm [60] condition is not working!![0m
INFO:ftm.ftm_middleware:[47m[32mvm[61]STATUS OK[0m
INFO:ftm.ftm_middleware:[31mvm [62] condition is not working!![0m
INFO:ftm.ftm_middleware:[47m[32mvm[63]STATUS OK[0m
INFO:ftm.ftm_middleware:[47m[32mvm[64]STATUS OK[0m
INFO:ftm.ftm_middleware:[47m[32mvm[65]STATUS OK[0m
INFO:ftm.ftm_middleware:[31mvm [66] condition is not working!![0m
INFO:ftm.ftm_middleware:[47m[32mvm[67]STATUS OK[0m
INFO:ftm.ftm_middleware:[31mvm [68] condition is not working!![0m
INFO:ftm.ftm_middleware:[47m[32mvm[69]STATUS OK[0m
INFO:ftm.ftm_middleware:[31mvm [70] condition is not working!![0m
INFO:ftm.ftm_middleware:[47m[32mvm[71]STATUS OK[0m
INFO:ftm.ftm_middleware:[31mvm [72] condition is not working!![0m
INFO:ftm.ftm_middleware:[47m[32mvm[73]STATUS OK[0m
INFO:ftm.ftm_middleware:[31mvm [74] condition is not working!![0m
INFO:ftm.ftm_middleware:[47m[32mvm[75]STATUS OK[0m
INFO:ftm.ftm_middleware:[47m[32mvm[76]STATUS OK[0m
INFO:ftm.ftm_middleware:[47m[32mvm[77]STATUS OK[0m
INFO:ftm.ftm_middleware:[47m[32mvm[78]STATUS OK[0m
INFO:ftm.ftm_middleware:[47m[32mvm[79]STATUS OK[0m
INFO:ftm.ftm_middleware:[47m[32mvm[80]STATUS OK[0m
INFO:ftm.ftm_middleware:[47m[32mvm[81]STATUS OK[0m
INFO:ftm.ftm_middleware:[31mvm [82] condition is not working!![0m
INFO:ftm.ftm_middleware:[47m[32mvm[83]STATUS OK[0m
INFO:ftm.ftm_middleware:[47m[32mvm[84]STATUS OK[0m
INFO:ftm.ftm_middleware:[47m[32mvm[85]STATUS OK[0m
INFO:ftm.ftm_middleware:[47m[32mvm[86]STATUS OK[0m
INFO:ftm.ftm_middleware:[47m[32mvm[87]STATUS OK[0m
INFO:ftm.ftm_middleware:[47m[32mvm[88]STATUS OK[0m
INFO:ftm.ftm_middleware:[47m[32mvm[89]STATUS OK[0m
INFO:ftm.ftm_middleware:[47m[32mvm[90]STATUS OK[0m
INFO:ftm.ftm_middleware:[47m[32mvm[9]STATUS OK[0m
INFO:ftm.ftm_middleware:[47m[32mvm[25]STATUS OK[0m
INFO:ftm.ftm_middleware:[47m[32mvm[42]STATUS OK[0m
INFO:ftm.ftm_middleware:[47m[32mvm[67]STATUS OK[0m
INFO:ftm.ftm_middleware:[47m[32mvm[78]STATUS OK[0m
INFO:ftm.ftm_middleware:[47m[32mvm[81]STATUS OK[0m
INFO:ftm.ftm_middleware:[47m[32mvm[83]STATUS OK[0m
INFO:ftm.ftm_middleware:[47m[32mvm[24]STATUS OK[0m
INFO:ftm.ftm_middleware:[47m[32mvm[84]STATUS OK[0m
INFO:ftm.ftm_middleware:[47m[32mvm[13]STATUS OK[0m
INFO:ftm.ftm_middleware:[31mvm [60] condition is not working!![0m
INFO:ftm.ftm_middleware:[47m[32mvm[77]STATUS OK[0m
INFO:ftm.fault_masking_mgr:[31mmigrating faulty VM [44][0m
INFO:ftm.ftm_middleware:[31mvm [6] condition is not working!![0m
INFO:ftm.ftm_middleware:[47m[32mvm[7]STATUS OK[0m
INFO:ftm.ftm_middleware:[47m[32mvm[17]STATUS OK[0m
INFO:ftm.ftm_middleware:[31mvm [18] condition is not working!![0m
INFO:ftm.ftm_middleware:[47m[32mvm[27]STATUS OK[0m
INFO:ftm.ftm_middleware:[47m[32mvm[33]STATUS OK[0m
INFO:ftm.ftm_middleware:[47m[32mvm[37]STATUS OK[0m
INFO:ftm.ftm_middleware:[47m[32mvm[45]STATUS OK[0m
INFO:ftm.ftm_middleware:[47m[32mvm[47]STATUS OK[0m
INFO:ftm.ftm_middleware:[47m[32mvm[53]STATUS OK[0m
INFO:ftm.ftm_middleware:[47m[32mvm[58]STATUS OK[0m
INFO:ftm.ftm_middleware:[31mvm [62] condition is not working!![0m
INFO:ftm.ftm_middleware:[47m[32mvm[65]STATUS OK[0m
INFO:ftm.ftm_middleware:[31mvm [66] condition is not working!![0m
INFO:ftm.ftm_middleware:[31mvm [74] condition is not working!![0m
INFO:ftm.ftm_middleware:[47m[32mvm[80]STATUS OK[0m
INFO:ftm.ftm_middleware:[47m[32mvm[89]STATUS OK[0m
INFO:ftm.ftm_middleware:[47m[32mvm[81]STATUS OK[0m
INFO:ftm.ftm_middleware:[47m[32mvm[83]STATUS OK[0m
INFO:ftm.ftm_middleware:[47m[32mvm[81]STATUS OK[0m
INFO:ftm.ftm_middleware:[47m[32mvm[71]STATUS OK[0m
INFO:ftm.ftm_middleware:[47m[32mvm[53]STATUS OK[0m
INFO:ftm.ftm_middleware:[47m[32mvm[77]STATUS OK[0m
INFO:ftm.ftm_middleware:[47m[32mvm[53]STATUS OK[0m
INFO:ftm.ftm_middleware:[47m[32mvm[38]STATUS OK[0m
INFO:ftm.ftm_middleware:[47m[32mvm[88]STATUS OK[0m
INFO:ftm.ftm_middleware:[47m[32mvm[90]STATUS OK[0m
INFO:ftm.ftm_middleware:[47m[32mvm[11]STATUS OK[0m
INFO:ftm.ftm_middleware:[47m[32mvm[30]STATUS OK[0m
INFO:ftm.ftm_middleware:[47m[32mvm[43]STATUS OK[0m
INFO:ftm.ftm_middleware:[47m[32mvm[61]STATUS OK[0m
INFO:ftm.ftm_middleware:[47m[32mvm[63]STATUS OK[0m
INFO:ftm.ftm_middleware:[47m[32mvm[64]STATUS OK[0m
INFO:ftm.ftm_middleware:[47m[32mvm[73]STATUS OK[0m
INFO:ftm.ftm_middleware:[47m[32mvm[86]STATUS OK[0m
INFO:ftm.fault_masking_mgr:[31mmigrating faulty VM [55][0m
INFO:ftm.fault_masking_mgr:[31mmigrating faulty VM [66][0m
INFO:ftm.fault_masking_mgr:[31mmigrating faulty VM [74][0m
INFO:ftm.fault_masking_mgr:[31mmigrating faulty VM [66][0m
INFO:ftm.fault_masking_mgr:[31mmigrating faulty VM [74][0m
DEBUG:ftm.server:[47m[34mon_host_allocation hit[0m
DEBUG:ftm.ftm_middleware:[47m[34mactivating vm[34][0m
INFO:ftm.ftm_middleware:vm[34] has been activated[0m
{"id":"6","desc":"migration"}
29.8421875
{"id":"44","desc":"migration"}
29.8421875
{"id":"55","desc":"migration"}
29.8421875
{"id":"66","desc":"migration"}
29.8421875
{"id":"74","desc":"migration"}
29.8421875
{"id":"66","desc":"migration"}
29.8421875
{"id":"74","desc":"migration"}
29.8421875
INFO:ftm.ftm_middleware:[31mvm [1] condition is not working!![0m
INFO:ftm.ftm_middleware:[31mvm [2] condition is not working!![0m
INFO:ftm.ftm_middleware:[47m[32mvm[3]STATUS OK[0m
INFO:ftm.ftm_middleware:[31mvm [4] condition is not working!![0m
INFO:ftm.ftm_middleware:[31mvm [5] condition is not working!![0m
INFO:ftm.ftm_middleware:[31mvm [6] condition is not working!![0m
INFO:ftm.ftm_middleware:[47m[32mvm[7]STATUS OK[0m
INFO:ftm.ftm_middleware:[31mvm [8] condition is not working!![0m
INFO:ftm.ftm_middleware:[47m[32mvm[9]STATUS OK[0m
INFO:ftm.ftm_middleware:[31mvm [10] condition is not working!![0m
INFO:ftm.ftm_middleware:[47m[32mvm[11]STATUS OK[0m
INFO:ftm.ftm_middleware:[31mvm [12] condition is not working!![0m
INFO:ftm.ftm_middleware:[47m[32mvm[13]STATUS OK[0m
INFO:ftm.ftm_middleware:[47m[32mvm[14]STATUS OK[0m
INFO:ftm.ftm_middleware:[47m[32mvm[15]STATUS OK[0m
INFO:ftm.ftm_middleware:[47m[32mvm[16]STATUS OK[0m
INFO:ftm.ftm_middleware:[47m[32mvm[17]STATUS OK[0m
INFO:ftm.ftm_middleware:[31mvm [18] condition is not working!![0m
INFO:ftm.ftm_middleware:[31mvm [19] condition is not working!![0m
INFO:ftm.ftm_middleware:[47m[32mvm[20]STATUS OK[0m
INFO:ftm.ftm_middleware:[47m[32mvm[21]STATUS OK[0m
INFO:ftm.ftm_middleware:[31mvm [22] condition is not working!![0m
INFO:ftm.ftm_middleware:[31mvm [23] condition is not working!![0m
INFO:ftm.ftm_middleware:[47m[32mvm[24]STATUS OK[0m
INFO:ftm.ftm_middleware:[47m[32mvm[25]STATUS OK[0m
INFO:ftm.ftm_middleware:[31mvm [26] condition is not working!![0m
INFO:ftm.ftm_middleware:[47m[32mvm[27]STATUS OK[0m
INFO:ftm.ftm_middleware:[47m[32mvm[28]STATUS OK[0m
INFO:ftm.ftm_middleware:[47m[32mvm[29]STATUS OK[0m
INFO:ftm.ftm_middleware:[47m[32mvm[30]STATUS OK[0m
INFO:ftm.ftm_middleware:[47m[32mvm[31]STATUS OK[0m
INFO:ftm.ftm_middleware:[31mvm [32] condition is not working!![0m
INFO:ftm.fault_masking_mgr:[31mmigrating faulty VM [12][0m
{"id":"12","desc":"migration"}
29.8421875
INFO:ftm.ftm_middleware:[47m[32mvm[33]STATUS OK[0m
INFO:ftm.ftm_middleware:[47m[32mvm[34]STATUS OK[0m
INFO:ftm.ftm_middleware:[47m[32mvm[35]STATUS OK[0m
INFO:ftm.ftm_middleware:[31mvm [36] condition is not working!![0m
INFO:ftm.ftm_middleware:[47m[32mvm[37]STATUS OK[0m
INFO:ftm.ftm_middleware:[47m[32mvm[38]STATUS OK[0m
INFO:ftm.ftm_middleware:[31mvm [39] condition is not working!![0m
INFO:ftm.ftm_middleware:[47m[32mvm[40]STATUS OK[0m
INFO:ftm.ftm_middleware:[31mvm [41] condition is not working!![0m
INFO:ftm.ftm_middleware:[47m[32mvm[42]STATUS OK[0m
INFO:ftm.ftm_middleware:[47m[32mvm[43]STATUS OK[0m
INFO:ftm.ftm_middleware:[31mvm [44] condition is not working!![0m
INFO:ftm.ftm_middleware:[47m[32mvm[45]STATUS OK[0m
INFO:ftm.ftm_middleware:[31mvm [46] condition is not working!![0m
INFO:ftm.ftm_middleware:[47m[32mvm[47]STATUS OK[0m
INFO:ftm.ftm_middleware:[31mvm [48] condition is not working!![0m
INFO:ftm.ftm_middleware:[47m[32mvm[49]STATUS OK[0m
INFO:ftm.ftm_middleware:[47m[32mvm[50]STATUS OK[0m
INFO:ftm.ftm_middleware:[47m[32mvm[51]STATUS OK[0m
INFO:ftm.ftm_middleware:[31mvm [52] condition is not working!![0m
INFO:ftm.ftm_middleware:[47m[32mvm[53]STATUS OK[0m
INFO:ftm.ftm_middleware:[47m[32mvm[54]STATUS OK[0m
INFO:ftm.fault_masking_mgr:[31mmigrating faulty VM [18][0m
INFO:ftm.fault_masking_mgr:[31mmigrating faulty VM [23][0m
INFO:ftm.ftm_middleware:[31mvm [55] condition is not working!![0m
INFO:ftm.ftm_middleware:[31mvm [56] condition is not working!![0m
INFO:ftm.ftm_middleware:[31mvm [57] condition is not working!![0m
INFO:ftm.ftm_middleware:[47m[32mvm[58]STATUS OK[0m
INFO:ftm.ftm_middleware:[47m[32mvm[59]STATUS OK[0m
INFO:ftm.ftm_middleware:[31mvm [60] condition is not working!![0m
INFO:ftm.ftm_middleware:[47m[32mvm[61]STATUS OK[0m
INFO:ftm.ftm_middleware:[31mvm [62] condition is not working!![0m
INFO:ftm.ftm_middleware:[47m[32mvm[63]STATUS OK[0m
INFO:ftm.ftm_middleware:[47m[32mvm[64]STATUS OK[0m
INFO:ftm.ftm_middleware:[47m[32mvm[65]STATUS OK[0m
INFO:ftm.ftm_middleware:[31mvm [66] condition is not working!![0m
INFO:ftm.ftm_middleware:[47m[32mvm[67]STATUS OK[0m
INFO:ftm.ftm_middleware:[31mvm [68] condition is not working!![0m
INFO:ftm.ftm_middleware:[47m[32mvm[69]STATUS OK[0m
INFO:ftm.ftm_middleware:[31mvm [70] condition is not working!![0m
INFO:ftm.ftm_middleware:[47m[32mvm[71]STATUS OK[0m
INFO:ftm.ftm_middleware:[31mvm [72] condition is not working!![0m
INFO:ftm.ftm_middleware:[47m[32mvm[73]STATUS OK[0m
INFO:ftm.ftm_middleware:[31mvm [74] condition is not working!![0m
INFO:ftm.ftm_middleware:[47m[32mvm[75]STATUS OK[0m
INFO:ftm.ftm_middleware:[47m[32mvm[76]STATUS OK[0m
INFO:ftm.ftm_middleware:[47m[32mvm[77]STATUS OK[0m
INFO:ftm.ftm_middleware:[47m[32mvm[78]STATUS OK[0m
INFO:ftm.ftm_middleware:[47m[32mvm[79]STATUS OK[0m
INFO:ftm.ftm_middleware:[47m[32mvm[80]STATUS OK[0m
INFO:ftm.ftm_middleware:[47m[32mvm[81]STATUS OK[0m
INFO:ftm.ftm_middleware:[31mvm [82] condition is not working!![0m
INFO:ftm.ftm_middleware:[47m[32mvm[83]STATUS OK[0m
INFO:ftm.ftm_middleware:[47m[32mvm[84]STATUS OK[0m
INFO:ftm.ftm_middleware:[47m[32mvm[85]STATUS OK[0m
INFO:ftm.ftm_middleware:[47m[32mvm[86]STATUS OK[0m
INFO:ftm.ftm_middleware:[47m[32mvm[87]STATUS OK[0m
INFO:ftm.ftm_middleware:[47m[32mvm[88]STATUS OK[0m
INFO:ftm.ftm_middleware:[47m[32mvm[89]STATUS OK[0m
INFO:ftm.ftm_middleware:[47m[32mvm[90]STATUS OK[0m
INFO:ftm.ftm_middleware:[47m[32mvm[9]STATUS OK[0m
INFO:ftm.ftm_middleware:[47m[32mvm[25]STATUS OK[0m
INFO:ftm.ftm_middleware:[47m[32mvm[42]STATUS OK[0m
INFO:ftm.ftm_middleware:[47m[32mvm[67]STATUS OK[0m
INFO:ftm.ftm_middleware:[47m[32mvm[78]STATUS OK[0m
INFO:ftm.ftm_middleware:[47m[32mvm[81]STATUS OK[0m
INFO:ftm.ftm_middleware:[47m[32mvm[83]STATUS OK[0m
INFO:ftm.ftm_middleware:[47m[32mvm[24]STATUS OK[0m
INFO:ftm.ftm_middleware:[47m[32mvm[84]STATUS OK[0m
INFO:ftm.ftm_middleware:[47m[32mvm[13]STATUS OK[0m
INFO:ftm.ftm_middleware:[31mvm [60] condition is not working!![0m
INFO:ftm.ftm_middleware:[47m[32mvm[77]STATUS OK[0m
INFO:ftm.ftm_middleware:[31mvm [6] condition is not working!![0m
INFO:ftm.ftm_middleware:[47m[32mvm[7]STATUS OK[0m
INFO:ftm.ftm_middleware:[47m[32mvm[17]STATUS OK[0m
INFO:ftm.ftm_middleware:[31mvm [18] condition is not working!![0m
INFO:ftm.ftm_middleware:[47m[32mvm[27]STATUS OK[0m
INFO:ftm.ftm_middleware:[47m[32mvm[33]STATUS OK[0m
INFO:ftm.ftm_middleware:[47m[32mvm[37]STATUS OK[0m
INFO:ftm.ftm_middleware:[47m[32mvm[45]STATUS OK[0m
INFO:ftm.ftm_middleware:[47m[32mvm[47]STATUS OK[0m
INFO:ftm.ftm_middleware:[47m[32mvm[53]STATUS OK[0m
INFO:ftm.ftm_middleware:[47m[32mvm[58]STATUS OK[0m
INFO:ftm.ftm_middleware:[31mvm [62] condition is not working!![0m
INFO:ftm.ftm_middleware:[47m[32mvm[65]STATUS OK[0m
INFO:ftm.ftm_middleware:[31mvm [66] condition is not working!![0m
INFO:ftm.ftm_middleware:[31mvm [74] condition is not working!![0m
INFO:ftm.ftm_middleware:[47m[32mvm[80]STATUS OK[0m
INFO:ftm.ftm_middleware:[47m[32mvm[89]STATUS OK[0m
INFO:ftm.ftm_middleware:[47m[32mvm[81]STATUS OK[0m
INFO:ftm.ftm_middleware:[47m[32mvm[83]STATUS OK[0m
INFO:ftm.ftm_middleware:[47m[32mvm[81]STATUS OK[0m
INFO:ftm.ftm_middleware:[47m[32mvm[71]STATUS OK[0m
INFO:ftm.ftm_middleware:[47m[32mvm[53]STATUS OK[0m
INFO:ftm.ftm_middleware:[47m[32mvm[77]STATUS OK[0m
INFO:ftm.ftm_middleware:[47m[32mvm[53]STATUS OK[0m
INFO:ftm.ftm_middleware:[47m[32mvm[38]STATUS OK[0m
INFO:ftm.ftm_middleware:[47m[32mvm[88]STATUS OK[0m
INFO:ftm.ftm_middleware:[47m[32mvm[90]STATUS OK[0m
INFO:ftm.ftm_middleware:[47m[32mvm[11]STATUS OK[0m
INFO:ftm.ftm_middleware:[47m[32mvm[30]STATUS OK[0m
INFO:ftm.ftm_middleware:[47m[32mvm[43]STATUS OK[0m
INFO:ftm.ftm_middleware:[47m[32mvm[61]STATUS OK[0m
INFO:ftm.ftm_middleware:[47m[32mvm[63]STATUS OK[0m
INFO:ftm.ftm_middleware:[47m[32mvm[64]STATUS OK[0m
INFO:ftm.ftm_middleware:[47m[32mvm[73]STATUS OK[0m
INFO:ftm.ftm_middleware:[47m[32mvm[86]STATUS OK[0m
INFO:ftm.ftm_middleware:[47m[32mvm[13]STATUS OK[0m
INFO:ftm.ftm_middleware:[47m[32mvm[20]STATUS OK[0m
INFO:ftm.ftm_middleware:[47m[32mvm[40]STATUS OK[0m
INFO:ftm.ftm_middleware:[47m[32mvm[67]STATUS OK[0m
INFO:ftm.ftm_middleware:[47m[32mvm[75]STATUS OK[0m
INFO:ftm.ftm_middleware:[47m[32mvm[79]STATUS OK[0m
INFO:ftm.ftm_middleware:[47m[32mvm[89]STATUS OK[0m
INFO:ftm.ftm_middleware:[47m[32mvm[53]STATUS OK[0m
INFO:ftm.ftm_middleware:[47m[32mvm[58]STATUS OK[0m
INFO:ftm.ftm_middleware:[47m[32mvm[80]STATUS OK[0m
INFO:ftm.ftm_middleware:[47m[32mvm[83]STATUS OK[0m
DEBUG:ftm.server:[47m[34mon_host_allocation hit[0m
DEBUG:ftm.ftm_middleware:[47m[34mactivating vm[19][0m
INFO:ftm.ftm_middleware:vm[19] has been activated[0m
DEBUG:ftm.server:[47m[34mon_host_allocation hit[0m
DEBUG:ftm.ftm_middleware:[47m[34mactivating vm[52][0m
INFO:ftm.ftm_middleware:vm[52] has been activated[0m
{"id":"18","desc":"migration"}
30.81875
{"id":"23","desc":"migration"}
30.81875
INFO:ftm.ftm_middleware:[31mvm [1] condition is not working!![0m
INFO:ftm.ftm_middleware:[31mvm [2] condition is not working!![0m
INFO:ftm.ftm_middleware:[47m[32mvm[3]STATUS OK[0m
INFO:ftm.ftm_middleware:[31mvm [4] condition is not working!![0m
INFO:ftm.ftm_middleware:[31mvm [5] condition is not working!![0m
INFO:ftm.ftm_middleware:[31mvm [6] condition is not working!![0m
INFO:ftm.ftm_middleware:[47m[32mvm[7]STATUS OK[0m
INFO:ftm.ftm_middleware:[31mvm [8] condition is not working!![0m
INFO:ftm.ftm_middleware:[47m[32mvm[9]STATUS OK[0m
INFO:ftm.ftm_middleware:[31mvm [10] condition is not working!![0m
INFO:ftm.ftm_middleware:[47m[32mvm[11]STATUS OK[0m
INFO:ftm.ftm_middleware:[31mvm [12] condition is not working!![0m
INFO:ftm.fault_masking_mgr:[31mmigrating faulty VM [4][0m
INFO:ftm.fault_masking_mgr:[31mmigrating faulty VM [5][0m
INFO:ftm.ftm_middleware:[47m[32mvm[13]STATUS OK[0m
INFO:ftm.ftm_middleware:[47m[32mvm[14]STATUS OK[0m
INFO:ftm.ftm_middleware:[47m[32mvm[15]STATUS OK[0m
INFO:ftm.ftm_middleware:[47m[32mvm[16]STATUS OK[0m
INFO:ftm.ftm_middleware:[47m[32mvm[17]STATUS OK[0m
INFO:ftm.ftm_middleware:[31mvm [18] condition is not working!![0m
INFO:ftm.ftm_middleware:[47m[32mvm[19]STATUS OK[0m
INFO:ftm.ftm_middleware:[47m[32mvm[20]STATUS OK[0m
INFO:ftm.ftm_middleware:[47m[32mvm[21]STATUS OK[0m
INFO:ftm.ftm_middleware:[31mvm [22] condition is not working!![0m
INFO:ftm.ftm_middleware:[31mvm [23] condition is not working!![0m
INFO:ftm.ftm_middleware:[31mvm [24] condition is not working!![0m
{"id":"4","desc":"migration"}
30.81875
{"id":"5","desc":"migration"}
30.81875
INFO:ftm.ftm_middleware:[47m[32mvm[25]STATUS OK[0m
INFO:ftm.ftm_middleware:[31mvm [26] condition is not working!![0m
INFO:ftm.ftm_middleware:[47m[32mvm[27]STATUS OK[0m
INFO:ftm.ftm_middleware:[47m[32mvm[28]STATUS OK[0m
INFO:ftm.ftm_middleware:[47m[32mvm[29]STATUS OK[0m
INFO:ftm.ftm_middleware:[47m[32mvm[30]STATUS OK[0m
INFO:ftm.ftm_middleware:[47m[32mvm[31]STATUS OK[0m
INFO:ftm.ftm_middleware:[31mvm [32] condition is not working!![0m
INFO:ftm.ftm_middleware:[47m[32mvm[33]STATUS OK[0m
INFO:ftm.ftm_middleware:[47m[32mvm[34]STATUS OK[0m
INFO:ftm.ftm_middleware:[47m[32mvm[35]STATUS OK[0m
INFO:ftm.ftm_middleware:[31mvm [36] condition is not working!![0m
INFO:ftm.ftm_middleware:[47m[32mvm[37]STATUS OK[0m
INFO:ftm.ftm_middleware:[47m[32mvm[38]STATUS OK[0m
INFO:ftm.ftm_middleware:[31mvm [39] condition is not working!![0m
INFO:ftm.ftm_middleware:[47m[32mvm[40]STATUS OK[0m
INFO:ftm.ftm_middleware:[31mvm [41] condition is not working!![0m
INFO:ftm.ftm_middleware:[47m[32mvm[42]STATUS OK[0m
INFO:ftm.ftm_middleware:[47m[32mvm[43]STATUS OK[0m
INFO:ftm.fault_masking_mgr:[31mmigrating faulty VM [22][0m
INFO:ftm.fault_masking_mgr:[31mmigrating faulty VM [24][0m
INFO:ftm.ftm_middleware:[31mvm [44] condition is not working!![0m
INFO:ftm.ftm_middleware:[47m[32mvm[45]STATUS OK[0m
INFO:ftm.ftm_middleware:[31mvm [46] condition is not working!![0m
INFO:ftm.ftm_middleware:[47m[32mvm[47]STATUS OK[0m
INFO:ftm.ftm_middleware:[31mvm [48] condition is not working!![0m
INFO:ftm.ftm_middleware:[47m[32mvm[49]STATUS OK[0m
INFO:ftm.ftm_middleware:[47m[32mvm[50]STATUS OK[0m
INFO:ftm.ftm_middleware:[47m[32mvm[51]STATUS OK[0m
INFO:ftm.ftm_middleware:[47m[32mvm[52]STATUS OK[0m
INFO:ftm.ftm_middleware:[47m[32mvm[53]STATUS OK[0m
INFO:ftm.ftm_middleware:[47m[32mvm[54]STATUS OK[0m
INFO:ftm.ftm_middleware:[31mvm [55] condition is not working!![0m
INFO:ftm.ftm_middleware:[31mvm [56] condition is not working!![0m
INFO:ftm.ftm_middleware:[31mvm [57] condition is not working!![0m
INFO:ftm.ftm_middleware:[47m[32mvm[58]STATUS OK[0m
INFO:ftm.ftm_middleware:[47m[32mvm[59]STATUS OK[0m
INFO:ftm.ftm_middleware:[31mvm [60] condition is not working!![0m
INFO:ftm.ftm_middleware:[47m[32mvm[61]STATUS OK[0m
INFO:ftm.ftm_middleware:[31mvm [62] condition is not working!![0m
INFO:ftm.ftm_middleware:[47m[32mvm[63]STATUS OK[0m
INFO:ftm.ftm_middleware:[47m[32mvm[64]STATUS OK[0m
INFO:ftm.ftm_middleware:[47m[32mvm[65]STATUS OK[0m
INFO:ftm.ftm_middleware:[31mvm [66] condition is not working!![0m
INFO:ftm.ftm_middleware:[47m[32mvm[67]STATUS OK[0m
INFO:ftm.ftm_middleware:[31mvm [68] condition is not working!![0m
INFO:ftm.ftm_middleware:[47m[32mvm[69]STATUS OK[0m
INFO:ftm.ftm_middleware:[31mvm [70] condition is not working!![0m
INFO:ftm.ftm_middleware:[47m[32mvm[71]STATUS OK[0m
INFO:ftm.ftm_middleware:[31mvm [72] condition is not working!![0m
INFO:ftm.ftm_middleware:[47m[32mvm[73]STATUS OK[0m
INFO:ftm.ftm_middleware:[31mvm [74] condition is not working!![0m
INFO:ftm.ftm_middleware:[47m[32mvm[75]STATUS OK[0m
INFO:ftm.ftm_middleware:[47m[32mvm[76]STATUS OK[0m
INFO:ftm.ftm_middleware:[47m[32mvm[77]STATUS OK[0m
INFO:ftm.ftm_middleware:[47m[32mvm[78]STATUS OK[0m
INFO:ftm.ftm_middleware:[47m[32mvm[79]STATUS OK[0m
INFO:ftm.ftm_middleware:[47m[32mvm[80]STATUS OK[0m
INFO:ftm.ftm_middleware:[47m[32mvm[81]STATUS OK[0m
INFO:ftm.ftm_middleware:[31mvm [82] condition is not working!![0m
INFO:ftm.ftm_middleware:[47m[32mvm[83]STATUS OK[0m
INFO:ftm.fault_masking_mgr:[31mmigrating faulty VM [32][0m
INFO:ftm.fault_masking_mgr:[31mmigrating faulty VM [39][0m
INFO:ftm.ftm_middleware:[47m[32mvm[84]STATUS OK[0m
INFO:ftm.ftm_middleware:[47m[32mvm[85]STATUS OK[0m
INFO:ftm.ftm_middleware:[47m[32mvm[86]STATUS OK[0m
INFO:ftm.ftm_middleware:[31mvm [87] condition is not working!![0m
INFO:ftm.ftm_middleware:[47m[32mvm[88]STATUS OK[0m
INFO:ftm.ftm_middleware:[31mvm [89] condition is not working!![0m
INFO:ftm.ftm_middleware:[31mvm [90] condition is not working!![0m
INFO:ftm.ftm_middleware:[47m[32mvm[9]STATUS OK[0m
INFO:ftm.ftm_middleware:[47m[32mvm[25]STATUS OK[0m
INFO:ftm.ftm_middleware:[47m[32mvm[42]STATUS OK[0m
INFO:ftm.ftm_middleware:[47m[32mvm[67]STATUS OK[0m
INFO:ftm.ftm_middleware:[47m[32mvm[78]STATUS OK[0m
INFO:ftm.ftm_middleware:[47m[32mvm[81]STATUS OK[0m
INFO:ftm.ftm_middleware:[47m[32mvm[83]STATUS OK[0m
INFO:ftm.ftm_middleware:[31mvm [24] condition is not working!![0m
INFO:ftm.ftm_middleware:[47m[32mvm[84]STATUS OK[0m
INFO:ftm.ftm_middleware:[47m[32mvm[13]STATUS OK[0m
INFO:ftm.ftm_middleware:[31mvm [60] condition is not working!![0m
INFO:ftm.ftm_middleware:[47m[32mvm[77]STATUS OK[0m
INFO:ftm.ftm_middleware:[31mvm [6] condition is not working!![0m
INFO:ftm.ftm_middleware:[47m[32mvm[7]STATUS OK[0m
INFO:ftm.ftm_middleware:[47m[32mvm[17]STATUS OK[0m
INFO:ftm.ftm_middleware:[31mvm [18] condition is not working!![0m
INFO:ftm.ftm_middleware:[47m[32mvm[27]STATUS OK[0m
INFO:ftm.ftm_middleware:[47m[32mvm[33]STATUS OK[0m
INFO:ftm.ftm_middleware:[47m[32mvm[37]STATUS OK[0m
INFO:ftm.ftm_middleware:[47m[32mvm[45]STATUS OK[0m
INFO:ftm.ftm_middleware:[47m[32mvm[47]STATUS OK[0m
INFO:ftm.ftm_middleware:[47m[32mvm[53]STATUS OK[0m
INFO:ftm.ftm_middleware:[47m[32mvm[58]STATUS OK[0m
INFO:ftm.ftm_middleware:[31mvm [62] condition is not working!![0m
INFO:ftm.ftm_middleware:[47m[32mvm[65]STATUS OK[0m
INFO:ftm.ftm_middleware:[31mvm [66] condition is not working!![0m
INFO:ftm.ftm_middleware:[31mvm [74] condition is not working!![0m
INFO:ftm.ftm_middleware:[47m[32mvm[80]STATUS OK[0m
INFO:ftm.ftm_middleware:[31mvm [89] condition is not working!![0m
INFO:ftm.ftm_middleware:[47m[32mvm[81]STATUS OK[0m
INFO:ftm.ftm_middleware:[47m[32mvm[83]STATUS OK[0m
INFO:ftm.ftm_middleware:[47m[32mvm[81]STATUS OK[0m
INFO:ftm.ftm_middleware:[47m[32mvm[71]STATUS OK[0m
INFO:ftm.ftm_middleware:[47m[32mvm[53]STATUS OK[0m
INFO:ftm.ftm_middleware:[47m[32mvm[77]STATUS OK[0m
INFO:ftm.ftm_middleware:[47m[32mvm[53]STATUS OK[0m
INFO:ftm.ftm_middleware:[47m[32mvm[38]STATUS OK[0m
INFO:ftm.ftm_middleware:[47m[32mvm[88]STATUS OK[0m
INFO:ftm.ftm_middleware:[31mvm [90] condition is not working!![0m
INFO:ftm.ftm_middleware:[47m[32mvm[11]STATUS OK[0m
INFO:ftm.ftm_middleware:[47m[32mvm[30]STATUS OK[0m
INFO:ftm.ftm_middleware:[47m[32mvm[43]STATUS OK[0m
INFO:ftm.ftm_middleware:[47m[32mvm[61]STATUS OK[0m
INFO:ftm.ftm_middleware:[47m[32mvm[63]STATUS OK[0m
INFO:ftm.ftm_middleware:[47m[32mvm[64]STATUS OK[0m
INFO:ftm.ftm_middleware:[47m[32mvm[73]STATUS OK[0m
INFO:ftm.ftm_middleware:[47m[32mvm[86]STATUS OK[0m
INFO:ftm.ftm_middleware:[47m[32mvm[13]STATUS OK[0m
INFO:ftm.ftm_middleware:[47m[32mvm[20]STATUS OK[0m
INFO:ftm.ftm_middleware:[47m[32mvm[40]STATUS OK[0m
INFO:ftm.ftm_middleware:[47m[32mvm[67]STATUS OK[0m
INFO:ftm.ftm_middleware:[47m[32mvm[75]STATUS OK[0m
INFO:ftm.ftm_middleware:[47m[32mvm[79]STATUS OK[0m
INFO:ftm.ftm_middleware:[31mvm [89] condition is not working!![0m
INFO:ftm.ftm_middleware:[47m[32mvm[53]STATUS OK[0m
INFO:ftm.ftm_middleware:[47m[32mvm[58]STATUS OK[0m
INFO:ftm.ftm_middleware:[47m[32mvm[80]STATUS OK[0m
INFO:ftm.ftm_middleware:[47m[32mvm[83]STATUS OK[0m
INFO:ftm.ftm_middleware:[47m[32mvm[34]STATUS OK[0m
INFO:ftm.fault_masking_mgr:[31mmigrating faulty VM [46][0m
INFO:ftm.fault_masking_mgr:[31mmigrating faulty VM [48][0m
INFO:ftm.fault_masking_mgr:[31mmigrating faulty VM [57][0m
INFO:ftm.fault_masking_mgr:[31mmigrating faulty VM [60][0m
INFO:ftm.fault_masking_mgr:[31mmigrating faulty VM [68][0m
INFO:ftm.fault_masking_mgr:[31mmigrating faulty VM [82][0m
INFO:ftm.fault_masking_mgr:[31mmigrating faulty VM [87][0m
INFO:ftm.fault_masking_mgr:[31mmigrating faulty VM [89][0m
INFO:ftm.fault_masking_mgr:[31mmigrating faulty VM [90][0m
INFO:ftm.fault_masking_mgr:[31mmigrating faulty VM [62][0m
INFO:ftm.fault_masking_mgr:[31mmigrating faulty VM [89][0m
INFO:ftm.fault_masking_mgr:[31mmigrating faulty VM [90][0m
INFO:ftm.fault_masking_mgr:[31mmigrating faulty VM [89][0m
DEBUG:ftm.server:[47m[34mon_host_allocation hit[0m
DEBUG:ftm.ftm_middleware:[47m[34mactivating vm[44][0m
INFO:ftm.ftm_middleware:vm[44] has been activated[0m
DEBUG:ftm.server:[47m[34mon_host_allocation hit[0m
DEBUG:ftm.ftm_middleware:[47m[34mactivating vm[55][0m
INFO:ftm.ftm_middleware:vm[55] has been activated[0m
{"id":"22","desc":"migration"}
31.7953125
{"id":"24","desc":"migration"}
31.7953125
{"id":"32","desc":"migration"}
31.7953125
{"id":"39","desc":"migration"}
31.7953125
{"id":"46","desc":"migration"}
31.7953125
{"id":"48","desc":"migration"}
31.7953125
{"id":"57","desc":"migration"}
31.7953125
{"id":"60","desc":"migration"}
31.7953125
{"id":"68","desc":"migration"}
31.7953125
{"id":"82","desc":"migration"}
31.7953125
{"id":"87","desc":"migration"}
31.7953125
{"id":"89","desc":"migration"}
31.7953125
{"id":"90","desc":"migration"}
31.7953125
{"id":"62","desc":"migration"}
31.7953125
{"id":"89","desc":"migration"}
31.7953125
{"id":"90","desc":"migration"}
31.7953125
{"id":"89","desc":"migration"}
31.7953125
INFO:ftm.ftm_middleware:[31mvm [1] condition is not working!![0m
INFO:ftm.ftm_middleware:[31mvm [2] condition is not working!![0m
INFO:ftm.ftm_middleware:[47m[32mvm[3]STATUS OK[0m
INFO:ftm.ftm_middleware:[31mvm [4] condition is not working!![0m
INFO:ftm.fault_masking_mgr:[31mmigrating faulty VM [1][0m
INFO:ftm.ftm_middleware:[31mvm [5] condition is not working!![0m
INFO:ftm.ftm_middleware:[31mvm [6] condition is not working!![0m
INFO:ftm.ftm_middleware:[47m[32mvm[7]STATUS OK[0m
INFO:ftm.ftm_middleware:[31mvm [8] condition is not working!![0m
INFO:ftm.ftm_middleware:[47m[32mvm[9]STATUS OK[0m
INFO:ftm.ftm_middleware:[31mvm [10] condition is not working!![0m
INFO:ftm.fault_masking_mgr:[31mmigrating faulty VM [2][0m
INFO:ftm.ftm_middleware:[47m[32mvm[11]STATUS OK[0m
INFO:ftm.ftm_middleware:[31mvm [12] condition is not working!![0m
INFO:ftm.ftm_middleware:[47m[32mvm[13]STATUS OK[0m
INFO:ftm.fault_masking_mgr:[31mmigrating faulty VM [6][0m
INFO:ftm.fault_masking_mgr:[31mmigrating faulty VM [10][0m
INFO:ftm.ftm_middleware:[47m[32mvm[14]STATUS OK[0m
INFO:ftm.ftm_middleware:[47m[32mvm[15]STATUS OK[0m
INFO:ftm.ftm_middleware:[47m[32mvm[16]STATUS OK[0m
INFO:ftm.ftm_middleware:[47m[32mvm[17]STATUS OK[0m
INFO:ftm.ftm_middleware:[31mvm [18] condition is not working!![0m
INFO:ftm.ftm_middleware:[47m[32mvm[19]STATUS OK[0m
INFO:ftm.ftm_middleware:[47m[32mvm[20]STATUS OK[0m
INFO:ftm.ftm_middleware:[47m[32mvm[21]STATUS OK[0m
INFO:ftm.ftm_middleware:[31mvm [22] condition is not working!![0m
INFO:ftm.ftm_middleware:[31mvm [23] condition is not working!![0m
INFO:ftm.ftm_middleware:[31mvm [24] condition is not working!![0m
INFO:ftm.ftm_middleware:[47m[32mvm[25]STATUS OK[0m
INFO:ftm.ftm_middleware:[31mvm [26] condition is not working!![0m
INFO:ftm.ftm_middleware:[47m[32mvm[27]STATUS OK[0m
INFO:ftm.ftm_middleware:[47m[32mvm[28]STATUS OK[0m
INFO:ftm.ftm_middleware:[47m[32mvm[29]STATUS OK[0m
INFO:ftm.ftm_middleware:[47m[32mvm[30]STATUS OK[0m
INFO:ftm.ftm_middleware:[47m[32mvm[31]STATUS OK[0m
INFO:ftm.ftm_middleware:[31mvm [32] condition is not working!![0m
INFO:ftm.ftm_middleware:[47m[32mvm[33]STATUS OK[0m
INFO:ftm.ftm_middleware:[47m[32mvm[34]STATUS OK[0m
INFO:ftm.ftm_middleware:[47m[32mvm[35]STATUS OK[0m
INFO:ftm.ftm_middleware:[31mvm [36] condition is not working!![0m
INFO:ftm.ftm_middleware:[47m[32mvm[37]STATUS OK[0m
INFO:ftm.ftm_middleware:[47m[32mvm[38]STATUS OK[0m
INFO:ftm.ftm_middleware:[31mvm [39] condition is not working!![0m
INFO:ftm.ftm_middleware:[31mvm [40] condition is not working!![0m
INFO:ftm.ftm_middleware:[31mvm [41] condition is not working!![0m
INFO:ftm.ftm_middleware:[47m[32mvm[42]STATUS OK[0m
INFO:ftm.ftm_middleware:[47m[32mvm[43]STATUS OK[0m
INFO:ftm.ftm_middleware:[47m[32mvm[44]STATUS OK[0m
INFO:ftm.ftm_middleware:[47m[32mvm[45]STATUS OK[0m
INFO:ftm.ftm_middleware:[31mvm [46] condition is not working!![0m
INFO:ftm.ftm_middleware:[47m[32mvm[47]STATUS OK[0m
INFO:ftm.ftm_middleware:[31mvm [48] condition is not working!![0m
INFO:ftm.ftm_middleware:[47m[32mvm[49]STATUS OK[0m
INFO:ftm.ftm_middleware:[47m[32mvm[50]STATUS OK[0m
INFO:ftm.fault_masking_mgr:[31mmigrating faulty VM [26][0m
INFO:ftm.fault_masking_mgr:[31mmigrating faulty VM [36][0m
{"id":"1","desc":"migration"}
31.7953125
{"id":"2","desc":"migration"}
31.7953125
{"id":"6","desc":"migration"}
31.7953125
{"id":"10","desc":"migration"}
31.7953125
{"id":"26","desc":"migration"}
31.7953125
{"id":"36","desc":"migration"}
31.7953125
INFO:ftm.ftm_middleware:[47m[32mvm[51]STATUS OK[0m
INFO:ftm.ftm_middleware:[31mvm [52] condition is not working!![0m
INFO:ftm.ftm_middleware:[47m[32mvm[53]STATUS OK[0m
INFO:ftm.ftm_middleware:[47m[32mvm[54]STATUS OK[0m
INFO:ftm.ftm_middleware:[47m[32mvm[55]STATUS OK[0m
INFO:ftm.ftm_middleware:[31mvm [56] condition is not working!![0m
INFO:ftm.ftm_middleware:[31mvm [57] condition is not working!![0m
INFO:ftm.ftm_middleware:[47m[32mvm[58]STATUS OK[0m
INFO:ftm.ftm_middleware:[47m[32mvm[59]STATUS OK[0m
INFO:ftm.ftm_middleware:[31mvm [60] condition is not working!![0m
INFO:ftm.ftm_middleware:[47m[32mvm[61]STATUS OK[0m
INFO:ftm.ftm_middleware:[31mvm [62] condition is not working!![0m
INFO:ftm.ftm_middleware:[47m[32mvm[63]STATUS OK[0m
INFO:ftm.ftm_middleware:[47m[32mvm[64]STATUS OK[0m
INFO:ftm.ftm_middleware:[47m[32mvm[65]STATUS OK[0m
INFO:ftm.ftm_middleware:[31mvm [66] condition is not working!![0m
INFO:ftm.ftm_middleware:[47m[32mvm[67]STATUS OK[0m
INFO:ftm.ftm_middleware:[31mvm [68] condition is not working!![0m
INFO:ftm.ftm_middleware:[31mvm [69] condition is not working!![0m
INFO:ftm.ftm_middleware:[31mvm [70] condition is not working!![0m
INFO:ftm.ftm_middleware:[47m[32mvm[71]STATUS OK[0m
INFO:ftm.fault_masking_mgr:[31mmigrating faulty VM [40][0m
INFO:ftm.ftm_middleware:[31mvm [72] condition is not working!![0m
INFO:ftm.ftm_middleware:[47m[32mvm[73]STATUS OK[0m
INFO:ftm.ftm_middleware:[31mvm [74] condition is not working!![0m
INFO:ftm.ftm_middleware:[47m[32mvm[75]STATUS OK[0m
INFO:ftm.ftm_middleware:[47m[32mvm[76]STATUS OK[0m
INFO:ftm.ftm_middleware:[47m[32mvm[77]STATUS OK[0m
INFO:ftm.ftm_middleware:[47m[32mvm[78]STATUS OK[0m
INFO:ftm.ftm_middleware:[47m[32mvm[79]STATUS OK[0m
INFO:ftm.ftm_middleware:[31mvm [80] condition is not working!![0m
INFO:ftm.ftm_middleware:[47m[32mvm[81]STATUS OK[0m
INFO:ftm.ftm_middleware:[31mvm [82] condition is not working!![0m
INFO:ftm.ftm_middleware:[47m[32mvm[83]STATUS OK[0m
INFO:ftm.ftm_middleware:[47m[32mvm[84]STATUS OK[0m
INFO:ftm.ftm_middleware:[47m[32mvm[85]STATUS OK[0m
INFO:ftm.ftm_middleware:[47m[32mvm[86]STATUS OK[0m
INFO:ftm.ftm_middleware:[31mvm [87] condition is not working!![0m
INFO:ftm.ftm_middleware:[47m[32mvm[88]STATUS OK[0m
INFO:ftm.ftm_middleware:[31mvm [89] condition is not working!![0m
INFO:ftm.ftm_middleware:[31mvm [90] condition is not working!![0m
INFO:ftm.ftm_middleware:[47m[32mvm[9]STATUS OK[0m
INFO:ftm.ftm_middleware:[47m[32mvm[25]STATUS OK[0m
INFO:ftm.ftm_middleware:[47m[32mvm[42]STATUS OK[0m
INFO:ftm.ftm_middleware:[47m[32mvm[67]STATUS OK[0m
INFO:ftm.ftm_middleware:[47m[32mvm[78]STATUS OK[0m
INFO:ftm.ftm_middleware:[47m[32mvm[81]STATUS OK[0m
INFO:ftm.ftm_middleware:[47m[32mvm[83]STATUS OK[0m
INFO:ftm.ftm_middleware:[31mvm [24] condition is not working!![0m
INFO:ftm.ftm_middleware:[47m[32mvm[84]STATUS OK[0m
INFO:ftm.ftm_middleware:[47m[32mvm[13]STATUS OK[0m
INFO:ftm.ftm_middleware:[31mvm [60] condition is not working!![0m
INFO:ftm.ftm_middleware:[47m[32mvm[77]STATUS OK[0m
INFO:ftm.ftm_middleware:[31mvm [6] condition is not working!![0m
INFO:ftm.ftm_middleware:[47m[32mvm[7]STATUS OK[0m
INFO:ftm.ftm_middleware:[47m[32mvm[17]STATUS OK[0m
INFO:ftm.ftm_middleware:[31mvm [18] condition is not working!![0m
INFO:ftm.ftm_middleware:[47m[32mvm[27]STATUS OK[0m
INFO:ftm.ftm_middleware:[47m[32mvm[33]STATUS OK[0m
INFO:ftm.ftm_middleware:[47m[32mvm[37]STATUS OK[0m
INFO:ftm.ftm_middleware:[47m[32mvm[45]STATUS OK[0m
INFO:ftm.ftm_middleware:[47m[32mvm[47]STATUS OK[0m
INFO:ftm.ftm_middleware:[47m[32mvm[53]STATUS OK[0m
INFO:ftm.ftm_middleware:[47m[32mvm[58]STATUS OK[0m
INFO:ftm.ftm_middleware:[31mvm [62] condition is not working!![0m
INFO:ftm.ftm_middleware:[47m[32mvm[65]STATUS OK[0m
INFO:ftm.ftm_middleware:[31mvm [66] condition is not working!![0m
INFO:ftm.ftm_middleware:[31mvm [74] condition is not working!![0m
INFO:ftm.ftm_middleware:[31mvm [80] condition is not working!![0m
INFO:ftm.ftm_middleware:[31mvm [89] condition is not working!![0m
INFO:ftm.ftm_middleware:[47m[32mvm[81]STATUS OK[0m
INFO:ftm.ftm_middleware:[47m[32mvm[83]STATUS OK[0m
INFO:ftm.ftm_middleware:[47m[32mvm[81]STATUS OK[0m
INFO:ftm.fault_masking_mgr:[31mmigrating faulty VM [52][0m
INFO:ftm.fault_masking_mgr:[31mmigrating faulty VM [69][0m
INFO:ftm.ftm_middleware:[47m[32mvm[71]STATUS OK[0m
INFO:ftm.ftm_middleware:[47m[32mvm[53]STATUS OK[0m
INFO:ftm.ftm_middleware:[47m[32mvm[77]STATUS OK[0m
INFO:ftm.ftm_middleware:[47m[32mvm[53]STATUS OK[0m
INFO:ftm.ftm_middleware:[47m[32mvm[38]STATUS OK[0m
INFO:ftm.ftm_middleware:[47m[32mvm[88]STATUS OK[0m
INFO:ftm.ftm_middleware:[31mvm [90] condition is not working!![0m
INFO:ftm.ftm_middleware:[47m[32mvm[11]STATUS OK[0m
INFO:ftm.ftm_middleware:[47m[32mvm[30]STATUS OK[0m
INFO:ftm.ftm_middleware:[47m[32mvm[43]STATUS OK[0m
INFO:ftm.ftm_middleware:[47m[32mvm[61]STATUS OK[0m
INFO:ftm.ftm_middleware:[47m[32mvm[63]STATUS OK[0m
INFO:ftm.ftm_middleware:[47m[32mvm[64]STATUS OK[0m
INFO:ftm.ftm_middleware:[47m[32mvm[73]STATUS OK[0m
INFO:ftm.ftm_middleware:[47m[32mvm[86]STATUS OK[0m
INFO:ftm.ftm_middleware:[47m[32mvm[13]STATUS OK[0m
INFO:ftm.ftm_middleware:[47m[32mvm[20]STATUS OK[0m
INFO:ftm.ftm_middleware:[31mvm [40] condition is not working!![0m
INFO:ftm.ftm_middleware:[47m[32mvm[67]STATUS OK[0m
INFO:ftm.ftm_middleware:[47m[32mvm[75]STATUS OK[0m
INFO:ftm.ftm_middleware:[47m[32mvm[79]STATUS OK[0m
INFO:ftm.ftm_middleware:[31mvm [89] condition is not working!![0m
INFO:ftm.ftm_middleware:[47m[32mvm[53]STATUS OK[0m
INFO:ftm.ftm_middleware:[47m[32mvm[58]STATUS OK[0m
INFO:ftm.ftm_middleware:[31mvm [80] condition is not working!![0m
INFO:ftm.ftm_middleware:[47m[32mvm[83]STATUS OK[0m
INFO:ftm.ftm_middleware:[47m[32mvm[34]STATUS OK[0m
INFO:ftm.ftm_middleware:[47m[32mvm[19]STATUS OK[0m
INFO:ftm.ftm_middleware:[31mvm [52] condition is not working!![0m
INFO:ftm.fault_masking_mgr:[31mmigrating faulty VM [72][0m
INFO:ftm.fault_masking_mgr:[31mmigrating faulty VM [80][0m
INFO:ftm.fault_masking_mgr:[31mmigrating faulty VM [66][0m
INFO:ftm.fault_masking_mgr:[31mmigrating faulty VM [74][0m
INFO:ftm.fault_masking_mgr:[31mmigrating faulty VM [80][0m
INFO:ftm.fault_masking_mgr:[31mmigrating faulty VM [80][0m
DEBUG:ftm.server:[47m[34mon_host_allocation hit[0m
DEBUG:ftm.ftm_middleware:[47m[34mactivating vm[5][0m
INFO:ftm.ftm_middleware:vm[5] has been activated[0m
{"id":"40","desc":"migration"}
32.771875
{"id":"52","desc":"migration"}
32.771875
{"id":"69","desc":"migration"}
32.771875
{"id":"72","desc":"migration"}
32.771875
{"id":"80","desc":"migration"}
32.771875
{"id":"66","desc":"migration"}
32.771875
{"id":"74","desc":"migration"}
32.771875
{"id":"80","desc":"migration"}
32.771875
{"id":"80","desc":"migration"}
32.771875
INFO:ftm.ftm_middleware:[31mvm [1] condition is not working!![0m
INFO:ftm.ftm_middleware:[31mvm [2] condition is not working!![0m
INFO:ftm.ftm_middleware:[47m[32mvm[3]STATUS OK[0m
INFO:ftm.ftm_middleware:[31mvm [4] condition is not working!![0m
INFO:ftm.ftm_middleware:[47m[32mvm[5]STATUS OK[0m
INFO:ftm.ftm_middleware:[31mvm [6] condition is not working!![0m
INFO:ftm.ftm_middleware:[47m[32mvm[7]STATUS OK[0m
INFO:ftm.ftm_middleware:[31mvm [8] condition is not working!![0m
INFO:ftm.ftm_middleware:[47m[32mvm[9]STATUS OK[0m
INFO:ftm.ftm_middleware:[31mvm [10] condition is not working!![0m
INFO:ftm.ftm_middleware:[47m[32mvm[11]STATUS OK[0m
INFO:ftm.ftm_middleware:[31mvm [12] condition is not working!![0m
INFO:ftm.ftm_middleware:[47m[32mvm[13]STATUS OK[0m
INFO:ftm.ftm_middleware:[47m[32mvm[14]STATUS OK[0m
INFO:ftm.ftm_middleware:[47m[32mvm[15]STATUS OK[0m
INFO:ftm.ftm_middleware:[47m[32mvm[16]STATUS OK[0m
INFO:ftm.ftm_middleware:[47m[32mvm[17]STATUS OK[0m
INFO:ftm.ftm_middleware:[31mvm [18] condition is not working!![0m
INFO:ftm.ftm_middleware:[47m[32mvm[19]STATUS OK[0m
INFO:ftm.ftm_middleware:[47m[32mvm[20]STATUS OK[0m
INFO:ftm.ftm_middleware:[47m[32mvm[21]STATUS OK[0m
INFO:ftm.ftm_middleware:[31mvm [22] condition is not working!![0m
INFO:ftm.ftm_middleware:[31mvm [23] condition is not working!![0m
INFO:ftm.ftm_middleware:[31mvm [24] condition is not working!![0m
INFO:ftm.ftm_middleware:[47m[32mvm[25]STATUS OK[0m
INFO:ftm.ftm_middleware:[31mvm [26] condition is not working!![0m
INFO:ftm.ftm_middleware:[47m[32mvm[27]STATUS OK[0m
INFO:ftm.ftm_middleware:[47m[32mvm[28]STATUS OK[0m
INFO:ftm.ftm_middleware:[47m[32mvm[29]STATUS OK[0m
INFO:ftm.ftm_middleware:[47m[32mvm[30]STATUS OK[0m
INFO:ftm.ftm_middleware:[47m[32mvm[31]STATUS OK[0m
INFO:ftm.ftm_middleware:[31mvm [32] condition is not working!![0m
INFO:ftm.ftm_middleware:[47m[32mvm[33]STATUS OK[0m
INFO:ftm.ftm_middleware:[47m[32mvm[34]STATUS OK[0m
INFO:ftm.ftm_middleware:[47m[32mvm[35]STATUS OK[0m
INFO:ftm.ftm_middleware:[31mvm [36] condition is not working!![0m
INFO:ftm.ftm_middleware:[47m[32mvm[37]STATUS OK[0m
INFO:ftm.ftm_middleware:[47m[32mvm[38]STATUS OK[0m
INFO:ftm.ftm_middleware:[31mvm [39] condition is not working!![0m
INFO:ftm.ftm_middleware:[31mvm [40] condition is not working!![0m
INFO:ftm.ftm_middleware:[31mvm [41] condition is not working!![0m
INFO:ftm.ftm_middleware:[47m[32mvm[42]STATUS OK[0m
INFO:ftm.ftm_middleware:[47m[32mvm[43]STATUS OK[0m
INFO:ftm.ftm_middleware:[47m[32mvm[44]STATUS OK[0m
INFO:ftm.ftm_middleware:[47m[32mvm[45]STATUS OK[0m
INFO:ftm.ftm_middleware:[31mvm [46] condition is not working!![0m
INFO:ftm.ftm_middleware:[47m[32mvm[47]STATUS OK[0m
INFO:ftm.ftm_middleware:[31mvm [48] condition is not working!![0m
INFO:ftm.ftm_middleware:[47m[32mvm[49]STATUS OK[0m
INFO:ftm.ftm_middleware:[31mvm [50] condition is not working!![0m
INFO:ftm.ftm_middleware:[47m[32mvm[51]STATUS OK[0m
INFO:ftm.ftm_middleware:[31mvm [52] condition is not working!![0m
INFO:ftm.ftm_middleware:[47m[32mvm[53]STATUS OK[0m
INFO:ftm.ftm_middleware:[47m[32mvm[54]STATUS OK[0m
INFO:ftm.ftm_middleware:[47m[32mvm[55]STATUS OK[0m
INFO:ftm.ftm_middleware:[31mvm [56] condition is not working!![0m
INFO:ftm.ftm_middleware:[31mvm [57] condition is not working!![0m
INFO:ftm.fault_masking_mgr:[31mmigrating faulty VM [18][0m
INFO:ftm.ftm_middleware:[47m[32mvm[58]STATUS OK[0m
INFO:ftm.ftm_middleware:[47m[32mvm[59]STATUS OK[0m
INFO:ftm.ftm_middleware:[31mvm [60] condition is not working!![0m
INFO:ftm.ftm_middleware:[47m[32mvm[61]STATUS OK[0m
INFO:ftm.ftm_middleware:[31mvm [62] condition is not working!![0m
INFO:ftm.ftm_middleware:[47m[32mvm[63]STATUS OK[0m
INFO:ftm.ftm_middleware:[47m[32mvm[64]STATUS OK[0m
INFO:ftm.ftm_middleware:[47m[32mvm[65]STATUS OK[0m
INFO:ftm.ftm_middleware:[31mvm [66] condition is not working!![0m
INFO:ftm.ftm_middleware:[47m[32mvm[67]STATUS OK[0m
INFO:ftm.ftm_middleware:[31mvm [68] condition is not working!![0m
INFO:ftm.ftm_middleware:[31mvm [69] condition is not working!![0m
INFO:ftm.ftm_middleware:[31mvm [70] condition is not working!![0m
INFO:ftm.ftm_middleware:[31mvm [71] condition is not working!![0m
INFO:ftm.ftm_middleware:[31mvm [72] condition is not working!![0m
INFO:ftm.ftm_middleware:[47m[32mvm[73]STATUS OK[0m
INFO:ftm.ftm_middleware:[31mvm [74] condition is not working!![0m
INFO:ftm.ftm_middleware:[47m[32mvm[75]STATUS OK[0m
INFO:ftm.ftm_middleware:[47m[32mvm[76]STATUS OK[0m
INFO:ftm.ftm_middleware:[31mvm [77] condition is not working!![0m
INFO:ftm.ftm_middleware:[47m[32mvm[78]STATUS OK[0m
INFO:ftm.ftm_middleware:[47m[32mvm[79]STATUS OK[0m
INFO:ftm.ftm_middleware:[31mvm [80] condition is not working!![0m
INFO:ftm.ftm_middleware:[47m[32mvm[81]STATUS OK[0m
INFO:ftm.ftm_middleware:[31mvm [82] condition is not working!![0m
INFO:ftm.ftm_middleware:[47m[32mvm[83]STATUS OK[0m
INFO:ftm.ftm_middleware:[47m[32mvm[84]STATUS OK[0m
INFO:ftm.ftm_middleware:[47m[32mvm[85]STATUS OK[0m
INFO:ftm.ftm_middleware:[47m[32mvm[86]STATUS OK[0m
INFO:ftm.ftm_middleware:[31mvm [87] condition is not working!![0m
INFO:ftm.ftm_middleware:[47m[32mvm[88]STATUS OK[0m
INFO:ftm.ftm_middleware:[31mvm [89] condition is not working!![0m
INFO:ftm.ftm_middleware:[31mvm [90] condition is not working!![0m
INFO:ftm.ftm_middleware:[47m[32mvm[9]STATUS OK[0m
INFO:ftm.ftm_middleware:[47m[32mvm[25]STATUS OK[0m
INFO:ftm.ftm_middleware:[47m[32mvm[42]STATUS OK[0m
INFO:ftm.ftm_middleware:[47m[32mvm[67]STATUS OK[0m
INFO:ftm.ftm_middleware:[47m[32mvm[78]STATUS OK[0m
INFO:ftm.ftm_middleware:[47m[32mvm[81]STATUS OK[0m
INFO:ftm.ftm_middleware:[47m[32mvm[83]STATUS OK[0m
INFO:ftm.ftm_middleware:[31mvm [24] condition is not working!![0m
INFO:ftm.ftm_middleware:[47m[32mvm[84]STATUS OK[0m
INFO:ftm.ftm_middleware:[47m[32mvm[13]STATUS OK[0m
INFO:ftm.ftm_middleware:[31mvm [60] condition is not working!![0m
INFO:ftm.ftm_middleware:[31mvm [77] condition is not working!![0m
INFO:ftm.ftm_middleware:[31mvm [6] condition is not working!![0m
INFO:ftm.ftm_middleware:[47m[32mvm[7]STATUS OK[0m
INFO:ftm.ftm_middleware:[47m[32mvm[17]STATUS OK[0m
INFO:ftm.ftm_middleware:[31mvm [18] condition is not working!![0m
INFO:ftm.ftm_middleware:[47m[32mvm[27]STATUS OK[0m
INFO:ftm.ftm_middleware:[47m[32mvm[33]STATUS OK[0m
INFO:ftm.ftm_middleware:[47m[32mvm[37]STATUS OK[0m
INFO:ftm.ftm_middleware:[47m[32mvm[45]STATUS OK[0m
INFO:ftm.ftm_middleware:[47m[32mvm[47]STATUS OK[0m
INFO:ftm.fault_masking_mgr:[31mmigrating faulty VM [41][0m
INFO:ftm.fault_masking_mgr:[31mmigrating faulty VM [50][0m
INFO:ftm.fault_masking_mgr:[31mmigrating faulty VM [56][0m
INFO:ftm.ftm_middleware:[47m[32mvm[53]STATUS OK[0m
INFO:ftm.ftm_middleware:[47m[32mvm[58]STATUS OK[0m
INFO:ftm.ftm_middleware:[31mvm [62] condition is not working!![0m
INFO:ftm.ftm_middleware:[47m[32mvm[65]STATUS OK[0m
INFO:ftm.ftm_middleware:[31mvm [66] condition is not working!![0m
INFO:ftm.ftm_middleware:[31mvm [74] condition is not working!![0m
INFO:ftm.ftm_middleware:[31mvm [80] condition is not working!![0m
INFO:ftm.ftm_middleware:[31mvm [89] condition is not working!![0m
INFO:ftm.ftm_middleware:[47m[32mvm[81]STATUS OK[0m
INFO:ftm.ftm_middleware:[47m[32mvm[83]STATUS OK[0m
INFO:ftm.ftm_middleware:[47m[32mvm[81]STATUS OK[0m
INFO:ftm.ftm_middleware:[31mvm [71] condition is not working!![0m
INFO:ftm.ftm_middleware:[47m[32mvm[53]STATUS OK[0m
INFO:ftm.ftm_middleware:[31mvm [77] condition is not working!![0m
INFO:ftm.ftm_middleware:[47m[32mvm[53]STATUS OK[0m
INFO:ftm.ftm_middleware:[47m[32mvm[38]STATUS OK[0m
INFO:ftm.ftm_middleware:[47m[32mvm[88]STATUS OK[0m
INFO:ftm.ftm_middleware:[31mvm [90] condition is not working!![0m
INFO:ftm.ftm_middleware:[47m[32mvm[11]STATUS OK[0m
INFO:ftm.ftm_middleware:[47m[32mvm[30]STATUS OK[0m
INFO:ftm.ftm_middleware:[47m[32mvm[43]STATUS OK[0m
INFO:ftm.ftm_middleware:[47m[32mvm[61]STATUS OK[0m
INFO:ftm.ftm_middleware:[47m[32mvm[63]STATUS OK[0m
INFO:ftm.ftm_middleware:[47m[32mvm[64]STATUS OK[0m
INFO:ftm.ftm_middleware:[47m[32mvm[73]STATUS OK[0m
INFO:ftm.ftm_middleware:[47m[32mvm[86]STATUS OK[0m
INFO:ftm.ftm_middleware:[47m[32mvm[13]STATUS OK[0m
INFO:ftm.ftm_middleware:[47m[32mvm[20]STATUS OK[0m
INFO:ftm.ftm_middleware:[31mvm [40] condition is not working!![0m
INFO:ftm.ftm_middleware:[47m[32mvm[67]STATUS OK[0m
INFO:ftm.ftm_middleware:[47m[32mvm[75]STATUS OK[0m
INFO:ftm.ftm_middleware:[47m[32mvm[79]STATUS OK[0m
INFO:ftm.ftm_middleware:[31mvm [89] condition is not working!![0m
INFO:ftm.ftm_middleware:[47m[32mvm[53]STATUS OK[0m
INFO:ftm.ftm_middleware:[47m[32mvm[58]STATUS OK[0m
INFO:ftm.ftm_middleware:[31mvm [80] condition is not working!![0m
INFO:ftm.ftm_middleware:[47m[32mvm[83]STATUS OK[0m
INFO:ftm.ftm_middleware:[47m[32mvm[34]STATUS OK[0m
INFO:ftm.ftm_middleware:[47m[32mvm[19]STATUS OK[0m
INFO:ftm.ftm_middleware:[31mvm [52] condition is not working!![0m
INFO:ftm.ftm_middleware:[47m[32mvm[44]STATUS OK[0m
INFO:ftm.ftm_middleware:[47m[32mvm[55]STATUS OK[0m
INFO:ftm.fault_masking_mgr:[31mmigrating faulty VM [70][0m
INFO:ftm.fault_masking_mgr:[31mmigrating faulty VM [71][0m
INFO:ftm.fault_masking_mgr:[31mmigrating faulty VM [77][0m
INFO:ftm.fault_masking_mgr:[31mmigrating faulty VM [77][0m
INFO:ftm.fault_masking_mgr:[31mmigrating faulty VM [71][0m
INFO:ftm.fault_masking_mgr:[31mmigrating faulty VM [77][0m
INFO:ftm.fault_masking_mgr:[31mmigrating faulty VM [89][0m
DEBUG:ftm.server:[47m[34mon_host_allocation hit[0m
DEBUG:ftm.ftm_middleware:[47m[34mactivating vm[82][0m
INFO:ftm.ftm_middleware:vm[82] has been activated[0m
DEBUG:ftm.server:[47m[34mon_host_allocation hit[0m
DEBUG:ftm.ftm_middleware:[47m[34mactivating vm[87][0m
INFO:ftm.ftm_middleware:vm[87] has been activated[0m
DEBUG:ftm.server:[47m[34mon_host_allocation hit[0m
DEBUG:ftm.ftm_middleware:[47m[34mactivating vm[90][0m
INFO:ftm.ftm_middleware:vm[90] has been activated[0m
DEBUG:ftm.server:[47m[34mon_host_allocation hit[0m
DEBUG:ftm.ftm_middleware:[47m[34mactivating vm[62][0m
INFO:ftm.ftm_middleware:vm[62] has been activated[0m
DEBUG:ftm.server:[47m[34mon_host_allocation hit[0m
DEBUG:ftm.ftm_middleware:[47m[34mactivating vm[2][0m
INFO:ftm.ftm_middleware:vm[2] has been activated[0m
DEBUG:ftm.server:[47m[34mon_host_allocation hit[0m
DEBUG:ftm.ftm_middleware:[47m[34mactivating vm[6][0m
INFO:ftm.ftm_middleware:vm[6] has been activated[0m
{"id":"18","desc":"migration"}
33.7484375
{"id":"41","desc":"migration"}
33.7484375
{"id":"50","desc":"migration"}
33.7484375
{"id":"56","desc":"migration"}
33.7484375
{"id":"70","desc":"migration"}
33.7484375
{"id":"71","desc":"migration"}
33.7484375
{"id":"77","desc":"migration"}
33.7484375
{"id":"77","desc":"migration"}
33.7484375
{"id":"71","desc":"migration"}
33.7484375
{"id":"77","desc":"migration"}
33.7484375
{"id":"89","desc":"migration"}
33.7484375
INFO:ftm.ftm_middleware:[31mvm [1] condition is not working!![0m
INFO:ftm.ftm_middleware:[47m[32mvm[2]STATUS OK[0m
INFO:ftm.ftm_middleware:[47m[32mvm[3]STATUS OK[0m
INFO:ftm.ftm_middleware:[31mvm [4] condition is not working!![0m
INFO:ftm.ftm_middleware:[47m[32mvm[5]STATUS OK[0m
INFO:ftm.ftm_middleware:[47m[32mvm[6]STATUS OK[0m
INFO:ftm.ftm_middleware:[47m[32mvm[7]STATUS OK[0m
INFO:ftm.ftm_middleware:[31mvm [8] condition is not working!![0m
INFO:ftm.ftm_middleware:[47m[32mvm[9]STATUS OK[0m
INFO:ftm.ftm_middleware:[31mvm [10] condition is not working!![0m
INFO:ftm.ftm_middleware:[47m[32mvm[11]STATUS OK[0m
INFO:ftm.ftm_middleware:[31mvm [12] condition is not working!![0m
INFO:ftm.ftm_middleware:[31mvm [13] condition is not working!![0m
INFO:ftm.ftm_middleware:[47m[32mvm[14]STATUS OK[0m
INFO:ftm.ftm_middleware:[47m[32mvm[15]STATUS OK[0m
INFO:ftm.ftm_middleware:[31mvm [16] condition is not working!![0m
INFO:ftm.ftm_middleware:[47m[32mvm[17]STATUS OK[0m
INFO:ftm.ftm_middleware:[31mvm [18] condition is not working!![0m
INFO:ftm.ftm_middleware:[47m[32mvm[19]STATUS OK[0m
INFO:ftm.ftm_middleware:[47m[32mvm[20]STATUS OK[0m
INFO:ftm.ftm_middleware:[47m[32mvm[21]STATUS OK[0m
INFO:ftm.ftm_middleware:[31mvm [22] condition is not working!![0m
INFO:ftm.ftm_middleware:[31mvm [23] condition is not working!![0m
INFO:ftm.ftm_middleware:[31mvm [24] condition is not working!![0m
INFO:ftm.ftm_middleware:[47m[32mvm[25]STATUS OK[0m
INFO:ftm.ftm_middleware:[31mvm [26] condition is not working!![0m
INFO:ftm.ftm_middleware:[47m[32mvm[27]STATUS OK[0m
INFO:ftm.ftm_middleware:[47m[32mvm[28]STATUS OK[0m
INFO:ftm.ftm_middleware:[47m[32mvm[29]STATUS OK[0m
INFO:ftm.ftm_middleware:[47m[32mvm[30]STATUS OK[0m
INFO:ftm.ftm_middleware:[47m[32mvm[31]STATUS OK[0m
INFO:ftm.ftm_middleware:[31mvm [32] condition is not working!![0m
INFO:ftm.ftm_middleware:[47m[32mvm[33]STATUS OK[0m
INFO:ftm.ftm_middleware:[47m[32mvm[34]STATUS OK[0m
INFO:ftm.ftm_middleware:[47m[32mvm[35]STATUS OK[0m
INFO:ftm.ftm_middleware:[31mvm [36] condition is not working!![0m
INFO:ftm.ftm_middleware:[47m[32mvm[37]STATUS OK[0m
INFO:ftm.ftm_middleware:[47m[32mvm[38]STATUS OK[0m
INFO:ftm.ftm_middleware:[31mvm [39] condition is not working!![0m
INFO:ftm.ftm_middleware:[31mvm [40] condition is not working!![0m
INFO:ftm.ftm_middleware:[31mvm [41] condition is not working!![0m
INFO:ftm.ftm_middleware:[47m[32mvm[42]STATUS OK[0m
INFO:ftm.ftm_middleware:[47m[32mvm[43]STATUS OK[0m
INFO:ftm.ftm_middleware:[47m[32mvm[44]STATUS OK[0m
INFO:ftm.ftm_middleware:[47m[32mvm[45]STATUS OK[0m
INFO:ftm.ftm_middleware:[31mvm [46] condition is not working!![0m
INFO:ftm.ftm_middleware:[47m[32mvm[47]STATUS OK[0m
INFO:ftm.ftm_middleware:[31mvm [48] condition is not working!![0m
INFO:ftm.ftm_middleware:[47m[32mvm[49]STATUS OK[0m
INFO:ftm.ftm_middleware:[31mvm [50] condition is not working!![0m
INFO:ftm.fault_masking_mgr:[31mmigrating faulty VM [8][0m
INFO:ftm.fault_masking_mgr:[31mmigrating faulty VM [13][0m
INFO:ftm.fault_masking_mgr:[31mmigrating faulty VM [16][0m
INFO:ftm.fault_masking_mgr:[31mmigrating faulty VM [24][0m
INFO:ftm.ftm_middleware:[47m[32mvm[51]STATUS OK[0m
INFO:ftm.ftm_middleware:[31mvm [52] condition is not working!![0m
INFO:ftm.ftm_middleware:[31mvm [53] condition is not working!![0m
INFO:ftm.ftm_middleware:[47m[32mvm[54]STATUS OK[0m
INFO:ftm.ftm_middleware:[47m[32mvm[55]STATUS OK[0m
INFO:ftm.ftm_middleware:[31mvm [56] condition is not working!![0m
INFO:ftm.ftm_middleware:[31mvm [57] condition is not working!![0m
INFO:ftm.ftm_middleware:[47m[32mvm[58]STATUS OK[0m
INFO:ftm.ftm_middleware:[47m[32mvm[59]STATUS OK[0m
INFO:ftm.ftm_middleware:[31mvm [60] condition is not working!![0m
INFO:ftm.ftm_middleware:[47m[32mvm[61]STATUS OK[0m
INFO:ftm.ftm_middleware:[47m[32mvm[62]STATUS OK[0m
INFO:ftm.ftm_middleware:[47m[32mvm[63]STATUS OK[0m
INFO:ftm.ftm_middleware:[47m[32mvm[64]STATUS OK[0m
INFO:ftm.ftm_middleware:[47m[32mvm[65]STATUS OK[0m
INFO:ftm.ftm_middleware:[31mvm [66] condition is not working!![0m
INFO:ftm.ftm_middleware:[47m[32mvm[67]STATUS OK[0m
INFO:ftm.ftm_middleware:[31mvm [68] condition is not working!![0m
INFO:ftm.ftm_middleware:[31mvm [69] condition is not working!![0m
INFO:ftm.ftm_middleware:[31mvm [70] condition is not working!![0m
INFO:ftm.ftm_middleware:[31mvm [71] condition is not working!![0m
INFO:ftm.ftm_middleware:[31mvm [72] condition is not working!![0m
INFO:ftm.ftm_middleware:[47m[32mvm[73]STATUS OK[0m
INFO:ftm.ftm_middleware:[31mvm [74] condition is not working!![0m
INFO:ftm.ftm_middleware:[47m[32mvm[75]STATUS OK[0m
INFO:ftm.ftm_middleware:[31mvm [76] condition is not working!![0m
INFO:ftm.ftm_middleware:[31mvm [77] condition is not working!![0m
INFO:ftm.ftm_middleware:[47m[32mvm[78]STATUS OK[0m
INFO:ftm.ftm_middleware:[47m[32mvm[79]STATUS OK[0m
INFO:ftm.ftm_middleware:[31mvm [80] condition is not working!![0m
INFO:ftm.ftm_middleware:[47m[32mvm[81]STATUS OK[0m
INFO:ftm.ftm_middleware:[47m[32mvm[82]STATUS OK[0m
INFO:ftm.ftm_middleware:[47m[32mvm[83]STATUS OK[0m
INFO:ftm.ftm_middleware:[47m[32mvm[84]STATUS OK[0m
INFO:ftm.ftm_middleware:[47m[32mvm[85]STATUS OK[0m
INFO:ftm.ftm_middleware:[47m[32mvm[86]STATUS OK[0m
INFO:ftm.ftm_middleware:[47m[32mvm[87]STATUS OK[0m
INFO:ftm.ftm_middleware:[47m[32mvm[88]STATUS OK[0m
INFO:ftm.ftm_middleware:[31mvm [89] condition is not working!![0m
INFO:ftm.ftm_middleware:[47m[32mvm[90]STATUS OK[0m
INFO:ftm.ftm_middleware:[47m[32mvm[9]STATUS OK[0m
INFO:ftm.ftm_middleware:[47m[32mvm[25]STATUS OK[0m
INFO:ftm.ftm_middleware:[47m[32mvm[42]STATUS OK[0m
INFO:ftm.ftm_middleware:[47m[32mvm[67]STATUS OK[0m
INFO:ftm.ftm_middleware:[47m[32mvm[78]STATUS OK[0m
INFO:ftm.ftm_middleware:[47m[32mvm[81]STATUS OK[0m
INFO:ftm.ftm_middleware:[47m[32mvm[83]STATUS OK[0m
INFO:ftm.ftm_middleware:[31mvm [24] condition is not working!![0m
INFO:ftm.ftm_middleware:[47m[32mvm[84]STATUS OK[0m
INFO:ftm.ftm_middleware:[31mvm [13] condition is not working!![0m
INFO:ftm.ftm_middleware:[31mvm [60] condition is not working!![0m
INFO:ftm.ftm_middleware:[31mvm [77] condition is not working!![0m
INFO:ftm.ftm_middleware:[47m[32mvm[6]STATUS OK[0m
INFO:ftm.ftm_middleware:[47m[32mvm[7]STATUS OK[0m
INFO:ftm.ftm_middleware:[47m[32mvm[17]STATUS OK[0m
INFO:ftm.ftm_middleware:[31mvm [18] condition is not working!![0m
INFO:ftm.ftm_middleware:[47m[32mvm[27]STATUS OK[0m
INFO:ftm.ftm_middleware:[47m[32mvm[33]STATUS OK[0m
INFO:ftm.ftm_middleware:[47m[32mvm[37]STATUS OK[0m
INFO:ftm.ftm_middleware:[47m[32mvm[45]STATUS OK[0m
INFO:ftm.ftm_middleware:[47m[32mvm[47]STATUS OK[0m
INFO:ftm.ftm_middleware:[31mvm [53] condition is not working!![0m
INFO:ftm.ftm_middleware:[47m[32mvm[58]STATUS OK[0m
INFO:ftm.ftm_middleware:[47m[32mvm[62]STATUS OK[0m
INFO:ftm.ftm_middleware:[47m[32mvm[65]STATUS OK[0m
INFO:ftm.ftm_middleware:[31mvm [66] condition is not working!![0m
INFO:ftm.ftm_middleware:[31mvm [74] condition is not working!![0m
INFO:ftm.ftm_middleware:[31mvm [80] condition is not working!![0m
INFO:ftm.ftm_middleware:[31mvm [89] condition is not working!![0m
INFO:ftm.ftm_middleware:[47m[32mvm[81]STATUS OK[0m
INFO:ftm.ftm_middleware:[47m[32mvm[83]STATUS OK[0m
INFO:ftm.ftm_middleware:[47m[32mvm[81]STATUS OK[0m
INFO:ftm.ftm_middleware:[31mvm [71] condition is not working!![0m
INFO:ftm.ftm_middleware:[31mvm [53] condition is not working!![0m
INFO:ftm.ftm_middleware:[31mvm [77] condition is not working!![0m
INFO:ftm.ftm_middleware:[31mvm [53] condition is not working!![0m
INFO:ftm.ftm_middleware:[47m[32mvm[38]STATUS OK[0m
INFO:ftm.ftm_middleware:[47m[32mvm[88]STATUS OK[0m
INFO:ftm.ftm_middleware:[47m[32mvm[90]STATUS OK[0m
INFO:ftm.ftm_middleware:[47m[32mvm[11]STATUS OK[0m
INFO:ftm.ftm_middleware:[47m[32mvm[30]STATUS OK[0m
INFO:ftm.ftm_middleware:[47m[32mvm[43]STATUS OK[0m
INFO:ftm.ftm_middleware:[47m[32mvm[61]STATUS OK[0m
INFO:ftm.ftm_middleware:[47m[32mvm[63]STATUS OK[0m
INFO:ftm.ftm_middleware:[47m[32mvm[64]STATUS OK[0m
INFO:ftm.ftm_middleware:[47m[32mvm[73]STATUS OK[0m
INFO:ftm.ftm_middleware:[47m[32mvm[86]STATUS OK[0m
INFO:ftm.ftm_middleware:[31mvm [13] condition is not working!![0m
INFO:ftm.ftm_middleware:[47m[32mvm[20]STATUS OK[0m
INFO:ftm.ftm_middleware:[31mvm [40] condition is not working!![0m
INFO:ftm.ftm_middleware:[47m[32mvm[67]STATUS OK[0m
INFO:ftm.ftm_middleware:[47m[32mvm[75]STATUS OK[0m
INFO:ftm.ftm_middleware:[47m[32mvm[79]STATUS OK[0m
INFO:ftm.ftm_middleware:[31mvm [89] condition is not working!![0m
INFO:ftm.ftm_middleware:[31mvm [53] condition is not working!![0m
INFO:ftm.ftm_middleware:[47m[32mvm[58]STATUS OK[0m
INFO:ftm.ftm_middleware:[31mvm [80] condition is not working!![0m
INFO:ftm.ftm_middleware:[47m[32mvm[83]STATUS OK[0m
INFO:ftm.ftm_middleware:[47m[32mvm[34]STATUS OK[0m
INFO:ftm.ftm_middleware:[47m[32mvm[19]STATUS OK[0m
INFO:ftm.ftm_middleware:[31mvm [52] condition is not working!![0m
INFO:ftm.ftm_middleware:[47m[32mvm[44]STATUS OK[0m
INFO:ftm.ftm_middleware:[47m[32mvm[55]STATUS OK[0m
INFO:ftm.ftm_middleware:[47m[32mvm[5]STATUS OK[0m
INFO:ftm.fault_masking_mgr:[31mmigrating faulty VM [53][0m
INFO:ftm.fault_masking_mgr:[31mmigrating faulty VM [60][0m
INFO:ftm.fault_masking_mgr:[31mmigrating faulty VM [76][0m
INFO:ftm.fault_masking_mgr:[31mmigrating faulty VM [53][0m
INFO:ftm.fault_masking_mgr:[31mmigrating faulty VM [53][0m
INFO:ftm.fault_masking_mgr:[31mmigrating faulty VM [53][0m
INFO:ftm.fault_masking_mgr:[31mmigrating faulty VM [53][0m
INFO:ftm.fault_masking_mgr:[31mmigrating faulty VM [80][0m
DEBUG:ftm.server:[47m[34mon_host_allocation hit[0m
DEBUG:ftm.ftm_middleware:[47m[34mactivating vm[40][0m
INFO:ftm.ftm_middleware:vm[40] has been activated[0m
DEBUG:ftm.server:[47m[34mon_host_allocation hit[0m
DEBUG:ftm.ftm_middleware:[47m[34mactivating vm[52][0m
INFO:ftm.ftm_middleware:vm[52] has been activated[0m
DEBUG:ftm.server:[47m[34mon_host_allocation hit[0m
DEBUG:ftm.server:[47m[34mon_host_allocation hit[0m
DEBUG:ftm.ftm_middleware:[47m[34mactivating vm[80][0m
INFO:ftm.ftm_middleware:vm[80] has been activated[0m
DEBUG:ftm.ftm_middleware:[47m[34mactivating vm[74][0m
INFO:ftm.ftm_middleware:vm[74] has been activated[0m
DEBUG:ftm.server:[47m[34mon_host_allocation hit[0m
{"id":"8","desc":"migration"}
34.725
{"id":"13","desc":"migration"}
34.725
DEBUG:ftm.ftm_middleware:[47m[34mactivating vm[80][0m
INFO:ftm.ftm_middleware:vm[80] has been activated[0m
{"id":"16","desc":"migration"}
34.725
{"id":"24","desc":"migration"}
34.725
{"id":"53","desc":"migration"}
34.725
{"id":"60","desc":"migration"}
34.725
{"id":"76","desc":"migration"}
34.725
{"id":"53","desc":"migration"}
34.725
{"id":"53","desc":"migration"}
34.725
{"id":"53","desc":"migration"}
34.725
{"id":"53","desc":"migration"}
34.725
{"id":"80","desc":"migration"}
34.725
INFO:ftm.ftm_middleware:[31mvm [1] condition is not working!![0m
INFO:ftm.ftm_middleware:[47m[32mvm[2]STATUS OK[0m
INFO:ftm.ftm_middleware:[47m[32mvm[3]STATUS OK[0m
INFO:ftm.ftm_middleware:[31mvm [4] condition is not working!![0m
INFO:ftm.ftm_middleware:[47m[32mvm[5]STATUS OK[0m
INFO:ftm.ftm_middleware:[47m[32mvm[6]STATUS OK[0m
INFO:ftm.ftm_middleware:[47m[32mvm[7]STATUS OK[0m
INFO:ftm.ftm_middleware:[31mvm [8] condition is not working!![0m
INFO:ftm.ftm_middleware:[47m[32mvm[9]STATUS OK[0m
INFO:ftm.ftm_middleware:[31mvm [10] condition is not working!![0m
INFO:ftm.ftm_middleware:[47m[32mvm[11]STATUS OK[0m
INFO:ftm.ftm_middleware:[31mvm [12] condition is not working!![0m
INFO:ftm.ftm_middleware:[31mvm [13] condition is not working!![0m
INFO:ftm.ftm_middleware:[47m[32mvm[14]STATUS OK[0m
INFO:ftm.ftm_middleware:[47m[32mvm[15]STATUS OK[0m
INFO:ftm.ftm_middleware:[31mvm [16] condition is not working!![0m
INFO:ftm.ftm_middleware:[47m[32mvm[17]STATUS OK[0m
INFO:ftm.ftm_middleware:[31mvm [18] condition is not working!![0m
INFO:ftm.ftm_middleware:[47m[32mvm[19]STATUS OK[0m
INFO:ftm.ftm_middleware:[47m[32mvm[20]STATUS OK[0m
INFO:ftm.ftm_middleware:[47m[32mvm[21]STATUS OK[0m
INFO:ftm.ftm_middleware:[31mvm [22] condition is not working!![0m
INFO:ftm.ftm_middleware:[31mvm [23] condition is not working!![0m
INFO:ftm.ftm_middleware:[31mvm [24] condition is not working!![0m
INFO:ftm.ftm_middleware:[47m[32mvm[25]STATUS OK[0m
INFO:ftm.ftm_middleware:[31mvm [26] condition is not working!![0m
INFO:ftm.ftm_middleware:[47m[32mvm[27]STATUS OK[0m
INFO:ftm.ftm_middleware:[47m[32mvm[28]STATUS OK[0m
INFO:ftm.ftm_middleware:[47m[32mvm[29]STATUS OK[0m
INFO:ftm.ftm_middleware:[47m[32mvm[30]STATUS OK[0m
INFO:ftm.ftm_middleware:[47m[32mvm[31]STATUS OK[0m
INFO:ftm.ftm_middleware:[31mvm [32] condition is not working!![0m
INFO:ftm.ftm_middleware:[47m[32mvm[33]STATUS OK[0m
INFO:ftm.ftm_middleware:[47m[32mvm[34]STATUS OK[0m
INFO:ftm.ftm_middleware:[47m[32mvm[35]STATUS OK[0m
INFO:ftm.ftm_middleware:[31mvm [36] condition is not working!![0m
INFO:ftm.ftm_middleware:[47m[32mvm[37]STATUS OK[0m
INFO:ftm.ftm_middleware:[47m[32mvm[38]STATUS OK[0m
INFO:ftm.ftm_middleware:[31mvm [39] condition is not working!![0m
INFO:ftm.ftm_middleware:[47m[32mvm[40]STATUS OK[0m
INFO:ftm.ftm_middleware:[31mvm [41] condition is not working!![0m
INFO:ftm.ftm_middleware:[47m[32mvm[42]STATUS OK[0m
INFO:ftm.ftm_middleware:[47m[32mvm[43]STATUS OK[0m
INFO:ftm.ftm_middleware:[47m[32mvm[44]STATUS OK[0m
INFO:ftm.ftm_middleware:[47m[32mvm[45]STATUS OK[0m
INFO:ftm.ftm_middleware:[31mvm [46] condition is not working!![0m
INFO:ftm.ftm_middleware:[47m[32mvm[47]STATUS OK[0m
INFO:ftm.ftm_middleware:[31mvm [48] condition is not working!![0m
INFO:ftm.ftm_middleware:[47m[32mvm[49]STATUS OK[0m
INFO:ftm.ftm_middleware:[31mvm [50] condition is not working!![0m
INFO:ftm.ftm_middleware:[47m[32mvm[51]STATUS OK[0m
INFO:ftm.ftm_middleware:[47m[32mvm[52]STATUS OK[0m
INFO:ftm.ftm_middleware:[31mvm [53] condition is not working!![0m
INFO:ftm.ftm_middleware:[47m[32mvm[54]STATUS OK[0m
INFO:ftm.ftm_middleware:[47m[32mvm[55]STATUS OK[0m
INFO:ftm.ftm_middleware:[31mvm [56] condition is not working!![0m
INFO:ftm.ftm_middleware:[31mvm [57] condition is not working!![0m
INFO:ftm.ftm_middleware:[47m[32mvm[58]STATUS OK[0m
INFO:ftm.ftm_middleware:[47m[32mvm[59]STATUS OK[0m
INFO:ftm.ftm_middleware:[31mvm [60] condition is not working!![0m
INFO:ftm.ftm_middleware:[47m[32mvm[61]STATUS OK[0m
INFO:ftm.ftm_middleware:[47m[32mvm[62]STATUS OK[0m
INFO:ftm.ftm_middleware:[47m[32mvm[63]STATUS OK[0m
INFO:ftm.ftm_middleware:[47m[32mvm[64]STATUS OK[0m
INFO:ftm.ftm_middleware:[47m[32mvm[65]STATUS OK[0m
INFO:ftm.ftm_middleware:[31mvm [66] condition is not working!![0m
INFO:ftm.ftm_middleware:[47m[32mvm[67]STATUS OK[0m
INFO:ftm.ftm_middleware:[31mvm [68] condition is not working!![0m
INFO:ftm.ftm_middleware:[31mvm [69] condition is not working!![0m
INFO:ftm.ftm_middleware:[31mvm [70] condition is not working!![0m
INFO:ftm.ftm_middleware:[31mvm [71] condition is not working!![0m
INFO:ftm.ftm_middleware:[31mvm [72] condition is not working!![0m
INFO:ftm.ftm_middleware:[47m[32mvm[73]STATUS OK[0m
INFO:ftm.ftm_middleware:[47m[32mvm[74]STATUS OK[0m
INFO:ftm.ftm_middleware:[47m[32mvm[75]STATUS OK[0m
INFO:ftm.ftm_middleware:[31mvm [76] condition is not working!![0m
INFO:ftm.ftm_middleware:[31mvm [77] condition is not working!![0m
INFO:ftm.ftm_middleware:[47m[32mvm[78]STATUS OK[0m
INFO:ftm.ftm_middleware:[47m[32mvm[79]STATUS OK[0m
INFO:ftm.ftm_middleware:[47m[32mvm[80]STATUS OK[0m
INFO:ftm.ftm_middleware:[47m[32mvm[81]STATUS OK[0m
INFO:ftm.ftm_middleware:[47m[32mvm[82]STATUS OK[0m
INFO:ftm.ftm_middleware:[47m[32mvm[83]STATUS OK[0m
INFO:ftm.ftm_middleware:[47m[32mvm[84]STATUS OK[0m
INFO:ftm.ftm_middleware:[47m[32mvm[85]STATUS OK[0m
INFO:ftm.ftm_middleware:[47m[32mvm[86]STATUS OK[0m
INFO:ftm.ftm_middleware:[47m[32mvm[87]STATUS OK[0m
INFO:ftm.ftm_middleware:[47m[32mvm[88]STATUS OK[0m
INFO:ftm.ftm_middleware:[31mvm [89] condition is not working!![0m
INFO:ftm.ftm_middleware:[47m[32mvm[90]STATUS OK[0m
INFO:ftm.ftm_middleware:[47m[32mvm[9]STATUS OK[0m
INFO:ftm.ftm_middleware:[47m[32mvm[25]STATUS OK[0m
INFO:ftm.ftm_middleware:[47m[32mvm[42]STATUS OK[0m
INFO:ftm.ftm_middleware:[47m[32mvm[67]STATUS OK[0m
INFO:ftm.ftm_middleware:[47m[32mvm[78]STATUS OK[0m
INFO:ftm.ftm_middleware:[47m[32mvm[81]STATUS OK[0m
INFO:ftm.ftm_middleware:[47m[32mvm[83]STATUS OK[0m
INFO:ftm.ftm_middleware:[31mvm [24] condition is not working!![0m
INFO:ftm.ftm_middleware:[47m[32mvm[84]STATUS OK[0m
INFO:ftm.ftm_middleware:[31mvm [13] condition is not working!![0m
INFO:ftm.ftm_middleware:[31mvm [60] condition is not working!![0m
INFO:ftm.ftm_middleware:[31mvm [77] condition is not working!![0m
INFO:ftm.ftm_middleware:[47m[32mvm[6]STATUS OK[0m
INFO:ftm.ftm_middleware:[47m[32mvm[7]STATUS OK[0m
INFO:ftm.ftm_middleware:[47m[32mvm[17]STATUS OK[0m
INFO:ftm.ftm_middleware:[31mvm [18] condition is not working!![0m
INFO:ftm.ftm_middleware:[47m[32mvm[27]STATUS OK[0m
INFO:ftm.ftm_middleware:[47m[32mvm[33]STATUS OK[0m
INFO:ftm.ftm_middleware:[47m[32mvm[37]STATUS OK[0m
INFO:ftm.ftm_middleware:[47m[32mvm[45]STATUS OK[0m
INFO:ftm.ftm_middleware:[47m[32mvm[47]STATUS OK[0m
INFO:ftm.ftm_middleware:[31mvm [53] condition is not working!![0m
INFO:ftm.ftm_middleware:[47m[32mvm[58]STATUS OK[0m
INFO:ftm.ftm_middleware:[47m[32mvm[62]STATUS OK[0m
INFO:ftm.ftm_middleware:[47m[32mvm[65]STATUS OK[0m
INFO:ftm.ftm_middleware:[31mvm [66] condition is not working!![0m
INFO:ftm.ftm_middleware:[47m[32mvm[74]STATUS OK[0m
INFO:ftm.ftm_middleware:[47m[32mvm[80]STATUS OK[0m
INFO:ftm.ftm_middleware:[31mvm [89] condition is not working!![0m
INFO:ftm.ftm_middleware:[47m[32mvm[81]STATUS OK[0m
INFO:ftm.ftm_middleware:[47m[32mvm[83]STATUS OK[0m
INFO:ftm.ftm_middleware:[47m[32mvm[81]STATUS OK[0m
INFO:ftm.ftm_middleware:[31mvm [71] condition is not working!![0m
INFO:ftm.ftm_middleware:[31mvm [53] condition is not working!![0m
INFO:ftm.ftm_middleware:[31mvm [77] condition is not working!![0m
INFO:ftm.ftm_middleware:[31mvm [53] condition is not working!![0m
INFO:ftm.ftm_middleware:[47m[32mvm[38]STATUS OK[0m
INFO:ftm.ftm_middleware:[47m[32mvm[88]STATUS OK[0m
INFO:ftm.ftm_middleware:[47m[32mvm[90]STATUS OK[0m
INFO:ftm.ftm_middleware:[47m[32mvm[11]STATUS OK[0m
INFO:ftm.ftm_middleware:[47m[32mvm[30]STATUS OK[0m
INFO:ftm.ftm_middleware:[47m[32mvm[43]STATUS OK[0m
INFO:ftm.ftm_middleware:[47m[32mvm[61]STATUS OK[0m
INFO:ftm.ftm_middleware:[47m[32mvm[63]STATUS OK[0m
INFO:ftm.ftm_middleware:[47m[32mvm[64]STATUS OK[0m
INFO:ftm.ftm_middleware:[47m[32mvm[73]STATUS OK[0m
INFO:ftm.ftm_middleware:[47m[32mvm[86]STATUS OK[0m
INFO:ftm.ftm_middleware:[31mvm [13] condition is not working!![0m
INFO:ftm.ftm_middleware:[47m[32mvm[20]STATUS OK[0m
INFO:ftm.ftm_middleware:[47m[32mvm[40]STATUS OK[0m
INFO:ftm.ftm_middleware:[47m[32mvm[67]STATUS OK[0m
INFO:ftm.ftm_middleware:[47m[32mvm[75]STATUS OK[0m
INFO:ftm.ftm_middleware:[47m[32mvm[79]STATUS OK[0m
INFO:ftm.ftm_middleware:[31mvm [89] condition is not working!![0m
INFO:ftm.ftm_middleware:[31mvm [53] condition is not working!![0m
INFO:ftm.ftm_middleware:[47m[32mvm[58]STATUS OK[0m
INFO:ftm.ftm_middleware:[47m[32mvm[80]STATUS OK[0m
INFO:ftm.ftm_middleware:[47m[32mvm[83]STATUS OK[0m
INFO:ftm.ftm_middleware:[47m[32mvm[34]STATUS OK[0m
INFO:ftm.ftm_middleware:[47m[32mvm[19]STATUS OK[0m
INFO:ftm.ftm_middleware:[47m[32mvm[52]STATUS OK[0m
INFO:ftm.ftm_middleware:[47m[32mvm[44]STATUS OK[0m
INFO:ftm.ftm_middleware:[47m[32mvm[55]STATUS OK[0m
INFO:ftm.ftm_middleware:[47m[32mvm[5]STATUS OK[0m
INFO:ftm.ftm_middleware:[47m[32mvm[82]STATUS OK[0m
INFO:ftm.ftm_middleware:[47m[32mvm[87]STATUS OK[0m
INFO:ftm.ftm_middleware:[47m[32mvm[90]STATUS OK[0m
INFO:ftm.ftm_middleware:[47m[32mvm[62]STATUS OK[0m
INFO:ftm.ftm_middleware:[47m[32mvm[2]STATUS OK[0m
INFO:ftm.ftm_middleware:[47m[32mvm[6]STATUS OK[0m
INFO:ftm.fault_masking_mgr:[31mmigrating faulty VM [66][0m
INFO:ftm.fault_masking_mgr:[31mmigrating faulty VM [77][0m
INFO:ftm.fault_masking_mgr:[31mmigrating faulty VM [89][0m
DEBUG:ftm.server:[47m[34mon_host_allocation hit[0m
DEBUG:ftm.ftm_middleware:[47m[34mactivating vm[18][0m
INFO:ftm.ftm_middleware:vm[18] has been activated[0m
DEBUG:ftm.server:[47m[34mon_host_allocation hit[0m
DEBUG:ftm.ftm_middleware:[47m[34mactivating vm[41][0m
INFO:ftm.ftm_middleware:vm[41] has been activated[0m
DEBUG:ftm.server:[47m[34mon_host_allocation hit[0m
DEBUG:ftm.ftm_middleware:[47m[34mactivating vm[71][0m
INFO:ftm.ftm_middleware:vm[71] has been activated[0m
DEBUG:ftm.server:[47m[34mon_host_allocation hit[0m
DEBUG:ftm.ftm_middleware:[47m[34mactivating vm[77][0m
INFO:ftm.ftm_middleware:vm[77] has been activated[0m
{"id":"66","desc":"migration"}
35.7015625
DEBUG:ftm.server:[47m[34mon_host_allocation hit[0m
DEBUG:ftm.server:[47m[34mon_host_allocation hit[0m
{"id":"77","desc":"migration"}
35.7015625DEBUG:ftm.ftm_middleware:[47m[34mactivating vm[53][0m

INFO:ftm.ftm_middleware:vm[53] has been activated[0m
{"id":"89","desc":"migration"}
35.7015625
DEBUG:ftm.ftm_middleware:[47m[34mactivating vm[53][0m
INFO:ftm.ftm_middleware:vm[53] has been activated[0m
INFO:ftm.ftm_middleware:[31mvm [1] condition is not working!![0m
INFO:ftm.ftm_middleware:[47m[32mvm[2]STATUS OK[0m
INFO:ftm.ftm_middleware:[47m[32mvm[3]STATUS OK[0m
INFO:ftm.ftm_middleware:[31mvm [4] condition is not working!![0m
INFO:ftm.ftm_middleware:[47m[32mvm[5]STATUS OK[0m
INFO:ftm.ftm_middleware:[47m[32mvm[6]STATUS OK[0m
INFO:ftm.ftm_middleware:[47m[32mvm[7]STATUS OK[0m
INFO:ftm.ftm_middleware:[31mvm [8] condition is not working!![0m
INFO:ftm.ftm_middleware:[47m[32mvm[9]STATUS OK[0m
INFO:ftm.ftm_middleware:[31mvm [10] condition is not working!![0m
INFO:ftm.ftm_middleware:[47m[32mvm[11]STATUS OK[0m
INFO:ftm.ftm_middleware:[31mvm [12] condition is not working!![0m
INFO:ftm.ftm_middleware:[31mvm [13] condition is not working!![0m
INFO:ftm.ftm_middleware:[47m[32mvm[14]STATUS OK[0m
INFO:ftm.ftm_middleware:[31mvm [15] condition is not working!![0m
INFO:ftm.ftm_middleware:[31mvm [16] condition is not working!![0m
INFO:ftm.ftm_middleware:[47m[32mvm[17]STATUS OK[0m
INFO:ftm.ftm_middleware:[47m[32mvm[18]STATUS OK[0m
INFO:ftm.ftm_middleware:[47m[32mvm[19]STATUS OK[0m
INFO:ftm.ftm_middleware:[47m[32mvm[20]STATUS OK[0m
INFO:ftm.ftm_middleware:[31mvm [21] condition is not working!![0m
INFO:ftm.ftm_middleware:[31mvm [22] condition is not working!![0m
INFO:ftm.ftm_middleware:[31mvm [23] condition is not working!![0m
INFO:ftm.ftm_middleware:[31mvm [24] condition is not working!![0m
INFO:ftm.ftm_middleware:[47m[32mvm[25]STATUS OK[0m
INFO:ftm.ftm_middleware:[31mvm [26] condition is not working!![0m
INFO:ftm.ftm_middleware:[47m[32mvm[27]STATUS OK[0m
INFO:ftm.ftm_middleware:[31mvm [28] condition is not working!![0m
INFO:ftm.ftm_middleware:[47m[32mvm[29]STATUS OK[0m
INFO:ftm.ftm_middleware:[47m[32mvm[30]STATUS OK[0m
INFO:ftm.ftm_middleware:[47m[32mvm[31]STATUS OK[0m
INFO:ftm.ftm_middleware:[31mvm [32] condition is not working!![0m
INFO:ftm.ftm_middleware:[47m[32mvm[33]STATUS OK[0m
INFO:ftm.ftm_middleware:[47m[32mvm[34]STATUS OK[0m
INFO:ftm.ftm_middleware:[47m[32mvm[35]STATUS OK[0m
INFO:ftm.ftm_middleware:[31mvm [36] condition is not working!![0m
INFO:ftm.ftm_middleware:[31mvm [37] condition is not working!![0m
INFO:ftm.ftm_middleware:[47m[32mvm[38]STATUS OK[0m
INFO:ftm.ftm_middleware:[31mvm [39] condition is not working!![0m
INFO:ftm.ftm_middleware:[47m[32mvm[40]STATUS OK[0m
INFO:ftm.ftm_middleware:[47m[32mvm[41]STATUS OK[0m
INFO:ftm.ftm_middleware:[47m[32mvm[42]STATUS OK[0m
INFO:ftm.ftm_middleware:[47m[32mvm[43]STATUS OK[0m
INFO:ftm.ftm_middleware:[47m[32mvm[44]STATUS OK[0m
INFO:ftm.ftm_middleware:[47m[32mvm[45]STATUS OK[0m
INFO:ftm.ftm_middleware:[31mvm [46] condition is not working!![0m
INFO:ftm.ftm_middleware:[31mvm [47] condition is not working!![0m
INFO:ftm.ftm_middleware:[31mvm [48] condition is not working!![0m
INFO:ftm.ftm_middleware:[31mvm [49] condition is not working!![0m
INFO:ftm.ftm_middleware:[31mvm [50] condition is not working!![0m
INFO:ftm.ftm_middleware:[47m[32mvm[51]STATUS OK[0m
INFO:ftm.ftm_middleware:[47m[32mvm[52]STATUS OK[0m
INFO:ftm.ftm_middleware:[47m[32mvm[53]STATUS OK[0m
INFO:ftm.ftm_middleware:[47m[32mvm[54]STATUS OK[0m
INFO:ftm.ftm_middleware:[47m[32mvm[55]STATUS OK[0m
INFO:ftm.ftm_middleware:[31mvm [56] condition is not working!![0m
INFO:ftm.ftm_middleware:[31mvm [57] condition is not working!![0m
INFO:ftm.ftm_middleware:[47m[32mvm[58]STATUS OK[0m
INFO:ftm.ftm_middleware:[47m[32mvm[59]STATUS OK[0m
INFO:ftm.ftm_middleware:[31mvm [60] condition is not working!![0m
INFO:ftm.ftm_middleware:[47m[32mvm[61]STATUS OK[0m
INFO:ftm.ftm_middleware:[47m[32mvm[62]STATUS OK[0m
INFO:ftm.ftm_middleware:[47m[32mvm[63]STATUS OK[0m
INFO:ftm.ftm_middleware:[47m[32mvm[64]STATUS OK[0m
INFO:ftm.ftm_middleware:[47m[32mvm[65]STATUS OK[0m
INFO:ftm.ftm_middleware:[31mvm [66] condition is not working!![0m
INFO:ftm.ftm_middleware:[47m[32mvm[67]STATUS OK[0m
INFO:ftm.ftm_middleware:[31mvm [68] condition is not working!![0m
INFO:ftm.ftm_middleware:[31mvm [69] condition is not working!![0m
INFO:ftm.ftm_middleware:[31mvm [70] condition is not working!![0m
INFO:ftm.ftm_middleware:[47m[32mvm[71]STATUS OK[0m
INFO:ftm.ftm_middleware:[31mvm [72] condition is not working!![0m
INFO:ftm.ftm_middleware:[47m[32mvm[73]STATUS OK[0m
INFO:ftm.ftm_middleware:[47m[32mvm[74]STATUS OK[0m
INFO:ftm.ftm_middleware:[47m[32mvm[75]STATUS OK[0m
INFO:ftm.ftm_middleware:[31mvm [76] condition is not working!![0m
INFO:ftm.ftm_middleware:[47m[32mvm[77]STATUS OK[0m
INFO:ftm.ftm_middleware:[47m[32mvm[78]STATUS OK[0m
INFO:ftm.ftm_middleware:[47m[32mvm[79]STATUS OK[0m
INFO:ftm.ftm_middleware:[47m[32mvm[80]STATUS OK[0m
INFO:ftm.ftm_middleware:[47m[32mvm[81]STATUS OK[0m
INFO:ftm.ftm_middleware:[47m[32mvm[82]STATUS OK[0m
INFO:ftm.ftm_middleware:[47m[32mvm[83]STATUS OK[0m
INFO:ftm.ftm_middleware:[31mvm [84] condition is not working!![0m
INFO:ftm.ftm_middleware:[47m[32mvm[85]STATUS OK[0m
INFO:ftm.ftm_middleware:[47m[32mvm[86]STATUS OK[0m
INFO:ftm.ftm_middleware:[47m[32mvm[87]STATUS OK[0m
INFO:ftm.ftm_middleware:[31mvm [88] condition is not working!![0m
INFO:ftm.ftm_middleware:[31mvm [89] condition is not working!![0m
INFO:ftm.ftm_middleware:[47m[32mvm[90]STATUS OK[0m
INFO:ftm.ftm_middleware:[47m[32mvm[9]STATUS OK[0m
INFO:ftm.ftm_middleware:[47m[32mvm[25]STATUS OK[0m
INFO:ftm.ftm_middleware:[47m[32mvm[42]STATUS OK[0m
INFO:ftm.ftm_middleware:[47m[32mvm[67]STATUS OK[0m
INFO:ftm.ftm_middleware:[47m[32mvm[78]STATUS OK[0m
INFO:ftm.ftm_middleware:[47m[32mvm[81]STATUS OK[0m
INFO:ftm.ftm_middleware:[47m[32mvm[83]STATUS OK[0m
INFO:ftm.ftm_middleware:[31mvm [24] condition is not working!![0m
INFO:ftm.ftm_middleware:[31mvm [84] condition is not working!![0m
INFO:ftm.ftm_middleware:[31mvm [13] condition is not working!![0m
INFO:ftm.ftm_middleware:[31mvm [60] condition is not working!![0m
INFO:ftm.ftm_middleware:[47m[32mvm[77]STATUS OK[0m
INFO:ftm.ftm_middleware:[47m[32mvm[6]STATUS OK[0m
INFO:ftm.ftm_middleware:[47m[32mvm[7]STATUS OK[0m
INFO:ftm.ftm_middleware:[47m[32mvm[17]STATUS OK[0m
INFO:ftm.ftm_middleware:[47m[32mvm[18]STATUS OK[0m
INFO:ftm.ftm_middleware:[47m[32mvm[27]STATUS OK[0m
INFO:ftm.ftm_middleware:[47m[32mvm[33]STATUS OK[0m
INFO:ftm.ftm_middleware:[31mvm [37] condition is not working!![0m
INFO:ftm.ftm_middleware:[47m[32mvm[45]STATUS OK[0m
INFO:ftm.ftm_middleware:[31mvm [47] condition is not working!![0m
INFO:ftm.ftm_middleware:[47m[32mvm[53]STATUS OK[0m
INFO:ftm.ftm_middleware:[47m[32mvm[58]STATUS OK[0m
INFO:ftm.ftm_middleware:[47m[32mvm[62]STATUS OK[0m
INFO:ftm.ftm_middleware:[47m[32mvm[65]STATUS OK[0m
INFO:ftm.ftm_middleware:[31mvm [66] condition is not working!![0m
INFO:ftm.ftm_middleware:[47m[32mvm[74]STATUS OK[0m
INFO:ftm.ftm_middleware:[47m[32mvm[80]STATUS OK[0m
INFO:ftm.ftm_middleware:[31mvm [89] condition is not working!![0m
INFO:ftm.ftm_middleware:[47m[32mvm[81]STATUS OK[0m
INFO:ftm.fault_masking_mgr:[31mmigrating faulty VM [12][0m
INFO:ftm.fault_masking_mgr:[31mmigrating faulty VM [13][0m
INFO:ftm.fault_masking_mgr:[31mmigrating faulty VM [15][0m
INFO:ftm.fault_masking_mgr:[31mmigrating faulty VM [21][0m
INFO:ftm.fault_masking_mgr:[31mmigrating faulty VM [23][0m
INFO:ftm.fault_masking_mgr:[31mmigrating faulty VM [28][0m
INFO:ftm.fault_masking_mgr:[31mmigrating faulty VM [37][0m
INFO:ftm.fault_masking_mgr:[31mmigrating faulty VM [47][0m
INFO:ftm.fault_masking_mgr:[31mmigrating faulty VM [49][0m
INFO:ftm.ftm_middleware:[47m[32mvm[83]STATUS OK[0m
INFO:ftm.ftm_middleware:[47m[32mvm[81]STATUS OK[0m
INFO:ftm.ftm_middleware:[47m[32mvm[71]STATUS OK[0m
INFO:ftm.ftm_middleware:[47m[32mvm[53]STATUS OK[0m
INFO:ftm.ftm_middleware:[47m[32mvm[77]STATUS OK[0m
INFO:ftm.ftm_middleware:[47m[32mvm[53]STATUS OK[0m
INFO:ftm.ftm_middleware:[47m[32mvm[38]STATUS OK[0m
INFO:ftm.ftm_middleware:[31mvm [88] condition is not working!![0m
INFO:ftm.ftm_middleware:[47m[32mvm[90]STATUS OK[0m
INFO:ftm.ftm_middleware:[47m[32mvm[11]STATUS OK[0m
INFO:ftm.ftm_middleware:[47m[32mvm[30]STATUS OK[0m
INFO:ftm.ftm_middleware:[47m[32mvm[43]STATUS OK[0m
INFO:ftm.ftm_middleware:[47m[32mvm[61]STATUS OK[0m
INFO:ftm.ftm_middleware:[47m[32mvm[63]STATUS OK[0m
INFO:ftm.ftm_middleware:[47m[32mvm[64]STATUS OK[0m
INFO:ftm.ftm_middleware:[47m[32mvm[73]STATUS OK[0m
INFO:ftm.ftm_middleware:[47m[32mvm[86]STATUS OK[0m
INFO:ftm.ftm_middleware:[31mvm [13] condition is not working!![0m
INFO:ftm.ftm_middleware:[47m[32mvm[20]STATUS OK[0m
INFO:ftm.ftm_middleware:[47m[32mvm[40]STATUS OK[0m
INFO:ftm.ftm_middleware:[47m[32mvm[67]STATUS OK[0m
INFO:ftm.ftm_middleware:[47m[32mvm[75]STATUS OK[0m
INFO:ftm.ftm_middleware:[47m[32mvm[79]STATUS OK[0m
INFO:ftm.ftm_middleware:[31mvm [89] condition is not working!![0m
INFO:ftm.ftm_middleware:[47m[32mvm[53]STATUS OK[0m
INFO:ftm.ftm_middleware:[47m[32mvm[58]STATUS OK[0m
INFO:ftm.ftm_middleware:[47m[32mvm[80]STATUS OK[0m
INFO:ftm.ftm_middleware:[47m[32mvm[83]STATUS OK[0m
INFO:ftm.ftm_middleware:[47m[32mvm[34]STATUS OK[0m
INFO:ftm.ftm_middleware:[47m[32mvm[19]STATUS OK[0m
INFO:ftm.ftm_middleware:[47m[32mvm[52]STATUS OK[0m
INFO:ftm.ftm_middleware:[47m[32mvm[44]STATUS OK[0m
INFO:ftm.ftm_middleware:[47m[32mvm[55]STATUS OK[0m
INFO:ftm.ftm_middleware:[47m[32mvm[5]STATUS OK[0m
INFO:ftm.ftm_middleware:[47m[32mvm[82]STATUS OK[0m
INFO:ftm.ftm_middleware:[47m[32mvm[87]STATUS OK[0m
INFO:ftm.ftm_middleware:[47m[32mvm[90]STATUS OK[0m
INFO:ftm.ftm_middleware:[47m[32mvm[62]STATUS OK[0m
INFO:ftm.ftm_middleware:[47m[32mvm[2]STATUS OK[0m
INFO:ftm.ftm_middleware:[47m[32mvm[6]STATUS OK[0m
INFO:ftm.ftm_middleware:[47m[32mvm[40]STATUS OK[0m
INFO:ftm.ftm_middleware:[47m[32mvm[52]STATUS OK[0m
INFO:ftm.ftm_middleware:[47m[32mvm[80]STATUS OK[0m
INFO:ftm.ftm_middleware:[47m[32mvm[74]STATUS OK[0m
INFO:ftm.ftm_middleware:[47m[32mvm[80]STATUS OK[0m
INFO:ftm.fault_masking_mgr:[31mmigrating faulty VM [84][0m
INFO:ftm.fault_masking_mgr:[31mmigrating faulty VM [88][0m
INFO:ftm.fault_masking_mgr:[31mmigrating faulty VM [84][0m
INFO:ftm.fault_masking_mgr:[31mmigrating faulty VM [37][0m
INFO:ftm.fault_masking_mgr:[31mmigrating faulty VM [47][0m
INFO:ftm.fault_masking_mgr:[31mmigrating faulty VM [88][0m
DEBUG:ftm.server:[47m[34mon_host_allocation hit[0m
DEBUG:ftm.ftm_middleware:[47m[34mactivating vm[60][0m
INFO:ftm.ftm_middleware:vm[60] has been activated[0m
{"id":"12","desc":"migration"}
36.678125
{"id":"13","desc":"migration"}
36.678125
{"id":"15","desc":"migration"}
36.678125
{"id":"21","desc":"migration"}
36.678125
{"id":"23","desc":"migration"}
36.678125
{"id":"28","desc":"migration"}
36.678125
{"id":"37","desc":"migration"}
36.678125
{"id":"47","desc":"migration"}
36.678125
{"id":"49","desc":"migration"}
36.678125
{"id":"84","desc":"migration"}
36.678125
{"id":"88","desc":"migration"}
36.678125
{"id":"84","desc":"migration"}
36.678125
{"id":"37","desc":"migration"}
36.678125
{"id":"47","desc":"migration"}
36.678125
{"id":"88","desc":"migration"}
36.678125
INFO:ftm.ftm_middleware:[31mvm [1] condition is not working!![0m
INFO:ftm.ftm_middleware:[47m[32mvm[2]STATUS OK[0m
INFO:ftm.ftm_middleware:[47m[32mvm[3]STATUS OK[0m
INFO:ftm.ftm_middleware:[31mvm [4] condition is not working!![0m
INFO:ftm.fault_masking_mgr:[31mmigrating faulty VM [4][0m
INFO:ftm.ftm_middleware:[47m[32mvm[5]STATUS OK[0m
INFO:ftm.ftm_middleware:[47m[32mvm[6]STATUS OK[0m
INFO:ftm.ftm_middleware:[47m[32mvm[7]STATUS OK[0m
INFO:ftm.ftm_middleware:[31mvm [8] condition is not working!![0m
INFO:ftm.ftm_middleware:[47m[32mvm[9]STATUS OK[0m
INFO:ftm.ftm_middleware:[31mvm [10] condition is not working!![0m
INFO:ftm.ftm_middleware:[47m[32mvm[11]STATUS OK[0m
INFO:ftm.ftm_middleware:[31mvm [12] condition is not working!![0m
INFO:ftm.ftm_middleware:[31mvm [13] condition is not working!![0m
INFO:ftm.ftm_middleware:[47m[32mvm[14]STATUS OK[0m
INFO:ftm.ftm_middleware:[31mvm [15] condition is not working!![0m
INFO:ftm.ftm_middleware:[31mvm [16] condition is not working!![0m
INFO:ftm.ftm_middleware:[47m[32mvm[17]STATUS OK[0m
INFO:ftm.ftm_middleware:[47m[32mvm[18]STATUS OK[0m
INFO:ftm.ftm_middleware:[47m[32mvm[19]STATUS OK[0m
INFO:ftm.ftm_middleware:[47m[32mvm[20]STATUS OK[0m
INFO:ftm.ftm_middleware:[31mvm [21] condition is not working!![0m
INFO:ftm.ftm_middleware:[31mvm [22] condition is not working!![0m
{"id":"4","desc":"migration"}
36.678125
INFO:ftm.ftm_middleware:[31mvm [23] condition is not working!![0m
INFO:ftm.ftm_middleware:[31mvm [24] condition is not working!![0m
INFO:ftm.ftm_middleware:[47m[32mvm[25]STATUS OK[0m
INFO:ftm.ftm_middleware:[31mvm [26] condition is not working!![0m
INFO:ftm.ftm_middleware:[47m[32mvm[27]STATUS OK[0m
INFO:ftm.ftm_middleware:[31mvm [28] condition is not working!![0m
INFO:ftm.ftm_middleware:[47m[32mvm[29]STATUS OK[0m
INFO:ftm.ftm_middleware:[47m[32mvm[30]STATUS OK[0m
INFO:ftm.ftm_middleware:[47m[32mvm[31]STATUS OK[0m
INFO:ftm.ftm_middleware:[31mvm [32] condition is not working!![0m
INFO:ftm.ftm_middleware:[47m[32mvm[33]STATUS OK[0m
INFO:ftm.ftm_middleware:[47m[32mvm[34]STATUS OK[0m
INFO:ftm.ftm_middleware:[47m[32mvm[35]STATUS OK[0m
INFO:ftm.ftm_middleware:[31mvm [36] condition is not working!![0m
INFO:ftm.ftm_middleware:[31mvm [37] condition is not working!![0m
INFO:ftm.ftm_middleware:[47m[32mvm[38]STATUS OK[0m
INFO:ftm.ftm_middleware:[31mvm [39] condition is not working!![0m
INFO:ftm.ftm_middleware:[47m[32mvm[40]STATUS OK[0m
INFO:ftm.ftm_middleware:[47m[32mvm[41]STATUS OK[0m
INFO:ftm.ftm_middleware:[47m[32mvm[42]STATUS OK[0m
INFO:ftm.ftm_middleware:[47m[32mvm[43]STATUS OK[0m
INFO:ftm.ftm_middleware:[47m[32mvm[44]STATUS OK[0m
INFO:ftm.ftm_middleware:[47m[32mvm[45]STATUS OK[0m
INFO:ftm.ftm_middleware:[31mvm [46] condition is not working!![0m
INFO:ftm.ftm_middleware:[31mvm [47] condition is not working!![0m
INFO:ftm.ftm_middleware:[31mvm [48] condition is not working!![0m
INFO:ftm.ftm_middleware:[31mvm [49] condition is not working!![0m
INFO:ftm.ftm_middleware:[31mvm [50] condition is not working!![0m
INFO:ftm.ftm_middleware:[47m[32mvm[51]STATUS OK[0m
INFO:ftm.ftm_middleware:[47m[32mvm[52]STATUS OK[0m
INFO:ftm.ftm_middleware:[47m[32mvm[53]STATUS OK[0m
INFO:ftm.ftm_middleware:[47m[32mvm[54]STATUS OK[0m
INFO:ftm.ftm_middleware:[47m[32mvm[55]STATUS OK[0m
INFO:ftm.ftm_middleware:[31mvm [56] condition is not working!![0m
INFO:ftm.ftm_middleware:[31mvm [57] condition is not working!![0m
INFO:ftm.ftm_middleware:[47m[32mvm[58]STATUS OK[0m
INFO:ftm.ftm_middleware:[47m[32mvm[59]STATUS OK[0m
INFO:ftm.ftm_middleware:[47m[32mvm[60]STATUS OK[0m
INFO:ftm.ftm_middleware:[47m[32mvm[61]STATUS OK[0m
INFO:ftm.ftm_middleware:[47m[32mvm[62]STATUS OK[0m
INFO:ftm.fault_masking_mgr:[31mmigrating faulty VM [22][0m
INFO:ftm.fault_masking_mgr:[31mmigrating faulty VM [24][0m
INFO:ftm.fault_masking_mgr:[31mmigrating faulty VM [32][0m
INFO:ftm.ftm_middleware:[47m[32mvm[63]STATUS OK[0m
INFO:ftm.ftm_middleware:[47m[32mvm[64]STATUS OK[0m
INFO:ftm.ftm_middleware:[47m[32mvm[65]STATUS OK[0m
INFO:ftm.ftm_middleware:[31mvm [66] condition is not working!![0m
INFO:ftm.ftm_middleware:[47m[32mvm[67]STATUS OK[0m
INFO:ftm.ftm_middleware:[31mvm [68] condition is not working!![0m
INFO:ftm.ftm_middleware:[31mvm [69] condition is not working!![0m
INFO:ftm.ftm_middleware:[31mvm [70] condition is not working!![0m
INFO:ftm.ftm_middleware:[47m[32mvm[71]STATUS OK[0m
INFO:ftm.ftm_middleware:[31mvm [72] condition is not working!![0m
INFO:ftm.ftm_middleware:[47m[32mvm[73]STATUS OK[0m
INFO:ftm.ftm_middleware:[47m[32mvm[74]STATUS OK[0m
INFO:ftm.ftm_middleware:[47m[32mvm[75]STATUS OK[0m
INFO:ftm.ftm_middleware:[31mvm [76] condition is not working!![0m
INFO:ftm.ftm_middleware:[47m[32mvm[77]STATUS OK[0m
INFO:ftm.ftm_middleware:[47m[32mvm[78]STATUS OK[0m
INFO:ftm.ftm_middleware:[47m[32mvm[79]STATUS OK[0m
INFO:ftm.ftm_middleware:[47m[32mvm[80]STATUS OK[0m
INFO:ftm.ftm_middleware:[47m[32mvm[81]STATUS OK[0m
INFO:ftm.ftm_middleware:[47m[32mvm[82]STATUS OK[0m
INFO:ftm.ftm_middleware:[47m[32mvm[83]STATUS OK[0m
INFO:ftm.ftm_middleware:[31mvm [84] condition is not working!![0m
INFO:ftm.ftm_middleware:[47m[32mvm[85]STATUS OK[0m
INFO:ftm.ftm_middleware:[47m[32mvm[86]STATUS OK[0m
INFO:ftm.ftm_middleware:[47m[32mvm[87]STATUS OK[0m
INFO:ftm.ftm_middleware:[31mvm [88] condition is not working!![0m
INFO:ftm.ftm_middleware:[31mvm [89] condition is not working!![0m
INFO:ftm.ftm_middleware:[47m[32mvm[90]STATUS OK[0m
INFO:ftm.ftm_middleware:[47m[32mvm[9]STATUS OK[0m
INFO:ftm.ftm_middleware:[47m[32mvm[25]STATUS OK[0m
INFO:ftm.ftm_middleware:[47m[32mvm[42]STATUS OK[0m
INFO:ftm.ftm_middleware:[47m[32mvm[67]STATUS OK[0m
INFO:ftm.ftm_middleware:[47m[32mvm[78]STATUS OK[0m
INFO:ftm.ftm_middleware:[47m[32mvm[81]STATUS OK[0m
INFO:ftm.ftm_middleware:[47m[32mvm[83]STATUS OK[0m
INFO:ftm.ftm_middleware:[31mvm [24] condition is not working!![0m
INFO:ftm.ftm_middleware:[31mvm [84] condition is not working!![0m
INFO:ftm.ftm_middleware:[31mvm [13] condition is not working!![0m
INFO:ftm.ftm_middleware:[47m[32mvm[60]STATUS OK[0m
INFO:ftm.ftm_middleware:[47m[32mvm[77]STATUS OK[0m
INFO:ftm.ftm_middleware:[47m[32mvm[6]STATUS OK[0m
INFO:ftm.ftm_middleware:[47m[32mvm[7]STATUS OK[0m
INFO:ftm.ftm_middleware:[47m[32mvm[17]STATUS OK[0m
INFO:ftm.ftm_middleware:[47m[32mvm[18]STATUS OK[0m
INFO:ftm.ftm_middleware:[47m[32mvm[27]STATUS OK[0m
INFO:ftm.ftm_middleware:[47m[32mvm[33]STATUS OK[0m
INFO:ftm.ftm_middleware:[31mvm [37] condition is not working!![0m
INFO:ftm.ftm_middleware:[47m[32mvm[45]STATUS OK[0m
INFO:ftm.ftm_middleware:[31mvm [47] condition is not working!![0m
INFO:ftm.ftm_middleware:[47m[32mvm[53]STATUS OK[0m
INFO:ftm.ftm_middleware:[47m[32mvm[58]STATUS OK[0m
INFO:ftm.ftm_middleware:[47m[32mvm[62]STATUS OK[0m
INFO:ftm.ftm_middleware:[47m[32mvm[65]STATUS OK[0m
INFO:ftm.ftm_middleware:[31mvm [66] condition is not working!![0m
INFO:ftm.ftm_middleware:[47m[32mvm[74]STATUS OK[0m
INFO:ftm.ftm_middleware:[47m[32mvm[80]STATUS OK[0m
INFO:ftm.ftm_middleware:[31mvm [89] condition is not working!![0m
INFO:ftm.ftm_middleware:[47m[32mvm[81]STATUS OK[0m
INFO:ftm.ftm_middleware:[47m[32mvm[83]STATUS OK[0m
INFO:ftm.ftm_middleware:[47m[32mvm[81]STATUS OK[0m
INFO:ftm.ftm_middleware:[47m[32mvm[71]STATUS OK[0m
INFO:ftm.ftm_middleware:[47m[32mvm[53]STATUS OK[0m
INFO:ftm.ftm_middleware:[47m[32mvm[77]STATUS OK[0m
INFO:ftm.ftm_middleware:[47m[32mvm[53]STATUS OK[0m
INFO:ftm.ftm_middleware:[47m[32mvm[38]STATUS OK[0m
INFO:ftm.ftm_middleware:[31mvm [88] condition is not working!![0m
INFO:ftm.ftm_middleware:[47m[32mvm[90]STATUS OK[0m
INFO:ftm.ftm_middleware:[47m[32mvm[11]STATUS OK[0m
INFO:ftm.ftm_middleware:[47m[32mvm[30]STATUS OK[0m
INFO:ftm.ftm_middleware:[47m[32mvm[43]STATUS OK[0m
INFO:ftm.ftm_middleware:[47m[32mvm[61]STATUS OK[0m
INFO:ftm.ftm_middleware:[47m[32mvm[63]STATUS OK[0m
INFO:ftm.ftm_middleware:[47m[32mvm[64]STATUS OK[0m
INFO:ftm.ftm_middleware:[47m[32mvm[73]STATUS OK[0m
INFO:ftm.ftm_middleware:[47m[32mvm[86]STATUS OK[0m
INFO:ftm.fault_masking_mgr:[31mmigrating faulty VM [39][0m
INFO:ftm.fault_masking_mgr:[31mmigrating faulty VM [46][0m
INFO:ftm.fault_masking_mgr:[31mmigrating faulty VM [48][0m
INFO:ftm.fault_masking_mgr:[31mmigrating faulty VM [57][0m
INFO:ftm.ftm_middleware:[31mvm [13] condition is not working!![0m
INFO:ftm.ftm_middleware:[47m[32mvm[20]STATUS OK[0m
INFO:ftm.ftm_middleware:[47m[32mvm[40]STATUS OK[0m
INFO:ftm.ftm_middleware:[47m[32mvm[67]STATUS OK[0m
INFO:ftm.ftm_middleware:[47m[32mvm[75]STATUS OK[0m
INFO:ftm.ftm_middleware:[47m[32mvm[79]STATUS OK[0m
INFO:ftm.ftm_middleware:[31mvm [89] condition is not working!![0m
INFO:ftm.ftm_middleware:[47m[32mvm[53]STATUS OK[0m
INFO:ftm.ftm_middleware:[47m[32mvm[58]STATUS OK[0m
INFO:ftm.ftm_middleware:[47m[32mvm[80]STATUS OK[0m
INFO:ftm.ftm_middleware:[47m[32mvm[83]STATUS OK[0m
INFO:ftm.ftm_middleware:[47m[32mvm[34]STATUS OK[0m
INFO:ftm.ftm_middleware:[47m[32mvm[19]STATUS OK[0m
INFO:ftm.ftm_middleware:[47m[32mvm[52]STATUS OK[0m
INFO:ftm.ftm_middleware:[47m[32mvm[44]STATUS OK[0m
INFO:ftm.ftm_middleware:[47m[32mvm[55]STATUS OK[0m
INFO:ftm.ftm_middleware:[47m[32mvm[5]STATUS OK[0m
INFO:ftm.ftm_middleware:[47m[32mvm[82]STATUS OK[0m
INFO:ftm.ftm_middleware:[47m[32mvm[87]STATUS OK[0m
INFO:ftm.ftm_middleware:[47m[32mvm[90]STATUS OK[0m
INFO:ftm.ftm_middleware:[47m[32mvm[62]STATUS OK[0m
INFO:ftm.ftm_middleware:[47m[32mvm[2]STATUS OK[0m
INFO:ftm.ftm_middleware:[47m[32mvm[6]STATUS OK[0m
INFO:ftm.ftm_middleware:[47m[32mvm[40]STATUS OK[0m
INFO:ftm.ftm_middleware:[47m[32mvm[52]STATUS OK[0m
INFO:ftm.ftm_middleware:[47m[32mvm[80]STATUS OK[0m
INFO:ftm.ftm_middleware:[47m[32mvm[74]STATUS OK[0m
INFO:ftm.ftm_middleware:[47m[32mvm[80]STATUS OK[0m
INFO:ftm.ftm_middleware:[47m[32mvm[18]STATUS OK[0m
INFO:ftm.ftm_middleware:[47m[32mvm[41]STATUS OK[0m
INFO:ftm.ftm_middleware:[47m[32mvm[71]STATUS OK[0m
INFO:ftm.ftm_middleware:[47m[32mvm[77]STATUS OK[0m
INFO:ftm.ftm_middleware:[47m[32mvm[53]STATUS OK[0m
INFO:ftm.ftm_middleware:[47m[32mvm[53]STATUS OK[0m
INFO:ftm.fault_masking_mgr:[31mmigrating faulty VM [68][0m
INFO:ftm.fault_masking_mgr:[31mmigrating faulty VM [89][0m
{"id":"22","desc":"migration"}
37.6546875
DEBUG:ftm.server:[47m[34mon_host_allocation hit[0m
{"id":"24","desc":"migration"}
37.6546875
DEBUG:ftm.ftm_middleware:[47m[34mactivating vm[77][0m
{"id":"32","desc":"migration"}
37.6546875
{"id":"39","desc":"migration"}
37.6546875
{"id":"46","desc":"migration"}
37.6546875
INFO:ftm.ftm_middleware:vm[77] has been activated[0m
{"id":"48","desc":"migration"}
37.6546875
{"id":"57","desc":"migration"}
37.6546875
{"id":"68","desc":"migration"}
37.6546875
{"id":"89","desc":"migration"}
37.6546875
INFO:ftm.ftm_middleware:[31mvm [1] condition is not working!![0m
INFO:ftm.ftm_middleware:[47m[32mvm[2]STATUS OK[0m
INFO:ftm.ftm_middleware:[47m[32mvm[3]STATUS OK[0m
INFO:ftm.ftm_middleware:[31mvm [4] condition is not working!![0m
INFO:ftm.ftm_middleware:[47m[32mvm[5]STATUS OK[0m
INFO:ftm.ftm_middleware:[47m[32mvm[6]STATUS OK[0m
INFO:ftm.ftm_middleware:[47m[32mvm[7]STATUS OK[0m
INFO:ftm.ftm_middleware:[31mvm [8] condition is not working!![0m
INFO:ftm.ftm_middleware:[47m[32mvm[9]STATUS OK[0m
INFO:ftm.ftm_middleware:[31mvm [10] condition is not working!![0m
INFO:ftm.fault_masking_mgr:[31mmigrating faulty VM [1][0m
INFO:ftm.fault_masking_mgr:[31mmigrating faulty VM [10][0m
INFO:ftm.ftm_middleware:[47m[32mvm[11]STATUS OK[0m
INFO:ftm.ftm_middleware:[31mvm [12] condition is not working!![0m
INFO:ftm.ftm_middleware:[31mvm [13] condition is not working!![0m
INFO:ftm.ftm_middleware:[47m[32mvm[14]STATUS OK[0m
INFO:ftm.ftm_middleware:[31mvm [15] condition is not working!![0m
INFO:ftm.ftm_middleware:[31mvm [16] condition is not working!![0m
INFO:ftm.ftm_middleware:[47m[32mvm[17]STATUS OK[0m
INFO:ftm.ftm_middleware:[47m[32mvm[18]STATUS OK[0m
INFO:ftm.ftm_middleware:[47m[32mvm[19]STATUS OK[0m
INFO:ftm.ftm_middleware:[47m[32mvm[20]STATUS OK[0m
INFO:ftm.ftm_middleware:[31mvm [21] condition is not working!![0m
INFO:ftm.ftm_middleware:[31mvm [22] condition is not working!![0m
INFO:ftm.ftm_middleware:[31mvm [23] condition is not working!![0m
INFO:ftm.ftm_middleware:[31mvm [24] condition is not working!![0m
INFO:ftm.ftm_middleware:[47m[32mvm[25]STATUS OK[0m
INFO:ftm.ftm_middleware:[31mvm [26] condition is not working!![0m
INFO:ftm.ftm_middleware:[47m[32mvm[27]STATUS OK[0m
INFO:ftm.ftm_middleware:[31mvm [28] condition is not working!![0m
INFO:ftm.ftm_middleware:[47m[32mvm[29]STATUS OK[0m
{"id":"1","desc":"migration"}
37.6546875
INFO:ftm.ftm_middleware:[47m[32mvm[30]STATUS OK[0m
{"id":"10","desc":"migration"}
37.6546875
INFO:ftm.ftm_middleware:[47m[32mvm[31]STATUS OK[0m
INFO:ftm.ftm_middleware:[31mvm [32] condition is not working!![0m
INFO:ftm.ftm_middleware:[47m[32mvm[33]STATUS OK[0m
INFO:ftm.ftm_middleware:[47m[32mvm[34]STATUS OK[0m
INFO:ftm.ftm_middleware:[47m[32mvm[35]STATUS OK[0m
INFO:ftm.ftm_middleware:[31mvm [36] condition is not working!![0m
INFO:ftm.ftm_middleware:[31mvm [37] condition is not working!![0m
INFO:ftm.ftm_middleware:[47m[32mvm[38]STATUS OK[0m
INFO:ftm.ftm_middleware:[31mvm [39] condition is not working!![0m
INFO:ftm.ftm_middleware:[47m[32mvm[40]STATUS OK[0m
INFO:ftm.ftm_middleware:[47m[32mvm[41]STATUS OK[0m
INFO:ftm.ftm_middleware:[47m[32mvm[42]STATUS OK[0m
INFO:ftm.ftm_middleware:[47m[32mvm[43]STATUS OK[0m
INFO:ftm.ftm_middleware:[47m[32mvm[44]STATUS OK[0m
INFO:ftm.ftm_middleware:[47m[32mvm[45]STATUS OK[0m
INFO:ftm.ftm_middleware:[31mvm [46] condition is not working!![0m
INFO:ftm.ftm_middleware:[31mvm [47] condition is not working!![0m
INFO:ftm.ftm_middleware:[31mvm [48] condition is not working!![0m
INFO:ftm.fault_masking_mgr:[31mmigrating faulty VM [13][0m
INFO:ftm.ftm_middleware:[31mvm [49] condition is not working!![0m
INFO:ftm.ftm_middleware:[31mvm [50] condition is not working!![0m
INFO:ftm.ftm_middleware:[47m[32mvm[51]STATUS OK[0m
INFO:ftm.ftm_middleware:[47m[32mvm[52]STATUS OK[0m
INFO:ftm.ftm_middleware:[47m[32mvm[53]STATUS OK[0m
INFO:ftm.ftm_middleware:[47m[32mvm[54]STATUS OK[0m
INFO:ftm.ftm_middleware:[47m[32mvm[55]STATUS OK[0m
INFO:ftm.ftm_middleware:[31mvm [56] condition is not working!![0m
INFO:ftm.ftm_middleware:[31mvm [57] condition is not working!![0m
INFO:ftm.ftm_middleware:[47m[32mvm[58]STATUS OK[0m
INFO:ftm.ftm_middleware:[47m[32mvm[59]STATUS OK[0m
INFO:ftm.ftm_middleware:[47m[32mvm[60]STATUS OK[0m
INFO:ftm.ftm_middleware:[47m[32mvm[61]STATUS OK[0m
INFO:ftm.ftm_middleware:[47m[32mvm[62]STATUS OK[0m
INFO:ftm.ftm_middleware:[47m[32mvm[63]STATUS OK[0m
INFO:ftm.ftm_middleware:[47m[32mvm[64]STATUS OK[0m
INFO:ftm.ftm_middleware:[47m[32mvm[65]STATUS OK[0m
INFO:ftm.ftm_middleware:[31mvm [66] condition is not working!![0m
INFO:ftm.ftm_middleware:[47m[32mvm[67]STATUS OK[0m
INFO:ftm.ftm_middleware:[31mvm [68] condition is not working!![0m
INFO:ftm.ftm_middleware:[31mvm [69] condition is not working!![0m
INFO:ftm.ftm_middleware:[31mvm [70] condition is not working!![0m
INFO:ftm.ftm_middleware:[47m[32mvm[71]STATUS OK[0m
INFO:ftm.ftm_middleware:[31mvm [72] condition is not working!![0m
INFO:ftm.ftm_middleware:[47m[32mvm[73]STATUS OK[0m
INFO:ftm.fault_masking_mgr:[31mmigrating faulty VM [26][0m
INFO:ftm.fault_masking_mgr:[31mmigrating faulty VM [36][0m
INFO:ftm.ftm_middleware:[47m[32mvm[74]STATUS OK[0m
INFO:ftm.ftm_middleware:[47m[32mvm[75]STATUS OK[0m
INFO:ftm.ftm_middleware:[31mvm [76] condition is not working!![0m
INFO:ftm.ftm_middleware:[47m[32mvm[77]STATUS OK[0m
INFO:ftm.ftm_middleware:[47m[32mvm[78]STATUS OK[0m
INFO:ftm.ftm_middleware:[47m[32mvm[79]STATUS OK[0m
INFO:ftm.ftm_middleware:[47m[32mvm[80]STATUS OK[0m
INFO:ftm.ftm_middleware:[47m[32mvm[81]STATUS OK[0m
INFO:ftm.ftm_middleware:[47m[32mvm[82]STATUS OK[0m
INFO:ftm.ftm_middleware:[47m[32mvm[83]STATUS OK[0m
INFO:ftm.ftm_middleware:[31mvm [84] condition is not working!![0m
INFO:ftm.ftm_middleware:[47m[32mvm[85]STATUS OK[0m
INFO:ftm.ftm_middleware:[47m[32mvm[86]STATUS OK[0m
INFO:ftm.ftm_middleware:[47m[32mvm[87]STATUS OK[0m
INFO:ftm.ftm_middleware:[31mvm [88] condition is not working!![0m
INFO:ftm.ftm_middleware:[31mvm [89] condition is not working!![0m
INFO:ftm.ftm_middleware:[47m[32mvm[90]STATUS OK[0m
INFO:ftm.ftm_middleware:[47m[32mvm[9]STATUS OK[0m
INFO:ftm.ftm_middleware:[47m[32mvm[25]STATUS OK[0m
INFO:ftm.ftm_middleware:[47m[32mvm[42]STATUS OK[0m
INFO:ftm.ftm_middleware:[47m[32mvm[67]STATUS OK[0m
INFO:ftm.ftm_middleware:[47m[32mvm[78]STATUS OK[0m
INFO:ftm.ftm_middleware:[47m[32mvm[81]STATUS OK[0m
INFO:ftm.ftm_middleware:[47m[32mvm[83]STATUS OK[0m
INFO:ftm.ftm_middleware:[31mvm [24] condition is not working!![0m
INFO:ftm.ftm_middleware:[31mvm [84] condition is not working!![0m
INFO:ftm.ftm_middleware:[31mvm [13] condition is not working!![0m
INFO:ftm.ftm_middleware:[47m[32mvm[60]STATUS OK[0m
INFO:ftm.ftm_middleware:[47m[32mvm[77]STATUS OK[0m
INFO:ftm.ftm_middleware:[47m[32mvm[6]STATUS OK[0m
INFO:ftm.ftm_middleware:[47m[32mvm[7]STATUS OK[0m
INFO:ftm.ftm_middleware:[47m[32mvm[17]STATUS OK[0m
INFO:ftm.ftm_middleware:[47m[32mvm[18]STATUS OK[0m
INFO:ftm.ftm_middleware:[47m[32mvm[27]STATUS OK[0m
INFO:ftm.ftm_middleware:[47m[32mvm[33]STATUS OK[0m
INFO:ftm.ftm_middleware:[31mvm [37] condition is not working!![0m
INFO:ftm.ftm_middleware:[47m[32mvm[45]STATUS OK[0m
INFO:ftm.ftm_middleware:[31mvm [47] condition is not working!![0m
INFO:ftm.ftm_middleware:[47m[32mvm[53]STATUS OK[0m
INFO:ftm.ftm_middleware:[47m[32mvm[58]STATUS OK[0m
INFO:ftm.ftm_middleware:[47m[32mvm[62]STATUS OK[0m
INFO:ftm.ftm_middleware:[47m[32mvm[65]STATUS OK[0m
INFO:ftm.ftm_middleware:[31mvm [66] condition is not working!![0m
INFO:ftm.ftm_middleware:[47m[32mvm[74]STATUS OK[0m
INFO:ftm.ftm_middleware:[47m[32mvm[80]STATUS OK[0m
INFO:ftm.ftm_middleware:[31mvm [89] condition is not working!![0m
INFO:ftm.ftm_middleware:[47m[32mvm[81]STATUS OK[0m
INFO:ftm.ftm_middleware:[47m[32mvm[83]STATUS OK[0m
INFO:ftm.ftm_middleware:[47m[32mvm[81]STATUS OK[0m
INFO:ftm.ftm_middleware:[47m[32mvm[71]STATUS OK[0m
INFO:ftm.ftm_middleware:[47m[32mvm[53]STATUS OK[0m
INFO:ftm.fault_masking_mgr:[31mmigrating faulty VM [69][0m
INFO:ftm.fault_masking_mgr:[31mmigrating faulty VM [72][0m
INFO:ftm.ftm_middleware:[47m[32mvm[77]STATUS OK[0m
INFO:ftm.ftm_middleware:[47m[32mvm[53]STATUS OK[0m
INFO:ftm.ftm_middleware:[47m[32mvm[38]STATUS OK[0m
INFO:ftm.ftm_middleware:[31mvm [88] condition is not working!![0m
INFO:ftm.ftm_middleware:[47m[32mvm[90]STATUS OK[0m
INFO:ftm.ftm_middleware:[47m[32mvm[11]STATUS OK[0m
INFO:ftm.ftm_middleware:[47m[32mvm[30]STATUS OK[0m
INFO:ftm.ftm_middleware:[47m[32mvm[43]STATUS OK[0m
INFO:ftm.ftm_middleware:[47m[32mvm[61]STATUS OK[0m
INFO:ftm.ftm_middleware:[47m[32mvm[63]STATUS OK[0m
INFO:ftm.ftm_middleware:[47m[32mvm[64]STATUS OK[0m
INFO:ftm.ftm_middleware:[47m[32mvm[73]STATUS OK[0m
INFO:ftm.ftm_middleware:[47m[32mvm[86]STATUS OK[0m
INFO:ftm.ftm_middleware:[31mvm [13] condition is not working!![0m
INFO:ftm.ftm_middleware:[47m[32mvm[20]STATUS OK[0m
INFO:ftm.ftm_middleware:[47m[32mvm[40]STATUS OK[0m
INFO:ftm.ftm_middleware:[47m[32mvm[67]STATUS OK[0m
INFO:ftm.ftm_middleware:[47m[32mvm[75]STATUS OK[0m
INFO:ftm.ftm_middleware:[47m[32mvm[79]STATUS OK[0m
INFO:ftm.ftm_middleware:[31mvm [89] condition is not working!![0m
INFO:ftm.ftm_middleware:[47m[32mvm[53]STATUS OK[0m
INFO:ftm.ftm_middleware:[47m[32mvm[58]STATUS OK[0m
INFO:ftm.ftm_middleware:[47m[32mvm[80]STATUS OK[0m
INFO:ftm.ftm_middleware:[47m[32mvm[83]STATUS OK[0m
INFO:ftm.ftm_middleware:[47m[32mvm[34]STATUS OK[0m
INFO:ftm.ftm_middleware:[47m[32mvm[19]STATUS OK[0m
INFO:ftm.ftm_middleware:[47m[32mvm[52]STATUS OK[0m
INFO:ftm.ftm_middleware:[47m[32mvm[44]STATUS OK[0m
INFO:ftm.ftm_middleware:[47m[32mvm[55]STATUS OK[0m
INFO:ftm.ftm_middleware:[47m[32mvm[5]STATUS OK[0m
INFO:ftm.ftm_middleware:[47m[32mvm[82]STATUS OK[0m
INFO:ftm.ftm_middleware:[47m[32mvm[87]STATUS OK[0m
INFO:ftm.ftm_middleware:[47m[32mvm[90]STATUS OK[0m
INFO:ftm.ftm_middleware:[47m[32mvm[62]STATUS OK[0m
INFO:ftm.ftm_middleware:[47m[32mvm[2]STATUS OK[0m
INFO:ftm.ftm_middleware:[47m[32mvm[6]STATUS OK[0m
INFO:ftm.ftm_middleware:[47m[32mvm[40]STATUS OK[0m
INFO:ftm.ftm_middleware:[47m[32mvm[52]STATUS OK[0m
INFO:ftm.ftm_middleware:[47m[32mvm[80]STATUS OK[0m
INFO:ftm.ftm_middleware:[47m[32mvm[74]STATUS OK[0m
INFO:ftm.ftm_middleware:[47m[32mvm[80]STATUS OK[0m
INFO:ftm.ftm_middleware:[47m[32mvm[18]STATUS OK[0m
INFO:ftm.ftm_middleware:[47m[32mvm[41]STATUS OK[0m
INFO:ftm.ftm_middleware:[47m[32mvm[71]STATUS OK[0m
INFO:ftm.ftm_middleware:[47m[32mvm[77]STATUS OK[0m
INFO:ftm.ftm_middleware:[47m[32mvm[53]STATUS OK[0m
INFO:ftm.ftm_middleware:[47m[32mvm[53]STATUS OK[0m
INFO:ftm.ftm_middleware:[47m[32mvm[60]STATUS OK[0m
INFO:ftm.fault_masking_mgr:[31mmigrating faulty VM [66][0m
DEBUG:ftm.server:[47m[34mon_host_allocation hit[0m
DEBUG:ftm.ftm_middleware:[47m[34mactivating vm[49][0m
INFO:ftm.ftm_middleware:vm[49] has been activated[0m
DEBUG:ftm.server:[47m[34mon_host_allocation hit[0m
DEBUG:ftm.ftm_middleware:[47m[34mactivating vm[88][0m
INFO:ftm.ftm_middleware:vm[88] has been activated[0m
DEBUG:ftm.server:[47m[34mon_host_allocation hit[0m
DEBUG:ftm.ftm_middleware:[47m[34mactivating vm[84][0m
INFO:ftm.ftm_middleware:vm[84] has been activated[0m
DEBUG:ftm.server:[47m[34mon_host_allocation hit[0m
{"id":"13","desc":"migration"}
38.63125
DEBUG:ftm.ftm_middleware:[47m[34mactivating vm[47][0m
INFO:ftm.ftm_middleware:vm[47] has been activated[0m
{"id":"26","desc":"migration"}
38.63125
{"id":"36","desc":"migration"}
38.63125
{"id":"69","desc":"migration"}
38.63125
{"id":"72","desc":"migration"}
38.63125
{"id":"66","desc":"migration"}
38.63125
INFO:ftm.ftm_middleware:[31mvm [1] condition is not working!![0m
INFO:ftm.ftm_middleware:[47m[32mvm[2]STATUS OK[0m
INFO:ftm.ftm_middleware:[47m[32mvm[3]STATUS OK[0m
INFO:ftm.ftm_middleware:[31mvm [4] condition is not working!![0m
INFO:ftm.ftm_middleware:[47m[32mvm[5]STATUS OK[0m
INFO:ftm.ftm_middleware:[47m[32mvm[6]STATUS OK[0m
INFO:ftm.ftm_middleware:[47m[32mvm[7]STATUS OK[0m
INFO:ftm.ftm_middleware:[31mvm [8] condition is not working!![0m
INFO:ftm.ftm_middleware:[47m[32mvm[9]STATUS OK[0m
INFO:ftm.ftm_middleware:[31mvm [10] condition is not working!![0m
INFO:ftm.ftm_middleware:[47m[32mvm[11]STATUS OK[0m
INFO:ftm.ftm_middleware:[31mvm [12] condition is not working!![0m
INFO:ftm.ftm_middleware:[31mvm [13] condition is not working!![0m
INFO:ftm.ftm_middleware:[47m[32mvm[14]STATUS OK[0m
INFO:ftm.ftm_middleware:[31mvm [15] condition is not working!![0m
INFO:ftm.ftm_middleware:[31mvm [16] condition is not working!![0m
INFO:ftm.ftm_middleware:[47m[32mvm[17]STATUS OK[0m
INFO:ftm.ftm_middleware:[47m[32mvm[18]STATUS OK[0m
INFO:ftm.ftm_middleware:[47m[32mvm[19]STATUS OK[0m
INFO:ftm.ftm_middleware:[47m[32mvm[20]STATUS OK[0m
INFO:ftm.ftm_middleware:[31mvm [21] condition is not working!![0m
INFO:ftm.ftm_middleware:[31mvm [22] condition is not working!![0m
INFO:ftm.ftm_middleware:[31mvm [23] condition is not working!![0m
INFO:ftm.ftm_middleware:[31mvm [24] condition is not working!![0m
INFO:ftm.ftm_middleware:[47m[32mvm[25]STATUS OK[0m
INFO:ftm.ftm_middleware:[31mvm [26] condition is not working!![0m
INFO:ftm.ftm_middleware:[47m[32mvm[27]STATUS OK[0m
INFO:ftm.ftm_middleware:[31mvm [28] condition is not working!![0m
INFO:ftm.ftm_middleware:[47m[32mvm[29]STATUS OK[0m
INFO:ftm.ftm_middleware:[47m[32mvm[30]STATUS OK[0m
INFO:ftm.ftm_middleware:[47m[32mvm[31]STATUS OK[0m
INFO:ftm.ftm_middleware:[31mvm [32] condition is not working!![0m
INFO:ftm.ftm_middleware:[47m[32mvm[33]STATUS OK[0m
INFO:ftm.ftm_middleware:[47m[32mvm[34]STATUS OK[0m
INFO:ftm.ftm_middleware:[47m[32mvm[35]STATUS OK[0m
INFO:ftm.ftm_middleware:[31mvm [36] condition is not working!![0m
INFO:ftm.ftm_middleware:[31mvm [37] condition is not working!![0m
INFO:ftm.ftm_middleware:[47m[32mvm[38]STATUS OK[0m
INFO:ftm.ftm_middleware:[31mvm [39] condition is not working!![0m
INFO:ftm.ftm_middleware:[47m[32mvm[40]STATUS OK[0m
INFO:ftm.ftm_middleware:[47m[32mvm[41]STATUS OK[0m
INFO:ftm.ftm_middleware:[47m[32mvm[42]STATUS OK[0m
INFO:ftm.ftm_middleware:[47m[32mvm[43]STATUS OK[0m
INFO:ftm.ftm_middleware:[47m[32mvm[44]STATUS OK[0m
INFO:ftm.ftm_middleware:[47m[32mvm[45]STATUS OK[0m
INFO:ftm.ftm_middleware:[31mvm [46] condition is not working!![0m
INFO:ftm.ftm_middleware:[47m[32mvm[47]STATUS OK[0m
INFO:ftm.ftm_middleware:[31mvm [48] condition is not working!![0m
INFO:ftm.ftm_middleware:[47m[32mvm[49]STATUS OK[0m
INFO:ftm.ftm_middleware:[31mvm [50] condition is not working!![0m
INFO:ftm.ftm_middleware:[47m[32mvm[51]STATUS OK[0m
INFO:ftm.ftm_middleware:[47m[32mvm[52]STATUS OK[0m
INFO:ftm.ftm_middleware:[47m[32mvm[53]STATUS OK[0m
INFO:ftm.ftm_middleware:[47m[32mvm[54]STATUS OK[0m
INFO:ftm.ftm_middleware:[47m[32mvm[55]STATUS OK[0m
INFO:ftm.ftm_middleware:[31mvm [56] condition is not working!![0m
INFO:ftm.ftm_middleware:[31mvm [57] condition is not working!![0m
INFO:ftm.ftm_middleware:[47m[32mvm[58]STATUS OK[0m
INFO:ftm.ftm_middleware:[47m[32mvm[59]STATUS OK[0m
INFO:ftm.ftm_middleware:[47m[32mvm[60]STATUS OK[0m
INFO:ftm.ftm_middleware:[47m[32mvm[61]STATUS OK[0m
INFO:ftm.ftm_middleware:[47m[32mvm[62]STATUS OK[0m
INFO:ftm.ftm_middleware:[47m[32mvm[63]STATUS OK[0m
INFO:ftm.ftm_middleware:[47m[32mvm[64]STATUS OK[0m
INFO:ftm.ftm_middleware:[47m[32mvm[65]STATUS OK[0m
INFO:ftm.ftm_middleware:[31mvm [66] condition is not working!![0m
INFO:ftm.ftm_middleware:[47m[32mvm[67]STATUS OK[0m
INFO:ftm.ftm_middleware:[31mvm [68] condition is not working!![0m
INFO:ftm.ftm_middleware:[31mvm [69] condition is not working!![0m
INFO:ftm.ftm_middleware:[31mvm [70] condition is not working!![0m
INFO:ftm.ftm_middleware:[47m[32mvm[71]STATUS OK[0m
INFO:ftm.ftm_middleware:[31mvm [72] condition is not working!![0m
INFO:ftm.ftm_middleware:[47m[32mvm[73]STATUS OK[0m
INFO:ftm.ftm_middleware:[47m[32mvm[74]STATUS OK[0m
INFO:ftm.ftm_middleware:[47m[32mvm[75]STATUS OK[0m
INFO:ftm.ftm_middleware:[31mvm [76] condition is not working!![0m
INFO:ftm.ftm_middleware:[47m[32mvm[77]STATUS OK[0m
INFO:ftm.ftm_middleware:[47m[32mvm[78]STATUS OK[0m
INFO:ftm.ftm_middleware:[47m[32mvm[79]STATUS OK[0m
INFO:ftm.ftm_middleware:[47m[32mvm[80]STATUS OK[0m
INFO:ftm.ftm_middleware:[47m[32mvm[81]STATUS OK[0m
INFO:ftm.ftm_middleware:[47m[32mvm[82]STATUS OK[0m
INFO:ftm.ftm_middleware:[47m[32mvm[83]STATUS OK[0m
INFO:ftm.ftm_middleware:[47m[32mvm[84]STATUS OK[0m
INFO:ftm.ftm_middleware:[47m[32mvm[85]STATUS OK[0m
INFO:ftm.ftm_middleware:[47m[32mvm[86]STATUS OK[0m
INFO:ftm.ftm_middleware:[47m[32mvm[87]STATUS OK[0m
INFO:ftm.ftm_middleware:[47m[32mvm[88]STATUS OK[0m
INFO:ftm.ftm_middleware:[31mvm [89] condition is not working!![0m
INFO:ftm.ftm_middleware:[47m[32mvm[90]STATUS OK[0m
INFO:ftm.ftm_middleware:[47m[32mvm[9]STATUS OK[0m
INFO:ftm.ftm_middleware:[47m[32mvm[25]STATUS OK[0m
INFO:ftm.ftm_middleware:[47m[32mvm[42]STATUS OK[0m
INFO:ftm.ftm_middleware:[47m[32mvm[67]STATUS OK[0m
INFO:ftm.ftm_middleware:[47m[32mvm[78]STATUS OK[0m
INFO:ftm.ftm_middleware:[47m[32mvm[81]STATUS OK[0m
INFO:ftm.ftm_middleware:[47m[32mvm[83]STATUS OK[0m
INFO:ftm.ftm_middleware:[31mvm [24] condition is not working!![0m
INFO:ftm.ftm_middleware:[47m[32mvm[84]STATUS OK[0m
INFO:ftm.ftm_middleware:[31mvm [13] condition is not working!![0m
INFO:ftm.ftm_middleware:[47m[32mvm[60]STATUS OK[0m
INFO:ftm.ftm_middleware:[47m[32mvm[77]STATUS OK[0m
INFO:ftm.ftm_middleware:[47m[32mvm[6]STATUS OK[0m
INFO:ftm.ftm_middleware:[47m[32mvm[7]STATUS OK[0m
INFO:ftm.ftm_middleware:[47m[32mvm[17]STATUS OK[0m
INFO:ftm.ftm_middleware:[47m[32mvm[18]STATUS OK[0m
INFO:ftm.ftm_middleware:[47m[32mvm[27]STATUS OK[0m
INFO:ftm.ftm_middleware:[47m[32mvm[33]STATUS OK[0m
INFO:ftm.ftm_middleware:[31mvm [37] condition is not working!![0m
INFO:ftm.ftm_middleware:[47m[32mvm[45]STATUS OK[0m
INFO:ftm.ftm_middleware:[47m[32mvm[47]STATUS OK[0m
INFO:ftm.ftm_middleware:[47m[32mvm[53]STATUS OK[0m
INFO:ftm.ftm_middleware:[47m[32mvm[58]STATUS OK[0m
INFO:ftm.ftm_middleware:[47m[32mvm[62]STATUS OK[0m
INFO:ftm.ftm_middleware:[47m[32mvm[65]STATUS OK[0m
INFO:ftm.ftm_middleware:[31mvm [66] condition is not working!![0m
INFO:ftm.ftm_middleware:[47m[32mvm[74]STATUS OK[0m
INFO:ftm.ftm_middleware:[47m[32mvm[80]STATUS OK[0m
INFO:ftm.ftm_middleware:[31mvm [89] condition is not working!![0m
INFO:ftm.ftm_middleware:[47m[32mvm[81]STATUS OK[0m
INFO:ftm.ftm_middleware:[47m[32mvm[83]STATUS OK[0m
INFO:ftm.ftm_middleware:[47m[32mvm[81]STATUS OK[0m
INFO:ftm.ftm_middleware:[47m[32mvm[71]STATUS OK[0m
INFO:ftm.ftm_middleware:[47m[32mvm[53]STATUS OK[0m
INFO:ftm.ftm_middleware:[47m[32mvm[77]STATUS OK[0m
INFO:ftm.ftm_middleware:[47m[32mvm[53]STATUS OK[0m
INFO:ftm.ftm_middleware:[47m[32mvm[38]STATUS OK[0m
INFO:ftm.ftm_middleware:[47m[32mvm[88]STATUS OK[0m
INFO:ftm.ftm_middleware:[47m[32mvm[90]STATUS OK[0m
INFO:ftm.fault_masking_mgr:[31mmigrating faulty VM [50][0m
INFO:ftm.fault_masking_mgr:[31mmigrating faulty VM [56][0m
INFO:ftm.fault_masking_mgr:[31mmigrating faulty VM [70][0m
INFO:ftm.ftm_middleware:[47m[32mvm[11]STATUS OK[0m
INFO:ftm.ftm_middleware:[47m[32mvm[30]STATUS OK[0m
INFO:ftm.ftm_middleware:[47m[32mvm[43]STATUS OK[0m
INFO:ftm.ftm_middleware:[47m[32mvm[61]STATUS OK[0m
INFO:ftm.ftm_middleware:[47m[32mvm[63]STATUS OK[0m
INFO:ftm.ftm_middleware:[47m[32mvm[64]STATUS OK[0m
INFO:ftm.ftm_middleware:[47m[32mvm[73]STATUS OK[0m
INFO:ftm.ftm_middleware:[47m[32mvm[86]STATUS OK[0m
INFO:ftm.ftm_middleware:[31mvm [13] condition is not working!![0m
INFO:ftm.ftm_middleware:[47m[32mvm[20]STATUS OK[0m
INFO:ftm.ftm_middleware:[47m[32mvm[40]STATUS OK[0m
INFO:ftm.ftm_middleware:[47m[32mvm[67]STATUS OK[0m
INFO:ftm.ftm_middleware:[47m[32mvm[75]STATUS OK[0m
INFO:ftm.ftm_middleware:[47m[32mvm[79]STATUS OK[0m
INFO:ftm.ftm_middleware:[31mvm [89] condition is not working!![0m
INFO:ftm.ftm_middleware:[47m[32mvm[53]STATUS OK[0m
INFO:ftm.ftm_middleware:[47m[32mvm[58]STATUS OK[0m
INFO:ftm.ftm_middleware:[47m[32mvm[80]STATUS OK[0m
INFO:ftm.ftm_middleware:[47m[32mvm[83]STATUS OK[0m
INFO:ftm.ftm_middleware:[47m[32mvm[34]STATUS OK[0m
INFO:ftm.ftm_middleware:[47m[32mvm[19]STATUS OK[0m
INFO:ftm.ftm_middleware:[47m[32mvm[52]STATUS OK[0m
INFO:ftm.ftm_middleware:[47m[32mvm[44]STATUS OK[0m
INFO:ftm.ftm_middleware:[47m[32mvm[55]STATUS OK[0m
INFO:ftm.ftm_middleware:[47m[32mvm[5]STATUS OK[0m
INFO:ftm.ftm_middleware:[47m[32mvm[82]STATUS OK[0m
INFO:ftm.ftm_middleware:[47m[32mvm[87]STATUS OK[0m
INFO:ftm.ftm_middleware:[47m[32mvm[90]STATUS OK[0m
INFO:ftm.ftm_middleware:[47m[32mvm[62]STATUS OK[0m
INFO:ftm.ftm_middleware:[47m[32mvm[2]STATUS OK[0m
INFO:ftm.ftm_middleware:[47m[32mvm[6]STATUS OK[0m
INFO:ftm.ftm_middleware:[47m[32mvm[40]STATUS OK[0m
INFO:ftm.ftm_middleware:[47m[32mvm[52]STATUS OK[0m
INFO:ftm.ftm_middleware:[47m[32mvm[80]STATUS OK[0m
INFO:ftm.ftm_middleware:[47m[32mvm[74]STATUS OK[0m
INFO:ftm.ftm_middleware:[47m[32mvm[80]STATUS OK[0m
INFO:ftm.ftm_middleware:[47m[32mvm[18]STATUS OK[0m
INFO:ftm.ftm_middleware:[47m[32mvm[41]STATUS OK[0m
INFO:ftm.ftm_middleware:[47m[32mvm[71]STATUS OK[0m
INFO:ftm.ftm_middleware:[47m[32mvm[77]STATUS OK[0m
INFO:ftm.ftm_middleware:[47m[32mvm[53]STATUS OK[0m
INFO:ftm.ftm_middleware:[47m[32mvm[53]STATUS OK[0m
INFO:ftm.ftm_middleware:[47m[32mvm[60]STATUS OK[0m
INFO:ftm.ftm_middleware:[47m[32mvm[77]STATUS OK[0m
INFO:ftm.fault_masking_mgr:[31mmigrating faulty VM [37][0m
INFO:ftm.fault_masking_mgr:[31mmigrating faulty VM [89][0m
DEBUG:ftm.server:[47m[34mon_host_allocation hit[0m
DEBUG:ftm.ftm_middleware:[47m[34mactivating vm[24][0m
INFO:ftm.ftm_middleware:vm[24] has been activated[0m
DEBUG:ftm.server:[47m[34mon_host_allocation hit[0m
DEBUG:ftm.ftm_middleware:[47m[34mactivating vm[46][0m
INFO:ftm.ftm_middleware:vm[46] has been activated[0m
Migration error: VM ID: 81 22.00625
VM ID: 83 22.00625
VM ID: 77 24.959375
VM ID: 53 24.959375
VM ID: 77 24.959375
VM ID: 77 24.959375
VM ID: 67 26.9125
VM ID: 89 26.9125
VM ID: 62 28.865625
VM ID: 90 31.7953125
VM ID: 80 32.771875
VM ID: 80 32.771875
VM ID: 77 33.7484375
VM ID: 71 33.7484375
VM ID: 77 33.7484375
VM ID: 53 34.725
VM ID: 53 34.725
VM ID: 53 34.725
VM ID: 88 36.678125
19
{"desc": "welcome message"} {"desc": "instantiate_vm", "client_id": "1", "VM": [{"mips": "1000", "pes": "1", "ram": "1000", "bandwidth": "1000", "size": "10000", "location": 6, "vm_id": "1"}]} 2.0
{"desc": "instantiate_vm", "client_id": "1", "VM": [{"mips": "1000", "pes": "1", "ram": "1000", "bandwidth": "1000", "size": "10000", "location": 0, "vm_id": "2"}]} 2.0
{"desc": "instantiate_vm", "client_id": "1", "VM": [{"mips": "1000", "pes": "1", "ram": "1000", "bandwidth": "1000", "size": "10000", "location": 2, "vm_id": "3"}]} 2.0
{"desc": "instantiate_vm", "client_id": "1", "VM": [{"mips": "1000", "pes": "1", "ram": "1000", "bandwidth": "1000", "size": "10000", "location": 2, "vm_id": "4"}]} 2.0
{"desc": "instantiate_vm", "client_id": "1", "VM": [{"mips": "1000", "pes": "1", "ram": "1000", "bandwidth": "1000", "size": "10000", "location": 7, "vm_id": "5"}]} 2.0
{"desc": "instantiate_vm", "client_id": "1", "VM": [{"mips": "1000", "pes": "1", "ram": "1000", "bandwidth": "1000", "size": "10000", "location": 6, "vm_id": "6"}]} 2.0
{"desc": "instantiate_vm", "client_id": "1", "VM": [{"mips": "1000", "pes": "1", "ram": "1000", "bandwidth": "1000", "size": "10000", "location": 8, "vm_id": "7"}]} 2.0
{"desc": "instantiate_vm", "client_id": "1", "VM": [{"mips": "1000", "pes": "1", "ram": "1000", "bandwidth": "1000", "size": "10000", "location": 0, "vm_id": "8"}]} 2.0
{"desc": "instantiate_vm", "client_id": "1", "VM": [{"mips": "1000", "pes": "1", "ram": "1000", "bandwidth": "1000", "size": "10000", "location": 4, "vm_id": "9"}]} 2.0
{"desc": "instantiate_vm", "client_id": "1", "VM": [{"mips": "1000", "pes": "1", "ram": "1000", "bandwidth": "1000", "size": "10000", "location": 0, "vm_id": "10"}]} 2.0
{"desc": "instantiate_vm", "client_id": "1", "VM": [{"mips": "1000", "pes": "1", "ram": "1000", "bandwidth": "1000", "size": "10000", "location": 2, "vm_id": "11"}]} 2.0
{"desc": "instantiate_vm", "client_id": "1", "VM": [{"mips": "1000", "pes": "1", "ram": "1000", "bandwidth": "1000", "size": "10000", "location": 5, "vm_id": "12"}]} 2.0
{"desc": "instantiate_vm", "client_id": "1", "VM": [{"mips": "1000", "pes": "1", "ram": "1000", "bandwidth": "1000", "size": "10000", "location": 0, "vm_id": "13"}]} 2.0
{"desc": "instantiate_vm", "client_id": "1", "VM": [{"mips": "1000", "pes": "1", "ram": "1000", "bandwidth": "1000", "size": "10000", "location": 1, "vm_id": "14"}]} 2.0
{"desc": "instantiate_vm", "client_id": "1", "VM": [{"mips": "1000", "pes": "1", "ram": "1000", "bandwidth": "1000", "size": "10000", "location": 6, "vm_id": "15"}]} 2.0
{"desc": "instantiate_vm", "client_id": "1", "VM": [{"mips": "1000", "pes": "1", "ram": "1000", "bandwidth": "1000", "size": "10000", "location": 5, "vm_id": "16"}]} 2.0
{"desc": "instantiate_vm", "client_id": "1", "VM": [{"mips": "1000", "pes": "1", "ram": "1000", "bandwidth": "1000", "size": "10000", "location": 2, "vm_id": "17"}]} 2.0
{"desc": "instantiate_vm", "client_id": "1", "VM": [{"mips": "1000", "pes": "1", "ram": "1000", "bandwidth": "1000", "size": "10000", "location": 8, "vm_id": "18"}]} 2.0
{"desc": "instantiate_vm", "client_id": "1", "VM": [{"mips": "1000", "pes": "1", "ram": "1000", "bandwidth": "1000", "size": "10000", "location": 0, "vm_id": "19"}]} 2.0
{"desc": "instantiate_vm", "client_id": "1", "VM": [{"mips": "1000", "pes": "1", "ram": "1000", "bandwidth": "1000", "size": "10000", "location": 8, "vm_id": "20"}]} 2.0
{"desc": "instantiate_vm", "client_id": "1", "VM": [{"mips": "1000", "pes": "1", "ram": "1000", "bandwidth": "1000", "size": "10000", "location": 6, "vm_id": "21"}]} 2.0
{"desc": "instantiate_vm", "client_id": "1", "VM": [{"mips": "1000", "pes": "1", "ram": "1000", "bandwidth": "1000", "size": "10000", "location": 3, "vm_id": "22"}]} 2.0
{"desc": "instantiate_vm", "client_id": "1", "VM": [{"mips": "1000", "pes": "1", "ram": "1000", "bandwidth": "1000", "size": "10000", "location": 1, "vm_id": "23"}]} 2.0
{"desc": "instantiate_vm", "client_id": "1", "VM": [{"mips": "1000", "pes": "1", "ram": "1000", "bandwidth": "1000", "size": "10000", "location": 9, "vm_id": "24"}]} 2.0
{"desc": "instantiate_vm", "client_id": "1", "VM": [{"mips": "1000", "pes": "1", "ram": "1000", "bandwidth": "1000", "size": "10000", "location": 3, "vm_id": "25"}]} 2.0
{"desc": "instantiate_vm", "client_id": "1", "VM": [{"mips": "1000", "pes": "1", "ram": "1000", "bandwidth": "1000", "size": "10000", "location": 0, "vm_id": "26"}]} 2.0
{"desc": "instantiate_vm", "client_id": "1", "VM": [{"mips": "1000", "pes": "1", "ram": "1000", "bandwidth": "1000", "size": "10000", "location": 8, "vm_id": "27"}]} 2.0
{"desc": "instantiate_vm", "client_id": "1", "VM": [{"mips": "1000", "pes": "1", "ram": "1000", "bandwidth": "1000", "size": "10000", "location": 6, "vm_id": "28"}]} 2.0
{"desc": "instantiate_vm", "client_id": "1", "VM": [{"mips": "1000", "pes": "1", "ram": "1000", "bandwidth": "1000", "size": "10000", "location": 8, "vm_id": "29"}]} 2.0
{"desc": "instantiate_vm", "client_id": "1", "VM": [{"mips": "1000", "pes": "1", "ram": "1000", "bandwidth": "1000", "size": "10000", "location": 7, "vm_id": "30"}]} 2.0
{"desc": "instantiate_vm", "client_id": "1", "VM": [{"mips": "1000", "pes": "1", "ram": "1000", "bandwidth": "1000", "size": "10000", "location": 5, "vm_id": "31"}]} 2.0
{"desc": "instantiate_vm", "client_id": "1", "VM": [{"mips": "1000", "pes": "1", "ram": "1000", "bandwidth": "1000", "size": "10000", "location": 9, "vm_id": "32"}]} 2.0
{"desc": "instantiate_vm", "client_id": "1", "VM": [{"mips": "1000", "pes": "1", "ram": "1000", "bandwidth": "1000", "size": "10000", "location": 3, "vm_id": "33"}]} 2.0
{"desc": "instantiate_vm", "client_id": "1", "VM": [{"mips": "1000", "pes": "1", "ram": "1000", "bandwidth": "1000", "size": "10000", "location": 5, "vm_id": "34"}]} 2.0
{"desc": "instantiate_vm", "client_id": "1", "VM": [{"mips": "1000", "pes": "1", "ram": "1000", "bandwidth": "1000", "size": "10000", "location": 8, "vm_id": "35"}]} 2.0
{"desc": "instantiate_vm", "client_id": "1", "VM": [{"mips": "1000", "pes": "1", "ram": "1000", "bandwidth": "1000", "size": "10000", "location": 6, "vm_id": "36"}]} 2.0
{"desc": "instantiate_vm", "client_id": "1", "VM": [{"mips": "1000", "pes": "1", "ram": "1000", "bandwidth": "1000", "size": "10000", "location": 8, "vm_id": "37"}]} 2.0
{"desc": "instantiate_vm", "client_id": "1", "VM": [{"mips": "1000", "pes": "1", "ram": "1000", "bandwidth": "1000", "size": "10000", "location": 5, "vm_id": "38"}]} 2.0
{"desc": "instantiate_vm", "client_id": "1", "VM": [{"mips": "1000", "pes": "1", "ram": "1000", "bandwidth": "1000", "size": "10000", "location": 7, "vm_id": "39"}]} 2.0
{"desc": "instantiate_vm", "client_id": "1", "VM": [{"mips": "1000", "pes": "1", "ram": "1000", "bandwidth": "1000", "size": "10000", "location": 0, "vm_id": "40"}]} 2.0
{"desc": "instantiate_vm", "client_id": "1", "VM": [{"mips": "1000", "pes": "1", "ram": "1000", "bandwidth": "1000", "size": "10000", "location": 2, "vm_id": "41"}]} 2.0
{"desc": "instantiate_vm", "client_id": "1", "VM": [{"mips": "1000", "pes": "1", "ram": "1000", "bandwidth": "1000", "size": "10000", "location": 1, "vm_id": "42"}]} 2.0
{"desc": "instantiate_vm", "client_id": "1", "VM": [{"mips": "1000", "pes": "1", "ram": "1000", "bandwidth": "1000", "size": "10000", "location": 2, "vm_id": "43"}]} 2.0
{"desc": "instantiate_vm", "client_id": "1", "VM": [{"mips": "1000", "pes": "1", "ram": "1000", "bandwidth": "1000", "size": "10000", "location": 6, "vm_id": "44"}]} 2.0
{"desc": "instantiate_vm", "client_id": "1", "VM": [{"mips": "1000", "pes": "1", "ram": "1000", "bandwidth": "1000", "size": "10000", "location": 3, "vm_id": "45"}]} 2.0
{"desc": "instantiate_vm", "client_id": "1", "VM": [{"mips": "1000", "pes": "1", "ram": "1000", "bandwidth": "1000", "size": "10000", "location": 3, "vm_id": "46"}]} 2.0
{"desc": "instantiate_vm", "client_id": "1", "VM": [{"mips": "1000", "pes": "1", "ram": "1000", "bandwidth": "1000", "size": "10000", "location": 2, "vm_id": "47"}]} 2.0
{"desc": "instantiate_vm", "client_id": "1", "VM": [{"mips": "1000", "pes": "1", "ram": "1000", "bandwidth": "1000", "size": "10000", "location": 9, "vm_id": "48"}]} 2.0
{"desc": "instantiate_vm", "client_id": "1", "VM": [{"mips": "1000", "pes": "1", "ram": "1000", "bandwidth": "1000", "size": "10000", "location": 6, "vm_id": "49"}]} 2.0
{"desc": "instantiate_vm", "client_id": "1", "VM": [{"mips": "1000", "pes": "1", "ram": "1000", "bandwidth": "1000", "size": "10000", "location": 1, "vm_id": "50"}]} 2.0
{"desc": "instantiate_vm", "client_id": "1", "VM": [{"mips": "1000", "pes": "1", "ram": "1000", "bandwidth": "1000", "size": "10000", "location": 7, "vm_id": "51"}]} 2.0
{"desc": "instantiate_vm", "client_id": "1", "VM": [{"mips": "1000", "pes": "1", "ram": "1000", "bandwidth": "1000", "size": "10000", "location": 1, "vm_id": "52"}]} 2.0
{"desc": "instantiate_vm", "client_id": "1", "VM": [{"mips": "1000", "pes": "1", "ram": "1000", "bandwidth": "1000", "size": "10000", "location": 3, "vm_id": "53"}]} 2.0
{"desc": "instantiate_vm", "client_id": "1", "VM": [{"mips": "1000", "pes": "1", "ram": "1000", "bandwidth": "1000", "size": "10000", "location": 9, "vm_id": "54"}]} 2.0
{"desc": "instantiate_vm", "client_id": "1", "VM": [{"mips": "1000", "pes": "1", "ram": "1000", "bandwidth": "1000", "size": "10000", "location": 6, "vm_id": "55"}]} 2.0
{"desc": "instantiate_vm", "client_id": "1", "VM": [{"mips": "1000", "pes": "1", "ram": "1000", "bandwidth": "1000", "size": "10000", "location": 5, "vm_id": "56"}]} 2.0
{"desc": "instantiate_vm", "client_id": "1", "VM": [{"mips": "1000", "pes": "1", "ram": "1000", "bandwidth": "1000", "size": "10000", "location": 8, "vm_id": "57"}]} 2.0
{"desc": "instantiate_vm", "client_id": "1", "VM": [{"mips": "1000", "pes": "1", "ram": "1000", "bandwidth": "1000", "size": "10000", "location": 7, "vm_id": "58"}]} 2.0
{"desc": "instantiate_vm", "client_id": "1", "VM": [{"mips": "1000", "pes": "1", "ram": "1000", "bandwidth": "1000", "size": "10000", "location": 2, "vm_id": "59"}]} 2.0
{"desc": "instantiate_vm", "client_id": "1", "VM": [{"mips": "1000", "pes": "1", "ram": "1000", "bandwidth": "1000", "size": "10000", "location": 0, "vm_id": "60"}]} 2.0
{"desc": "instantiate_vm", "client_id": "1", "VM": [{"mips": "1000", "pes": "1", "ram": "1000", "bandwidth": "1000", "size": "10000", "location": 3, "vm_id": "61"}]} 2.0
{"desc": "instantiate_vm", "client_id": "1", "VM": [{"mips": "1000", "pes": "1", "ram": "1000", "bandwidth": "1000", "size": "10000", "location": 2, "vm_id": "62"}]} 2.0
{"desc": "instantiate_vm", "client_id": "1", "VM": [{"mips": "1000", "pes": "1", "ram": "1000", "bandwidth": "1000", "size": "10000", "location": 9, "vm_id": "63"}]} 2.0
{"desc": "instantiate_vm", "client_id": "1", "VM": [{"mips": "1000", "pes": "1", "ram": "1000", "bandwidth": "1000", "size": "10000", "location": 8, "vm_id": "64"}]} 2.0
{"desc": "instantiate_vm", "client_id": "1", "VM": [{"mips": "1000", "pes": "1", "ram": "1000", "bandwidth": "1000", "size": "10000", "location": 3, "vm_id": "65"}]} 2.0
{"desc": "instantiate_vm", "client_id": "1", "VM": [{"mips": "1000", "pes": "1", "ram": "1000", "bandwidth": "1000", "size": "10000", "location": 6, "vm_id": "66"}]} 2.0
{"desc": "instantiate_vm", "client_id": "1", "VM": [{"mips": "1000", "pes": "1", "ram": "1000", "bandwidth": "1000", "size": "10000", "location": 3, "vm_id": "67"}]} 2.0
{"desc": "instantiate_vm", "client_id": "1", "VM": [{"mips": "1000", "pes": "1", "ram": "1000", "bandwidth": "1000", "size": "10000", "location": 9, "vm_id": "68"}]} 2.0
{"desc": "instantiate_vm", "client_id": "1", "VM": [{"mips": "1000", "pes": "1", "ram": "1000", "bandwidth": "1000", "size": "10000", "location": 4, "vm_id": "69"}]} 2.0
{"desc": "instantiate_vm", "client_id": "1", "VM": [{"mips": "1000", "pes": "1", "ram": "1000", "bandwidth": "1000", "size": "10000", "location": 2, "vm_id": "70"}]} 2.0
{"desc": "instantiate_vm", "client_id": "1", "VM": [{"mips": "1000", "pes": "1", "ram": "1000", "bandwidth": "1000", "size": "10000", "location": 5, "vm_id": "71"}]} 2.0
{"desc": "instantiate_vm", "client_id": "1", "VM": [{"mips": "1000", "pes": "1", "ram": "1000", "bandwidth": "1000", "size": "10000", "location": 8, "vm_id": "72"}]} 2.0
{"desc": "instantiate_vm", "client_id": "1", "VM": [{"mips": "1000", "pes": "1", "ram": "1000", "bandwidth": "1000", "size": "10000", "location": 3, "vm_id": "73"}]} 2.0
{"desc": "instantiate_vm", "client_id": "1", "VM": [{"mips": "1000", "pes": "1", "ram": "1000", "bandwidth": "1000", "size": "10000", "location": 2, "vm_id": "74"}]} 2.0
{"desc": "instantiate_vm", "client_id": "1", "VM": [{"mips": "1000", "pes": "1", "ram": "1000", "bandwidth": "1000", "size": "10000", "location": 9, "vm_id": "75"}]} 2.0
{"desc": "instantiate_vm", "client_id": "1", "VM": [{"mips": "1000", "pes": "1", "ram": "1000", "bandwidth": "1000", "size": "10000", "location": 5, "vm_id": "76"}]} 2.0
{"desc": "instantiate_vm", "client_id": "1", "VM": [{"mips": "1000", "pes": "1", "ram": "1000", "bandwidth": "1000", "size": "10000", "location": 0, "vm_id": "77"}]} 2.0
{"desc": "instantiate_vm", "client_id": "1", "VM": [{"mips": "1000", "pes": "1", "ram": "1000", "bandwidth": "1000", "size": "10000", "location": 1, "vm_id": "78"}]} 2.0
{"desc": "instantiate_vm", "client_id": "1", "VM": [{"mips": "1000", "pes": "1", "ram": "1000", "bandwidth": "1000", "size": "10000", "location": 6, "vm_id": "79"}]} 2.0
{"desc": "instantiate_vm", "client_id": "1", "VM": [{"mips": "1000", "pes": "1", "ram": "1000", "bandwidth": "1000", "size": "10000", "location": 7, "vm_id": "80"}]} 2.0
{"desc": "instantiate_vm", "client_id": "1", "VM": [{"mips": "1000", "pes": "1", "ram": "1000", "bandwidth": "1000", "size": "10000", "location": 4, "vm_id": "81"}]} 2.0
{"desc": "instantiate_vm", "client_id": "1", "VM": [{"mips": "1000", "pes": "1", "ram": "1000", "bandwidth": "1000", "size": "10000", "location": 0, "vm_id": "82"}]} 2.0
{"desc": "instantiate_vm", "client_id": "1", "VM": [{"mips": "1000", "pes": "1", "ram": "1000", "bandwidth": "1000", "size": "10000", "location": 3, "vm_id": "83"}]} 2.0
{"desc": "instantiate_vm", "client_id": "1", "VM": [{"mips": "1000", "pes": "1", "ram": "1000", "bandwidth": "1000", "size": "10000", "location": 9, "vm_id": "84"}]} 2.0
{"desc": "instantiate_vm", "client_id": "1", "VM": [{"mips": "1000", "pes": "1", "ram": "1000", "bandwidth": "1000", "size": "10000", "location": 5, "vm_id": "85"}]} 2.0
{"desc": "instantiate_vm", "client_id": "1", "VM": [{"mips": "1000", "pes": "1", "ram": "1000", "bandwidth": "1000", "size": "10000", "location": 9, "vm_id": "86"}]} 2.0
{"desc": "instantiate_vm", "client_id": "1", "VM": [{"mips": "1000", "pes": "1", "ram": "1000", "bandwidth": "1000", "size": "10000", "location": 8, "vm_id": "87"}]} 2.0
{"desc": "instantiate_vm", "client_id": "1", "VM": [{"mips": "1000", "pes": "1", "ram": "1000", "bandwidth": "1000", "size": "10000", "location": 0, "vm_id": "88"}]} 2.0
{"desc": "instantiate_vm", "client_id": "1", "VM": [{"mips": "1000", "pes": "1", "ram": "1000", "bandwidth": "1000", "size": "10000", "location": 7, "vm_id": "89"}]} 2.0
{"desc": "instantiate_vm", "client_id": "1", "VM": [{"mips": "1000", "pes": "1", "ram": "1000", "bandwidth": "1000", "size": "10000", "location": 6, "vm_id": "90"}]} 2.0
{"desc": "status", "id": "1", "client_id": "1"} 3.1
{"desc": "status", "id": "2", "client_id": "1"} 3.1
{"desc": "status", "id": "3", "client_id": "1"} 3.1
{"desc": "status", "id": "4", "client_id": "1"} 3.1
{"desc": "status", "id": "5", "client_id": "1"} 3.1
{"desc": "status", "id": "6", "client_id": "1"} 3.1
{"desc": "status", "id": "7", "client_id": "1"} 3.1
{"desc": "status", "id": "8", "client_id": "1"} 3.1
{"desc": "status", "id": "9", "client_id": "1"} 3.1
{"desc": "status", "id": "10", "client_id": "1"} 3.1
{"desc": "status", "id": "11", "client_id": "1"} 3.1
{"desc": "status", "id": "12", "client_id": "1"} 3.1
{"desc": "status", "id": "13", "client_id": "1"} 3.1
{"desc": "status", "id": "14", "client_id": "1"} 3.1
{"desc": "status", "id": "15", "client_id": "1"} 3.1
{"desc": "status", "id": "16", "client_id": "1"} 3.1
{"desc": "status", "id": "17", "client_id": "1"} 3.1
{"desc": "status", "id": "18", "client_id": "1"} 3.1
{"desc": "status", "id": "19", "client_id": "1"} 3.1
{"desc": "status", "id": "20", "client_id": "1"} 3.1
{"desc": "status", "id": "21", "client_id": "1"} 3.1
{"desc": "status", "id": "22", "client_id": "1"} 3.1
{"desc": "status", "id": "23", "client_id": "1"} 3.1
{"desc": "status", "id": "24", "client_id": "1"} 3.1
{"desc": "status", "id": "25", "client_id": "1"} 3.1
{"desc": "status", "id": "26", "client_id": "1"} 3.1
{"desc": "status", "id": "27", "client_id": "1"} 3.1
{"desc": "status", "id": "28", "client_id": "1"} 3.1
{"desc": "status", "id": "29", "client_id": "1"} 3.1
{"desc": "status", "id": "30", "client_id": "1"} 3.1
{"desc": "status", "id": "31", "client_id": "1"} 3.1
{"desc": "status", "id": "32", "client_id": "1"} 3.1
{"desc": "status", "id": "33", "client_id": "1"} 3.1
{"desc": "status", "id": "34", "client_id": "1"} 3.1
{"desc": "status", "id": "35", "client_id": "1"} 3.1
{"desc": "status", "id": "36", "client_id": "1"} 3.1
{"desc": "status", "id": "37", "client_id": "1"} 3.1
{"desc": "status", "id": "38", "client_id": "1"} 3.1
{"desc": "status", "id": "39", "client_id": "1"} 3.1
{"desc": "status", "id": "40", "client_id": "1"} 3.1
{"desc": "status", "id": "41", "client_id": "1"} 3.1
{"desc": "status", "id": "42", "client_id": "1"} 3.1
{"desc": "status", "id": "43", "client_id": "1"} 3.1
{"desc": "status", "id": "44", "client_id": "1"} 3.1
{"desc": "status", "id": "45", "client_id": "1"} 3.1
{"desc": "status", "id": "46", "client_id": "1"} 3.1
{"desc": "status", "id": "47", "client_id": "1"} 3.1
{"desc": "status", "id": "48", "client_id": "1"} 3.1
{"desc": "status", "id": "49", "client_id": "1"} 3.1
{"desc": "status", "id": "50", "client_id": "1"} 3.1
{"desc": "status", "id": "51", "client_id": "1"} 3.1
{"desc": "status", "id": "52", "client_id": "1"} 3.1
{"desc": "status", "id": "53", "client_id": "1"} 3.1
{"desc": "status", "id": "54", "client_id": "1"} 3.1
{"desc": "status", "id": "55", "client_id": "1"} 3.1
{"desc": "status", "id": "56", "client_id": "1"} 3.1
{"desc": "status", "id": "57", "client_id": "1"} 3.1
{"desc": "status", "id": "58", "client_id": "1"} 3.1
{"desc": "status", "id": "59", "client_id": "1"} 3.1
{"desc": "status", "id": "60", "client_id": "1"} 3.1
{"desc": "status", "id": "61", "client_id": "1"} 3.1
{"desc": "status", "id": "62", "client_id": "1"} 3.1
{"desc": "status", "id": "63", "client_id": "1"} 3.1
{"desc": "status", "id": "64", "client_id": "1"} 3.1
{"desc": "status", "id": "65", "client_id": "1"} 3.1
{"desc": "status", "id": "66", "client_id": "1"} 3.1
{"desc": "status", "id": "67", "client_id": "1"} 3.1
{"desc": "status", "id": "68", "client_id": "1"} 3.1
{"desc": "status", "id": "69", "client_id": "1"} 3.1
{"desc": "status", "id": "70", "client_id": "1"} 3.1
{"desc": "status", "id": "71", "client_id": "1"} 3.1
{"desc": "status", "id": "72", "client_id": "1"} 3.1
{"desc": "status", "id": "73", "client_id": "1"} 3.1
{"desc": "status", "id": "74", "client_id": "1"} 3.1
{"desc": "status", "id": "75", "client_id": "1"} 3.1
{"desc": "status", "id": "76", "client_id": "1"} 3.1
{"desc": "status", "id": "77", "client_id": "1"} 3.1
{"desc": "status", "id": "78", "client_id": "1"} 3.1
{"desc": "status", "id": "79", "client_id": "1"} 3.1
{"desc": "status", "id": "80", "client_id": "1"} 3.1
{"desc": "status", "id": "81", "client_id": "1"} 3.1
{"desc": "status", "id": "82", "client_id": "1"} 3.1
{"desc": "status", "id": "83", "client_id": "1"} 3.1
{"desc": "status", "id": "84", "client_id": "1"} 3.1
{"desc": "status", "id": "85", "client_id": "1"} 3.1
{"desc": "status", "id": "86", "client_id": "1"} 3.1
{"desc": "status", "id": "87", "client_id": "1"} 3.1
{"desc": "status", "id": "88", "client_id": "1"} 3.1
{"desc": "status", "id": "89", "client_id": "1"} 3.1
{"desc": "status", "id": "90", "client_id": "1"} 3.1
{"desc": "status", "id": "1", "client_id": "1"} 4.1
{"desc": "status", "id": "2", "client_id": "1"} 4.1
{"desc": "status", "id": "3", "client_id": "1"} 4.1
{"desc": "status", "id": "4", "client_id": "1"} 4.1
{"desc": "status", "id": "5", "client_id": "1"} 4.1
{"desc": "status", "id": "6", "client_id": "1"} 4.1
{"desc": "status", "id": "7", "client_id": "1"} 4.1
{"desc": "status", "id": "8", "client_id": "1"} 4.1
{"desc": "status", "id": "9", "client_id": "1"} 4.1
{"desc": "status", "id": "10", "client_id": "1"} 4.1
{"desc": "status", "id": "11", "client_id": "1"} 4.1
{"desc": "status", "id": "12", "client_id": "1"} 4.1
{"desc": "status", "id": "13", "client_id": "1"} 4.1
{"desc": "status", "id": "14", "client_id": "1"} 4.1
{"desc": "status", "id": "15", "client_id": "1"} 4.1
{"desc": "status", "id": "16", "client_id": "1"} 4.1
{"desc": "status", "id": "17", "client_id": "1"} 4.1
{"desc": "status", "id": "18", "client_id": "1"} 4.1
{"desc": "status", "id": "19", "client_id": "1"} 4.1
{"desc": "status", "id": "20", "client_id": "1"} 4.1
{"desc": "status", "id": "21", "client_id": "1"} 4.1
{"desc": "status", "id": "22", "client_id": "1"} 4.1
{"desc": "status", "id": "23", "client_id": "1"} 4.1
{"desc": "status", "id": "24", "client_id": "1"} 4.1
{"desc": "status", "id": "25", "client_id": "1"} 4.1
{"desc": "status", "id": "26", "client_id": "1"} 4.1
{"desc": "status", "id": "27", "client_id": "1"} 4.1
{"desc": "status", "id": "28", "client_id": "1"} 4.1
{"desc": "status", "id": "29", "client_id": "1"} 4.1
{"desc": "status", "id": "30", "client_id": "1"} 4.1
{"desc": "status", "id": "31", "client_id": "1"} 4.1
{"desc": "status", "id": "32", "client_id": "1"} 4.1
{"desc": "status", "id": "33", "client_id": "1"} 4.1
{"desc": "status", "id": "34", "client_id": "1"} 4.1
{"desc": "status", "id": "35", "client_id": "1"} 4.1
{"desc": "status", "id": "36", "client_id": "1"} 4.1
{"desc": "status", "id": "37", "client_id": "1"} 4.1
{"desc": "status", "id": "38", "client_id": "1"} 4.1
{"desc": "status", "id": "39", "client_id": "1"} 4.1
{"desc": "status", "id": "40", "client_id": "1"} 4.1
{"desc": "status", "id": "41", "client_id": "1"} 4.1
{"desc": "status", "id": "42", "client_id": "1"} 4.1
{"desc": "status", "id": "43", "client_id": "1"} 4.1
{"desc": "status", "id": "44", "client_id": "1"} 4.1
{"desc": "status", "id": "45", "client_id": "1"} 4.1
{"desc": "status", "id": "46", "client_id": "1"} 4.1
{"desc": "status", "id": "47", "client_id": "1"} 4.1
{"desc": "status", "id": "48", "client_id": "1"} 4.1
{"desc": "status", "id": "49", "client_id": "1"} 4.1
{"desc": "status", "id": "50", "client_id": "1"} 4.1
{"desc": "status", "id": "51", "client_id": "1"} 4.1
{"desc": "status", "id": "52", "client_id": "1"} 4.1
{"desc": "status", "id": "53", "client_id": "1"} 4.1
{"desc": "status", "id": "54", "client_id": "1"} 4.1
{"desc": "status", "id": "55", "client_id": "1"} 4.1
{"desc": "status", "id": "56", "client_id": "1"} 4.1
{"desc": "status", "id": "57", "client_id": "1"} 4.1
{"desc": "status", "id": "58", "client_id": "1"} 4.1
{"desc": "status", "id": "59", "client_id": "1"} 4.1
{"desc": "status", "id": "60", "client_id": "1"} 4.1
{"desc": "status", "id": "61", "client_id": "1"} 4.1
{"desc": "status", "id": "62", "client_id": "1"} 4.1
{"desc": "status", "id": "63", "client_id": "1"} 4.1
{"desc": "status", "id": "64", "client_id": "1"} 4.1
{"desc": "status", "id": "65", "client_id": "1"} 4.1
{"desc": "status", "id": "66", "client_id": "1"} 4.1
{"desc": "status", "id": "67", "client_id": "1"} 4.1
{"desc": "status", "id": "68", "client_id": "1"} 4.1
{"desc": "status", "id": "69", "client_id": "1"} 4.1
{"desc": "status", "id": "70", "client_id": "1"} 4.1
{"desc": "status", "id": "71", "client_id": "1"} 4.1
{"desc": "status", "id": "72", "client_id": "1"} 4.1
{"desc": "status", "id": "73", "client_id": "1"} 4.1
{"desc": "status", "id": "74", "client_id": "1"} 4.1
{"desc": "status", "id": "75", "client_id": "1"} 4.1
{"desc": "status", "id": "76", "client_id": "1"} 4.1
{"desc": "status", "id": "77", "client_id": "1"} 4.1
{"desc": "status", "id": "78", "client_id": "1"} 4.1
{"desc": "status", "id": "79", "client_id": "1"} 4.1
{"desc": "status", "id": "80", "client_id": "1"} 4.1
{"desc": "status", "id": "81", "client_id": "1"} 4.1
{"desc": "status", "id": "82", "client_id": "1"} 4.1
{"desc": "status", "id": "83", "client_id": "1"} 4.1
{"desc": "status", "id": "84", "client_id": "1"} 4.1
{"desc": "status", "id": "85", "client_id": "1"} 4.1
{"desc": "status", "id": "86", "client_id": "1"} 4.1
{"desc": "status", "id": "87", "client_id": "1"} 4.1
{"desc": "status", "id": "88", "client_id": "1"} 4.1
{"desc": "status", "id": "89", "client_id": "1"} 4.1
{"desc": "status", "id": "90", "client_id": "1"} 4.1
{"desc": "status", "id": "1", "client_id": "1"} 5.1
{"desc": "status", "id": "2", "client_id": "1"} 5.1
{"desc": "status", "id": "3", "client_id": "1"} 5.1
{"desc": "status", "id": "4", "client_id": "1"} 5.1
{"desc": "status", "id": "5", "client_id": "1"} 5.1
{"desc": "status", "id": "6", "client_id": "1"} 5.1
{"desc": "status", "id": "7", "client_id": "1"} 5.1
{"desc": "status", "id": "8", "client_id": "1"} 5.1
{"desc": "status", "id": "9", "client_id": "1"} 5.1
{"desc": "status", "id": "10", "client_id": "1"} 5.1
{"desc": "status", "id": "11", "client_id": "1"} 5.1
{"desc": "status", "id": "12", "client_id": "1"} 5.1
{"desc": "status", "id": "13", "client_id": "1"} 5.1
{"desc": "status", "id": "14", "client_id": "1"} 5.1
{"desc": "status", "id": "15", "client_id": "1"} 5.1
{"desc": "status", "id": "16", "client_id": "1"} 5.1
{"desc": "status", "id": "17", "client_id": "1"} 5.1
{"desc": "status", "id": "18", "client_id": "1"} 5.1
{"desc": "status", "id": "19", "client_id": "1"} 5.1
{"desc": "status", "id": "20", "client_id": "1"} 5.1
{"desc": "status", "id": "21", "client_id": "1"} 5.1
{"desc": "status", "id": "22", "client_id": "1"} 5.1
{"desc": "status", "id": "23", "client_id": "1"} 5.1
{"desc": "status", "id": "24", "client_id": "1"} 5.1
{"desc": "status", "id": "25", "client_id": "1"} 5.1
{"desc": "status", "id": "26", "client_id": "1"} 5.1
{"desc": "status", "id": "27", "client_id": "1"} 5.1
{"desc": "status", "id": "28", "client_id": "1"} 5.1
{"desc": "status", "id": "29", "client_id": "1"} 5.1
{"desc": "status", "id": "30", "client_id": "1"} 5.1
{"desc": "status", "id": "31", "client_id": "1"} 5.1
{"desc": "status", "id": "32", "client_id": "1"} 5.1
{"desc": "status", "id": "33", "client_id": "1"} 5.1
{"desc": "status", "id": "34", "client_id": "1"} 5.1
{"desc": "status", "id": "35", "client_id": "1"} 5.1
{"desc": "status", "id": "36", "client_id": "1"} 5.1
{"desc": "status", "id": "37", "client_id": "1"} 5.1
{"desc": "status", "id": "38", "client_id": "1"} 5.1
{"desc": "status", "id": "39", "client_id": "1"} 5.1
{"desc": "status", "id": "40", "client_id": "1"} 5.1
{"desc": "status", "id": "41", "client_id": "1"} 5.1
{"desc": "status", "id": "42", "client_id": "1"} 5.1
{"desc": "status", "id": "43", "client_id": "1"} 5.1
{"desc": "status", "id": "44", "client_id": "1"} 5.1
{"desc": "status", "id": "45", "client_id": "1"} 5.1
{"desc": "status", "id": "46", "client_id": "1"} 5.1
{"desc": "status", "id": "47", "client_id": "1"} 5.1
{"desc": "status", "id": "48", "client_id": "1"} 5.1
{"desc": "status", "id": "49", "client_id": "1"} 5.1
{"desc": "status", "id": "50", "client_id": "1"} 5.1
{"desc": "status", "id": "51", "client_id": "1"} 5.1
{"desc": "status", "id": "52", "client_id": "1"} 5.1
{"desc": "status", "id": "53", "client_id": "1"} 5.1
{"desc": "status", "id": "54", "client_id": "1"} 5.1
{"desc": "status", "id": "55", "client_id": "1"} 5.1
{"desc": "status", "id": "56", "client_id": "1"} 5.1
{"desc": "status", "id": "57", "client_id": "1"} 5.1
{"desc": "status", "id": "58", "client_id": "1"} 5.1
{"desc": "status", "id": "59", "client_id": "1"} 5.1
{"desc": "status", "id": "60", "client_id": "1"} 5.1
{"desc": "status", "id": "61", "client_id": "1"} 5.1
{"desc": "status", "id": "62", "client_id": "1"} 5.1
{"desc": "status", "id": "63", "client_id": "1"} 5.1
{"desc": "status", "id": "64", "client_id": "1"} 5.1
{"desc": "status", "id": "65", "client_id": "1"} 5.1
{"desc": "status", "id": "66", "client_id": "1"} 5.1
{"desc": "status", "id": "67", "client_id": "1"} 5.1
{"desc": "status", "id": "68", "client_id": "1"} 5.1
{"desc": "status", "id": "69", "client_id": "1"} 5.1
{"desc": "status", "id": "70", "client_id": "1"} 5.1
{"desc": "status", "id": "71", "client_id": "1"} 5.1
{"desc": "status", "id": "72", "client_id": "1"} 5.1
{"desc": "status", "id": "73", "client_id": "1"} 5.1
{"desc": "status", "id": "74", "client_id": "1"} 5.1
{"desc": "status", "id": "75", "client_id": "1"} 5.1
{"desc": "status", "id": "76", "client_id": "1"} 5.1
{"desc": "status", "id": "77", "client_id": "1"} 5.1
{"desc": "status", "id": "78", "client_id": "1"} 5.1
{"desc": "status", "id": "79", "client_id": "1"} 5.1
{"desc": "status", "id": "80", "client_id": "1"} 5.1
{"desc": "status", "id": "81", "client_id": "1"} 5.1
{"desc": "status", "id": "82", "client_id": "1"} 5.1
{"desc": "status", "id": "83", "client_id": "1"} 5.1
{"desc": "status", "id": "84", "client_id": "1"} 5.1
{"desc": "status", "id": "85", "client_id": "1"} 5.1
{"desc": "status", "id": "86", "client_id": "1"} 5.1
{"desc": "status", "id": "87", "client_id": "1"} 5.1
{"desc": "status", "id": "88", "client_id": "1"} 5.1
{"desc": "status", "id": "89", "client_id": "1"} 5.1
{"desc": "status", "id": "90", "client_id": "1"} 5.1
{"desc": "status", "id": "1", "client_id": "1"} 6.1
{"desc": "status", "id": "2", "client_id": "1"} 6.1
{"desc": "status", "id": "3", "client_id": "1"} 6.1
{"desc": "status", "id": "4", "client_id": "1"} 6.1
{"desc": "status", "id": "5", "client_id": "1"} 6.1
{"desc": "status", "id": "6", "client_id": "1"} 6.1
{"desc": "status", "id": "7", "client_id": "1"} 6.1
{"desc": "status", "id": "8", "client_id": "1"} 6.1
{"desc": "status", "id": "9", "client_id": "1"} 6.1
{"desc": "status", "id": "10", "client_id": "1"} 6.1
{"desc": "status", "id": "11", "client_id": "1"} 6.1
{"desc": "status", "id": "12", "client_id": "1"} 6.1
{"desc": "status", "id": "13", "client_id": "1"} 6.1
{"desc": "status", "id": "14", "client_id": "1"} 6.1
{"desc": "status", "id": "15", "client_id": "1"} 6.1
{"desc": "status", "id": "16", "client_id": "1"} 6.1
{"desc": "status", "id": "17", "client_id": "1"} 6.1
{"desc": "status", "id": "18", "client_id": "1"} 6.1
{"desc": "status", "id": "19", "client_id": "1"} 6.1
{"desc": "status", "id": "20", "client_id": "1"} 6.1
{"desc": "status", "id": "21", "client_id": "1"} 6.1
{"desc": "status", "id": "22", "client_id": "1"} 6.1
{"desc": "status", "id": "23", "client_id": "1"} 6.1
{"desc": "status", "id": "24", "client_id": "1"} 6.1
{"desc": "status", "id": "25", "client_id": "1"} 6.1
{"desc": "status", "id": "26", "client_id": "1"} 6.1
{"desc": "status", "id": "27", "client_id": "1"} 6.1
{"desc": "status", "id": "28", "client_id": "1"} 6.1
{"desc": "status", "id": "29", "client_id": "1"} 6.1
{"desc": "status", "id": "30", "client_id": "1"} 6.1
{"desc": "status", "id": "31", "client_id": "1"} 6.1
{"desc": "status", "id": "32", "client_id": "1"} 6.1
{"desc": "status", "id": "33", "client_id": "1"} 6.1
{"desc": "status", "id": "34", "client_id": "1"} 6.1
{"desc": "status", "id": "35", "client_id": "1"} 6.1
{"desc": "status", "id": "36", "client_id": "1"} 6.1
{"desc": "status", "id": "37", "client_id": "1"} 6.1
{"desc": "status", "id": "38", "client_id": "1"} 6.1
{"desc": "status", "id": "39", "client_id": "1"} 6.1
{"desc": "status", "id": "40", "client_id": "1"} 6.1
{"desc": "status", "id": "41", "client_id": "1"} 6.1
{"desc": "status", "id": "42", "client_id": "1"} 6.1
{"desc": "status", "id": "43", "client_id": "1"} 6.1
{"desc": "status", "id": "44", "client_id": "1"} 6.1
{"desc": "status", "id": "45", "client_id": "1"} 6.1
{"desc": "status", "id": "46", "client_id": "1"} 6.1
{"desc": "status", "id": "47", "client_id": "1"} 6.1
{"desc": "status", "id": "48", "client_id": "1"} 6.1
{"desc": "status", "id": "49", "client_id": "1"} 6.1
{"desc": "status", "id": "50", "client_id": "1"} 6.1
{"desc": "status", "id": "51", "client_id": "1"} 6.1
{"desc": "status", "id": "52", "client_id": "1"} 6.1
{"desc": "status", "id": "53", "client_id": "1"} 6.1
{"desc": "status", "id": "54", "client_id": "1"} 6.1
{"desc": "status", "id": "55", "client_id": "1"} 6.1
{"desc": "status", "id": "56", "client_id": "1"} 6.1
{"desc": "status", "id": "57", "client_id": "1"} 6.1
{"desc": "status", "id": "58", "client_id": "1"} 6.1
{"desc": "status", "id": "59", "client_id": "1"} 6.1
{"desc": "status", "id": "60", "client_id": "1"} 6.1
{"desc": "status", "id": "61", "client_id": "1"} 6.1
{"desc": "status", "id": "62", "client_id": "1"} 6.1
{"desc": "status", "id": "63", "client_id": "1"} 6.1
{"desc": "status", "id": "64", "client_id": "1"} 6.1
{"desc": "status", "id": "65", "client_id": "1"} 6.1
{"desc": "status", "id": "66", "client_id": "1"} 6.1
{"desc": "status", "id": "67", "client_id": "1"} 6.1
{"desc": "status", "id": "68", "client_id": "1"} 6.1
{"desc": "status", "id": "69", "client_id": "1"} 6.1
{"desc": "status", "id": "70", "client_id": "1"} 6.1
{"desc": "status", "id": "71", "client_id": "1"} 6.1
{"desc": "status", "id": "72", "client_id": "1"} 6.1
{"desc": "status", "id": "73", "client_id": "1"} 6.1
{"desc": "status", "id": "74", "client_id": "1"} 6.1
{"desc": "status", "id": "75", "client_id": "1"} 6.1
{"desc": "status", "id": "76", "client_id": "1"} 6.1
{"desc": "status", "id": "77", "client_id": "1"} 6.1
{"desc": "status", "id": "78", "client_id": "1"} 6.1
{"desc": "status", "id": "79", "client_id": "1"} 6.1
{"desc": "status", "id": "80", "client_id": "1"} 6.1
{"desc": "status", "id": "81", "client_id": "1"} 6.1
{"desc": "status", "id": "82", "client_id": "1"} 6.1
{"desc": "status", "id": "83", "client_id": "1"} 6.1
{"desc": "status", "id": "84", "client_id": "1"} 6.1
{"desc": "status", "id": "85", "client_id": "1"} 6.1
{"desc": "status", "id": "86", "client_id": "1"} 6.1
{"desc": "status", "id": "87", "client_id": "1"} 6.1
{"desc": "status", "id": "88", "client_id": "1"} 6.1
{"desc": "status", "id": "89", "client_id": "1"} 6.1
{"desc": "status", "id": "90", "client_id": "1"} 6.1
{"desc": "status", "id": "1", "client_id": "1"} 7.1
{"desc": "status", "id": "2", "client_id": "1"} 7.1
{"desc": "status", "id": "3", "client_id": "1"} 7.1
{"desc": "status", "id": "4", "client_id": "1"} 7.1
{"desc": "status", "id": "5", "client_id": "1"} 7.1
{"desc": "status", "id": "6", "client_id": "1"} 7.1
{"desc": "status", "id": "7", "client_id": "1"} 7.1
{"desc": "status", "id": "8", "client_id": "1"} 7.1
{"desc": "status", "id": "9", "client_id": "1"} 7.1
{"desc": "status", "id": "10", "client_id": "1"} 7.1
{"desc": "status", "id": "11", "client_id": "1"} 7.1
{"desc": "status", "id": "12", "client_id": "1"} 7.1
{"desc": "status", "id": "13", "client_id": "1"} 7.1
{"desc": "status", "id": "14", "client_id": "1"} 7.1
{"desc": "status", "id": "15", "client_id": "1"} 7.1
{"desc": "status", "id": "16", "client_id": "1"} 7.1
{"desc": "status", "id": "17", "client_id": "1"} 7.1
{"desc": "status", "id": "18", "client_id": "1"} 7.1
{"desc": "status", "id": "19", "client_id": "1"} 7.1
{"desc": "status", "id": "20", "client_id": "1"} 7.1
{"desc": "status", "id": "21", "client_id": "1"} 7.1
{"desc": "status", "id": "22", "client_id": "1"} 7.1
{"desc": "status", "id": "23", "client_id": "1"} 7.1
{"desc": "status", "id": "24", "client_id": "1"} 7.1
{"desc": "status", "id": "25", "client_id": "1"} 7.1
{"desc": "status", "id": "26", "client_id": "1"} 7.1
{"desc": "status", "id": "27", "client_id": "1"} 7.1
{"desc": "status", "id": "28", "client_id": "1"} 7.1
{"desc": "status", "id": "29", "client_id": "1"} 7.1
{"desc": "status", "id": "30", "client_id": "1"} 7.1
{"desc": "status", "id": "31", "client_id": "1"} 7.1
{"desc": "status", "id": "32", "client_id": "1"} 7.1
{"desc": "status", "id": "33", "client_id": "1"} 7.1
{"desc": "status", "id": "34", "client_id": "1"} 7.1
{"desc": "status", "id": "35", "client_id": "1"} 7.1
{"desc": "status", "id": "36", "client_id": "1"} 7.1
{"desc": "status", "id": "37", "client_id": "1"} 7.1
{"desc": "status", "id": "38", "client_id": "1"} 7.1
{"desc": "status", "id": "39", "client_id": "1"} 7.1
{"desc": "status", "id": "40", "client_id": "1"} 7.1
{"desc": "status", "id": "41", "client_id": "1"} 7.1
{"desc": "status", "id": "42", "client_id": "1"} 7.1
{"desc": "status", "id": "43", "client_id": "1"} 7.1
{"desc": "status", "id": "44", "client_id": "1"} 7.1
{"desc": "status", "id": "45", "client_id": "1"} 7.1
{"desc": "status", "id": "46", "client_id": "1"} 7.1
{"desc": "status", "id": "47", "client_id": "1"} 7.1
{"desc": "status", "id": "48", "client_id": "1"} 7.1
{"desc": "status", "id": "49", "client_id": "1"} 7.1
{"desc": "status", "id": "50", "client_id": "1"} 7.1
{"desc": "status", "id": "51", "client_id": "1"} 7.1
{"desc": "status", "id": "52", "client_id": "1"} 7.1
{"desc": "status", "id": "53", "client_id": "1"} 7.1
{"desc": "status", "id": "54", "client_id": "1"} 7.1
{"desc": "status", "id": "55", "client_id": "1"} 7.1
{"desc": "status", "id": "56", "client_id": "1"} 7.1
{"desc": "status", "id": "57", "client_id": "1"} 7.1
{"desc": "status", "id": "58", "client_id": "1"} 7.1
{"desc": "status", "id": "59", "client_id": "1"} 7.1
{"desc": "status", "id": "60", "client_id": "1"} 7.1
{"desc": "status", "id": "61", "client_id": "1"} 7.1
{"desc": "status", "id": "62", "client_id": "1"} 7.1
{"desc": "status", "id": "63", "client_id": "1"} 7.1
{"desc": "status", "id": "64", "client_id": "1"} 7.1
{"desc": "status", "id": "65", "client_id": "1"} 7.1
{"desc": "status", "id": "66", "client_id": "1"} 7.1
{"desc": "status", "id": "67", "client_id": "1"} 7.1
{"desc": "status", "id": "68", "client_id": "1"} 7.1
{"desc": "status", "id": "69", "client_id": "1"} 7.1
{"desc": "status", "id": "70", "client_id": "1"} 7.1
{"desc": "status", "id": "71", "client_id": "1"} 7.1
{"desc": "status", "id": "72", "client_id": "1"} 7.1
{"desc": "status", "id": "73", "client_id": "1"} 7.1
{"desc": "status", "id": "74", "client_id": "1"} 7.1
{"desc": "status", "id": "75", "client_id": "1"} 7.1
{"desc": "status", "id": "76", "client_id": "1"} 7.1
{"desc": "status", "id": "77", "client_id": "1"} 7.1
{"desc": "status", "id": "78", "client_id": "1"} 7.1
{"desc": "status", "id": "79", "client_id": "1"} 7.1
{"desc": "status", "id": "80", "client_id": "1"} 7.1
{"desc": "status", "id": "81", "client_id": "1"} 7.1
{"desc": "status", "id": "82", "client_id": "1"} 7.1
{"desc": "status", "id": "83", "client_id": "1"} 7.1
{"desc": "status", "id": "84", "client_id": "1"} 7.1
{"desc": "status", "id": "85", "client_id": "1"} 7.1
{"desc": "status", "id": "86", "client_id": "1"} 7.1
{"desc": "status", "id": "87", "client_id": "1"} 7.1
{"desc": "status", "id": "88", "client_id": "1"} 7.1
{"desc": "status", "id": "89", "client_id": "1"} 7.1
{"desc": "status", "id": "90", "client_id": "1"} 7.1
{"desc": "status", "id": "1", "client_id": "1"} 8.1
{"desc": "status", "id": "2", "client_id": "1"} 8.1
{"desc": "status", "id": "3", "client_id": "1"} 8.1
{"desc": "status", "id": "4", "client_id": "1"} 8.1
{"desc": "status", "id": "5", "client_id": "1"} 8.1
{"desc": "status", "id": "6", "client_id": "1"} 8.1
{"desc": "status", "id": "7", "client_id": "1"} 8.1
{"desc": "status", "id": "8", "client_id": "1"} 8.1
{"desc": "status", "id": "9", "client_id": "1"} 8.1
{"desc": "status", "id": "10", "client_id": "1"} 8.1
{"desc": "status", "id": "11", "client_id": "1"} 8.1
{"desc": "status", "id": "12", "client_id": "1"} 8.1
{"desc": "status", "id": "13", "client_id": "1"} 8.1
{"desc": "status", "id": "14", "client_id": "1"} 8.1
{"desc": "status", "id": "15", "client_id": "1"} 8.1
{"desc": "status", "id": "16", "client_id": "1"} 8.1
{"desc": "status", "id": "17", "client_id": "1"} 8.1
{"desc": "status", "id": "18", "client_id": "1"} 8.1
{"desc": "status", "id": "19", "client_id": "1"} 8.1
{"desc": "status", "id": "20", "client_id": "1"} 8.1
{"desc": "status", "id": "21", "client_id": "1"} 8.1
{"desc": "status", "id": "22", "client_id": "1"} 8.1
{"desc": "status", "id": "23", "client_id": "1"} 8.1
{"desc": "status", "id": "24", "client_id": "1"} 8.1
{"desc": "status", "id": "25", "client_id": "1"} 8.1
{"desc": "status", "id": "26", "client_id": "1"} 8.1
{"desc": "status", "id": "27", "client_id": "1"} 8.1
{"desc": "status", "id": "28", "client_id": "1"} 8.1
{"desc": "status", "id": "29", "client_id": "1"} 8.1
{"desc": "status", "id": "30", "client_id": "1"} 8.1
{"desc": "status", "id": "31", "client_id": "1"} 8.1
{"desc": "status", "id": "32", "client_id": "1"} 8.1
{"desc": "status", "id": "33", "client_id": "1"} 8.1
{"desc": "status", "id": "34", "client_id": "1"} 8.1
{"desc": "status", "id": "35", "client_id": "1"} 8.1
{"desc": "status", "id": "36", "client_id": "1"} 8.1
{"desc": "status", "id": "37", "client_id": "1"} 8.1
{"desc": "status", "id": "38", "client_id": "1"} 8.1
{"desc": "status", "id": "39", "client_id": "1"} 8.1
{"desc": "status", "id": "40", "client_id": "1"} 8.1
{"desc": "status", "id": "41", "client_id": "1"} 8.1
{"desc": "status", "id": "42", "client_id": "1"} 8.1
{"desc": "status", "id": "43", "client_id": "1"} 8.1
{"desc": "status", "id": "44", "client_id": "1"} 8.1
{"desc": "status", "id": "45", "client_id": "1"} 8.1
{"desc": "status", "id": "46", "client_id": "1"} 8.1
{"desc": "status", "id": "47", "client_id": "1"} 8.1
{"desc": "status", "id": "48", "client_id": "1"} 8.1
{"desc": "status", "id": "49", "client_id": "1"} 8.1
{"desc": "status", "id": "50", "client_id": "1"} 8.1
{"desc": "status", "id": "51", "client_id": "1"} 8.1
{"desc": "status", "id": "52", "client_id": "1"} 8.1
{"desc": "status", "id": "53", "client_id": "1"} 8.1
{"desc": "status", "id": "54", "client_id": "1"} 8.1
{"desc": "status", "id": "55", "client_id": "1"} 8.1
{"desc": "status", "id": "56", "client_id": "1"} 8.1
{"desc": "status", "id": "57", "client_id": "1"} 8.1
{"desc": "status", "id": "58", "client_id": "1"} 8.1
{"desc": "status", "id": "59", "client_id": "1"} 8.1
{"desc": "status", "id": "60", "client_id": "1"} 8.1
{"desc": "status", "id": "61", "client_id": "1"} 8.1
{"desc": "status", "id": "62", "client_id": "1"} 8.1
{"desc": "status", "id": "63", "client_id": "1"} 8.1
{"desc": "status", "id": "64", "client_id": "1"} 8.1
{"desc": "status", "id": "65", "client_id": "1"} 8.1
{"desc": "status", "id": "66", "client_id": "1"} 8.1
{"desc": "status", "id": "67", "client_id": "1"} 8.1
{"desc": "status", "id": "68", "client_id": "1"} 8.1
{"desc": "status", "id": "69", "client_id": "1"} 8.1
{"desc": "status", "id": "70", "client_id": "1"} 8.1
{"desc": "status", "id": "71", "client_id": "1"} 8.1
{"desc": "status", "id": "72", "client_id": "1"} 8.1
{"desc": "status", "id": "73", "client_id": "1"} 8.1
{"desc": "status", "id": "74", "client_id": "1"} 8.1
{"desc": "status", "id": "75", "client_id": "1"} 8.1
{"desc": "status", "id": "76", "client_id": "1"} 8.1
{"desc": "status", "id": "77", "client_id": "1"} 8.1
{"desc": "status", "id": "78", "client_id": "1"} 8.1
{"desc": "status", "id": "79", "client_id": "1"} 8.1
{"desc": "status", "id": "80", "client_id": "1"} 8.1
{"desc": "status", "id": "81", "client_id": "1"} 8.1
{"desc": "status", "id": "82", "client_id": "1"} 8.1
{"desc": "status", "id": "83", "client_id": "1"} 8.1
{"desc": "status", "id": "84", "client_id": "1"} 8.1
{"desc": "status", "id": "85", "client_id": "1"} 8.1
{"desc": "status", "id": "86", "client_id": "1"} 8.1
{"desc": "status", "id": "87", "client_id": "1"} 8.1
{"desc": "status", "id": "88", "client_id": "1"} 8.1
{"desc": "status", "id": "89", "client_id": "1"} 8.1
{"desc": "status", "id": "90", "client_id": "1"} 8.1
{"desc": "status", "id": "1", "client_id": "1"} 9.1
{"desc": "status", "id": "2", "client_id": "1"} 9.1
{"desc": "status", "id": "3", "client_id": "1"} 9.1
{"desc": "status", "id": "4", "client_id": "1"} 9.1
{"desc": "status", "id": "5", "client_id": "1"} 9.1
{"desc": "status", "id": "6", "client_id": "1"} 9.1
{"desc": "status", "id": "7", "client_id": "1"} 9.1
{"desc": "status", "id": "8", "client_id": "1"} 9.1
{"desc": "status", "id": "9", "client_id": "1"} 9.1
{"desc": "status", "id": "10", "client_id": "1"} 9.1
{"desc": "status", "id": "11", "client_id": "1"} 9.1
{"desc": "status", "id": "12", "client_id": "1"} 9.1
{"desc": "status", "id": "13", "client_id": "1"} 9.1
{"desc": "status", "id": "14", "client_id": "1"} 9.1
{"desc": "status", "id": "15", "client_id": "1"} 9.1
{"desc": "status", "id": "16", "client_id": "1"} 9.1
{"desc": "status", "id": "17", "client_id": "1"} 9.1
{"desc": "status", "id": "18", "client_id": "1"} 9.1
{"desc": "status", "id": "19", "client_id": "1"} 9.1
{"desc": "status", "id": "20", "client_id": "1"} 9.1
{"desc": "status", "id": "21", "client_id": "1"} 9.1
{"desc": "status", "id": "22", "client_id": "1"} 9.1
{"desc": "status", "id": "23", "client_id": "1"} 9.1
{"desc": "status", "id": "24", "client_id": "1"} 9.1
{"desc": "status", "id": "25", "client_id": "1"} 9.1
{"desc": "status", "id": "26", "client_id": "1"} 9.1
{"desc": "status", "id": "27", "client_id": "1"} 9.1
{"desc": "status", "id": "28", "client_id": "1"} 9.1
{"desc": "status", "id": "29", "client_id": "1"} 9.1
{"desc": "status", "id": "30", "client_id": "1"} 9.1
{"desc": "status", "id": "31", "client_id": "1"} 9.1
{"desc": "status", "id": "32", "client_id": "1"} 9.1
{"desc": "status", "id": "33", "client_id": "1"} 9.1
{"desc": "status", "id": "34", "client_id": "1"} 9.1
{"desc": "status", "id": "35", "client_id": "1"} 9.1
{"desc": "status", "id": "36", "client_id": "1"} 9.1
{"desc": "status", "id": "37", "client_id": "1"} 9.1
{"desc": "status", "id": "38", "client_id": "1"} 9.1
{"desc": "status", "id": "39", "client_id": "1"} 9.1
{"desc": "status", "id": "40", "client_id": "1"} 9.1
{"desc": "status", "id": "41", "client_id": "1"} 9.1
{"desc": "status", "id": "42", "client_id": "1"} 9.1
{"desc": "status", "id": "43", "client_id": "1"} 9.1
{"desc": "status", "id": "44", "client_id": "1"} 9.1
{"desc": "status", "id": "45", "client_id": "1"} 9.1
{"desc": "status", "id": "46", "client_id": "1"} 9.1
{"desc": "status", "id": "47", "client_id": "1"} 9.1
{"desc": "status", "id": "48", "client_id": "1"} 9.1
{"desc": "status", "id": "49", "client_id": "1"} 9.1
{"desc": "status", "id": "50", "client_id": "1"} 9.1
{"desc": "status", "id": "51", "client_id": "1"} 9.1
{"desc": "status", "id": "52", "client_id": "1"} 9.1
{"desc": "status", "id": "53", "client_id": "1"} 9.1
{"desc": "status", "id": "54", "client_id": "1"} 9.1
{"desc": "status", "id": "55", "client_id": "1"} 9.1
{"desc": "status", "id": "56", "client_id": "1"} 9.1
{"desc": "status", "id": "57", "client_id": "1"} 9.1
{"desc": "status", "id": "58", "client_id": "1"} 9.1
{"desc": "status", "id": "59", "client_id": "1"} 9.1
{"desc": "status", "id": "60", "client_id": "1"} 9.1
{"desc": "status", "id": "61", "client_id": "1"} 9.1
{"desc": "status", "id": "62", "client_id": "1"} 9.1
{"desc": "status", "id": "63", "client_id": "1"} 9.1
{"desc": "status", "id": "64", "client_id": "1"} 9.1
{"desc": "status", "id": "65", "client_id": "1"} 9.1
{"desc": "status", "id": "66", "client_id": "1"} 9.1
{"desc": "status", "id": "67", "client_id": "1"} 9.1
{"desc": "status", "id": "68", "client_id": "1"} 9.1
{"desc": "status", "id": "69", "client_id": "1"} 9.1
{"desc": "status", "id": "70", "client_id": "1"} 9.1
{"desc": "status", "id": "71", "client_id": "1"} 9.1
{"desc": "status", "id": "72", "client_id": "1"} 9.1
{"desc": "status", "id": "73", "client_id": "1"} 9.1
{"desc": "status", "id": "74", "client_id": "1"} 9.1
{"desc": "status", "id": "75", "client_id": "1"} 9.1
{"desc": "status", "id": "76", "client_id": "1"} 9.1
{"desc": "status", "id": "77", "client_id": "1"} 9.1
{"desc": "status", "id": "78", "client_id": "1"} 9.1
{"desc": "status", "id": "79", "client_id": "1"} 9.1
{"desc": "status", "id": "80", "client_id": "1"} 9.1
{"desc": "status", "id": "81", "client_id": "1"} 9.1
{"desc": "status", "id": "82", "client_id": "1"} 9.1
{"desc": "status", "id": "83", "client_id": "1"} 9.1
{"desc": "status", "id": "84", "client_id": "1"} 9.1
{"desc": "status", "id": "85", "client_id": "1"} 9.1
{"desc": "status", "id": "86", "client_id": "1"} 9.1
{"desc": "status", "id": "87", "client_id": "1"} 9.1
{"desc": "status", "id": "88", "client_id": "1"} 9.1
{"desc": "status", "id": "89", "client_id": "1"} 9.1
{"desc": "status", "id": "90", "client_id": "1"} 9.1
{"desc": "status", "id": "1", "client_id": "1"} 10.1
{"desc": "status", "id": "2", "client_id": "1"} 10.1
{"desc": "status", "id": "3", "client_id": "1"} 10.1
{"desc": "status", "id": "4", "client_id": "1"} 10.1
{"desc": "status", "id": "5", "client_id": "1"} 10.1
{"desc": "status", "id": "6", "client_id": "1"} 10.1
{"desc": "status", "id": "7", "client_id": "1"} 10.1
{"desc": "status", "id": "8", "client_id": "1"} 10.1
{"desc": "status", "id": "9", "client_id": "1"} 10.1
{"desc": "status", "id": "10", "client_id": "1"} 10.1
{"desc": "status", "id": "11", "client_id": "1"} 10.1
{"desc": "status", "id": "12", "client_id": "1"} 10.1
{"desc": "status", "id": "13", "client_id": "1"} 10.1
{"desc": "status", "id": "14", "client_id": "1"} 10.1
{"desc": "status", "id": "15", "client_id": "1"} 10.1
{"desc": "status", "id": "16", "client_id": "1"} 10.1
{"desc": "status", "id": "17", "client_id": "1"} 10.1
{"desc": "status", "id": "18", "client_id": "1"} 10.1
{"desc": "status", "id": "19", "client_id": "1"} 10.1
{"desc": "status", "id": "20", "client_id": "1"} 10.1
{"desc": "status", "id": "21", "client_id": "1"} 10.1
{"desc": "status", "id": "22", "client_id": "1"} 10.1
{"desc": "status", "id": "23", "client_id": "1"} 10.1
{"desc": "status", "id": "24", "client_id": "1"} 10.1
{"desc": "status", "id": "25", "client_id": "1"} 10.1
{"desc": "status", "id": "26", "client_id": "1"} 10.1
{"desc": "status", "id": "27", "client_id": "1"} 10.1
{"desc": "status", "id": "28", "client_id": "1"} 10.1
{"desc": "status", "id": "29", "client_id": "1"} 10.1
{"desc": "status", "id": "30", "client_id": "1"} 10.1
{"desc": "status", "id": "31", "client_id": "1"} 10.1
{"desc": "status", "id": "32", "client_id": "1"} 10.1
{"desc": "status", "id": "33", "client_id": "1"} 10.1
{"desc": "status", "id": "34", "client_id": "1"} 10.1
{"desc": "status", "id": "35", "client_id": "1"} 10.1
{"desc": "status", "id": "36", "client_id": "1"} 10.1
{"desc": "status", "id": "37", "client_id": "1"} 10.1
{"desc": "status", "id": "38", "client_id": "1"} 10.1
{"desc": "status", "id": "39", "client_id": "1"} 10.1
{"desc": "status", "id": "40", "client_id": "1"} 10.1
{"desc": "status", "id": "41", "client_id": "1"} 10.1
{"desc": "status", "id": "42", "client_id": "1"} 10.1
{"desc": "status", "id": "43", "client_id": "1"} 10.1
{"desc": "status", "id": "44", "client_id": "1"} 10.1
{"desc": "status", "id": "45", "client_id": "1"} 10.1
{"desc": "status", "id": "46", "client_id": "1"} 10.1
{"desc": "status", "id": "47", "client_id": "1"} 10.1
{"desc": "status", "id": "48", "client_id": "1"} 10.1
{"desc": "status", "id": "49", "client_id": "1"} 10.1
{"desc": "status", "id": "50", "client_id": "1"} 10.1
{"desc": "status", "id": "51", "client_id": "1"} 10.1
{"desc": "status", "id": "52", "client_id": "1"} 10.1
{"desc": "status", "id": "53", "client_id": "1"} 10.1
{"desc": "status", "id": "54", "client_id": "1"} 10.1
{"desc": "status", "id": "55", "client_id": "1"} 10.1
{"desc": "status", "id": "56", "client_id": "1"} 10.1
{"desc": "status", "id": "57", "client_id": "1"} 10.1
{"desc": "status", "id": "58", "client_id": "1"} 10.1
{"desc": "status", "id": "59", "client_id": "1"} 10.1
{"desc": "status", "id": "60", "client_id": "1"} 10.1
{"desc": "status", "id": "61", "client_id": "1"} 10.1
{"desc": "status", "id": "62", "client_id": "1"} 10.1
{"desc": "status", "id": "63", "client_id": "1"} 10.1
{"desc": "status", "id": "64", "client_id": "1"} 10.1
{"desc": "status", "id": "65", "client_id": "1"} 10.1
{"desc": "status", "id": "66", "client_id": "1"} 10.1
{"desc": "status", "id": "67", "client_id": "1"} 10.1
{"desc": "status", "id": "68", "client_id": "1"} 10.1
{"desc": "status", "id": "69", "client_id": "1"} 10.1
{"desc": "status", "id": "70", "client_id": "1"} 10.1
{"desc": "status", "id": "71", "client_id": "1"} 10.1
{"desc": "status", "id": "72", "client_id": "1"} 10.1
{"desc": "status", "id": "73", "client_id": "1"} 10.1
{"desc": "status", "id": "74", "client_id": "1"} 10.1
{"desc": "status", "id": "75", "client_id": "1"} 10.1
{"desc": "status", "id": "76", "client_id": "1"} 10.1
{"desc": "status", "id": "77", "client_id": "1"} 10.1
{"desc": "status", "id": "78", "client_id": "1"} 10.1
{"desc": "status", "id": "79", "client_id": "1"} 10.1
{"desc": "status", "id": "80", "client_id": "1"} 10.1
{"desc": "status", "id": "81", "client_id": "1"} 10.1
{"desc": "status", "id": "82", "client_id": "1"} 10.1
{"desc": "status", "id": "83", "client_id": "1"} 10.1
{"desc": "status", "id": "84", "client_id": "1"} 10.1
{"desc": "status", "id": "85", "client_id": "1"} 10.1
{"desc": "status", "id": "86", "client_id": "1"} 10.1
{"desc": "status", "id": "87", "client_id": "1"} 10.1
{"desc": "status", "id": "88", "client_id": "1"} 10.1
{"desc": "status", "id": "89", "client_id": "1"} 10.1
{"desc": "status", "id": "90", "client_id": "1"} 10.1
{"desc": "status", "id": "1", "client_id": "1"} 11.1
{"desc": "status", "id": "2", "client_id": "1"} 11.1
{"desc": "status", "id": "3", "client_id": "1"} 11.1
{"desc": "status", "id": "4", "client_id": "1"} 11.1
{"desc": "status", "id": "5", "client_id": "1"} 11.1
{"desc": "status", "id": "6", "client_id": "1"} 11.1
{"desc": "status", "id": "7", "client_id": "1"} 11.1
{"desc": "status", "id": "8", "client_id": "1"} 11.1
{"desc": "status", "id": "9", "client_id": "1"} 11.1
{"desc": "status", "id": "10", "client_id": "1"} 11.1
{"desc": "status", "id": "11", "client_id": "1"} 11.1
{"desc": "status", "id": "12", "client_id": "1"} 11.1
{"desc": "status", "id": "13", "client_id": "1"} 11.1
{"desc": "status", "id": "14", "client_id": "1"} 11.1
{"desc": "status", "id": "15", "client_id": "1"} 11.1
{"desc": "status", "id": "16", "client_id": "1"} 11.1
{"desc": "status", "id": "17", "client_id": "1"} 11.1
{"desc": "status", "id": "18", "client_id": "1"} 11.1
{"desc": "status", "id": "19", "client_id": "1"} 11.1
{"desc": "status", "id": "20", "client_id": "1"} 11.1
{"desc": "status", "id": "21", "client_id": "1"} 11.1
{"desc": "status", "id": "22", "client_id": "1"} 11.1
{"desc": "status", "id": "23", "client_id": "1"} 11.1
{"desc": "status", "id": "24", "client_id": "1"} 11.1
{"desc": "status", "id": "25", "client_id": "1"} 11.1
{"desc": "status", "id": "26", "client_id": "1"} 11.1
{"desc": "status", "id": "27", "client_id": "1"} 11.1
{"desc": "status", "id": "28", "client_id": "1"} 11.1
{"desc": "status", "id": "29", "client_id": "1"} 11.1
{"desc": "status", "id": "30", "client_id": "1"} 11.1
{"desc": "status", "id": "31", "client_id": "1"} 11.1
{"desc": "status", "id": "32", "client_id": "1"} 11.1
{"desc": "status", "id": "33", "client_id": "1"} 11.1
{"desc": "status", "id": "34", "client_id": "1"} 11.1
{"desc": "status", "id": "35", "client_id": "1"} 11.1
{"desc": "status", "id": "36", "client_id": "1"} 11.1
{"desc": "status", "id": "37", "client_id": "1"} 11.1
{"desc": "status", "id": "38", "client_id": "1"} 11.1
{"desc": "status", "id": "39", "client_id": "1"} 11.1
{"desc": "status", "id": "40", "client_id": "1"} 11.1
{"desc": "status", "id": "41", "client_id": "1"} 11.1
{"desc": "status", "id": "42", "client_id": "1"} 11.1
{"desc": "status", "id": "43", "client_id": "1"} 11.1
{"desc": "status", "id": "44", "client_id": "1"} 11.1
{"desc": "status", "id": "45", "client_id": "1"} 11.1
{"desc": "status", "id": "46", "client_id": "1"} 11.1
{"desc": "status", "id": "47", "client_id": "1"} 11.1
{"desc": "status", "id": "48", "client_id": "1"} 11.1
{"desc": "status", "id": "49", "client_id": "1"} 11.1
{"desc": "status", "id": "50", "client_id": "1"} 11.1
{"desc": "status", "id": "51", "client_id": "1"} 11.1
{"desc": "status", "id": "52", "client_id": "1"} 11.1
{"desc": "status", "id": "53", "client_id": "1"} 11.1
{"desc": "status", "id": "54", "client_id": "1"} 11.1
{"desc": "status", "id": "55", "client_id": "1"} 11.1
{"desc": "status", "id": "56", "client_id": "1"} 11.1
{"desc": "status", "id": "57", "client_id": "1"} 11.1
{"desc": "status", "id": "58", "client_id": "1"} 11.1
{"desc": "status", "id": "59", "client_id": "1"} 11.1
{"desc": "status", "id": "60", "client_id": "1"} 11.1
{"desc": "status", "id": "61", "client_id": "1"} 11.1
{"desc": "status", "id": "62", "client_id": "1"} 11.1
{"desc": "status", "id": "63", "client_id": "1"} 11.1
{"desc": "status", "id": "64", "client_id": "1"} 11.1
{"desc": "status", "id": "65", "client_id": "1"} 11.1
{"desc": "status", "id": "66", "client_id": "1"} 11.1
{"desc": "status", "id": "67", "client_id": "1"} 11.1
{"desc": "status", "id": "68", "client_id": "1"} 11.1
{"desc": "status", "id": "69", "client_id": "1"} 11.1
{"desc": "status", "id": "70", "client_id": "1"} 11.1
{"desc": "status", "id": "71", "client_id": "1"} 11.1
{"desc": "status", "id": "72", "client_id": "1"} 11.1
{"desc": "status", "id": "73", "client_id": "1"} 11.1
{"desc": "status", "id": "74", "client_id": "1"} 11.1
{"desc": "status", "id": "75", "client_id": "1"} 11.1
{"desc": "status", "id": "76", "client_id": "1"} 11.1
{"desc": "status", "id": "77", "client_id": "1"} 11.1
{"desc": "status", "id": "78", "client_id": "1"} 11.1
{"desc": "status", "id": "79", "client_id": "1"} 11.1
{"desc": "status", "id": "80", "client_id": "1"} 11.1
{"desc": "status", "id": "81", "client_id": "1"} 11.1
{"desc": "status", "id": "82", "client_id": "1"} 11.1
{"desc": "status", "id": "83", "client_id": "1"} 11.1
{"desc": "status", "id": "84", "client_id": "1"} 11.1
{"desc": "status", "id": "85", "client_id": "1"} 11.1
{"desc": "status", "id": "86", "client_id": "1"} 11.1
{"desc": "status", "id": "87", "client_id": "1"} 11.1
{"desc": "status", "id": "88", "client_id": "1"} 11.1
{"desc": "status", "id": "89", "client_id": "1"} 11.1
{"desc": "status", "id": "90", "client_id": "1"} 11.1
{"desc": "status", "id": "1", "client_id": "1"} 12.1
{"desc": "status", "id": "2", "client_id": "1"} 12.1
{"desc": "status", "id": "3", "client_id": "1"} 12.1
{"desc": "status", "id": "4", "client_id": "1"} 12.1
{"desc": "status", "id": "5", "client_id": "1"} 12.1
{"desc": "status", "id": "6", "client_id": "1"} 12.1
{"desc": "status", "id": "7", "client_id": "1"} 12.1
{"desc": "status", "id": "8", "client_id": "1"} 12.1
{"desc": "status", "id": "9", "client_id": "1"} 12.1
{"desc": "status", "id": "10", "client_id": "1"} 12.1
{"desc": "status", "id": "11", "client_id": "1"} 12.1
{"desc": "status", "id": "12", "client_id": "1"} 12.1
{"desc": "status", "id": "13", "client_id": "1"} 12.1
{"desc": "status", "id": "14", "client_id": "1"} 12.1
{"desc": "status", "id": "15", "client_id": "1"} 12.1
{"desc": "status", "id": "16", "client_id": "1"} 12.1
{"desc": "status", "id": "17", "client_id": "1"} 12.1
{"desc": "status", "id": "18", "client_id": "1"} 12.1
{"desc": "status", "id": "19", "client_id": "1"} 12.1
{"desc": "status", "id": "20", "client_id": "1"} 12.1
{"desc": "status", "id": "21", "client_id": "1"} 12.1
{"desc": "status", "id": "22", "client_id": "1"} 12.1
{"desc": "status", "id": "23", "client_id": "1"} 12.1
{"desc": "status", "id": "24", "client_id": "1"} 12.1
{"desc": "status", "id": "25", "client_id": "1"} 12.1
{"desc": "status", "id": "26", "client_id": "1"} 12.1
{"desc": "status", "id": "27", "client_id": "1"} 12.1
{"desc": "status", "id": "28", "client_id": "1"} 12.1
{"desc": "status", "id": "29", "client_id": "1"} 12.1
{"desc": "status", "id": "30", "client_id": "1"} 12.1
{"desc": "status", "id": "31", "client_id": "1"} 12.1
{"desc": "status", "id": "32", "client_id": "1"} 12.1
{"desc": "status", "id": "33", "client_id": "1"} 12.1
{"desc": "status", "id": "34", "client_id": "1"} 12.1
{"desc": "status", "id": "35", "client_id": "1"} 12.1
{"desc": "status", "id": "36", "client_id": "1"} 12.1
{"desc": "status", "id": "37", "client_id": "1"} 12.1
{"desc": "status", "id": "38", "client_id": "1"} 12.1
{"desc": "status", "id": "39", "client_id": "1"} 12.1
{"desc": "status", "id": "40", "client_id": "1"} 12.1
{"desc": "status", "id": "41", "client_id": "1"} 12.1
{"desc": "status", "id": "42", "client_id": "1"} 12.1
{"desc": "status", "id": "43", "client_id": "1"} 12.1
{"desc": "status", "id": "44", "client_id": "1"} 12.1
{"desc": "status", "id": "45", "client_id": "1"} 12.1
{"desc": "status", "id": "46", "client_id": "1"} 12.1
{"desc": "status", "id": "47", "client_id": "1"} 12.1
{"desc": "status", "id": "48", "client_id": "1"} 12.1
{"desc": "status", "id": "49", "client_id": "1"} 12.1
{"desc": "status", "id": "50", "client_id": "1"} 12.1
{"desc": "status", "id": "51", "client_id": "1"} 12.1
{"desc": "status", "id": "52", "client_id": "1"} 12.1
{"desc": "status", "id": "53", "client_id": "1"} 12.1
{"desc": "status", "id": "54", "client_id": "1"} 12.1
{"desc": "status", "id": "55", "client_id": "1"} 12.1
{"desc": "status", "id": "56", "client_id": "1"} 12.1
{"desc": "status", "id": "57", "client_id": "1"} 12.1
{"desc": "status", "id": "58", "client_id": "1"} 12.1
{"desc": "status", "id": "59", "client_id": "1"} 12.1
{"desc": "status", "id": "60", "client_id": "1"} 12.1
{"desc": "status", "id": "61", "client_id": "1"} 12.1
{"desc": "status", "id": "62", "client_id": "1"} 12.1
{"desc": "status", "id": "63", "client_id": "1"} 12.1
{"desc": "status", "id": "64", "client_id": "1"} 12.1
{"desc": "status", "id": "65", "client_id": "1"} 12.1
{"desc": "status", "id": "66", "client_id": "1"} 12.1
{"desc": "status", "id": "67", "client_id": "1"} 12.1
{"desc": "status", "id": "68", "client_id": "1"} 12.1
{"desc": "status", "id": "69", "client_id": "1"} 12.1
{"desc": "status", "id": "70", "client_id": "1"} 12.1
{"desc": "status", "id": "71", "client_id": "1"} 12.1
{"desc": "status", "id": "72", "client_id": "1"} 12.1
{"desc": "status", "id": "73", "client_id": "1"} 12.1
{"desc": "status", "id": "74", "client_id": "1"} 12.1
{"desc": "status", "id": "75", "client_id": "1"} 12.1
{"desc": "status", "id": "76", "client_id": "1"} 12.1
{"desc": "status", "id": "77", "client_id": "1"} 12.1
{"desc": "status", "id": "78", "client_id": "1"} 12.1
{"desc": "status", "id": "79", "client_id": "1"} 12.1
{"desc": "status", "id": "80", "client_id": "1"} 12.1
{"desc": "status", "id": "81", "client_id": "1"} 12.1
{"desc": "status", "id": "82", "client_id": "1"} 12.1
{"desc": "status", "id": "83", "client_id": "1"} 12.1
{"desc": "status", "id": "84", "client_id": "1"} 12.1
{"desc": "status", "id": "85", "client_id": "1"} 12.1
{"desc": "status", "id": "86", "client_id": "1"} 12.1
{"desc": "status", "id": "87", "client_id": "1"} 12.1
{"desc": "status", "id": "88", "client_id": "1"} 12.1
{"desc": "status", "id": "89", "client_id": "1"} 12.1
{"desc": "status", "id": "90", "client_id": "1"} 12.1
{"desc": "status", "id": "1", "client_id": "1"} 13.1
{"desc": "status", "id": "2", "client_id": "1"} 13.1
{"desc": "status", "id": "3", "client_id": "1"} 13.1
{"desc": "status", "id": "4", "client_id": "1"} 13.1
{"desc": "status", "id": "5", "client_id": "1"} 13.1
{"desc": "status", "id": "6", "client_id": "1"} 13.1
{"desc": "status", "id": "7", "client_id": "1"} 13.1
{"desc": "status", "id": "8", "client_id": "1"} 13.1
{"desc": "status", "id": "9", "client_id": "1"} 13.1
{"desc": "status", "id": "10", "client_id": "1"} 13.1
{"desc": "status", "id": "11", "client_id": "1"} 13.1
{"desc": "status", "id": "12", "client_id": "1"} 13.1
{"desc": "status", "id": "13", "client_id": "1"} 13.1
{"desc": "status", "id": "14", "client_id": "1"} 13.1
{"desc": "status", "id": "15", "client_id": "1"} 13.1
{"desc": "status", "id": "16", "client_id": "1"} 13.1
{"desc": "status", "id": "17", "client_id": "1"} 13.1
{"desc": "status", "id": "18", "client_id": "1"} 13.1
{"desc": "status", "id": "19", "client_id": "1"} 13.1
{"desc": "status", "id": "20", "client_id": "1"} 13.1
{"desc": "status", "id": "21", "client_id": "1"} 13.1
{"desc": "status", "id": "22", "client_id": "1"} 13.1
{"desc": "status", "id": "23", "client_id": "1"} 13.1
{"desc": "status", "id": "24", "client_id": "1"} 13.1
{"desc": "status", "id": "25", "client_id": "1"} 13.1
{"desc": "status", "id": "26", "client_id": "1"} 13.1
{"desc": "status", "id": "27", "client_id": "1"} 13.1
{"desc": "status", "id": "28", "client_id": "1"} 13.1
{"desc": "status", "id": "29", "client_id": "1"} 13.1
{"desc": "status", "id": "30", "client_id": "1"} 13.1
{"desc": "status", "id": "31", "client_id": "1"} 13.1
{"desc": "status", "id": "32", "client_id": "1"} 13.1
{"desc": "status", "id": "33", "client_id": "1"} 13.1
{"desc": "status", "id": "34", "client_id": "1"} 13.1
{"desc": "status", "id": "35", "client_id": "1"} 13.1
{"desc": "status", "id": "36", "client_id": "1"} 13.1
{"desc": "status", "id": "37", "client_id": "1"} 13.1
{"desc": "status", "id": "38", "client_id": "1"} 13.1
{"desc": "status", "id": "39", "client_id": "1"} 13.1
{"desc": "status", "id": "40", "client_id": "1"} 13.1
{"desc": "status", "id": "41", "client_id": "1"} 13.1
{"desc": "status", "id": "42", "client_id": "1"} 13.1
{"desc": "status", "id": "43", "client_id": "1"} 13.1
{"desc": "status", "id": "44", "client_id": "1"} 13.1
{"desc": "status", "id": "45", "client_id": "1"} 13.1
{"desc": "status", "id": "46", "client_id": "1"} 13.1
{"desc": "status", "id": "47", "client_id": "1"} 13.1
{"desc": "status", "id": "48", "client_id": "1"} 13.1
{"desc": "status", "id": "49", "client_id": "1"} 13.1
{"desc": "status", "id": "50", "client_id": "1"} 13.1
{"desc": "status", "id": "51", "client_id": "1"} 13.1
{"desc": "status", "id": "52", "client_id": "1"} 13.1
{"desc": "status", "id": "53", "client_id": "1"} 13.1
{"desc": "status", "id": "54", "client_id": "1"} 13.1
{"desc": "status", "id": "55", "client_id": "1"} 13.1
{"desc": "status", "id": "56", "client_id": "1"} 13.1
{"desc": "status", "id": "57", "client_id": "1"} 13.1
{"desc": "status", "id": "58", "client_id": "1"} 13.1
{"desc": "status", "id": "59", "client_id": "1"} 13.1
{"desc": "status", "id": "60", "client_id": "1"} 13.1
{"desc": "status", "id": "61", "client_id": "1"} 13.1
{"desc": "status", "id": "62", "client_id": "1"} 13.1
{"desc": "status", "id": "63", "client_id": "1"} 13.1
{"desc": "status", "id": "64", "client_id": "1"} 13.1
{"desc": "status", "id": "65", "client_id": "1"} 13.1
{"desc": "status", "id": "66", "client_id": "1"} 13.1
{"desc": "status", "id": "67", "client_id": "1"} 13.1
{"desc": "status", "id": "68", "client_id": "1"} 13.1
{"desc": "status", "id": "69", "client_id": "1"} 13.1
{"desc": "status", "id": "70", "client_id": "1"} 13.1
{"desc": "status", "id": "71", "client_id": "1"} 13.1
{"desc": "status", "id": "72", "client_id": "1"} 13.1
{"desc": "status", "id": "73", "client_id": "1"} 13.1
{"desc": "status", "id": "74", "client_id": "1"} 13.1
{"desc": "status", "id": "75", "client_id": "1"} 13.1
{"desc": "status", "id": "76", "client_id": "1"} 13.1
{"desc": "status", "id": "77", "client_id": "1"} 13.1
{"desc": "status", "id": "78", "client_id": "1"} 13.1
{"desc": "status", "id": "79", "client_id": "1"} 13.1
{"desc": "status", "id": "80", "client_id": "1"} 13.1
{"desc": "status", "id": "81", "client_id": "1"} 13.1
{"desc": "status", "id": "82", "client_id": "1"} 13.1
{"desc": "status", "id": "83", "client_id": "1"} 13.1
{"desc": "status", "id": "84", "client_id": "1"} 13.1
{"desc": "status", "id": "85", "client_id": "1"} 13.1
{"desc": "status", "id": "86", "client_id": "1"} 13.1
{"desc": "status", "id": "87", "client_id": "1"} 13.1
{"desc": "status", "id": "88", "client_id": "1"} 13.1
{"desc": "status", "id": "89", "client_id": "1"} 13.1
{"desc": "status", "id": "90", "client_id": "1"} 13.1
{"desc": "status", "id": "1", "client_id": "1"} 14.1
{"desc": "status", "id": "2", "client_id": "1"} 14.1
{"desc": "status", "id": "3", "client_id": "1"} 14.1
{"desc": "status", "id": "4", "client_id": "1"} 14.1
{"desc": "status", "id": "5", "client_id": "1"} 14.1
{"desc": "status", "id": "6", "client_id": "1"} 14.1
{"desc": "status", "id": "7", "client_id": "1"} 14.1
{"desc": "status", "id": "8", "client_id": "1"} 14.1
{"desc": "status", "id": "9", "client_id": "1"} 14.1
{"desc": "status", "id": "10", "client_id": "1"} 14.1
{"desc": "status", "id": "11", "client_id": "1"} 14.1
{"desc": "status", "id": "12", "client_id": "1"} 14.1
{"desc": "status", "id": "13", "client_id": "1"} 14.1
{"desc": "status", "id": "14", "client_id": "1"} 14.1
{"desc": "status", "id": "15", "client_id": "1"} 14.1
{"desc": "status", "id": "16", "client_id": "1"} 14.1
{"desc": "status", "id": "17", "client_id": "1"} 14.1
{"desc": "status", "id": "18", "client_id": "1"} 14.1
{"desc": "status", "id": "19", "client_id": "1"} 14.1
{"desc": "status", "id": "20", "client_id": "1"} 14.1
{"desc": "status", "id": "21", "client_id": "1"} 14.1
{"desc": "status", "id": "22", "client_id": "1"} 14.1
{"desc": "status", "id": "23", "client_id": "1"} 14.1
{"desc": "status", "id": "24", "client_id": "1"} 14.1
{"desc": "status", "id": "25", "client_id": "1"} 14.1
{"desc": "status", "id": "26", "client_id": "1"} 14.1
{"desc": "status", "id": "27", "client_id": "1"} 14.1
{"desc": "status", "id": "28", "client_id": "1"} 14.1
{"desc": "status", "id": "29", "client_id": "1"} 14.1
{"desc": "status", "id": "30", "client_id": "1"} 14.1
{"desc": "status", "id": "31", "client_id": "1"} 14.1
{"desc": "status", "id": "32", "client_id": "1"} 14.1
{"desc": "status", "id": "33", "client_id": "1"} 14.1
{"desc": "status", "id": "34", "client_id": "1"} 14.1
{"desc": "status", "id": "35", "client_id": "1"} 14.1
{"desc": "status", "id": "36", "client_id": "1"} 14.1
{"desc": "status", "id": "37", "client_id": "1"} 14.1
{"desc": "status", "id": "38", "client_id": "1"} 14.1
{"desc": "status", "id": "39", "client_id": "1"} 14.1
{"desc": "status", "id": "40", "client_id": "1"} 14.1
{"desc": "status", "id": "41", "client_id": "1"} 14.1
{"desc": "status", "id": "42", "client_id": "1"} 14.1
{"desc": "status", "id": "43", "client_id": "1"} 14.1
{"desc": "status", "id": "44", "client_id": "1"} 14.1
{"desc": "status", "id": "45", "client_id": "1"} 14.1
{"desc": "status", "id": "46", "client_id": "1"} 14.1
{"desc": "status", "id": "47", "client_id": "1"} 14.1
{"desc": "status", "id": "48", "client_id": "1"} 14.1
{"desc": "status", "id": "49", "client_id": "1"} 14.1
{"desc": "status", "id": "50", "client_id": "1"} 14.1
{"desc": "status", "id": "51", "client_id": "1"} 14.1
{"desc": "status", "id": "52", "client_id": "1"} 14.1
{"desc": "status", "id": "53", "client_id": "1"} 14.1
{"desc": "status", "id": "54", "client_id": "1"} 14.1
{"desc": "status", "id": "55", "client_id": "1"} 14.1
{"desc": "status", "id": "56", "client_id": "1"} 14.1
{"desc": "status", "id": "57", "client_id": "1"} 14.1
{"desc": "status", "id": "58", "client_id": "1"} 14.1
{"desc": "status", "id": "59", "client_id": "1"} 14.1
{"desc": "status", "id": "60", "client_id": "1"} 14.1
{"desc": "status", "id": "61", "client_id": "1"} 14.1
{"desc": "status", "id": "62", "client_id": "1"} 14.1
{"desc": "status", "id": "63", "client_id": "1"} 14.1
{"desc": "status", "id": "64", "client_id": "1"} 14.1
{"desc": "status", "id": "65", "client_id": "1"} 14.1
{"desc": "status", "id": "66", "client_id": "1"} 14.1
{"desc": "status", "id": "67", "client_id": "1"} 14.1
{"desc": "status", "id": "68", "client_id": "1"} 14.1
{"desc": "status", "id": "69", "client_id": "1"} 14.1
{"desc": "status", "id": "70", "client_id": "1"} 14.1
{"desc": "status", "id": "71", "client_id": "1"} 14.1
{"desc": "status", "id": "72", "client_id": "1"} 14.1
{"desc": "status", "id": "73", "client_id": "1"} 14.1
{"desc": "status", "id": "74", "client_id": "1"} 14.1
{"desc": "status", "id": "75", "client_id": "1"} 14.1
{"desc": "status", "id": "76", "client_id": "1"} 14.1
{"desc": "status", "id": "77", "client_id": "1"} 14.1
{"desc": "status", "id": "78", "client_id": "1"} 14.1
{"desc": "status", "id": "79", "client_id": "1"} 14.1
{"desc": "status", "id": "80", "client_id": "1"} 14.1
{"desc": "status", "id": "81", "client_id": "1"} 14.1
{"desc": "status", "id": "82", "client_id": "1"} 14.1
{"desc": "status", "id": "83", "client_id": "1"} 14.1
{"desc": "status", "id": "84", "client_id": "1"} 14.1
{"desc": "status", "id": "85", "client_id": "1"} 14.1
{"desc": "status", "id": "86", "client_id": "1"} 14.1
{"desc": "status", "id": "87", "client_id": "1"} 14.1
{"desc": "status", "id": "88", "client_id": "1"} 14.1
{"desc": "status", "id": "89", "client_id": "1"} 14.1
{"desc": "status", "id": "90", "client_id": "1"} 14.1
{"desc": "status", "id": "1", "client_id": "1"} 15.1
{"desc": "status", "id": "2", "client_id": "1"} 15.1
{"desc": "status", "id": "3", "client_id": "1"} 15.1
{"desc": "status", "id": "4", "client_id": "1"} 15.1
{"desc": "status", "id": "5", "client_id": "1"} 15.1
{"desc": "status", "id": "6", "client_id": "1"} 15.1
{"desc": "status", "id": "7", "client_id": "1"} 15.1
{"desc": "status", "id": "8", "client_id": "1"} 15.1
{"desc": "status", "id": "9", "client_id": "1"} 15.1
{"desc": "status", "id": "10", "client_id": "1"} 15.1
{"desc": "status", "id": "11", "client_id": "1"} 15.1
{"desc": "status", "id": "12", "client_id": "1"} 15.1
{"desc": "status", "id": "13", "client_id": "1"} 15.1
{"desc": "status", "id": "14", "client_id": "1"} 15.1
{"desc": "status", "id": "15", "client_id": "1"} 15.1
{"desc": "status", "id": "16", "client_id": "1"} 15.1
{"desc": "status", "id": "17", "client_id": "1"} 15.1
{"desc": "status", "id": "18", "client_id": "1"} 15.1
{"desc": "status", "id": "19", "client_id": "1"} 15.1
{"desc": "status", "id": "20", "client_id": "1"} 15.1
{"desc": "status", "id": "21", "client_id": "1"} 15.1
{"desc": "status", "id": "22", "client_id": "1"} 15.1
{"desc": "status", "id": "23", "client_id": "1"} 15.1
{"desc": "status", "id": "24", "client_id": "1"} 15.1
{"desc": "status", "id": "25", "client_id": "1"} 15.1
{"desc": "status", "id": "26", "client_id": "1"} 15.1
{"desc": "status", "id": "27", "client_id": "1"} 15.1
{"desc": "status", "id": "28", "client_id": "1"} 15.1
{"desc": "status", "id": "29", "client_id": "1"} 15.1
{"desc": "status", "id": "30", "client_id": "1"} 15.1
{"desc": "status", "id": "31", "client_id": "1"} 15.1
{"desc": "status", "id": "32", "client_id": "1"} 15.1
{"desc": "status", "id": "33", "client_id": "1"} 15.1
{"desc": "status", "id": "34", "client_id": "1"} 15.1
{"desc": "status", "id": "35", "client_id": "1"} 15.1
{"desc": "status", "id": "36", "client_id": "1"} 15.1
{"desc": "status", "id": "37", "client_id": "1"} 15.1
{"desc": "status", "id": "38", "client_id": "1"} 15.1
{"desc": "status", "id": "39", "client_id": "1"} 15.1
{"desc": "status", "id": "40", "client_id": "1"} 15.1
{"desc": "status", "id": "41", "client_id": "1"} 15.1
{"desc": "status", "id": "42", "client_id": "1"} 15.1
{"desc": "status", "id": "43", "client_id": "1"} 15.1
{"desc": "status", "id": "44", "client_id": "1"} 15.1
{"desc": "status", "id": "45", "client_id": "1"} 15.1
{"desc": "status", "id": "46", "client_id": "1"} 15.1
{"desc": "status", "id": "47", "client_id": "1"} 15.1
{"desc": "status", "id": "48", "client_id": "1"} 15.1
{"desc": "status", "id": "49", "client_id": "1"} 15.1
{"desc": "status", "id": "50", "client_id": "1"} 15.1
{"desc": "status", "id": "51", "client_id": "1"} 15.1
{"desc": "status", "id": "52", "client_id": "1"} 15.1
{"desc": "status", "id": "53", "client_id": "1"} 15.1
{"desc": "status", "id": "54", "client_id": "1"} 15.1
{"desc": "status", "id": "55", "client_id": "1"} 15.1
{"desc": "status", "id": "56", "client_id": "1"} 15.1
{"desc": "status", "id": "57", "client_id": "1"} 15.1
{"desc": "status", "id": "58", "client_id": "1"} 15.1
{"desc": "status", "id": "59", "client_id": "1"} 15.1
{"desc": "status", "id": "60", "client_id": "1"} 15.1
{"desc": "status", "id": "61", "client_id": "1"} 15.1
{"desc": "status", "id": "62", "client_id": "1"} 15.1
{"desc": "status", "id": "63", "client_id": "1"} 15.1
{"desc": "status", "id": "64", "client_id": "1"} 15.1
{"desc": "status", "id": "65", "client_id": "1"} 15.1
{"desc": "status", "id": "66", "client_id": "1"} 15.1
{"desc": "status", "id": "67", "client_id": "1"} 15.1
{"desc": "status", "id": "68", "client_id": "1"} 15.1
{"desc": "status", "id": "69", "client_id": "1"} 15.1
{"desc": "status", "id": "70", "client_id": "1"} 15.1
{"desc": "status", "id": "71", "client_id": "1"} 15.1
{"desc": "status", "id": "72", "client_id": "1"} 15.1
{"desc": "status", "id": "73", "client_id": "1"} 15.1
{"desc": "status", "id": "74", "client_id": "1"} 15.1
{"desc": "status", "id": "75", "client_id": "1"} 15.1
{"desc": "status", "id": "76", "client_id": "1"} 15.1
{"desc": "status", "id": "77", "client_id": "1"} 15.1
{"desc": "status", "id": "78", "client_id": "1"} 15.1
{"desc": "status", "id": "79", "client_id": "1"} 15.1
{"desc": "status", "id": "80", "client_id": "1"} 15.1
{"desc": "status", "id": "81", "client_id": "1"} 15.1
{"desc": "status", "id": "82", "client_id": "1"} 15.1
{"desc": "status", "id": "83", "client_id": "1"} 15.1
{"desc": "status", "id": "84", "client_id": "1"} 15.1
{"desc": "status", "id": "85", "client_id": "1"} 15.1
{"desc": "status", "id": "86", "client_id": "1"} 15.1
{"desc": "status", "id": "87", "client_id": "1"} 15.1
{"desc": "status", "id": "88", "client_id": "1"} 15.1
{"desc": "status", "id": "89", "client_id": "1"} 15.1
{"desc": "status", "id": "90", "client_id": "1"} 15.1
{"desc": "status", "id": "1", "client_id": "1"} 16.1
{"desc": "status", "id": "2", "client_id": "1"} 16.1
{"desc": "status", "id": "3", "client_id": "1"} 16.1
{"desc": "status", "id": "4", "client_id": "1"} 16.1
{"desc": "status", "id": "5", "client_id": "1"} 16.1
{"desc": "status", "id": "6", "client_id": "1"} 16.1
{"desc": "status", "id": "7", "client_id": "1"} 16.1
{"desc": "status", "id": "8", "client_id": "1"} 16.1
{"desc": "status", "id": "9", "client_id": "1"} 16.1
{"desc": "status", "id": "10", "client_id": "1"} 16.1
{"desc": "status", "id": "11", "client_id": "1"} 16.1
{"desc": "status", "id": "12", "client_id": "1"} 16.1
{"desc": "status", "id": "13", "client_id": "1"} 16.1
{"desc": "status", "id": "14", "client_id": "1"} 16.1
{"desc": "status", "id": "15", "client_id": "1"} 16.1
{"desc": "status", "id": "16", "client_id": "1"} 16.1
{"desc": "status", "id": "17", "client_id": "1"} 16.1
{"desc": "status", "id": "18", "client_id": "1"} 16.1
{"desc": "status", "id": "19", "client_id": "1"} 16.1
{"desc": "status", "id": "20", "client_id": "1"} 16.1
{"desc": "status", "id": "21", "client_id": "1"} 16.1
{"desc": "status", "id": "22", "client_id": "1"} 16.1
{"desc": "status", "id": "23", "client_id": "1"} 16.1
{"desc": "status", "id": "24", "client_id": "1"} 16.1
{"desc": "status", "id": "25", "client_id": "1"} 16.1
{"desc": "status", "id": "26", "client_id": "1"} 16.1
{"desc": "status", "id": "27", "client_id": "1"} 16.1
{"desc": "status", "id": "28", "client_id": "1"} 16.1
{"desc": "status", "id": "29", "client_id": "1"} 16.1
{"desc": "status", "id": "30", "client_id": "1"} 16.1
{"desc": "status", "id": "31", "client_id": "1"} 16.1
{"desc": "status", "id": "32", "client_id": "1"} 16.1
{"desc": "status", "id": "33", "client_id": "1"} 16.1
{"desc": "status", "id": "34", "client_id": "1"} 16.1
{"desc": "status", "id": "35", "client_id": "1"} 16.1
{"desc": "status", "id": "36", "client_id": "1"} 16.1
{"desc": "status", "id": "37", "client_id": "1"} 16.1
{"desc": "status", "id": "38", "client_id": "1"} 16.1
{"desc": "status", "id": "39", "client_id": "1"} 16.1
{"desc": "status", "id": "40", "client_id": "1"} 16.1
{"desc": "status", "id": "41", "client_id": "1"} 16.1
{"desc": "status", "id": "42", "client_id": "1"} 16.1
{"desc": "status", "id": "43", "client_id": "1"} 16.1
{"desc": "status", "id": "44", "client_id": "1"} 16.1
{"desc": "status", "id": "45", "client_id": "1"} 16.1
{"desc": "status", "id": "46", "client_id": "1"} 16.1
{"desc": "status", "id": "47", "client_id": "1"} 16.1
{"desc": "status", "id": "48", "client_id": "1"} 16.1
{"desc": "status", "id": "49", "client_id": "1"} 16.1
{"desc": "status", "id": "50", "client_id": "1"} 16.1
{"desc": "status", "id": "51", "client_id": "1"} 16.1
{"desc": "status", "id": "52", "client_id": "1"} 16.1
{"desc": "status", "id": "53", "client_id": "1"} 16.1
{"desc": "status", "id": "54", "client_id": "1"} 16.1
{"desc": "status", "id": "55", "client_id": "1"} 16.1
{"desc": "status", "id": "56", "client_id": "1"} 16.1
{"desc": "status", "id": "57", "client_id": "1"} 16.1
{"desc": "status", "id": "58", "client_id": "1"} 16.1
{"desc": "status", "id": "59", "client_id": "1"} 16.1
{"desc": "status", "id": "60", "client_id": "1"} 16.1
{"desc": "status", "id": "61", "client_id": "1"} 16.1
{"desc": "status", "id": "62", "client_id": "1"} 16.1
{"desc": "status", "id": "63", "client_id": "1"} 16.1
{"desc": "status", "id": "64", "client_id": "1"} 16.1
{"desc": "status", "id": "65", "client_id": "1"} 16.1
{"desc": "status", "id": "66", "client_id": "1"} 16.1
{"desc": "status", "id": "67", "client_id": "1"} 16.1
{"desc": "status", "id": "68", "client_id": "1"} 16.1
{"desc": "status", "id": "69", "client_id": "1"} 16.1
{"desc": "status", "id": "70", "client_id": "1"} 16.1
{"desc": "status", "id": "71", "client_id": "1"} 16.1
{"desc": "status", "id": "72", "client_id": "1"} 16.1
{"desc": "status", "id": "73", "client_id": "1"} 16.1
{"desc": "status", "id": "74", "client_id": "1"} 16.1
{"desc": "status", "id": "75", "client_id": "1"} 16.1
{"desc": "status", "id": "76", "client_id": "1"} 16.1
{"desc": "status", "id": "77", "client_id": "1"} 16.1
{"desc": "status", "id": "78", "client_id": "1"} 16.1
{"desc": "status", "id": "79", "client_id": "1"} 16.1
{"desc": "status", "id": "80", "client_id": "1"} 16.1
{"desc": "status", "id": "81", "client_id": "1"} 16.1
{"desc": "status", "id": "82", "client_id": "1"} 16.1
{"desc": "status", "id": "83", "client_id": "1"} 16.1
{"desc": "status", "id": "84", "client_id": "1"} 16.1
{"desc": "status", "id": "85", "client_id": "1"} 16.1
{"desc": "status", "id": "86", "client_id": "1"} 16.1
{"desc": "status", "id": "87", "client_id": "1"} 16.1
{"desc": "status", "id": "88", "client_id": "1"} 16.1
{"desc": "status", "id": "89", "client_id": "1"} 16.1
{"desc": "status", "id": "90", "client_id": "1"} 16.1
{"desc": "migration", "id": "9"} 17.1
{"desc": "migration", "id": "25"} 17.1
{"desc": "migration", "id": "42"} 17.1
{"desc": "migration", "id": "52"} 17.1
{"desc": "migration", "id": "67"} 17.1
{"desc": "migration", "id": "78"} 17.1
{"desc": "migration", "id": "81"} 17.1
{"desc": "migration", "id": "83"} 17.1
{"desc": "status", "id": "1", "client_id": "1"} 17.1
{"desc": "status", "id": "2", "client_id": "1"} 17.1
{"desc": "status", "id": "3", "client_id": "1"} 17.1
{"desc": "status", "id": "4", "client_id": "1"} 17.1
{"desc": "status", "id": "5", "client_id": "1"} 17.1
{"desc": "status", "id": "6", "client_id": "1"} 17.1
{"desc": "status", "id": "7", "client_id": "1"} 17.1
{"desc": "status", "id": "8", "client_id": "1"} 17.1
{"desc": "status", "id": "9", "client_id": "1"} 17.1
{"desc": "status", "id": "10", "client_id": "1"} 17.1
{"desc": "status", "id": "11", "client_id": "1"} 17.1
{"desc": "status", "id": "12", "client_id": "1"} 17.1
{"desc": "status", "id": "13", "client_id": "1"} 17.1
{"desc": "status", "id": "14", "client_id": "1"} 17.1
{"desc": "status", "id": "15", "client_id": "1"} 17.1
{"desc": "status", "id": "16", "client_id": "1"} 17.1
{"desc": "status", "id": "17", "client_id": "1"} 17.1
{"desc": "status", "id": "18", "client_id": "1"} 17.1
{"desc": "status", "id": "19", "client_id": "1"} 17.1
{"desc": "status", "id": "20", "client_id": "1"} 17.1
{"desc": "status", "id": "21", "client_id": "1"} 17.1
{"desc": "status", "id": "22", "client_id": "1"} 17.1
{"desc": "status", "id": "23", "client_id": "1"} 17.1
{"desc": "status", "id": "24", "client_id": "1"} 17.1
{"desc": "status", "id": "25", "client_id": "1"} 17.1
{"desc": "status", "id": "26", "client_id": "1"} 17.1
{"desc": "status", "id": "27", "client_id": "1"} 17.1
{"desc": "status", "id": "28", "client_id": "1"} 17.1
{"desc": "status", "id": "29", "client_id": "1"} 17.1
{"desc": "status", "id": "30", "client_id": "1"} 17.1
{"desc": "status", "id": "31", "client_id": "1"} 17.1
{"desc": "status", "id": "32", "client_id": "1"} 17.1
{"desc": "status", "id": "33", "client_id": "1"} 17.1
{"desc": "status", "id": "34", "client_id": "1"} 17.1
{"desc": "status", "id": "35", "client_id": "1"} 17.1
{"desc": "status", "id": "36", "client_id": "1"} 17.1
{"desc": "status", "id": "37", "client_id": "1"} 17.1
{"desc": "status", "id": "38", "client_id": "1"} 17.1
{"desc": "status", "id": "39", "client_id": "1"} 17.1
{"desc": "status", "id": "40", "client_id": "1"} 17.1
{"desc": "status", "id": "41", "client_id": "1"} 17.1
{"desc": "status", "id": "42", "client_id": "1"} 17.1
{"desc": "status", "id": "43", "client_id": "1"} 17.1
{"desc": "status", "id": "44", "client_id": "1"} 17.1
{"desc": "status", "id": "45", "client_id": "1"} 17.1
{"desc": "status", "id": "46", "client_id": "1"} 17.1
{"desc": "status", "id": "47", "client_id": "1"} 17.1
{"desc": "status", "id": "48", "client_id": "1"} 17.1
{"desc": "status", "id": "49", "client_id": "1"} 17.1
{"desc": "status", "id": "50", "client_id": "1"} 17.1
{"desc": "status", "id": "51", "client_id": "1"} 17.1
{"desc": "status", "id": "52", "client_id": "1"} 17.1
{"desc": "status", "id": "53", "client_id": "1"} 17.1
{"desc": "status", "id": "54", "client_id": "1"} 17.1
{"desc": "status", "id": "55", "client_id": "1"} 17.1
{"desc": "status", "id": "56", "client_id": "1"} 17.1
{"desc": "status", "id": "57", "client_id": "1"} 17.1
{"desc": "status", "id": "58", "client_id": "1"} 17.1
{"desc": "status", "id": "59", "client_id": "1"} 17.1
{"desc": "status", "id": "60", "client_id": "1"} 17.1
{"desc": "status", "id": "61", "client_id": "1"} 17.1
{"desc": "status", "id": "62", "client_id": "1"} 17.1
{"desc": "status", "id": "63", "client_id": "1"} 17.1
{"desc": "status", "id": "64", "client_id": "1"} 17.1
{"desc": "status", "id": "65", "client_id": "1"} 17.1
{"desc": "status", "id": "66", "client_id": "1"} 17.1
{"desc": "status", "id": "67", "client_id": "1"} 17.1
{"desc": "status", "id": "68", "client_id": "1"} 17.1
{"desc": "status", "id": "69", "client_id": "1"} 17.1
{"desc": "status", "id": "70", "client_id": "1"} 17.1
{"desc": "status", "id": "71", "client_id": "1"} 17.1
{"desc": "status", "id": "72", "client_id": "1"} 17.1
{"desc": "status", "id": "73", "client_id": "1"} 17.1
{"desc": "status", "id": "74", "client_id": "1"} 17.1
{"desc": "status", "id": "75", "client_id": "1"} 17.1
{"desc": "status", "id": "76", "client_id": "1"} 17.1
{"desc": "status", "id": "77", "client_id": "1"} 17.1
{"desc": "status", "id": "78", "client_id": "1"} 17.1
{"desc": "status", "id": "79", "client_id": "1"} 17.1
{"desc": "status", "id": "80", "client_id": "1"} 17.1
{"desc": "status", "id": "81", "client_id": "1"} 17.1
{"desc": "status", "id": "82", "client_id": "1"} 17.1
{"desc": "status", "id": "83", "client_id": "1"} 17.1
{"desc": "status", "id": "84", "client_id": "1"} 17.1
{"desc": "status", "id": "85", "client_id": "1"} 17.1
{"desc": "status", "id": "86", "client_id": "1"} 17.1
{"desc": "status", "id": "87", "client_id": "1"} 17.1
{"desc": "status", "id": "88", "client_id": "1"} 17.1
{"desc": "status", "id": "89", "client_id": "1"} 17.1
{"desc": "status", "id": "90", "client_id": "1"} 17.1
{"desc": "migration", "id": "24"} 18.1
{"desc": "migration", "id": "84"} 18.1
{"desc": "status", "id": "1", "client_id": "1"} 18.1
{"desc": "status", "id": "2", "client_id": "1"} 18.1
{"desc": "status", "id": "3", "client_id": "1"} 18.1
{"desc": "status", "id": "4", "client_id": "1"} 18.1
{"desc": "status", "id": "5", "client_id": "1"} 18.1
{"desc": "status", "id": "6", "client_id": "1"} 18.1
{"desc": "status", "id": "7", "client_id": "1"} 18.1
{"desc": "status", "id": "8", "client_id": "1"} 18.1
{"desc": "status", "id": "9", "client_id": "1"} 18.1
{"desc": "status", "id": "10", "client_id": "1"} 18.1
{"desc": "status", "id": "11", "client_id": "1"} 18.1
{"desc": "status", "id": "12", "client_id": "1"} 18.1
{"desc": "status", "id": "13", "client_id": "1"} 18.1
{"desc": "status", "id": "14", "client_id": "1"} 18.1
{"desc": "status", "id": "15", "client_id": "1"} 18.1
{"desc": "status", "id": "16", "client_id": "1"} 18.1
{"desc": "status", "id": "17", "client_id": "1"} 18.1
{"desc": "status", "id": "18", "client_id": "1"} 18.1
{"desc": "status", "id": "19", "client_id": "1"} 18.1
{"desc": "status", "id": "20", "client_id": "1"} 18.1
{"desc": "status", "id": "21", "client_id": "1"} 18.1
{"desc": "status", "id": "22", "client_id": "1"} 18.1
{"desc": "status", "id": "23", "client_id": "1"} 18.1
{"desc": "status", "id": "24", "client_id": "1"} 18.1
{"desc": "status", "id": "25", "client_id": "1"} 18.1
{"desc": "status", "id": "26", "client_id": "1"} 18.1
{"desc": "status", "id": "27", "client_id": "1"} 18.1
{"desc": "status", "id": "28", "client_id": "1"} 18.1
{"desc": "status", "id": "29", "client_id": "1"} 18.1
{"desc": "status", "id": "30", "client_id": "1"} 18.1
{"desc": "status", "id": "31", "client_id": "1"} 18.1
{"desc": "status", "id": "32", "client_id": "1"} 18.1
{"desc": "status", "id": "33", "client_id": "1"} 18.1
{"desc": "status", "id": "34", "client_id": "1"} 18.1
{"desc": "status", "id": "35", "client_id": "1"} 18.1
{"desc": "status", "id": "36", "client_id": "1"} 18.1
{"desc": "status", "id": "37", "client_id": "1"} 18.1
{"desc": "status", "id": "38", "client_id": "1"} 18.1
{"desc": "status", "id": "39", "client_id": "1"} 18.1
{"desc": "status", "id": "40", "client_id": "1"} 18.1
{"desc": "status", "id": "41", "client_id": "1"} 18.1
{"desc": "status", "id": "42", "client_id": "1"} 18.1
{"desc": "status", "id": "43", "client_id": "1"} 18.1
{"desc": "status", "id": "44", "client_id": "1"} 18.1
{"desc": "status", "id": "45", "client_id": "1"} 18.1
{"desc": "status", "id": "46", "client_id": "1"} 18.1
{"desc": "status", "id": "47", "client_id": "1"} 18.1
{"desc": "status", "id": "48", "client_id": "1"} 18.1
{"desc": "status", "id": "49", "client_id": "1"} 18.1
{"desc": "status", "id": "50", "client_id": "1"} 18.1
{"desc": "status", "id": "51", "client_id": "1"} 18.1
{"desc": "status", "id": "52", "client_id": "1"} 18.1
{"desc": "status", "id": "53", "client_id": "1"} 18.1
{"desc": "status", "id": "54", "client_id": "1"} 18.1
{"desc": "status", "id": "55", "client_id": "1"} 18.1
{"desc": "status", "id": "56", "client_id": "1"} 18.1
{"desc": "status", "id": "57", "client_id": "1"} 18.1
{"desc": "status", "id": "58", "client_id": "1"} 18.1
{"desc": "status", "id": "59", "client_id": "1"} 18.1
{"desc": "status", "id": "60", "client_id": "1"} 18.1
{"desc": "status", "id": "61", "client_id": "1"} 18.1
{"desc": "status", "id": "62", "client_id": "1"} 18.1
{"desc": "status", "id": "63", "client_id": "1"} 18.1
{"desc": "status", "id": "64", "client_id": "1"} 18.1
{"desc": "status", "id": "65", "client_id": "1"} 18.1
{"desc": "status", "id": "66", "client_id": "1"} 18.1
{"desc": "status", "id": "67", "client_id": "1"} 18.1
{"desc": "status", "id": "68", "client_id": "1"} 18.1
{"desc": "status", "id": "69", "client_id": "1"} 18.1
{"desc": "status", "id": "70", "client_id": "1"} 18.1
{"desc": "status", "id": "71", "client_id": "1"} 18.1
{"desc": "status", "id": "72", "client_id": "1"} 18.1
{"desc": "status", "id": "73", "client_id": "1"} 18.1
{"desc": "status", "id": "74", "client_id": "1"} 18.1
{"desc": "status", "id": "75", "client_id": "1"} 18.1
{"desc": "status", "id": "76", "client_id": "1"} 18.1
{"desc": "status", "id": "77", "client_id": "1"} 18.1
{"desc": "status", "id": "78", "client_id": "1"} 18.1
{"desc": "status", "id": "79", "client_id": "1"} 18.1
{"desc": "status", "id": "80", "client_id": "1"} 18.1
{"desc": "status", "id": "81", "client_id": "1"} 18.1
{"desc": "status", "id": "82", "client_id": "1"} 18.1
{"desc": "status", "id": "83", "client_id": "1"} 18.1
{"desc": "status", "id": "84", "client_id": "1"} 18.1
{"desc": "status", "id": "85", "client_id": "1"} 18.1
{"desc": "status", "id": "86", "client_id": "1"} 18.1
{"desc": "status", "id": "87", "client_id": "1"} 18.1
{"desc": "status", "id": "88", "client_id": "1"} 18.1
{"desc": "status", "id": "89", "client_id": "1"} 18.1
{"desc": "status", "id": "90", "client_id": "1"} 18.1
{"desc": "migration", "id": "12"} 19.0765625
{"desc": "migration", "id": "13"} 19.0765625
{"desc": "migration", "id": "38"} 19.0765625
{"desc": "migration", "id": "60"} 19.0765625
{"desc": "migration", "id": "77"} 19.0765625
{"desc": "migration", "id": "88"} 19.0765625
{"desc": "status", "id": "1", "client_id": "1"} 19.0765625
{"desc": "status", "id": "2", "client_id": "1"} 19.0765625
{"desc": "status", "id": "3", "client_id": "1"} 19.0765625
{"desc": "status", "id": "4", "client_id": "1"} 19.0765625
{"desc": "status", "id": "5", "client_id": "1"} 19.0765625
{"desc": "status", "id": "6", "client_id": "1"} 19.0765625
{"desc": "status", "id": "7", "client_id": "1"} 19.0765625
{"desc": "status", "id": "8", "client_id": "1"} 19.0765625
{"desc": "status", "id": "9", "client_id": "1"} 19.0765625
{"desc": "status", "id": "10", "client_id": "1"} 19.0765625
{"desc": "status", "id": "11", "client_id": "1"} 19.0765625
{"desc": "status", "id": "12", "client_id": "1"} 19.0765625
{"desc": "status", "id": "13", "client_id": "1"} 19.0765625
{"desc": "status", "id": "14", "client_id": "1"} 19.0765625
{"desc": "status", "id": "15", "client_id": "1"} 19.0765625
{"desc": "status", "id": "16", "client_id": "1"} 19.0765625
{"desc": "status", "id": "17", "client_id": "1"} 19.0765625
{"desc": "status", "id": "18", "client_id": "1"} 19.0765625
{"desc": "status", "id": "19", "client_id": "1"} 19.0765625
{"desc": "status", "id": "20", "client_id": "1"} 19.0765625
{"desc": "status", "id": "21", "client_id": "1"} 19.0765625
{"desc": "status", "id": "22", "client_id": "1"} 19.0765625
{"desc": "status", "id": "23", "client_id": "1"} 19.0765625
{"desc": "status", "id": "24", "client_id": "1"} 19.0765625
{"desc": "status", "id": "25", "client_id": "1"} 19.0765625
{"desc": "status", "id": "26", "client_id": "1"} 19.0765625
{"desc": "status", "id": "27", "client_id": "1"} 19.0765625
{"desc": "status", "id": "28", "client_id": "1"} 19.0765625
{"desc": "status", "id": "29", "client_id": "1"} 19.0765625
{"desc": "status", "id": "30", "client_id": "1"} 19.0765625
{"desc": "status", "id": "31", "client_id": "1"} 19.0765625
{"desc": "status", "id": "32", "client_id": "1"} 19.0765625
{"desc": "status", "id": "33", "client_id": "1"} 19.0765625
{"desc": "status", "id": "34", "client_id": "1"} 19.0765625
{"desc": "status", "id": "35", "client_id": "1"} 19.0765625
{"desc": "status", "id": "36", "client_id": "1"} 19.0765625
{"desc": "status", "id": "37", "client_id": "1"} 19.0765625
{"desc": "status", "id": "38", "client_id": "1"} 19.0765625
{"desc": "status", "id": "39", "client_id": "1"} 19.0765625
{"desc": "status", "id": "40", "client_id": "1"} 19.0765625
{"desc": "status", "id": "41", "client_id": "1"} 19.0765625
{"desc": "status", "id": "42", "client_id": "1"} 19.0765625
{"desc": "status", "id": "43", "client_id": "1"} 19.0765625
{"desc": "status", "id": "44", "client_id": "1"} 19.0765625
{"desc": "status", "id": "45", "client_id": "1"} 19.0765625
{"desc": "status", "id": "46", "client_id": "1"} 19.0765625
{"desc": "status", "id": "47", "client_id": "1"} 19.0765625
{"desc": "status", "id": "48", "client_id": "1"} 19.0765625
{"desc": "status", "id": "49", "client_id": "1"} 19.0765625
{"desc": "status", "id": "50", "client_id": "1"} 19.0765625
{"desc": "status", "id": "51", "client_id": "1"} 19.0765625
{"desc": "status", "id": "52", "client_id": "1"} 19.0765625
{"desc": "status", "id": "53", "client_id": "1"} 19.0765625
{"desc": "status", "id": "54", "client_id": "1"} 19.0765625
{"desc": "status", "id": "55", "client_id": "1"} 19.0765625
{"desc": "status", "id": "56", "client_id": "1"} 19.0765625
{"desc": "status", "id": "57", "client_id": "1"} 19.0765625
{"desc": "status", "id": "58", "client_id": "1"} 19.0765625
{"desc": "status", "id": "59", "client_id": "1"} 19.0765625
{"desc": "status", "id": "60", "client_id": "1"} 19.0765625
{"desc": "status", "id": "61", "client_id": "1"} 19.0765625
{"desc": "status", "id": "62", "client_id": "1"} 19.0765625
{"desc": "status", "id": "63", "client_id": "1"} 19.0765625
{"desc": "status", "id": "64", "client_id": "1"} 19.0765625
{"desc": "status", "id": "65", "client_id": "1"} 19.0765625
{"desc": "status", "id": "66", "client_id": "1"} 19.0765625
{"desc": "status", "id": "67", "client_id": "1"} 19.0765625
{"desc": "status", "id": "68", "client_id": "1"} 19.0765625
{"desc": "status", "id": "69", "client_id": "1"} 19.0765625
{"desc": "status", "id": "70", "client_id": "1"} 19.0765625
{"desc": "status", "id": "71", "client_id": "1"} 19.0765625
{"desc": "status", "id": "72", "client_id": "1"} 19.0765625
{"desc": "status", "id": "73", "client_id": "1"} 19.0765625
{"desc": "status", "id": "74", "client_id": "1"} 19.0765625
{"desc": "status", "id": "75", "client_id": "1"} 19.0765625
{"desc": "status", "id": "76", "client_id": "1"} 19.0765625
{"desc": "status", "id": "77", "client_id": "1"} 19.0765625
{"desc": "status", "id": "78", "client_id": "1"} 19.0765625
{"desc": "status", "id": "79", "client_id": "1"} 19.0765625
{"desc": "status", "id": "80", "client_id": "1"} 19.0765625
{"desc": "status", "id": "81", "client_id": "1"} 19.0765625
{"desc": "status", "id": "82", "client_id": "1"} 19.0765625
{"desc": "status", "id": "83", "client_id": "1"} 19.0765625
{"desc": "status", "id": "84", "client_id": "1"} 19.0765625
{"desc": "status", "id": "85", "client_id": "1"} 19.0765625
{"desc": "status", "id": "86", "client_id": "1"} 19.0765625
{"desc": "status", "id": "87", "client_id": "1"} 19.0765625
{"desc": "status", "id": "88", "client_id": "1"} 19.0765625
{"desc": "status", "id": "89", "client_id": "1"} 19.0765625
{"desc": "status", "id": "90", "client_id": "1"} 19.0765625
{"desc": "migration", "id": "5"} 20.053125
{"desc": "migration", "id": "6"} 20.053125
{"desc": "migration", "id": "7"} 20.053125
{"desc": "migration", "id": "17"} 20.053125
{"desc": "migration", "id": "18"} 20.053125
{"desc": "migration", "id": "27"} 20.053125
{"desc": "migration", "id": "33"} 20.053125
{"desc": "migration", "id": "37"} 20.053125
{"desc": "migration", "id": "45"} 20.053125
{"desc": "migration", "id": "46"} 20.053125
{"desc": "migration", "id": "47"} 20.053125
{"desc": "migration", "id": "53"} 20.053125
{"desc": "migration", "id": "57"} 20.053125
{"desc": "migration", "id": "58"} 20.053125
{"desc": "migration", "id": "61"} 20.053125
{"desc": "migration", "id": "62"} 20.053125
{"desc": "migration", "id": "64"} 20.053125
{"desc": "migration", "id": "65"} 20.053125
{"desc": "migration", "id": "66"} 20.053125
{"desc": "migration", "id": "74"} 20.053125
{"desc": "migration", "id": "80"} 20.053125
{"desc": "migration", "id": "89"} 20.053125
{"desc": "status", "id": "1", "client_id": "1"} 20.053125
{"desc": "status", "id": "2", "client_id": "1"} 20.053125
{"desc": "status", "id": "3", "client_id": "1"} 20.053125
{"desc": "status", "id": "4", "client_id": "1"} 20.053125
{"desc": "status", "id": "5", "client_id": "1"} 20.053125
{"desc": "status", "id": "6", "client_id": "1"} 20.053125
{"desc": "status", "id": "7", "client_id": "1"} 20.053125
{"desc": "status", "id": "8", "client_id": "1"} 20.053125
{"desc": "status", "id": "9", "client_id": "1"} 20.053125
{"desc": "status", "id": "10", "client_id": "1"} 20.053125
{"desc": "status", "id": "11", "client_id": "1"} 20.053125
{"desc": "status", "id": "12", "client_id": "1"} 20.053125
{"desc": "status", "id": "13", "client_id": "1"} 20.053125
{"desc": "status", "id": "14", "client_id": "1"} 20.053125
{"desc": "status", "id": "15", "client_id": "1"} 20.053125
{"desc": "status", "id": "16", "client_id": "1"} 20.053125
{"desc": "status", "id": "17", "client_id": "1"} 20.053125
{"desc": "status", "id": "18", "client_id": "1"} 20.053125
{"desc": "status", "id": "19", "client_id": "1"} 20.053125
{"desc": "status", "id": "20", "client_id": "1"} 20.053125
{"desc": "status", "id": "21", "client_id": "1"} 20.053125
{"desc": "status", "id": "22", "client_id": "1"} 20.053125
{"desc": "status", "id": "23", "client_id": "1"} 20.053125
{"desc": "status", "id": "24", "client_id": "1"} 20.053125
{"desc": "status", "id": "25", "client_id": "1"} 20.053125
{"desc": "status", "id": "26", "client_id": "1"} 20.053125
{"desc": "status", "id": "27", "client_id": "1"} 20.053125
{"desc": "status", "id": "28", "client_id": "1"} 20.053125
{"desc": "status", "id": "29", "client_id": "1"} 20.053125
{"desc": "status", "id": "30", "client_id": "1"} 20.053125
{"desc": "status", "id": "31", "client_id": "1"} 20.053125
{"desc": "status", "id": "32", "client_id": "1"} 20.053125
{"desc": "status", "id": "33", "client_id": "1"} 20.053125
{"desc": "status", "id": "34", "client_id": "1"} 20.053125
{"desc": "status", "id": "35", "client_id": "1"} 20.053125
{"desc": "status", "id": "36", "client_id": "1"} 20.053125
{"desc": "status", "id": "37", "client_id": "1"} 20.053125
{"desc": "status", "id": "38", "client_id": "1"} 20.053125
{"desc": "status", "id": "39", "client_id": "1"} 20.053125
{"desc": "status", "id": "40", "client_id": "1"} 20.053125
{"desc": "status", "id": "41", "client_id": "1"} 20.053125
{"desc": "status", "id": "42", "client_id": "1"} 20.053125
{"desc": "status", "id": "43", "client_id": "1"} 20.053125
{"desc": "status", "id": "44", "client_id": "1"} 20.053125
{"desc": "status", "id": "45", "client_id": "1"} 20.053125
{"desc": "status", "id": "46", "client_id": "1"} 20.053125
{"desc": "status", "id": "47", "client_id": "1"} 20.053125
{"desc": "status", "id": "48", "client_id": "1"} 20.053125
{"desc": "status", "id": "49", "client_id": "1"} 20.053125
{"desc": "status", "id": "50", "client_id": "1"} 20.053125
{"desc": "status", "id": "51", "client_id": "1"} 20.053125
{"desc": "status", "id": "52", "client_id": "1"} 20.053125
{"desc": "status", "id": "53", "client_id": "1"} 20.053125
{"desc": "status", "id": "54", "client_id": "1"} 20.053125
{"desc": "status", "id": "55", "client_id": "1"} 20.053125
{"desc": "status", "id": "56", "client_id": "1"} 20.053125
{"desc": "status", "id": "57", "client_id": "1"} 20.053125
{"desc": "status", "id": "58", "client_id": "1"} 20.053125
{"desc": "status", "id": "59", "client_id": "1"} 20.053125
{"desc": "status", "id": "60", "client_id": "1"} 20.053125
{"desc": "status", "id": "61", "client_id": "1"} 20.053125
{"desc": "status", "id": "62", "client_id": "1"} 20.053125
{"desc": "status", "id": "63", "client_id": "1"} 20.053125
{"desc": "status", "id": "64", "client_id": "1"} 20.053125
{"desc": "status", "id": "65", "client_id": "1"} 20.053125
{"desc": "status", "id": "66", "client_id": "1"} 20.053125
{"desc": "status", "id": "67", "client_id": "1"} 20.053125
{"desc": "status", "id": "68", "client_id": "1"} 20.053125
{"desc": "status", "id": "69", "client_id": "1"} 20.053125
{"desc": "status", "id": "70", "client_id": "1"} 20.053125
{"desc": "status", "id": "71", "client_id": "1"} 20.053125
{"desc": "status", "id": "72", "client_id": "1"} 20.053125
{"desc": "status", "id": "73", "client_id": "1"} 20.053125
{"desc": "status", "id": "74", "client_id": "1"} 20.053125
{"desc": "status", "id": "75", "client_id": "1"} 20.053125
{"desc": "status", "id": "76", "client_id": "1"} 20.053125
{"desc": "status", "id": "77", "client_id": "1"} 20.053125
{"desc": "status", "id": "78", "client_id": "1"} 20.053125
{"desc": "status", "id": "79", "client_id": "1"} 20.053125
{"desc": "status", "id": "80", "client_id": "1"} 20.053125
{"desc": "status", "id": "81", "client_id": "1"} 20.053125
{"desc": "status", "id": "82", "client_id": "1"} 20.053125
{"desc": "status", "id": "83", "client_id": "1"} 20.053125
{"desc": "status", "id": "84", "client_id": "1"} 20.053125
{"desc": "status", "id": "85", "client_id": "1"} 20.053125
{"desc": "status", "id": "86", "client_id": "1"} 20.053125
{"desc": "status", "id": "87", "client_id": "1"} 20.053125
{"desc": "status", "id": "88", "client_id": "1"} 20.053125
{"desc": "status", "id": "89", "client_id": "1"} 20.053125
{"desc": "status", "id": "90", "client_id": "1"} 20.053125
{"desc": "status", "id": "9", "client_id": "1"} 20.053125
{"desc": "status", "id": "25", "client_id": "1"} 20.053125
{"desc": "status", "id": "42", "client_id": "1"} 20.053125
{"desc": "status", "id": "67", "client_id": "1"} 20.053125
{"desc": "status", "id": "78", "client_id": "1"} 20.053125
{"desc": "status", "id": "81", "client_id": "1"} 20.053125
{"desc": "status", "id": "83", "client_id": "1"} 20.053125
{"desc": "migration", "id": "1"} 21.0296875
{"desc": "migration", "id": "36"} 21.0296875
{"desc": "migration", "id": "79"} 21.0296875
{"desc": "migration", "id": "81"} 21.0296875
{"desc": "migration", "id": "83"} 21.0296875
{"desc": "migration", "id": "81"} 21.0296875
{"desc": "migration", "id": "83"} 21.0296875
{"desc": "status", "id": "1", "client_id": "1"} 21.0296875
{"desc": "status", "id": "2", "client_id": "1"} 21.0296875
{"desc": "status", "id": "3", "client_id": "1"} 21.0296875
{"desc": "status", "id": "4", "client_id": "1"} 21.0296875
{"desc": "status", "id": "5", "client_id": "1"} 21.0296875
{"desc": "status", "id": "6", "client_id": "1"} 21.0296875
{"desc": "status", "id": "7", "client_id": "1"} 21.0296875
{"desc": "status", "id": "8", "client_id": "1"} 21.0296875
{"desc": "status", "id": "9", "client_id": "1"} 21.0296875
{"desc": "status", "id": "10", "client_id": "1"} 21.0296875
{"desc": "status", "id": "11", "client_id": "1"} 21.0296875
{"desc": "status", "id": "12", "client_id": "1"} 21.0296875
{"desc": "status", "id": "13", "client_id": "1"} 21.0296875
{"desc": "status", "id": "14", "client_id": "1"} 21.0296875
{"desc": "status", "id": "15", "client_id": "1"} 21.0296875
{"desc": "status", "id": "16", "client_id": "1"} 21.0296875
{"desc": "status", "id": "17", "client_id": "1"} 21.0296875
{"desc": "status", "id": "18", "client_id": "1"} 21.0296875
{"desc": "status", "id": "19", "client_id": "1"} 21.0296875
{"desc": "status", "id": "20", "client_id": "1"} 21.0296875
{"desc": "status", "id": "21", "client_id": "1"} 21.0296875
{"desc": "status", "id": "22", "client_id": "1"} 21.0296875
{"desc": "status", "id": "23", "client_id": "1"} 21.0296875
{"desc": "status", "id": "24", "client_id": "1"} 21.0296875
{"desc": "status", "id": "25", "client_id": "1"} 21.0296875
{"desc": "status", "id": "26", "client_id": "1"} 21.0296875
{"desc": "status", "id": "27", "client_id": "1"} 21.0296875
{"desc": "status", "id": "28", "client_id": "1"} 21.0296875
{"desc": "status", "id": "29", "client_id": "1"} 21.0296875
{"desc": "status", "id": "30", "client_id": "1"} 21.0296875
{"desc": "status", "id": "31", "client_id": "1"} 21.0296875
{"desc": "status", "id": "32", "client_id": "1"} 21.0296875
{"desc": "status", "id": "33", "client_id": "1"} 21.0296875
{"desc": "status", "id": "34", "client_id": "1"} 21.0296875
{"desc": "status", "id": "35", "client_id": "1"} 21.0296875
{"desc": "status", "id": "36", "client_id": "1"} 21.0296875
{"desc": "status", "id": "37", "client_id": "1"} 21.0296875
{"desc": "status", "id": "38", "client_id": "1"} 21.0296875
{"desc": "status", "id": "39", "client_id": "1"} 21.0296875
{"desc": "status", "id": "40", "client_id": "1"} 21.0296875
{"desc": "status", "id": "41", "client_id": "1"} 21.0296875
{"desc": "status", "id": "42", "client_id": "1"} 21.0296875
{"desc": "status", "id": "43", "client_id": "1"} 21.0296875
{"desc": "status", "id": "44", "client_id": "1"} 21.0296875
{"desc": "status", "id": "45", "client_id": "1"} 21.0296875
{"desc": "status", "id": "46", "client_id": "1"} 21.0296875
{"desc": "status", "id": "47", "client_id": "1"} 21.0296875
{"desc": "status", "id": "48", "client_id": "1"} 21.0296875
{"desc": "status", "id": "49", "client_id": "1"} 21.0296875
{"desc": "status", "id": "50", "client_id": "1"} 21.0296875
{"desc": "status", "id": "51", "client_id": "1"} 21.0296875
{"desc": "status", "id": "52", "client_id": "1"} 21.0296875
{"desc": "status", "id": "53", "client_id": "1"} 21.0296875
{"desc": "status", "id": "54", "client_id": "1"} 21.0296875
{"desc": "status", "id": "55", "client_id": "1"} 21.0296875
{"desc": "status", "id": "56", "client_id": "1"} 21.0296875
{"desc": "status", "id": "57", "client_id": "1"} 21.0296875
{"desc": "status", "id": "58", "client_id": "1"} 21.0296875
{"desc": "status", "id": "59", "client_id": "1"} 21.0296875
{"desc": "status", "id": "60", "client_id": "1"} 21.0296875
{"desc": "status", "id": "61", "client_id": "1"} 21.0296875
{"desc": "status", "id": "62", "client_id": "1"} 21.0296875
{"desc": "status", "id": "63", "client_id": "1"} 21.0296875
{"desc": "status", "id": "64", "client_id": "1"} 21.0296875
{"desc": "status", "id": "65", "client_id": "1"} 21.0296875
{"desc": "status", "id": "66", "client_id": "1"} 21.0296875
{"desc": "status", "id": "67", "client_id": "1"} 21.0296875
{"desc": "status", "id": "68", "client_id": "1"} 21.0296875
{"desc": "status", "id": "69", "client_id": "1"} 21.0296875
{"desc": "status", "id": "70", "client_id": "1"} 21.0296875
{"desc": "status", "id": "71", "client_id": "1"} 21.0296875
{"desc": "status", "id": "72", "client_id": "1"} 21.0296875
{"desc": "status", "id": "73", "client_id": "1"} 21.0296875
{"desc": "status", "id": "74", "client_id": "1"} 21.0296875
{"desc": "status", "id": "75", "client_id": "1"} 21.0296875
{"desc": "status", "id": "76", "client_id": "1"} 21.0296875
{"desc": "status", "id": "77", "client_id": "1"} 21.0296875
{"desc": "status", "id": "78", "client_id": "1"} 21.0296875
{"desc": "status", "id": "79", "client_id": "1"} 21.0296875
{"desc": "status", "id": "80", "client_id": "1"} 21.0296875
{"desc": "status", "id": "81", "client_id": "1"} 21.0296875
{"desc": "status", "id": "82", "client_id": "1"} 21.0296875
{"desc": "status", "id": "83", "client_id": "1"} 21.0296875
{"desc": "status", "id": "84", "client_id": "1"} 21.0296875
{"desc": "status", "id": "85", "client_id": "1"} 21.0296875
{"desc": "status", "id": "86", "client_id": "1"} 21.0296875
{"desc": "status", "id": "87", "client_id": "1"} 21.0296875
{"desc": "status", "id": "88", "client_id": "1"} 21.0296875
{"desc": "status", "id": "89", "client_id": "1"} 21.0296875
{"desc": "status", "id": "90", "client_id": "1"} 21.0296875
{"desc": "status", "id": "9", "client_id": "1"} 21.0296875
{"desc": "status", "id": "25", "client_id": "1"} 21.0296875
{"desc": "status", "id": "42", "client_id": "1"} 21.0296875
{"desc": "status", "id": "67", "client_id": "1"} 21.0296875
{"desc": "status", "id": "78", "client_id": "1"} 21.0296875
{"desc": "status", "id": "81", "client_id": "1"} 21.0296875
{"desc": "status", "id": "83", "client_id": "1"} 21.0296875
{"desc": "status", "id": "24", "client_id": "1"} 21.0296875
{"desc": "status", "id": "84", "client_id": "1"} 21.0296875
{"desc": "migration", "id": "34"} 22.00625
{"desc": "migration", "id": "56"} 22.00625
{"desc": "migration", "id": "71"} 22.00625
{"desc": "status", "id": "1", "client_id": "1"} 22.00625
{"desc": "status", "id": "2", "client_id": "1"} 22.00625
{"desc": "status", "id": "3", "client_id": "1"} 22.00625
{"desc": "status", "id": "4", "client_id": "1"} 22.00625
{"desc": "status", "id": "5", "client_id": "1"} 22.00625
{"desc": "status", "id": "6", "client_id": "1"} 22.00625
{"desc": "status", "id": "7", "client_id": "1"} 22.00625
{"desc": "status", "id": "8", "client_id": "1"} 22.00625
{"desc": "status", "id": "9", "client_id": "1"} 22.00625
{"desc": "status", "id": "10", "client_id": "1"} 22.00625
{"desc": "status", "id": "11", "client_id": "1"} 22.00625
{"desc": "status", "id": "12", "client_id": "1"} 22.00625
{"desc": "status", "id": "13", "client_id": "1"} 22.00625
{"desc": "status", "id": "14", "client_id": "1"} 22.00625
{"desc": "status", "id": "15", "client_id": "1"} 22.00625
{"desc": "status", "id": "16", "client_id": "1"} 22.00625
{"desc": "status", "id": "17", "client_id": "1"} 22.00625
{"desc": "status", "id": "18", "client_id": "1"} 22.00625
{"desc": "status", "id": "19", "client_id": "1"} 22.00625
{"desc": "status", "id": "20", "client_id": "1"} 22.00625
{"desc": "status", "id": "21", "client_id": "1"} 22.00625
{"desc": "status", "id": "22", "client_id": "1"} 22.00625
{"desc": "status", "id": "23", "client_id": "1"} 22.00625
{"desc": "status", "id": "24", "client_id": "1"} 22.00625
{"desc": "status", "id": "25", "client_id": "1"} 22.00625
{"desc": "status", "id": "26", "client_id": "1"} 22.00625
{"desc": "status", "id": "27", "client_id": "1"} 22.00625
{"desc": "status", "id": "28", "client_id": "1"} 22.00625
{"desc": "status", "id": "29", "client_id": "1"} 22.00625
{"desc": "status", "id": "30", "client_id": "1"} 22.00625
{"desc": "status", "id": "31", "client_id": "1"} 22.00625
{"desc": "status", "id": "32", "client_id": "1"} 22.00625
{"desc": "status", "id": "33", "client_id": "1"} 22.00625
{"desc": "status", "id": "34", "client_id": "1"} 22.00625
{"desc": "status", "id": "35", "client_id": "1"} 22.00625
{"desc": "status", "id": "36", "client_id": "1"} 22.00625
{"desc": "status", "id": "37", "client_id": "1"} 22.00625
{"desc": "status", "id": "38", "client_id": "1"} 22.00625
{"desc": "status", "id": "39", "client_id": "1"} 22.00625
{"desc": "status", "id": "40", "client_id": "1"} 22.00625
{"desc": "status", "id": "41", "client_id": "1"} 22.00625
{"desc": "status", "id": "42", "client_id": "1"} 22.00625
{"desc": "status", "id": "43", "client_id": "1"} 22.00625
{"desc": "status", "id": "44", "client_id": "1"} 22.00625
{"desc": "status", "id": "45", "client_id": "1"} 22.00625
{"desc": "status", "id": "46", "client_id": "1"} 22.00625
{"desc": "status", "id": "47", "client_id": "1"} 22.00625
{"desc": "status", "id": "48", "client_id": "1"} 22.00625
{"desc": "status", "id": "49", "client_id": "1"} 22.00625
{"desc": "status", "id": "50", "client_id": "1"} 22.00625
{"desc": "status", "id": "51", "client_id": "1"} 22.00625
{"desc": "status", "id": "52", "client_id": "1"} 22.00625
{"desc": "status", "id": "53", "client_id": "1"} 22.00625
{"desc": "status", "id": "54", "client_id": "1"} 22.00625
{"desc": "status", "id": "55", "client_id": "1"} 22.00625
{"desc": "status", "id": "56", "client_id": "1"} 22.00625
{"desc": "status", "id": "57", "client_id": "1"} 22.00625
{"desc": "status", "id": "58", "client_id": "1"} 22.00625
{"desc": "status", "id": "59", "client_id": "1"} 22.00625
{"desc": "status", "id": "60", "client_id": "1"} 22.00625
{"desc": "status", "id": "61", "client_id": "1"} 22.00625
{"desc": "status", "id": "62", "client_id": "1"} 22.00625
{"desc": "status", "id": "63", "client_id": "1"} 22.00625
{"desc": "status", "id": "64", "client_id": "1"} 22.00625
{"desc": "status", "id": "65", "client_id": "1"} 22.00625
{"desc": "status", "id": "66", "client_id": "1"} 22.00625
{"desc": "status", "id": "67", "client_id": "1"} 22.00625
{"desc": "status", "id": "68", "client_id": "1"} 22.00625
{"desc": "status", "id": "69", "client_id": "1"} 22.00625
{"desc": "status", "id": "70", "client_id": "1"} 22.00625
{"desc": "status", "id": "71", "client_id": "1"} 22.00625
{"desc": "status", "id": "72", "client_id": "1"} 22.00625
{"desc": "status", "id": "73", "client_id": "1"} 22.00625
{"desc": "status", "id": "74", "client_id": "1"} 22.00625
{"desc": "status", "id": "75", "client_id": "1"} 22.00625
{"desc": "status", "id": "76", "client_id": "1"} 22.00625
{"desc": "status", "id": "77", "client_id": "1"} 22.00625
{"desc": "status", "id": "78", "client_id": "1"} 22.00625
{"desc": "status", "id": "79", "client_id": "1"} 22.00625
{"desc": "status", "id": "80", "client_id": "1"} 22.00625
{"desc": "status", "id": "81", "client_id": "1"} 22.00625
{"desc": "status", "id": "82", "client_id": "1"} 22.00625
{"desc": "status", "id": "83", "client_id": "1"} 22.00625
{"desc": "status", "id": "84", "client_id": "1"} 22.00625
{"desc": "status", "id": "85", "client_id": "1"} 22.00625
{"desc": "status", "id": "86", "client_id": "1"} 22.00625
{"desc": "status", "id": "87", "client_id": "1"} 22.00625
{"desc": "status", "id": "88", "client_id": "1"} 22.00625
{"desc": "status", "id": "89", "client_id": "1"} 22.00625
{"desc": "status", "id": "90", "client_id": "1"} 22.00625
{"desc": "status", "id": "9", "client_id": "1"} 22.00625
{"desc": "status", "id": "25", "client_id": "1"} 22.00625
{"desc": "status", "id": "42", "client_id": "1"} 22.00625
{"desc": "status", "id": "67", "client_id": "1"} 22.00625
{"desc": "status", "id": "78", "client_id": "1"} 22.00625
{"desc": "status", "id": "81", "client_id": "1"} 22.00625
{"desc": "status", "id": "83", "client_id": "1"} 22.00625
{"desc": "status", "id": "24", "client_id": "1"} 22.00625
{"desc": "status", "id": "84", "client_id": "1"} 22.00625
{"desc": "status", "id": "13", "client_id": "1"} 22.00625
{"desc": "status", "id": "60", "client_id": "1"} 22.00625
{"desc": "status", "id": "77", "client_id": "1"} 22.00625
{"desc": "migration", "id": "52"} 22.9828125
{"desc": "status", "id": "1", "client_id": "1"} 22.9828125
{"desc": "status", "id": "2", "client_id": "1"} 22.9828125
{"desc": "status", "id": "3", "client_id": "1"} 22.9828125
{"desc": "status", "id": "4", "client_id": "1"} 22.9828125
{"desc": "status", "id": "5", "client_id": "1"} 22.9828125
{"desc": "status", "id": "6", "client_id": "1"} 22.9828125
{"desc": "status", "id": "7", "client_id": "1"} 22.9828125
{"desc": "status", "id": "8", "client_id": "1"} 22.9828125
{"desc": "status", "id": "9", "client_id": "1"} 22.9828125
{"desc": "status", "id": "10", "client_id": "1"} 22.9828125
{"desc": "status", "id": "11", "client_id": "1"} 22.9828125
{"desc": "status", "id": "12", "client_id": "1"} 22.9828125
{"desc": "status", "id": "13", "client_id": "1"} 22.9828125
{"desc": "status", "id": "14", "client_id": "1"} 22.9828125
{"desc": "status", "id": "15", "client_id": "1"} 22.9828125
{"desc": "status", "id": "16", "client_id": "1"} 22.9828125
{"desc": "status", "id": "17", "client_id": "1"} 22.9828125
{"desc": "status", "id": "18", "client_id": "1"} 22.9828125
{"desc": "status", "id": "19", "client_id": "1"} 22.9828125
{"desc": "status", "id": "20", "client_id": "1"} 22.9828125
{"desc": "status", "id": "21", "client_id": "1"} 22.9828125
{"desc": "status", "id": "22", "client_id": "1"} 22.9828125
{"desc": "status", "id": "23", "client_id": "1"} 22.9828125
{"desc": "status", "id": "24", "client_id": "1"} 22.9828125
{"desc": "status", "id": "25", "client_id": "1"} 22.9828125
{"desc": "status", "id": "26", "client_id": "1"} 22.9828125
{"desc": "status", "id": "27", "client_id": "1"} 22.9828125
{"desc": "status", "id": "28", "client_id": "1"} 22.9828125
{"desc": "status", "id": "29", "client_id": "1"} 22.9828125
{"desc": "status", "id": "30", "client_id": "1"} 22.9828125
{"desc": "status", "id": "31", "client_id": "1"} 22.9828125
{"desc": "status", "id": "32", "client_id": "1"} 22.9828125
{"desc": "status", "id": "33", "client_id": "1"} 22.9828125
{"desc": "status", "id": "34", "client_id": "1"} 22.9828125
{"desc": "status", "id": "35", "client_id": "1"} 22.9828125
{"desc": "status", "id": "36", "client_id": "1"} 22.9828125
{"desc": "status", "id": "37", "client_id": "1"} 22.9828125
{"desc": "status", "id": "38", "client_id": "1"} 22.9828125
{"desc": "status", "id": "39", "client_id": "1"} 22.9828125
{"desc": "status", "id": "40", "client_id": "1"} 22.9828125
{"desc": "status", "id": "41", "client_id": "1"} 22.9828125
{"desc": "status", "id": "42", "client_id": "1"} 22.9828125
{"desc": "status", "id": "43", "client_id": "1"} 22.9828125
{"desc": "status", "id": "44", "client_id": "1"} 22.9828125
{"desc": "status", "id": "45", "client_id": "1"} 22.9828125
{"desc": "status", "id": "46", "client_id": "1"} 22.9828125
{"desc": "status", "id": "47", "client_id": "1"} 22.9828125
{"desc": "status", "id": "48", "client_id": "1"} 22.9828125
{"desc": "status", "id": "49", "client_id": "1"} 22.9828125
{"desc": "status", "id": "50", "client_id": "1"} 22.9828125
{"desc": "status", "id": "51", "client_id": "1"} 22.9828125
{"desc": "status", "id": "52", "client_id": "1"} 22.9828125
{"desc": "status", "id": "53", "client_id": "1"} 22.9828125
{"desc": "status", "id": "54", "client_id": "1"} 22.9828125
{"desc": "status", "id": "55", "client_id": "1"} 22.9828125
{"desc": "status", "id": "56", "client_id": "1"} 22.9828125
{"desc": "status", "id": "57", "client_id": "1"} 22.9828125
{"desc": "status", "id": "58", "client_id": "1"} 22.9828125
{"desc": "status", "id": "59", "client_id": "1"} 22.9828125
{"desc": "status", "id": "60", "client_id": "1"} 22.9828125
{"desc": "status", "id": "61", "client_id": "1"} 22.9828125
{"desc": "status", "id": "62", "client_id": "1"} 22.9828125
{"desc": "status", "id": "63", "client_id": "1"} 22.9828125
{"desc": "status", "id": "64", "client_id": "1"} 22.9828125
{"desc": "status", "id": "65", "client_id": "1"} 22.9828125
{"desc": "status", "id": "66", "client_id": "1"} 22.9828125
{"desc": "status", "id": "67", "client_id": "1"} 22.9828125
{"desc": "status", "id": "68", "client_id": "1"} 22.9828125
{"desc": "status", "id": "69", "client_id": "1"} 22.9828125
{"desc": "status", "id": "70", "client_id": "1"} 22.9828125
{"desc": "status", "id": "71", "client_id": "1"} 22.9828125
{"desc": "status", "id": "72", "client_id": "1"} 22.9828125
{"desc": "status", "id": "73", "client_id": "1"} 22.9828125
{"desc": "status", "id": "74", "client_id": "1"} 22.9828125
{"desc": "status", "id": "75", "client_id": "1"} 22.9828125
{"desc": "status", "id": "76", "client_id": "1"} 22.9828125
{"desc": "status", "id": "77", "client_id": "1"} 22.9828125
{"desc": "status", "id": "78", "client_id": "1"} 22.9828125
{"desc": "status", "id": "79", "client_id": "1"} 22.9828125
{"desc": "status", "id": "80", "client_id": "1"} 22.9828125
{"desc": "status", "id": "81", "client_id": "1"} 22.9828125
{"desc": "status", "id": "82", "client_id": "1"} 22.9828125
{"desc": "status", "id": "83", "client_id": "1"} 22.9828125
{"desc": "status", "id": "84", "client_id": "1"} 22.9828125
{"desc": "status", "id": "85", "client_id": "1"} 22.9828125
{"desc": "status", "id": "86", "client_id": "1"} 22.9828125
{"desc": "status", "id": "87", "client_id": "1"} 22.9828125
{"desc": "status", "id": "88", "client_id": "1"} 22.9828125
{"desc": "status", "id": "89", "client_id": "1"} 22.9828125
{"desc": "status", "id": "90", "client_id": "1"} 22.9828125
{"desc": "status", "id": "9", "client_id": "1"} 22.9828125
{"desc": "status", "id": "25", "client_id": "1"} 22.9828125
{"desc": "status", "id": "42", "client_id": "1"} 22.9828125
{"desc": "status", "id": "67", "client_id": "1"} 22.9828125
{"desc": "status", "id": "78", "client_id": "1"} 22.9828125
{"desc": "status", "id": "81", "client_id": "1"} 22.9828125
{"desc": "status", "id": "83", "client_id": "1"} 22.9828125
{"desc": "status", "id": "24", "client_id": "1"} 22.9828125
{"desc": "status", "id": "84", "client_id": "1"} 22.9828125
{"desc": "status", "id": "13", "client_id": "1"} 22.9828125
{"desc": "status", "id": "60", "client_id": "1"} 22.9828125
{"desc": "status", "id": "77", "client_id": "1"} 22.9828125
{"desc": "status", "id": "6", "client_id": "1"} 22.9828125
{"desc": "status", "id": "7", "client_id": "1"} 22.9828125
{"desc": "status", "id": "17", "client_id": "1"} 22.9828125
{"desc": "status", "id": "18", "client_id": "1"} 22.9828125
{"desc": "status", "id": "27", "client_id": "1"} 22.9828125
{"desc": "status", "id": "33", "client_id": "1"} 22.9828125
{"desc": "status", "id": "37", "client_id": "1"} 22.9828125
{"desc": "status", "id": "45", "client_id": "1"} 22.9828125
{"desc": "status", "id": "47", "client_id": "1"} 22.9828125
{"desc": "status", "id": "53", "client_id": "1"} 22.9828125
{"desc": "status", "id": "58", "client_id": "1"} 22.9828125
{"desc": "status", "id": "62", "client_id": "1"} 22.9828125
{"desc": "status", "id": "65", "client_id": "1"} 22.9828125
{"desc": "status", "id": "66", "client_id": "1"} 22.9828125
{"desc": "status", "id": "74", "client_id": "1"} 22.9828125
{"desc": "status", "id": "80", "client_id": "1"} 22.9828125
{"desc": "status", "id": "89", "client_id": "1"} 22.9828125
{"desc": "status", "id": "1", "client_id": "1"} 22.9828125
{"desc": "status", "id": "2", "client_id": "1"} 22.9828125
{"desc": "status", "id": "3", "client_id": "1"} 22.9828125
{"desc": "status", "id": "4", "client_id": "1"} 22.9828125
{"desc": "status", "id": "5", "client_id": "1"} 22.9828125
{"desc": "status", "id": "6", "client_id": "1"} 22.9828125
{"desc": "status", "id": "7", "client_id": "1"} 22.9828125
{"desc": "status", "id": "8", "client_id": "1"} 22.9828125
{"desc": "status", "id": "9", "client_id": "1"} 22.9828125
{"desc": "status", "id": "10", "client_id": "1"} 22.9828125
{"desc": "status", "id": "11", "client_id": "1"} 22.9828125
{"desc": "status", "id": "12", "client_id": "1"} 22.9828125
{"desc": "status", "id": "13", "client_id": "1"} 22.9828125
{"desc": "status", "id": "14", "client_id": "1"} 22.9828125
{"desc": "status", "id": "15", "client_id": "1"} 22.9828125
{"desc": "status", "id": "16", "client_id": "1"} 22.9828125
{"desc": "status", "id": "17", "client_id": "1"} 22.9828125
{"desc": "status", "id": "18", "client_id": "1"} 22.9828125
{"desc": "status", "id": "19", "client_id": "1"} 22.9828125
{"desc": "status", "id": "20", "client_id": "1"} 22.9828125
{"desc": "status", "id": "21", "client_id": "1"} 22.9828125
{"desc": "status", "id": "22", "client_id": "1"} 22.9828125
{"desc": "status", "id": "23", "client_id": "1"} 22.9828125
{"desc": "status", "id": "24", "client_id": "1"} 22.9828125
{"desc": "status", "id": "25", "client_id": "1"} 22.9828125
{"desc": "status", "id": "26", "client_id": "1"} 22.9828125
{"desc": "status", "id": "27", "client_id": "1"} 22.9828125
{"desc": "status", "id": "28", "client_id": "1"} 22.9828125
{"desc": "status", "id": "29", "client_id": "1"} 22.9828125
{"desc": "status", "id": "30", "client_id": "1"} 22.9828125
{"desc": "status", "id": "31", "client_id": "1"} 22.9828125
{"desc": "status", "id": "32", "client_id": "1"} 22.9828125
{"desc": "status", "id": "33", "client_id": "1"} 22.9828125
{"desc": "status", "id": "34", "client_id": "1"} 22.9828125
{"desc": "status", "id": "35", "client_id": "1"} 22.9828125
{"desc": "status", "id": "36", "client_id": "1"} 22.9828125
{"desc": "status", "id": "37", "client_id": "1"} 22.9828125
{"desc": "status", "id": "38", "client_id": "1"} 22.9828125
{"desc": "status", "id": "39", "client_id": "1"} 22.9828125
{"desc": "status", "id": "40", "client_id": "1"} 22.9828125
{"desc": "status", "id": "41", "client_id": "1"} 22.9828125
{"desc": "status", "id": "42", "client_id": "1"} 22.9828125
{"desc": "status", "id": "43", "client_id": "1"} 22.9828125
{"desc": "status", "id": "44", "client_id": "1"} 22.9828125
{"desc": "status", "id": "45", "client_id": "1"} 22.9828125
{"desc": "status", "id": "46", "client_id": "1"} 22.9828125
{"desc": "status", "id": "47", "client_id": "1"} 22.9828125
{"desc": "status", "id": "48", "client_id": "1"} 22.9828125
{"desc": "status", "id": "49", "client_id": "1"} 22.9828125
{"desc": "status", "id": "50", "client_id": "1"} 23.959375
{"desc": "status", "id": "51", "client_id": "1"} 23.959375
{"desc": "status", "id": "52", "client_id": "1"} 23.959375
{"desc": "status", "id": "53", "client_id": "1"} 23.959375
{"desc": "status", "id": "54", "client_id": "1"} 23.959375
{"desc": "status", "id": "55", "client_id": "1"} 23.959375
{"desc": "status", "id": "56", "client_id": "1"} 23.959375
{"desc": "status", "id": "57", "client_id": "1"} 23.959375
{"desc": "status", "id": "58", "client_id": "1"} 23.959375
{"desc": "status", "id": "59", "client_id": "1"} 23.959375
{"desc": "status", "id": "60", "client_id": "1"} 23.959375
{"desc": "status", "id": "61", "client_id": "1"} 23.959375
{"desc": "status", "id": "62", "client_id": "1"} 23.959375
{"desc": "status", "id": "63", "client_id": "1"} 23.959375
{"desc": "status", "id": "64", "client_id": "1"} 23.959375
{"desc": "status", "id": "65", "client_id": "1"} 23.959375
{"desc": "status", "id": "66", "client_id": "1"} 23.959375
{"desc": "status", "id": "67", "client_id": "1"} 23.959375
{"desc": "status", "id": "68", "client_id": "1"} 23.959375
{"desc": "status", "id": "69", "client_id": "1"} 23.959375
{"desc": "status", "id": "70", "client_id": "1"} 23.959375
{"desc": "status", "id": "71", "client_id": "1"} 23.959375
{"desc": "status", "id": "72", "client_id": "1"} 23.959375
{"desc": "status", "id": "73", "client_id": "1"} 23.959375
{"desc": "status", "id": "74", "client_id": "1"} 23.959375
{"desc": "status", "id": "75", "client_id": "1"} 23.959375
{"desc": "status", "id": "76", "client_id": "1"} 23.959375
{"desc": "status", "id": "77", "client_id": "1"} 23.959375
{"desc": "status", "id": "78", "client_id": "1"} 23.959375
{"desc": "status", "id": "79", "client_id": "1"} 23.959375
{"desc": "status", "id": "80", "client_id": "1"} 23.959375
{"desc": "status", "id": "81", "client_id": "1"} 23.959375
{"desc": "status", "id": "82", "client_id": "1"} 23.959375
{"desc": "status", "id": "83", "client_id": "1"} 23.959375
{"desc": "status", "id": "84", "client_id": "1"} 23.959375
{"desc": "status", "id": "85", "client_id": "1"} 23.959375
{"desc": "status", "id": "86", "client_id": "1"} 23.959375
{"desc": "status", "id": "87", "client_id": "1"} 23.959375
{"desc": "status", "id": "88", "client_id": "1"} 23.959375
{"desc": "status", "id": "89", "client_id": "1"} 23.959375
{"desc": "status", "id": "90", "client_id": "1"} 23.959375
{"desc": "status", "id": "9", "client_id": "1"} 23.959375
{"desc": "status", "id": "25", "client_id": "1"} 23.959375
{"desc": "status", "id": "42", "client_id": "1"} 23.959375
{"desc": "status", "id": "67", "client_id": "1"} 23.959375
{"desc": "status", "id": "78", "client_id": "1"} 23.959375
{"desc": "status", "id": "81", "client_id": "1"} 23.959375
{"desc": "status", "id": "83", "client_id": "1"} 23.959375
{"desc": "status", "id": "24", "client_id": "1"} 23.959375
{"desc": "status", "id": "84", "client_id": "1"} 23.959375
{"desc": "status", "id": "13", "client_id": "1"} 23.959375
{"desc": "status", "id": "60", "client_id": "1"} 23.959375
{"desc": "status", "id": "77", "client_id": "1"} 23.959375
{"desc": "status", "id": "6", "client_id": "1"} 23.959375
{"desc": "status", "id": "7", "client_id": "1"} 23.959375
{"desc": "status", "id": "17", "client_id": "1"} 23.959375
{"desc": "status", "id": "18", "client_id": "1"} 23.959375
{"desc": "status", "id": "27", "client_id": "1"} 23.959375
{"desc": "status", "id": "33", "client_id": "1"} 23.959375
{"desc": "status", "id": "37", "client_id": "1"} 23.959375
{"desc": "status", "id": "45", "client_id": "1"} 23.959375
{"desc": "status", "id": "47", "client_id": "1"} 23.959375
{"desc": "status", "id": "53", "client_id": "1"} 23.959375
{"desc": "status", "id": "58", "client_id": "1"} 23.959375
{"desc": "status", "id": "62", "client_id": "1"} 23.959375
{"desc": "status", "id": "65", "client_id": "1"} 23.959375
{"desc": "status", "id": "66", "client_id": "1"} 23.959375
{"desc": "status", "id": "74", "client_id": "1"} 23.959375
{"desc": "status", "id": "80", "client_id": "1"} 23.959375
{"desc": "status", "id": "89", "client_id": "1"} 23.959375
{"desc": "status", "id": "81", "client_id": "1"} 23.959375
{"desc": "status", "id": "83", "client_id": "1"} 23.959375
{"desc": "status", "id": "81", "client_id": "1"} 23.959375
{"desc": "migration", "id": "18"} 23.959375
{"desc": "migration", "id": "44"} 23.959375
{"desc": "migration", "id": "53"} 23.959375
{"desc": "migration", "id": "55"} 23.959375
{"desc": "migration", "id": "58"} 23.959375
{"desc": "migration", "id": "77"} 23.959375
{"desc": "migration", "id": "90"} 23.959375
{"desc": "migration", "id": "77"} 23.959375
{"desc": "migration", "id": "18"} 23.959375
{"desc": "migration", "id": "53"} 23.959375
{"desc": "migration", "id": "58"} 23.959375
{"desc": "migration", "id": "12"} 23.959375
{"desc": "migration", "id": "18"} 23.959375
{"desc": "migration", "id": "38"} 23.959375
{"desc": "migration", "id": "77"} 23.959375
{"desc": "migration", "id": "88"} 23.959375
{"desc": "migration", "id": "90"} 23.959375
{"desc": "migration", "id": "77"} 23.959375
{"desc": "status", "id": "1", "client_id": "1"} 23.959375
{"desc": "status", "id": "2", "client_id": "1"} 23.959375
{"desc": "status", "id": "3", "client_id": "1"} 23.959375
{"desc": "status", "id": "4", "client_id": "1"} 23.959375
{"desc": "status", "id": "5", "client_id": "1"} 23.959375
{"desc": "status", "id": "6", "client_id": "1"} 23.959375
{"desc": "status", "id": "7", "client_id": "1"} 23.959375
{"desc": "status", "id": "8", "client_id": "1"} 23.959375
{"desc": "status", "id": "9", "client_id": "1"} 23.959375
{"desc": "status", "id": "10", "client_id": "1"} 23.959375
{"desc": "status", "id": "11", "client_id": "1"} 23.959375
{"desc": "status", "id": "12", "client_id": "1"} 23.959375
{"desc": "status", "id": "13", "client_id": "1"} 23.959375
{"desc": "status", "id": "14", "client_id": "1"} 23.959375
{"desc": "status", "id": "15", "client_id": "1"} 23.959375
{"desc": "status", "id": "16", "client_id": "1"} 23.959375
{"desc": "status", "id": "17", "client_id": "1"} 23.959375
{"desc": "status", "id": "18", "client_id": "1"} 23.959375
{"desc": "status", "id": "19", "client_id": "1"} 23.959375
{"desc": "status", "id": "20", "client_id": "1"} 23.959375
{"desc": "status", "id": "21", "client_id": "1"} 23.959375
{"desc": "status", "id": "22", "client_id": "1"} 23.959375
{"desc": "status", "id": "23", "client_id": "1"} 23.959375
{"desc": "status", "id": "24", "client_id": "1"} 23.959375
{"desc": "status", "id": "25", "client_id": "1"} 23.959375
{"desc": "status", "id": "26", "client_id": "1"} 23.959375
{"desc": "status", "id": "27", "client_id": "1"} 23.959375
{"desc": "status", "id": "28", "client_id": "1"} 23.959375
{"desc": "status", "id": "29", "client_id": "1"} 23.959375
{"desc": "status", "id": "30", "client_id": "1"} 23.959375
{"desc": "status", "id": "31", "client_id": "1"} 23.959375
{"desc": "status", "id": "32", "client_id": "1"} 23.959375
{"desc": "status", "id": "33", "client_id": "1"} 23.959375
{"desc": "status", "id": "34", "client_id": "1"} 23.959375
{"desc": "status", "id": "35", "client_id": "1"} 23.959375
{"desc": "status", "id": "36", "client_id": "1"} 23.959375
{"desc": "status", "id": "37", "client_id": "1"} 23.959375
{"desc": "status", "id": "38", "client_id": "1"} 23.959375
{"desc": "status", "id": "39", "client_id": "1"} 23.959375
{"desc": "status", "id": "40", "client_id": "1"} 23.959375
{"desc": "status", "id": "41", "client_id": "1"} 23.959375
{"desc": "status", "id": "42", "client_id": "1"} 23.959375
{"desc": "status", "id": "43", "client_id": "1"} 23.959375
{"desc": "status", "id": "44", "client_id": "1"} 23.959375
{"desc": "status", "id": "45", "client_id": "1"} 23.959375
{"desc": "status", "id": "46", "client_id": "1"} 23.959375
{"desc": "status", "id": "47", "client_id": "1"} 23.959375
{"desc": "status", "id": "48", "client_id": "1"} 23.959375
{"desc": "status", "id": "49", "client_id": "1"} 23.959375
{"desc": "status", "id": "50", "client_id": "1"} 23.959375
{"desc": "status", "id": "51", "client_id": "1"} 23.959375
{"desc": "status", "id": "52", "client_id": "1"} 23.959375
{"desc": "status", "id": "53", "client_id": "1"} 23.959375
{"desc": "status", "id": "54", "client_id": "1"} 23.959375
{"desc": "status", "id": "55", "client_id": "1"} 23.959375
{"desc": "status", "id": "56", "client_id": "1"} 23.959375
{"desc": "status", "id": "57", "client_id": "1"} 23.959375
{"desc": "status", "id": "58", "client_id": "1"} 23.959375
{"desc": "status", "id": "59", "client_id": "1"} 23.959375
{"desc": "status", "id": "60", "client_id": "1"} 23.959375
{"desc": "status", "id": "61", "client_id": "1"} 23.959375
{"desc": "status", "id": "62", "client_id": "1"} 23.959375
{"desc": "status", "id": "63", "client_id": "1"} 23.959375
{"desc": "status", "id": "64", "client_id": "1"} 23.959375
{"desc": "status", "id": "65", "client_id": "1"} 23.959375
{"desc": "status", "id": "66", "client_id": "1"} 23.959375
{"desc": "status", "id": "67", "client_id": "1"} 23.959375
{"desc": "status", "id": "68", "client_id": "1"} 23.959375
{"desc": "status", "id": "69", "client_id": "1"} 23.959375
{"desc": "status", "id": "70", "client_id": "1"} 23.959375
{"desc": "status", "id": "71", "client_id": "1"} 23.959375
{"desc": "status", "id": "72", "client_id": "1"} 23.959375
{"desc": "status", "id": "73", "client_id": "1"} 23.959375
{"desc": "status", "id": "74", "client_id": "1"} 23.959375
{"desc": "status", "id": "75", "client_id": "1"} 23.959375
{"desc": "status", "id": "76", "client_id": "1"} 23.959375
{"desc": "status", "id": "77", "client_id": "1"} 23.959375
{"desc": "status", "id": "78", "client_id": "1"} 23.959375
{"desc": "status", "id": "79", "client_id": "1"} 23.959375
{"desc": "status", "id": "80", "client_id": "1"} 23.959375
{"desc": "status", "id": "81", "client_id": "1"} 23.959375
{"desc": "status", "id": "82", "client_id": "1"} 23.959375
{"desc": "status", "id": "83", "client_id": "1"} 23.959375
{"desc": "status", "id": "84", "client_id": "1"} 23.959375
{"desc": "status", "id": "85", "client_id": "1"} 23.959375
{"desc": "status", "id": "86", "client_id": "1"} 23.959375
{"desc": "status", "id": "87", "client_id": "1"} 23.959375
{"desc": "status", "id": "88", "client_id": "1"} 23.959375
{"desc": "status", "id": "89", "client_id": "1"} 23.959375
{"desc": "status", "id": "90", "client_id": "1"} 23.959375
{"desc": "status", "id": "9", "client_id": "1"} 23.959375
{"desc": "status", "id": "25", "client_id": "1"} 23.959375
{"desc": "status", "id": "42", "client_id": "1"} 23.959375
{"desc": "status", "id": "67", "client_id": "1"} 23.959375
{"desc": "status", "id": "78", "client_id": "1"} 23.959375
{"desc": "status", "id": "81", "client_id": "1"} 23.959375
{"desc": "status", "id": "83", "client_id": "1"} 23.959375
{"desc": "status", "id": "24", "client_id": "1"} 23.959375
{"desc": "status", "id": "84", "client_id": "1"} 23.959375
{"desc": "status", "id": "13", "client_id": "1"} 23.959375
{"desc": "status", "id": "60", "client_id": "1"} 23.959375
{"desc": "status", "id": "77", "client_id": "1"} 23.959375
{"desc": "status", "id": "6", "client_id": "1"} 23.959375
{"desc": "status", "id": "7", "client_id": "1"} 23.959375
{"desc": "status", "id": "17", "client_id": "1"} 23.959375
{"desc": "status", "id": "18", "client_id": "1"} 23.959375
{"desc": "status", "id": "27", "client_id": "1"} 23.959375
{"desc": "status", "id": "33", "client_id": "1"} 23.959375
{"desc": "status", "id": "37", "client_id": "1"} 23.959375
{"desc": "status", "id": "45", "client_id": "1"} 23.959375
{"desc": "status", "id": "47", "client_id": "1"} 23.959375
{"desc": "status", "id": "53", "client_id": "1"} 23.959375
{"desc": "status", "id": "58", "client_id": "1"} 23.959375
{"desc": "status", "id": "62", "client_id": "1"} 23.959375
{"desc": "status", "id": "65", "client_id": "1"} 23.959375
{"desc": "status", "id": "66", "client_id": "1"} 23.959375
{"desc": "status", "id": "74", "client_id": "1"} 23.959375
{"desc": "status", "id": "80", "client_id": "1"} 23.959375
{"desc": "status", "id": "89", "client_id": "1"} 23.959375
{"desc": "status", "id": "81", "client_id": "1"} 23.959375
{"desc": "status", "id": "83", "client_id": "1"} 23.959375
{"desc": "status", "id": "81", "client_id": "1"} 23.959375
{"desc": "migration", "id": "4"} 24.959375
{"desc": "migration", "id": "5"} 24.959375
{"desc": "migration", "id": "11"} 24.959375
{"desc": "migration", "id": "22"} 24.959375
{"desc": "migration", "id": "30"} 24.959375
{"desc": "migration", "id": "32"} 24.959375
{"desc": "migration", "id": "39"} 24.959375
{"desc": "migration", "id": "43"} 24.959375
{"desc": "migration", "id": "46"} 24.959375
{"desc": "migration", "id": "48"} 24.959375
{"desc": "migration", "id": "57"} 24.959375
{"desc": "migration", "id": "60"} 24.959375
{"desc": "migration", "id": "61"} 24.959375
{"desc": "migration", "id": "63"} 24.959375
{"desc": "migration", "id": "64"} 24.959375
{"desc": "migration", "id": "68"} 24.959375
{"desc": "migration", "id": "73"} 24.959375
{"desc": "migration", "id": "82"} 24.959375
{"desc": "migration", "id": "86"} 24.959375
{"desc": "status", "id": "1", "client_id": "1"} 24.959375
{"desc": "status", "id": "2", "client_id": "1"} 24.959375
{"desc": "status", "id": "3", "client_id": "1"} 24.959375
{"desc": "status", "id": "4", "client_id": "1"} 24.959375
{"desc": "status", "id": "5", "client_id": "1"} 24.959375
{"desc": "status", "id": "6", "client_id": "1"} 24.959375
{"desc": "status", "id": "7", "client_id": "1"} 24.959375
{"desc": "status", "id": "8", "client_id": "1"} 24.959375
{"desc": "status", "id": "9", "client_id": "1"} 24.959375
{"desc": "status", "id": "10", "client_id": "1"} 24.959375
{"desc": "status", "id": "11", "client_id": "1"} 24.959375
{"desc": "status", "id": "12", "client_id": "1"} 24.959375
{"desc": "status", "id": "13", "client_id": "1"} 24.959375
{"desc": "status", "id": "14", "client_id": "1"} 24.959375
{"desc": "status", "id": "15", "client_id": "1"} 24.959375
{"desc": "status", "id": "16", "client_id": "1"} 24.959375
{"desc": "status", "id": "17", "client_id": "1"} 24.959375
{"desc": "status", "id": "18", "client_id": "1"} 24.959375
{"desc": "status", "id": "19", "client_id": "1"} 24.959375
{"desc": "status", "id": "20", "client_id": "1"} 24.959375
{"desc": "status", "id": "21", "client_id": "1"} 24.959375
{"desc": "status", "id": "22", "client_id": "1"} 24.959375
{"desc": "status", "id": "23", "client_id": "1"} 24.959375
{"desc": "status", "id": "24", "client_id": "1"} 24.959375
{"desc": "status", "id": "25", "client_id": "1"} 24.959375
{"desc": "status", "id": "26", "client_id": "1"} 24.959375
{"desc": "status", "id": "27", "client_id": "1"} 24.959375
{"desc": "status", "id": "28", "client_id": "1"} 24.959375
{"desc": "status", "id": "29", "client_id": "1"} 24.959375
{"desc": "status", "id": "30", "client_id": "1"} 24.959375
{"desc": "status", "id": "31", "client_id": "1"} 24.959375
{"desc": "status", "id": "32", "client_id": "1"} 24.959375
{"desc": "status", "id": "33", "client_id": "1"} 24.959375
{"desc": "status", "id": "34", "client_id": "1"} 24.959375
{"desc": "status", "id": "35", "client_id": "1"} 24.959375
{"desc": "status", "id": "36", "client_id": "1"} 24.959375
{"desc": "status", "id": "37", "client_id": "1"} 24.959375
{"desc": "status", "id": "38", "client_id": "1"} 24.959375
{"desc": "status", "id": "39", "client_id": "1"} 24.959375
{"desc": "status", "id": "40", "client_id": "1"} 24.959375
{"desc": "status", "id": "41", "client_id": "1"} 24.959375
{"desc": "status", "id": "42", "client_id": "1"} 24.959375
{"desc": "status", "id": "43", "client_id": "1"} 24.959375
{"desc": "status", "id": "44", "client_id": "1"} 24.959375
{"desc": "status", "id": "45", "client_id": "1"} 24.959375
{"desc": "status", "id": "46", "client_id": "1"} 24.959375
{"desc": "status", "id": "47", "client_id": "1"} 24.959375
{"desc": "status", "id": "48", "client_id": "1"} 24.959375
{"desc": "status", "id": "49", "client_id": "1"} 24.959375
{"desc": "status", "id": "50", "client_id": "1"} 24.959375
{"desc": "status", "id": "51", "client_id": "1"} 24.959375
{"desc": "status", "id": "52", "client_id": "1"} 24.959375
{"desc": "status", "id": "53", "client_id": "1"} 24.959375
{"desc": "status", "id": "54", "client_id": "1"} 24.959375
{"desc": "status", "id": "55", "client_id": "1"} 24.959375
{"desc": "status", "id": "56", "client_id": "1"} 24.959375
{"desc": "status", "id": "57", "client_id": "1"} 24.959375
{"desc": "status", "id": "58", "client_id": "1"} 24.959375
{"desc": "status", "id": "59", "client_id": "1"} 24.959375
{"desc": "status", "id": "60", "client_id": "1"} 24.959375
{"desc": "status", "id": "61", "client_id": "1"} 24.959375
{"desc": "status", "id": "62", "client_id": "1"} 24.959375
{"desc": "status", "id": "63", "client_id": "1"} 24.959375
{"desc": "status", "id": "64", "client_id": "1"} 24.959375
{"desc": "status", "id": "65", "client_id": "1"} 24.959375
{"desc": "status", "id": "66", "client_id": "1"} 24.959375
{"desc": "status", "id": "67", "client_id": "1"} 24.959375
{"desc": "status", "id": "68", "client_id": "1"} 24.959375
{"desc": "status", "id": "69", "client_id": "1"} 24.959375
{"desc": "status", "id": "70", "client_id": "1"} 24.959375
{"desc": "status", "id": "71", "client_id": "1"} 24.959375
{"desc": "status", "id": "72", "client_id": "1"} 24.959375
{"desc": "status", "id": "73", "client_id": "1"} 24.959375
{"desc": "status", "id": "74", "client_id": "1"} 24.959375
{"desc": "status", "id": "75", "client_id": "1"} 24.959375
{"desc": "status", "id": "76", "client_id": "1"} 24.959375
{"desc": "status", "id": "77", "client_id": "1"} 24.959375
{"desc": "status", "id": "78", "client_id": "1"} 24.959375
{"desc": "status", "id": "79", "client_id": "1"} 24.959375
{"desc": "status", "id": "80", "client_id": "1"} 24.959375
{"desc": "status", "id": "81", "client_id": "1"} 24.959375
{"desc": "status", "id": "82", "client_id": "1"} 24.959375
{"desc": "status", "id": "83", "client_id": "1"} 24.959375
{"desc": "status", "id": "84", "client_id": "1"} 24.959375
{"desc": "status", "id": "85", "client_id": "1"} 24.959375
{"desc": "status", "id": "86", "client_id": "1"} 24.959375
{"desc": "status", "id": "87", "client_id": "1"} 24.959375
{"desc": "status", "id": "88", "client_id": "1"} 24.959375
{"desc": "status", "id": "89", "client_id": "1"} 24.959375
{"desc": "status", "id": "90", "client_id": "1"} 24.959375
{"desc": "status", "id": "9", "client_id": "1"} 24.959375
{"desc": "status", "id": "25", "client_id": "1"} 24.959375
{"desc": "status", "id": "42", "client_id": "1"} 24.959375
{"desc": "status", "id": "67", "client_id": "1"} 24.959375
{"desc": "status", "id": "78", "client_id": "1"} 24.959375
{"desc": "status", "id": "81", "client_id": "1"} 24.959375
{"desc": "status", "id": "83", "client_id": "1"} 24.959375
{"desc": "status", "id": "24", "client_id": "1"} 24.959375
{"desc": "status", "id": "84", "client_id": "1"} 24.959375
{"desc": "status", "id": "13", "client_id": "1"} 24.959375
{"desc": "status", "id": "60", "client_id": "1"} 24.959375
{"desc": "status", "id": "77", "client_id": "1"} 24.959375
{"desc": "status", "id": "6", "client_id": "1"} 24.959375
{"desc": "status", "id": "7", "client_id": "1"} 24.959375
{"desc": "status", "id": "17", "client_id": "1"} 24.959375
{"desc": "status", "id": "18", "client_id": "1"} 24.959375
{"desc": "status", "id": "27", "client_id": "1"} 24.959375
{"desc": "status", "id": "33", "client_id": "1"} 24.959375
{"desc": "status", "id": "37", "client_id": "1"} 24.959375
{"desc": "status", "id": "45", "client_id": "1"} 24.959375
{"desc": "status", "id": "47", "client_id": "1"} 24.959375
{"desc": "status", "id": "53", "client_id": "1"} 24.959375
{"desc": "status", "id": "58", "client_id": "1"} 24.959375
{"desc": "status", "id": "62", "client_id": "1"} 24.959375
{"desc": "status", "id": "65", "client_id": "1"} 24.959375
{"desc": "status", "id": "66", "client_id": "1"} 24.959375
{"desc": "status", "id": "74", "client_id": "1"} 24.959375
{"desc": "status", "id": "80", "client_id": "1"} 24.959375
{"desc": "status", "id": "89", "client_id": "1"} 24.959375
{"desc": "status", "id": "81", "client_id": "1"} 24.959375
{"desc": "status", "id": "83", "client_id": "1"} 24.959375
{"desc": "status", "id": "81", "client_id": "1"} 24.959375
{"desc": "status", "id": "71", "client_id": "1"} 24.959375
{"desc": "migration", "id": "1"} 25.9359375
{"desc": "migration", "id": "2"} 25.9359375
{"desc": "migration", "id": "6"} 25.9359375
{"desc": "migration", "id": "10"} 25.9359375
{"desc": "migration", "id": "13"} 25.9359375
{"desc": "migration", "id": "20"} 25.9359375
{"desc": "migration", "id": "26"} 25.9359375
{"desc": "migration", "id": "36"} 25.9359375
{"desc": "migration", "id": "40"} 25.9359375
{"desc": "migration", "id": "67"} 25.9359375
{"desc": "migration", "id": "72"} 25.9359375
{"desc": "migration", "id": "75"} 25.9359375
{"desc": "migration", "id": "79"} 25.9359375
{"desc": "migration", "id": "80"} 25.9359375
{"desc": "migration", "id": "83"} 25.9359375
{"desc": "migration", "id": "89"} 25.9359375
{"desc": "migration", "id": "67"} 25.9359375
{"desc": "migration", "id": "83"} 25.9359375
{"desc": "migration", "id": "53"} 25.9359375
{"desc": "migration", "id": "58"} 25.9359375
{"desc": "migration", "id": "80"} 25.9359375
{"desc": "migration", "id": "89"} 25.9359375
{"desc": "migration", "id": "83"} 25.9359375
{"desc": "status", "id": "1", "client_id": "1"} 25.9359375
{"desc": "status", "id": "2", "client_id": "1"} 25.9359375
{"desc": "status", "id": "3", "client_id": "1"} 25.9359375
{"desc": "status", "id": "4", "client_id": "1"} 25.9359375
{"desc": "status", "id": "5", "client_id": "1"} 25.9359375
{"desc": "status", "id": "6", "client_id": "1"} 25.9359375
{"desc": "status", "id": "7", "client_id": "1"} 25.9359375
{"desc": "status", "id": "8", "client_id": "1"} 25.9359375
{"desc": "status", "id": "9", "client_id": "1"} 25.9359375
{"desc": "status", "id": "10", "client_id": "1"} 25.9359375
{"desc": "status", "id": "11", "client_id": "1"} 25.9359375
{"desc": "status", "id": "12", "client_id": "1"} 25.9359375
{"desc": "status", "id": "13", "client_id": "1"} 25.9359375
{"desc": "status", "id": "14", "client_id": "1"} 25.9359375
{"desc": "status", "id": "15", "client_id": "1"} 25.9359375
{"desc": "status", "id": "16", "client_id": "1"} 25.9359375
{"desc": "status", "id": "17", "client_id": "1"} 25.9359375
{"desc": "status", "id": "18", "client_id": "1"} 25.9359375
{"desc": "status", "id": "19", "client_id": "1"} 25.9359375
{"desc": "status", "id": "20", "client_id": "1"} 25.9359375
{"desc": "status", "id": "21", "client_id": "1"} 25.9359375
{"desc": "status", "id": "22", "client_id": "1"} 25.9359375
{"desc": "status", "id": "23", "client_id": "1"} 25.9359375
{"desc": "status", "id": "24", "client_id": "1"} 25.9359375
{"desc": "status", "id": "25", "client_id": "1"} 25.9359375
{"desc": "status", "id": "26", "client_id": "1"} 25.9359375
{"desc": "status", "id": "27", "client_id": "1"} 25.9359375
{"desc": "status", "id": "28", "client_id": "1"} 25.9359375
{"desc": "status", "id": "29", "client_id": "1"} 25.9359375
{"desc": "status", "id": "30", "client_id": "1"} 25.9359375
{"desc": "status", "id": "31", "client_id": "1"} 25.9359375
{"desc": "status", "id": "32", "client_id": "1"} 25.9359375
{"desc": "status", "id": "33", "client_id": "1"} 25.9359375
{"desc": "status", "id": "34", "client_id": "1"} 25.9359375
{"desc": "status", "id": "35", "client_id": "1"} 25.9359375
{"desc": "status", "id": "36", "client_id": "1"} 25.9359375
{"desc": "status", "id": "37", "client_id": "1"} 25.9359375
{"desc": "status", "id": "38", "client_id": "1"} 25.9359375
{"desc": "status", "id": "39", "client_id": "1"} 25.9359375
{"desc": "status", "id": "40", "client_id": "1"} 25.9359375
{"desc": "status", "id": "41", "client_id": "1"} 25.9359375
{"desc": "status", "id": "42", "client_id": "1"} 25.9359375
{"desc": "status", "id": "43", "client_id": "1"} 25.9359375
{"desc": "status", "id": "44", "client_id": "1"} 25.9359375
{"desc": "status", "id": "45", "client_id": "1"} 25.9359375
{"desc": "status", "id": "46", "client_id": "1"} 25.9359375
{"desc": "status", "id": "47", "client_id": "1"} 25.9359375
{"desc": "status", "id": "48", "client_id": "1"} 25.9359375
{"desc": "status", "id": "49", "client_id": "1"} 25.9359375
{"desc": "status", "id": "50", "client_id": "1"} 25.9359375
{"desc": "status", "id": "51", "client_id": "1"} 25.9359375
{"desc": "status", "id": "52", "client_id": "1"} 25.9359375
{"desc": "status", "id": "53", "client_id": "1"} 25.9359375
{"desc": "status", "id": "54", "client_id": "1"} 25.9359375
{"desc": "status", "id": "55", "client_id": "1"} 25.9359375
{"desc": "status", "id": "56", "client_id": "1"} 25.9359375
{"desc": "status", "id": "57", "client_id": "1"} 25.9359375
{"desc": "status", "id": "58", "client_id": "1"} 25.9359375
{"desc": "status", "id": "59", "client_id": "1"} 25.9359375
{"desc": "status", "id": "60", "client_id": "1"} 25.9359375
{"desc": "status", "id": "61", "client_id": "1"} 25.9359375
{"desc": "status", "id": "62", "client_id": "1"} 25.9359375
{"desc": "status", "id": "63", "client_id": "1"} 25.9359375
{"desc": "status", "id": "64", "client_id": "1"} 25.9359375
{"desc": "status", "id": "65", "client_id": "1"} 25.9359375
{"desc": "status", "id": "66", "client_id": "1"} 25.9359375
{"desc": "status", "id": "67", "client_id": "1"} 25.9359375
{"desc": "status", "id": "68", "client_id": "1"} 25.9359375
{"desc": "status", "id": "69", "client_id": "1"} 25.9359375
{"desc": "status", "id": "70", "client_id": "1"} 25.9359375
{"desc": "status", "id": "71", "client_id": "1"} 25.9359375
{"desc": "status", "id": "72", "client_id": "1"} 25.9359375
{"desc": "status", "id": "73", "client_id": "1"} 25.9359375
{"desc": "status", "id": "74", "client_id": "1"} 25.9359375
{"desc": "status", "id": "75", "client_id": "1"} 25.9359375
{"desc": "status", "id": "76", "client_id": "1"} 25.9359375
{"desc": "status", "id": "77", "client_id": "1"} 25.9359375
{"desc": "status", "id": "78", "client_id": "1"} 25.9359375
{"desc": "status", "id": "79", "client_id": "1"} 25.9359375
{"desc": "status", "id": "80", "client_id": "1"} 25.9359375
{"desc": "status", "id": "81", "client_id": "1"} 25.9359375
{"desc": "status", "id": "82", "client_id": "1"} 25.9359375
{"desc": "status", "id": "83", "client_id": "1"} 25.9359375
{"desc": "status", "id": "84", "client_id": "1"} 25.9359375
{"desc": "status", "id": "85", "client_id": "1"} 25.9359375
{"desc": "status", "id": "86", "client_id": "1"} 25.9359375
{"desc": "status", "id": "87", "client_id": "1"} 25.9359375
{"desc": "status", "id": "88", "client_id": "1"} 25.9359375
{"desc": "status", "id": "89", "client_id": "1"} 25.9359375
{"desc": "status", "id": "90", "client_id": "1"} 25.9359375
{"desc": "status", "id": "9", "client_id": "1"} 25.9359375
{"desc": "status", "id": "25", "client_id": "1"} 25.9359375
{"desc": "status", "id": "42", "client_id": "1"} 25.9359375
{"desc": "status", "id": "67", "client_id": "1"} 25.9359375
{"desc": "status", "id": "78", "client_id": "1"} 25.9359375
{"desc": "status", "id": "81", "client_id": "1"} 25.9359375
{"desc": "status", "id": "83", "client_id": "1"} 25.9359375
{"desc": "status", "id": "24", "client_id": "1"} 25.9359375
{"desc": "status", "id": "84", "client_id": "1"} 25.9359375
{"desc": "status", "id": "13", "client_id": "1"} 25.9359375
{"desc": "status", "id": "60", "client_id": "1"} 25.9359375
{"desc": "status", "id": "77", "client_id": "1"} 25.9359375
{"desc": "status", "id": "6", "client_id": "1"} 25.9359375
{"desc": "status", "id": "7", "client_id": "1"} 25.9359375
{"desc": "status", "id": "17", "client_id": "1"} 25.9359375
{"desc": "status", "id": "18", "client_id": "1"} 25.9359375
{"desc": "status", "id": "27", "client_id": "1"} 25.9359375
{"desc": "status", "id": "33", "client_id": "1"} 25.9359375
{"desc": "status", "id": "37", "client_id": "1"} 25.9359375
{"desc": "status", "id": "45", "client_id": "1"} 25.9359375
{"desc": "status", "id": "47", "client_id": "1"} 25.9359375
{"desc": "status", "id": "53", "client_id": "1"} 25.9359375
{"desc": "status", "id": "58", "client_id": "1"} 25.9359375
{"desc": "status", "id": "62", "client_id": "1"} 25.9359375
{"desc": "status", "id": "65", "client_id": "1"} 25.9359375
{"desc": "status", "id": "66", "client_id": "1"} 25.9359375
{"desc": "status", "id": "74", "client_id": "1"} 25.9359375
{"desc": "status", "id": "80", "client_id": "1"} 25.9359375
{"desc": "status", "id": "89", "client_id": "1"} 25.9359375
{"desc": "status", "id": "81", "client_id": "1"} 25.9359375
{"desc": "status", "id": "83", "client_id": "1"} 25.9359375
{"desc": "status", "id": "81", "client_id": "1"} 25.9359375
{"desc": "status", "id": "71", "client_id": "1"} 25.9359375
{"desc": "migration", "id": "18"} 26.9125
{"desc": "migration", "id": "34"} 26.9125
{"desc": "migration", "id": "41"} 26.9125
{"desc": "migration", "id": "56"} 26.9125
{"desc": "migration", "id": "70"} 26.9125
{"desc": "status", "id": "1", "client_id": "1"} 26.9125
{"desc": "status", "id": "2", "client_id": "1"} 26.9125
{"desc": "status", "id": "3", "client_id": "1"} 26.9125
{"desc": "status", "id": "4", "client_id": "1"} 26.9125
{"desc": "status", "id": "5", "client_id": "1"} 26.9125
{"desc": "status", "id": "6", "client_id": "1"} 26.9125
{"desc": "status", "id": "7", "client_id": "1"} 26.9125
{"desc": "status", "id": "8", "client_id": "1"} 26.9125
{"desc": "status", "id": "9", "client_id": "1"} 26.9125
{"desc": "status", "id": "10", "client_id": "1"} 26.9125
{"desc": "status", "id": "11", "client_id": "1"} 26.9125
{"desc": "status", "id": "12", "client_id": "1"} 26.9125
{"desc": "status", "id": "13", "client_id": "1"} 26.9125
{"desc": "status", "id": "14", "client_id": "1"} 26.9125
{"desc": "status", "id": "15", "client_id": "1"} 26.9125
{"desc": "status", "id": "16", "client_id": "1"} 26.9125
{"desc": "status", "id": "17", "client_id": "1"} 26.9125
{"desc": "status", "id": "18", "client_id": "1"} 26.9125
{"desc": "status", "id": "19", "client_id": "1"} 26.9125
{"desc": "status", "id": "20", "client_id": "1"} 26.9125
{"desc": "status", "id": "21", "client_id": "1"} 26.9125
{"desc": "status", "id": "22", "client_id": "1"} 26.9125
{"desc": "status", "id": "23", "client_id": "1"} 26.9125
{"desc": "status", "id": "24", "client_id": "1"} 26.9125
{"desc": "status", "id": "25", "client_id": "1"} 26.9125
{"desc": "status", "id": "26", "client_id": "1"} 26.9125
{"desc": "status", "id": "27", "client_id": "1"} 26.9125
{"desc": "status", "id": "28", "client_id": "1"} 26.9125
{"desc": "status", "id": "29", "client_id": "1"} 26.9125
{"desc": "status", "id": "30", "client_id": "1"} 26.9125
{"desc": "status", "id": "31", "client_id": "1"} 26.9125
{"desc": "status", "id": "32", "client_id": "1"} 26.9125
{"desc": "status", "id": "33", "client_id": "1"} 26.9125
{"desc": "status", "id": "34", "client_id": "1"} 26.9125
{"desc": "status", "id": "35", "client_id": "1"} 26.9125
{"desc": "status", "id": "36", "client_id": "1"} 26.9125
{"desc": "status", "id": "37", "client_id": "1"} 26.9125
{"desc": "status", "id": "38", "client_id": "1"} 26.9125
{"desc": "status", "id": "39", "client_id": "1"} 26.9125
{"desc": "status", "id": "40", "client_id": "1"} 26.9125
{"desc": "status", "id": "41", "client_id": "1"} 26.9125
{"desc": "status", "id": "42", "client_id": "1"} 26.9125
{"desc": "status", "id": "43", "client_id": "1"} 26.9125
{"desc": "status", "id": "44", "client_id": "1"} 26.9125
{"desc": "status", "id": "45", "client_id": "1"} 26.9125
{"desc": "status", "id": "46", "client_id": "1"} 26.9125
{"desc": "status", "id": "47", "client_id": "1"} 26.9125
{"desc": "status", "id": "48", "client_id": "1"} 26.9125
{"desc": "status", "id": "49", "client_id": "1"} 26.9125
{"desc": "status", "id": "50", "client_id": "1"} 26.9125
{"desc": "status", "id": "51", "client_id": "1"} 26.9125
{"desc": "status", "id": "52", "client_id": "1"} 26.9125
{"desc": "status", "id": "53", "client_id": "1"} 26.9125
{"desc": "status", "id": "54", "client_id": "1"} 26.9125
{"desc": "status", "id": "55", "client_id": "1"} 26.9125
{"desc": "status", "id": "56", "client_id": "1"} 26.9125
{"desc": "status", "id": "57", "client_id": "1"} 26.9125
{"desc": "status", "id": "58", "client_id": "1"} 26.9125
{"desc": "status", "id": "59", "client_id": "1"} 26.9125
{"desc": "status", "id": "60", "client_id": "1"} 26.9125
{"desc": "status", "id": "61", "client_id": "1"} 26.9125
{"desc": "status", "id": "62", "client_id": "1"} 26.9125
{"desc": "status", "id": "63", "client_id": "1"} 26.9125
{"desc": "status", "id": "64", "client_id": "1"} 26.9125
{"desc": "status", "id": "65", "client_id": "1"} 26.9125
{"desc": "status", "id": "66", "client_id": "1"} 26.9125
{"desc": "status", "id": "67", "client_id": "1"} 26.9125
{"desc": "status", "id": "68", "client_id": "1"} 26.9125
{"desc": "status", "id": "69", "client_id": "1"} 26.9125
{"desc": "status", "id": "70", "client_id": "1"} 26.9125
{"desc": "status", "id": "71", "client_id": "1"} 26.9125
{"desc": "status", "id": "72", "client_id": "1"} 26.9125
{"desc": "status", "id": "73", "client_id": "1"} 26.9125
{"desc": "status", "id": "74", "client_id": "1"} 26.9125
{"desc": "status", "id": "75", "client_id": "1"} 26.9125
{"desc": "status", "id": "76", "client_id": "1"} 26.9125
{"desc": "status", "id": "77", "client_id": "1"} 26.9125
{"desc": "status", "id": "78", "client_id": "1"} 26.9125
{"desc": "status", "id": "79", "client_id": "1"} 26.9125
{"desc": "status", "id": "80", "client_id": "1"} 26.9125
{"desc": "status", "id": "81", "client_id": "1"} 26.9125
{"desc": "status", "id": "82", "client_id": "1"} 26.9125
{"desc": "status", "id": "83", "client_id": "1"} 26.9125
{"desc": "status", "id": "84", "client_id": "1"} 26.9125
{"desc": "status", "id": "85", "client_id": "1"} 26.9125
{"desc": "status", "id": "86", "client_id": "1"} 26.9125
{"desc": "status", "id": "87", "client_id": "1"} 26.9125
{"desc": "status", "id": "88", "client_id": "1"} 26.9125
{"desc": "status", "id": "89", "client_id": "1"} 26.9125
{"desc": "status", "id": "90", "client_id": "1"} 26.9125
{"desc": "status", "id": "9", "client_id": "1"} 26.9125
{"desc": "status", "id": "25", "client_id": "1"} 26.9125
{"desc": "status", "id": "42", "client_id": "1"} 26.9125
{"desc": "status", "id": "67", "client_id": "1"} 26.9125
{"desc": "status", "id": "78", "client_id": "1"} 26.9125
{"desc": "status", "id": "81", "client_id": "1"} 26.9125
{"desc": "status", "id": "83", "client_id": "1"} 26.9125
{"desc": "status", "id": "24", "client_id": "1"} 26.9125
{"desc": "status", "id": "84", "client_id": "1"} 26.9125
{"desc": "status", "id": "13", "client_id": "1"} 26.9125
{"desc": "status", "id": "60", "client_id": "1"} 26.9125
{"desc": "status", "id": "77", "client_id": "1"} 26.9125
{"desc": "status", "id": "6", "client_id": "1"} 26.9125
{"desc": "status", "id": "7", "client_id": "1"} 26.9125
{"desc": "status", "id": "17", "client_id": "1"} 26.9125
{"desc": "status", "id": "18", "client_id": "1"} 26.9125
{"desc": "status", "id": "27", "client_id": "1"} 26.9125
{"desc": "status", "id": "33", "client_id": "1"} 26.9125
{"desc": "status", "id": "37", "client_id": "1"} 26.9125
{"desc": "status", "id": "45", "client_id": "1"} 26.9125
{"desc": "status", "id": "47", "client_id": "1"} 26.9125
{"desc": "status", "id": "53", "client_id": "1"} 26.9125
{"desc": "status", "id": "58", "client_id": "1"} 26.9125
{"desc": "status", "id": "62", "client_id": "1"} 26.9125
{"desc": "status", "id": "65", "client_id": "1"} 26.9125
{"desc": "status", "id": "66", "client_id": "1"} 26.9125
{"desc": "status", "id": "74", "client_id": "1"} 26.9125
{"desc": "status", "id": "80", "client_id": "1"} 26.9125
{"desc": "status", "id": "89", "client_id": "1"} 26.9125
{"desc": "status", "id": "81", "client_id": "1"} 26.9125
{"desc": "status", "id": "83", "client_id": "1"} 26.9125
{"desc": "status", "id": "81", "client_id": "1"} 26.9125
{"desc": "status", "id": "71", "client_id": "1"} 26.9125
{"desc": "status", "id": "53", "client_id": "1"} 26.9125
{"desc": "status", "id": "77", "client_id": "1"} 26.9125
{"desc": "status", "id": "53", "client_id": "1"} 26.9125
{"desc": "status", "id": "38", "client_id": "1"} 26.9125
{"desc": "status", "id": "88", "client_id": "1"} 26.9125
{"desc": "status", "id": "90", "client_id": "1"} 26.9125
{"desc": "status", "id": "11", "client_id": "1"} 26.9125
{"desc": "status", "id": "30", "client_id": "1"} 26.9125
{"desc": "status", "id": "43", "client_id": "1"} 26.9125
{"desc": "status", "id": "61", "client_id": "1"} 26.9125
{"desc": "status", "id": "63", "client_id": "1"} 26.9125
{"desc": "status", "id": "64", "client_id": "1"} 26.9125
{"desc": "migration", "id": "8"} 27.8890625
{"desc": "migration", "id": "19"} 27.8890625
{"desc": "migration", "id": "52"} 27.8890625
{"desc": "migration", "id": "60"} 27.8890625
{"desc": "migration", "id": "62"} 27.8890625
{"desc": "migration", "id": "62"} 27.8890625
{"desc": "migration", "id": "83"} 27.8890625
{"desc": "status", "id": "1", "client_id": "1"} 27.8890625
{"desc": "status", "id": "2", "client_id": "1"} 27.8890625
{"desc": "status", "id": "3", "client_id": "1"} 27.8890625
{"desc": "status", "id": "4", "client_id": "1"} 27.8890625
{"desc": "status", "id": "5", "client_id": "1"} 27.8890625
{"desc": "status", "id": "6", "client_id": "1"} 27.8890625
{"desc": "status", "id": "7", "client_id": "1"} 27.8890625
{"desc": "status", "id": "8", "client_id": "1"} 27.8890625
{"desc": "status", "id": "9", "client_id": "1"} 27.8890625
{"desc": "status", "id": "10", "client_id": "1"} 27.8890625
{"desc": "status", "id": "11", "client_id": "1"} 27.8890625
{"desc": "status", "id": "12", "client_id": "1"} 27.8890625
{"desc": "status", "id": "13", "client_id": "1"} 27.8890625
{"desc": "status", "id": "14", "client_id": "1"} 27.8890625
{"desc": "status", "id": "15", "client_id": "1"} 27.8890625
{"desc": "status", "id": "16", "client_id": "1"} 27.8890625
{"desc": "status", "id": "17", "client_id": "1"} 27.8890625
{"desc": "status", "id": "18", "client_id": "1"} 27.8890625
{"desc": "status", "id": "19", "client_id": "1"} 27.8890625
{"desc": "status", "id": "20", "client_id": "1"} 27.8890625
{"desc": "status", "id": "21", "client_id": "1"} 27.8890625
{"desc": "status", "id": "22", "client_id": "1"} 27.8890625
{"desc": "status", "id": "23", "client_id": "1"} 27.8890625
{"desc": "status", "id": "24", "client_id": "1"} 27.8890625
{"desc": "status", "id": "25", "client_id": "1"} 27.8890625
{"desc": "status", "id": "26", "client_id": "1"} 27.8890625
{"desc": "status", "id": "27", "client_id": "1"} 27.8890625
{"desc": "status", "id": "28", "client_id": "1"} 27.8890625
{"desc": "status", "id": "29", "client_id": "1"} 27.8890625
{"desc": "status", "id": "30", "client_id": "1"} 27.8890625
{"desc": "status", "id": "31", "client_id": "1"} 27.8890625
{"desc": "status", "id": "32", "client_id": "1"} 27.8890625
{"desc": "status", "id": "33", "client_id": "1"} 27.8890625
{"desc": "status", "id": "34", "client_id": "1"} 27.8890625
{"desc": "status", "id": "35", "client_id": "1"} 27.8890625
{"desc": "status", "id": "36", "client_id": "1"} 27.8890625
{"desc": "status", "id": "37", "client_id": "1"} 27.8890625
{"desc": "status", "id": "38", "client_id": "1"} 27.8890625
{"desc": "status", "id": "39", "client_id": "1"} 27.8890625
{"desc": "status", "id": "40", "client_id": "1"} 27.8890625
{"desc": "status", "id": "41", "client_id": "1"} 27.8890625
{"desc": "status", "id": "42", "client_id": "1"} 27.8890625
{"desc": "status", "id": "43", "client_id": "1"} 27.8890625
{"desc": "status", "id": "44", "client_id": "1"} 27.8890625
{"desc": "status", "id": "45", "client_id": "1"} 27.8890625
{"desc": "status", "id": "46", "client_id": "1"} 27.8890625
{"desc": "status", "id": "47", "client_id": "1"} 27.8890625
{"desc": "status", "id": "48", "client_id": "1"} 27.8890625
{"desc": "status", "id": "49", "client_id": "1"} 27.8890625
{"desc": "status", "id": "50", "client_id": "1"} 27.8890625
{"desc": "status", "id": "51", "client_id": "1"} 27.8890625
{"desc": "status", "id": "52", "client_id": "1"} 27.8890625
{"desc": "status", "id": "53", "client_id": "1"} 27.8890625
{"desc": "status", "id": "54", "client_id": "1"} 27.8890625
{"desc": "status", "id": "55", "client_id": "1"} 27.8890625
{"desc": "status", "id": "56", "client_id": "1"} 27.8890625
{"desc": "status", "id": "57", "client_id": "1"} 27.8890625
{"desc": "status", "id": "58", "client_id": "1"} 27.8890625
{"desc": "status", "id": "59", "client_id": "1"} 27.8890625
{"desc": "status", "id": "60", "client_id": "1"} 27.8890625
{"desc": "status", "id": "61", "client_id": "1"} 27.8890625
{"desc": "status", "id": "62", "client_id": "1"} 27.8890625
{"desc": "status", "id": "63", "client_id": "1"} 27.8890625
{"desc": "status", "id": "64", "client_id": "1"} 27.8890625
{"desc": "status", "id": "65", "client_id": "1"} 27.8890625
{"desc": "status", "id": "66", "client_id": "1"} 27.8890625
{"desc": "status", "id": "67", "client_id": "1"} 27.8890625
{"desc": "status", "id": "68", "client_id": "1"} 27.8890625
{"desc": "status", "id": "69", "client_id": "1"} 27.8890625
{"desc": "status", "id": "70", "client_id": "1"} 27.8890625
{"desc": "status", "id": "71", "client_id": "1"} 27.8890625
{"desc": "status", "id": "72", "client_id": "1"} 27.8890625
{"desc": "status", "id": "73", "client_id": "1"} 27.8890625
{"desc": "status", "id": "74", "client_id": "1"} 27.8890625
{"desc": "status", "id": "75", "client_id": "1"} 27.8890625
{"desc": "status", "id": "76", "client_id": "1"} 27.8890625
{"desc": "status", "id": "77", "client_id": "1"} 27.8890625
{"desc": "status", "id": "78", "client_id": "1"} 27.8890625
{"desc": "status", "id": "79", "client_id": "1"} 27.8890625
{"desc": "status", "id": "80", "client_id": "1"} 27.8890625
{"desc": "status", "id": "81", "client_id": "1"} 27.8890625
{"desc": "status", "id": "82", "client_id": "1"} 27.8890625
{"desc": "status", "id": "83", "client_id": "1"} 27.8890625
{"desc": "status", "id": "84", "client_id": "1"} 27.8890625
{"desc": "status", "id": "85", "client_id": "1"} 27.8890625
{"desc": "status", "id": "86", "client_id": "1"} 27.8890625
{"desc": "status", "id": "87", "client_id": "1"} 27.8890625
{"desc": "status", "id": "88", "client_id": "1"} 27.8890625
{"desc": "status", "id": "89", "client_id": "1"} 27.8890625
{"desc": "status", "id": "90", "client_id": "1"} 27.8890625
{"desc": "status", "id": "9", "client_id": "1"} 27.8890625
{"desc": "status", "id": "25", "client_id": "1"} 27.8890625
{"desc": "status", "id": "42", "client_id": "1"} 27.8890625
{"desc": "status", "id": "67", "client_id": "1"} 27.8890625
{"desc": "status", "id": "78", "client_id": "1"} 27.8890625
{"desc": "status", "id": "81", "client_id": "1"} 27.8890625
{"desc": "status", "id": "83", "client_id": "1"} 27.8890625
{"desc": "status", "id": "24", "client_id": "1"} 27.8890625
{"desc": "status", "id": "84", "client_id": "1"} 27.8890625
{"desc": "status", "id": "13", "client_id": "1"} 27.8890625
{"desc": "status", "id": "60", "client_id": "1"} 27.8890625
{"desc": "status", "id": "77", "client_id": "1"} 27.8890625
{"desc": "status", "id": "6", "client_id": "1"} 27.8890625
{"desc": "status", "id": "7", "client_id": "1"} 27.8890625
{"desc": "status", "id": "17", "client_id": "1"} 27.8890625
{"desc": "status", "id": "18", "client_id": "1"} 27.8890625
{"desc": "status", "id": "27", "client_id": "1"} 27.8890625
{"desc": "status", "id": "33", "client_id": "1"} 27.8890625
{"desc": "status", "id": "37", "client_id": "1"} 27.8890625
{"desc": "status", "id": "45", "client_id": "1"} 27.8890625
{"desc": "status", "id": "47", "client_id": "1"} 27.8890625
{"desc": "status", "id": "53", "client_id": "1"} 27.8890625
{"desc": "status", "id": "58", "client_id": "1"} 27.8890625
{"desc": "status", "id": "62", "client_id": "1"} 27.8890625
{"desc": "status", "id": "65", "client_id": "1"} 27.8890625
{"desc": "status", "id": "66", "client_id": "1"} 27.8890625
{"desc": "status", "id": "74", "client_id": "1"} 27.8890625
{"desc": "status", "id": "80", "client_id": "1"} 27.8890625
{"desc": "status", "id": "89", "client_id": "1"} 27.8890625
{"desc": "status", "id": "81", "client_id": "1"} 27.8890625
{"desc": "status", "id": "83", "client_id": "1"} 27.8890625
{"desc": "status", "id": "81", "client_id": "1"} 27.8890625
{"desc": "status", "id": "71", "client_id": "1"} 27.8890625
{"desc": "status", "id": "53", "client_id": "1"} 27.8890625
{"desc": "status", "id": "77", "client_id": "1"} 27.8890625
{"desc": "status", "id": "53", "client_id": "1"} 27.8890625
{"desc": "status", "id": "38", "client_id": "1"} 27.8890625
{"desc": "status", "id": "88", "client_id": "1"} 27.8890625
{"desc": "status", "id": "90", "client_id": "1"} 27.8890625
{"desc": "status", "id": "11", "client_id": "1"} 27.8890625
{"desc": "status", "id": "30", "client_id": "1"} 27.8890625
{"desc": "status", "id": "43", "client_id": "1"} 27.8890625
{"desc": "status", "id": "61", "client_id": "1"} 27.8890625
{"desc": "status", "id": "63", "client_id": "1"} 27.8890625
{"desc": "status", "id": "64", "client_id": "1"} 27.8890625
{"desc": "status", "id": "73", "client_id": "1"} 27.8890625
{"desc": "status", "id": "86", "client_id": "1"} 27.8890625
{"desc": "migration", "id": "6"} 28.865625
{"desc": "migration", "id": "44"} 28.865625
{"desc": "migration", "id": "55"} 28.865625
{"desc": "migration", "id": "66"} 28.865625
{"desc": "migration", "id": "74"} 28.865625
{"desc": "migration", "id": "66"} 28.865625
{"desc": "migration", "id": "74"} 28.865625
{"desc": "status", "id": "1", "client_id": "1"} 28.865625
{"desc": "status", "id": "2", "client_id": "1"} 28.865625
{"desc": "status", "id": "3", "client_id": "1"} 28.865625
{"desc": "status", "id": "4", "client_id": "1"} 28.865625
{"desc": "status", "id": "5", "client_id": "1"} 28.865625
{"desc": "status", "id": "6", "client_id": "1"} 28.865625
{"desc": "status", "id": "7", "client_id": "1"} 28.865625
{"desc": "status", "id": "8", "client_id": "1"} 28.865625
{"desc": "status", "id": "9", "client_id": "1"} 28.865625
{"desc": "status", "id": "10", "client_id": "1"} 28.865625
{"desc": "status", "id": "11", "client_id": "1"} 28.865625
{"desc": "status", "id": "12", "client_id": "1"} 28.865625
{"desc": "status", "id": "13", "client_id": "1"} 28.865625
{"desc": "status", "id": "14", "client_id": "1"} 28.865625
{"desc": "status", "id": "15", "client_id": "1"} 28.865625
{"desc": "status", "id": "16", "client_id": "1"} 28.865625
{"desc": "status", "id": "17", "client_id": "1"} 28.865625
{"desc": "status", "id": "18", "client_id": "1"} 28.865625
{"desc": "status", "id": "19", "client_id": "1"} 28.865625
{"desc": "status", "id": "20", "client_id": "1"} 28.865625
{"desc": "status", "id": "21", "client_id": "1"} 28.865625
{"desc": "status", "id": "22", "client_id": "1"} 28.865625
{"desc": "status", "id": "23", "client_id": "1"} 28.865625
{"desc": "status", "id": "24", "client_id": "1"} 28.865625
{"desc": "status", "id": "25", "client_id": "1"} 28.865625
{"desc": "status", "id": "26", "client_id": "1"} 28.865625
{"desc": "status", "id": "27", "client_id": "1"} 28.865625
{"desc": "status", "id": "28", "client_id": "1"} 28.865625
{"desc": "status", "id": "29", "client_id": "1"} 28.865625
{"desc": "status", "id": "30", "client_id": "1"} 28.865625
{"desc": "status", "id": "31", "client_id": "1"} 28.865625
{"desc": "status", "id": "32", "client_id": "1"} 28.865625
{"desc": "status", "id": "33", "client_id": "1"} 28.865625
{"desc": "status", "id": "34", "client_id": "1"} 28.865625
{"desc": "status", "id": "35", "client_id": "1"} 28.865625
{"desc": "status", "id": "36", "client_id": "1"} 28.865625
{"desc": "status", "id": "37", "client_id": "1"} 28.865625
{"desc": "status", "id": "38", "client_id": "1"} 28.865625
{"desc": "status", "id": "39", "client_id": "1"} 28.865625
{"desc": "status", "id": "40", "client_id": "1"} 28.865625
{"desc": "status", "id": "41", "client_id": "1"} 28.865625
{"desc": "status", "id": "42", "client_id": "1"} 28.865625
{"desc": "status", "id": "43", "client_id": "1"} 28.865625
{"desc": "status", "id": "44", "client_id": "1"} 28.865625
{"desc": "status", "id": "45", "client_id": "1"} 28.865625
{"desc": "status", "id": "46", "client_id": "1"} 28.865625
{"desc": "status", "id": "47", "client_id": "1"} 28.865625
{"desc": "status", "id": "48", "client_id": "1"} 28.865625
{"desc": "status", "id": "49", "client_id": "1"} 28.865625
{"desc": "status", "id": "50", "client_id": "1"} 28.865625
{"desc": "status", "id": "51", "client_id": "1"} 28.865625
{"desc": "status", "id": "52", "client_id": "1"} 28.865625
{"desc": "status", "id": "53", "client_id": "1"} 28.865625
{"desc": "status", "id": "54", "client_id": "1"} 28.865625
{"desc": "status", "id": "55", "client_id": "1"} 28.865625
{"desc": "status", "id": "56", "client_id": "1"} 28.865625
{"desc": "status", "id": "57", "client_id": "1"} 28.865625
{"desc": "status", "id": "58", "client_id": "1"} 28.865625
{"desc": "status", "id": "59", "client_id": "1"} 28.865625
{"desc": "status", "id": "60", "client_id": "1"} 28.865625
{"desc": "status", "id": "61", "client_id": "1"} 28.865625
{"desc": "status", "id": "62", "client_id": "1"} 28.865625
{"desc": "status", "id": "63", "client_id": "1"} 28.865625
{"desc": "status", "id": "64", "client_id": "1"} 28.865625
{"desc": "status", "id": "65", "client_id": "1"} 28.865625
{"desc": "status", "id": "66", "client_id": "1"} 28.865625
{"desc": "status", "id": "67", "client_id": "1"} 28.865625
{"desc": "status", "id": "68", "client_id": "1"} 28.865625
{"desc": "status", "id": "69", "client_id": "1"} 28.865625
{"desc": "status", "id": "70", "client_id": "1"} 28.865625
{"desc": "status", "id": "71", "client_id": "1"} 28.865625
{"desc": "status", "id": "72", "client_id": "1"} 28.865625
{"desc": "status", "id": "73", "client_id": "1"} 28.865625
{"desc": "status", "id": "74", "client_id": "1"} 28.865625
{"desc": "status", "id": "75", "client_id": "1"} 28.865625
{"desc": "status", "id": "76", "client_id": "1"} 28.865625
{"desc": "status", "id": "77", "client_id": "1"} 28.865625
{"desc": "status", "id": "78", "client_id": "1"} 28.865625
{"desc": "status", "id": "79", "client_id": "1"} 28.865625
{"desc": "status", "id": "80", "client_id": "1"} 28.865625
{"desc": "status", "id": "81", "client_id": "1"} 28.865625
{"desc": "status", "id": "82", "client_id": "1"} 28.865625
{"desc": "status", "id": "83", "client_id": "1"} 28.865625
{"desc": "status", "id": "84", "client_id": "1"} 28.865625
{"desc": "status", "id": "85", "client_id": "1"} 28.865625
{"desc": "status", "id": "86", "client_id": "1"} 28.865625
{"desc": "status", "id": "87", "client_id": "1"} 28.865625
{"desc": "status", "id": "88", "client_id": "1"} 28.865625
{"desc": "status", "id": "89", "client_id": "1"} 28.865625
{"desc": "status", "id": "90", "client_id": "1"} 28.865625
{"desc": "status", "id": "9", "client_id": "1"} 28.865625
{"desc": "status", "id": "25", "client_id": "1"} 28.865625
{"desc": "status", "id": "42", "client_id": "1"} 28.865625
{"desc": "status", "id": "67", "client_id": "1"} 28.865625
{"desc": "status", "id": "78", "client_id": "1"} 28.865625
{"desc": "status", "id": "81", "client_id": "1"} 28.865625
{"desc": "status", "id": "83", "client_id": "1"} 28.865625
{"desc": "status", "id": "24", "client_id": "1"} 28.865625
{"desc": "status", "id": "84", "client_id": "1"} 28.865625
{"desc": "status", "id": "13", "client_id": "1"} 28.865625
{"desc": "status", "id": "60", "client_id": "1"} 28.865625
{"desc": "status", "id": "77", "client_id": "1"} 28.865625
{"desc": "status", "id": "6", "client_id": "1"} 28.865625
{"desc": "status", "id": "7", "client_id": "1"} 28.865625
{"desc": "status", "id": "17", "client_id": "1"} 28.865625
{"desc": "status", "id": "18", "client_id": "1"} 28.865625
{"desc": "status", "id": "27", "client_id": "1"} 28.865625
{"desc": "status", "id": "33", "client_id": "1"} 28.865625
{"desc": "status", "id": "37", "client_id": "1"} 28.865625
{"desc": "status", "id": "45", "client_id": "1"} 28.865625
{"desc": "status", "id": "47", "client_id": "1"} 28.865625
{"desc": "status", "id": "53", "client_id": "1"} 28.865625
{"desc": "status", "id": "58", "client_id": "1"} 28.865625
{"desc": "status", "id": "62", "client_id": "1"} 28.865625
{"desc": "status", "id": "65", "client_id": "1"} 28.865625
{"desc": "status", "id": "66", "client_id": "1"} 28.865625
{"desc": "status", "id": "74", "client_id": "1"} 28.865625
{"desc": "status", "id": "80", "client_id": "1"} 28.865625
{"desc": "status", "id": "89", "client_id": "1"} 28.865625
{"desc": "status", "id": "81", "client_id": "1"} 28.865625
{"desc": "status", "id": "83", "client_id": "1"} 28.865625
{"desc": "status", "id": "81", "client_id": "1"} 28.865625
{"desc": "status", "id": "71", "client_id": "1"} 28.865625
{"desc": "status", "id": "53", "client_id": "1"} 28.865625
{"desc": "status", "id": "77", "client_id": "1"} 28.865625
{"desc": "status", "id": "53", "client_id": "1"} 28.865625
{"desc": "status", "id": "38", "client_id": "1"} 28.865625
{"desc": "status", "id": "88", "client_id": "1"} 28.865625
{"desc": "status", "id": "90", "client_id": "1"} 28.865625
{"desc": "status", "id": "11", "client_id": "1"} 28.865625
{"desc": "status", "id": "30", "client_id": "1"} 28.865625
{"desc": "status", "id": "43", "client_id": "1"} 28.865625
{"desc": "status", "id": "61", "client_id": "1"} 28.865625
{"desc": "status", "id": "63", "client_id": "1"} 28.865625
{"desc": "status", "id": "64", "client_id": "1"} 28.865625
{"desc": "status", "id": "73", "client_id": "1"} 28.865625
{"desc": "status", "id": "86", "client_id": "1"} 28.865625
{"desc": "status", "id": "13", "client_id": "1"} 28.865625
{"desc": "status", "id": "20", "client_id": "1"} 28.865625
{"desc": "status", "id": "40", "client_id": "1"} 28.865625
{"desc": "status", "id": "67", "client_id": "1"} 28.865625
{"desc": "status", "id": "75", "client_id": "1"} 28.865625
{"desc": "status", "id": "79", "client_id": "1"} 28.865625
{"desc": "status", "id": "89", "client_id": "1"} 28.865625
{"desc": "status", "id": "53", "client_id": "1"} 28.865625
{"desc": "status", "id": "58", "client_id": "1"} 28.865625
{"desc": "status", "id": "80", "client_id": "1"} 28.865625
{"desc": "status", "id": "83", "client_id": "1"} 28.865625
{"desc": "migration", "id": "12"} 29.8421875
{"desc": "migration", "id": "18"} 29.8421875
{"desc": "migration", "id": "23"} 29.8421875
{"desc": "status", "id": "1", "client_id": "1"} 29.8421875
{"desc": "status", "id": "2", "client_id": "1"} 29.8421875
{"desc": "status", "id": "3", "client_id": "1"} 29.8421875
{"desc": "status", "id": "4", "client_id": "1"} 29.8421875
{"desc": "status", "id": "5", "client_id": "1"} 29.8421875
{"desc": "status", "id": "6", "client_id": "1"} 29.8421875
{"desc": "status", "id": "7", "client_id": "1"} 29.8421875
{"desc": "status", "id": "8", "client_id": "1"} 29.8421875
{"desc": "status", "id": "9", "client_id": "1"} 29.8421875
{"desc": "status", "id": "10", "client_id": "1"} 29.8421875
{"desc": "status", "id": "11", "client_id": "1"} 29.8421875
{"desc": "status", "id": "12", "client_id": "1"} 29.8421875
{"desc": "status", "id": "13", "client_id": "1"} 29.8421875
{"desc": "status", "id": "14", "client_id": "1"} 29.8421875
{"desc": "status", "id": "15", "client_id": "1"} 29.8421875
{"desc": "status", "id": "16", "client_id": "1"} 29.8421875
{"desc": "status", "id": "17", "client_id": "1"} 29.8421875
{"desc": "status", "id": "18", "client_id": "1"} 29.8421875
{"desc": "status", "id": "19", "client_id": "1"} 29.8421875
{"desc": "status", "id": "20", "client_id": "1"} 29.8421875
{"desc": "status", "id": "21", "client_id": "1"} 29.8421875
{"desc": "status", "id": "22", "client_id": "1"} 29.8421875
{"desc": "status", "id": "23", "client_id": "1"} 29.8421875
{"desc": "status", "id": "24", "client_id": "1"} 29.8421875
{"desc": "status", "id": "25", "client_id": "1"} 29.8421875
{"desc": "status", "id": "26", "client_id": "1"} 29.8421875
{"desc": "status", "id": "27", "client_id": "1"} 29.8421875
{"desc": "status", "id": "28", "client_id": "1"} 29.8421875
{"desc": "status", "id": "29", "client_id": "1"} 29.8421875
{"desc": "status", "id": "30", "client_id": "1"} 29.8421875
{"desc": "status", "id": "31", "client_id": "1"} 29.8421875
{"desc": "status", "id": "32", "client_id": "1"} 29.8421875
{"desc": "status", "id": "33", "client_id": "1"} 29.8421875
{"desc": "status", "id": "34", "client_id": "1"} 29.8421875
{"desc": "status", "id": "35", "client_id": "1"} 29.8421875
{"desc": "status", "id": "36", "client_id": "1"} 29.8421875
{"desc": "status", "id": "37", "client_id": "1"} 29.8421875
{"desc": "status", "id": "38", "client_id": "1"} 29.8421875
{"desc": "status", "id": "39", "client_id": "1"} 29.8421875
{"desc": "status", "id": "40", "client_id": "1"} 29.8421875
{"desc": "status", "id": "41", "client_id": "1"} 29.8421875
{"desc": "status", "id": "42", "client_id": "1"} 29.8421875
{"desc": "status", "id": "43", "client_id": "1"} 29.8421875
{"desc": "status", "id": "44", "client_id": "1"} 29.8421875
{"desc": "status", "id": "45", "client_id": "1"} 29.8421875
{"desc": "status", "id": "46", "client_id": "1"} 29.8421875
{"desc": "status", "id": "47", "client_id": "1"} 29.8421875
{"desc": "status", "id": "48", "client_id": "1"} 29.8421875
{"desc": "status", "id": "49", "client_id": "1"} 29.8421875
{"desc": "status", "id": "50", "client_id": "1"} 29.8421875
{"desc": "status", "id": "51", "client_id": "1"} 29.8421875
{"desc": "status", "id": "52", "client_id": "1"} 29.8421875
{"desc": "status", "id": "53", "client_id": "1"} 29.8421875
{"desc": "status", "id": "54", "client_id": "1"} 29.8421875
{"desc": "status", "id": "55", "client_id": "1"} 29.8421875
{"desc": "status", "id": "56", "client_id": "1"} 29.8421875
{"desc": "status", "id": "57", "client_id": "1"} 29.8421875
{"desc": "status", "id": "58", "client_id": "1"} 29.8421875
{"desc": "status", "id": "59", "client_id": "1"} 29.8421875
{"desc": "status", "id": "60", "client_id": "1"} 29.8421875
{"desc": "status", "id": "61", "client_id": "1"} 29.8421875
{"desc": "status", "id": "62", "client_id": "1"} 29.8421875
{"desc": "status", "id": "63", "client_id": "1"} 29.8421875
{"desc": "status", "id": "64", "client_id": "1"} 29.8421875
{"desc": "status", "id": "65", "client_id": "1"} 29.8421875
{"desc": "status", "id": "66", "client_id": "1"} 29.8421875
{"desc": "status", "id": "67", "client_id": "1"} 29.8421875
{"desc": "status", "id": "68", "client_id": "1"} 29.8421875
{"desc": "status", "id": "69", "client_id": "1"} 29.8421875
{"desc": "status", "id": "70", "client_id": "1"} 29.8421875
{"desc": "status", "id": "71", "client_id": "1"} 29.8421875
{"desc": "status", "id": "72", "client_id": "1"} 29.8421875
{"desc": "status", "id": "73", "client_id": "1"} 29.8421875
{"desc": "status", "id": "74", "client_id": "1"} 29.8421875
{"desc": "status", "id": "75", "client_id": "1"} 29.8421875
{"desc": "status", "id": "76", "client_id": "1"} 29.8421875
{"desc": "status", "id": "77", "client_id": "1"} 29.8421875
{"desc": "status", "id": "78", "client_id": "1"} 29.8421875
{"desc": "status", "id": "79", "client_id": "1"} 29.8421875
{"desc": "status", "id": "80", "client_id": "1"} 29.8421875
{"desc": "status", "id": "81", "client_id": "1"} 29.8421875
{"desc": "status", "id": "82", "client_id": "1"} 29.8421875
{"desc": "status", "id": "83", "client_id": "1"} 29.8421875
{"desc": "status", "id": "84", "client_id": "1"} 29.8421875
{"desc": "status", "id": "85", "client_id": "1"} 29.8421875
{"desc": "status", "id": "86", "client_id": "1"} 29.8421875
{"desc": "status", "id": "87", "client_id": "1"} 29.8421875
{"desc": "status", "id": "88", "client_id": "1"} 29.8421875
{"desc": "status", "id": "89", "client_id": "1"} 29.8421875
{"desc": "status", "id": "90", "client_id": "1"} 29.8421875
{"desc": "status", "id": "9", "client_id": "1"} 29.8421875
{"desc": "status", "id": "25", "client_id": "1"} 29.8421875
{"desc": "status", "id": "42", "client_id": "1"} 29.8421875
{"desc": "status", "id": "67", "client_id": "1"} 29.8421875
{"desc": "status", "id": "78", "client_id": "1"} 29.8421875
{"desc": "status", "id": "81", "client_id": "1"} 29.8421875
{"desc": "status", "id": "83", "client_id": "1"} 29.8421875
{"desc": "status", "id": "24", "client_id": "1"} 29.8421875
{"desc": "status", "id": "84", "client_id": "1"} 29.8421875
{"desc": "status", "id": "13", "client_id": "1"} 29.8421875
{"desc": "status", "id": "60", "client_id": "1"} 29.8421875
{"desc": "status", "id": "77", "client_id": "1"} 29.8421875
{"desc": "status", "id": "6", "client_id": "1"} 29.8421875
{"desc": "status", "id": "7", "client_id": "1"} 29.8421875
{"desc": "status", "id": "17", "client_id": "1"} 29.8421875
{"desc": "status", "id": "18", "client_id": "1"} 29.8421875
{"desc": "status", "id": "27", "client_id": "1"} 29.8421875
{"desc": "status", "id": "33", "client_id": "1"} 29.8421875
{"desc": "status", "id": "37", "client_id": "1"} 29.8421875
{"desc": "status", "id": "45", "client_id": "1"} 29.8421875
{"desc": "status", "id": "47", "client_id": "1"} 29.8421875
{"desc": "status", "id": "53", "client_id": "1"} 29.8421875
{"desc": "status", "id": "58", "client_id": "1"} 29.8421875
{"desc": "status", "id": "62", "client_id": "1"} 29.8421875
{"desc": "status", "id": "65", "client_id": "1"} 29.8421875
{"desc": "status", "id": "66", "client_id": "1"} 29.8421875
{"desc": "status", "id": "74", "client_id": "1"} 29.8421875
{"desc": "status", "id": "80", "client_id": "1"} 29.8421875
{"desc": "status", "id": "89", "client_id": "1"} 29.8421875
{"desc": "status", "id": "81", "client_id": "1"} 29.8421875
{"desc": "status", "id": "83", "client_id": "1"} 29.8421875
{"desc": "status", "id": "81", "client_id": "1"} 29.8421875
{"desc": "status", "id": "71", "client_id": "1"} 29.8421875
{"desc": "status", "id": "53", "client_id": "1"} 29.8421875
{"desc": "status", "id": "77", "client_id": "1"} 29.8421875
{"desc": "status", "id": "53", "client_id": "1"} 29.8421875
{"desc": "status", "id": "38", "client_id": "1"} 29.8421875
{"desc": "status", "id": "88", "client_id": "1"} 29.8421875
{"desc": "status", "id": "90", "client_id": "1"} 29.8421875
{"desc": "status", "id": "11", "client_id": "1"} 29.8421875
{"desc": "status", "id": "30", "client_id": "1"} 29.8421875
{"desc": "status", "id": "43", "client_id": "1"} 29.8421875
{"desc": "status", "id": "61", "client_id": "1"} 29.8421875
{"desc": "status", "id": "63", "client_id": "1"} 29.8421875
{"desc": "status", "id": "64", "client_id": "1"} 29.8421875
{"desc": "status", "id": "73", "client_id": "1"} 29.8421875
{"desc": "status", "id": "86", "client_id": "1"} 29.8421875
{"desc": "status", "id": "13", "client_id": "1"} 29.8421875
{"desc": "status", "id": "20", "client_id": "1"} 29.8421875
{"desc": "status", "id": "40", "client_id": "1"} 29.8421875
{"desc": "status", "id": "67", "client_id": "1"} 29.8421875
{"desc": "status", "id": "75", "client_id": "1"} 29.8421875
{"desc": "status", "id": "79", "client_id": "1"} 29.8421875
{"desc": "status", "id": "89", "client_id": "1"} 29.8421875
{"desc": "status", "id": "53", "client_id": "1"} 29.8421875
{"desc": "status", "id": "58", "client_id": "1"} 29.8421875
{"desc": "status", "id": "80", "client_id": "1"} 29.8421875
{"desc": "status", "id": "83", "client_id": "1"} 29.8421875
{"desc": "status", "id": "34", "client_id": "1"} 29.8421875
{"desc": "migration", "id": "4"} 30.81875
{"desc": "migration", "id": "5"} 30.81875
{"desc": "migration", "id": "22"} 30.81875
{"desc": "migration", "id": "24"} 30.81875
{"desc": "migration", "id": "32"} 30.81875
{"desc": "migration", "id": "39"} 30.81875
{"desc": "migration", "id": "46"} 30.81875
{"desc": "migration", "id": "48"} 30.81875
{"desc": "migration", "id": "57"} 30.81875
{"desc": "migration", "id": "60"} 30.81875
{"desc": "migration", "id": "68"} 30.81875
{"desc": "migration", "id": "82"} 30.81875
{"desc": "migration", "id": "87"} 30.81875
{"desc": "migration", "id": "89"} 30.81875
{"desc": "migration", "id": "90"} 30.81875
{"desc": "migration", "id": "62"} 30.81875
{"desc": "migration", "id": "89"} 30.81875
{"desc": "migration", "id": "90"} 30.81875
{"desc": "migration", "id": "89"} 30.81875
{"desc": "status", "id": "1", "client_id": "1"} 30.81875
{"desc": "status", "id": "2", "client_id": "1"} 30.81875
{"desc": "status", "id": "3", "client_id": "1"} 30.81875
{"desc": "status", "id": "4", "client_id": "1"} 30.81875
{"desc": "status", "id": "5", "client_id": "1"} 30.81875
{"desc": "status", "id": "6", "client_id": "1"} 30.81875
{"desc": "status", "id": "7", "client_id": "1"} 30.81875
{"desc": "status", "id": "8", "client_id": "1"} 30.81875
{"desc": "status", "id": "9", "client_id": "1"} 30.81875
{"desc": "status", "id": "10", "client_id": "1"} 30.81875
{"desc": "status", "id": "11", "client_id": "1"} 30.81875
{"desc": "status", "id": "12", "client_id": "1"} 30.81875
{"desc": "status", "id": "13", "client_id": "1"} 30.81875
{"desc": "status", "id": "14", "client_id": "1"} 30.81875
{"desc": "status", "id": "15", "client_id": "1"} 30.81875
{"desc": "status", "id": "16", "client_id": "1"} 30.81875
{"desc": "status", "id": "17", "client_id": "1"} 30.81875
{"desc": "status", "id": "18", "client_id": "1"} 30.81875
{"desc": "status", "id": "19", "client_id": "1"} 30.81875
{"desc": "status", "id": "20", "client_id": "1"} 30.81875
{"desc": "status", "id": "21", "client_id": "1"} 30.81875
{"desc": "status", "id": "22", "client_id": "1"} 30.81875
{"desc": "status", "id": "23", "client_id": "1"} 30.81875
{"desc": "status", "id": "24", "client_id": "1"} 30.81875
{"desc": "status", "id": "25", "client_id": "1"} 30.81875
{"desc": "status", "id": "26", "client_id": "1"} 30.81875
{"desc": "status", "id": "27", "client_id": "1"} 30.81875
{"desc": "status", "id": "28", "client_id": "1"} 30.81875
{"desc": "status", "id": "29", "client_id": "1"} 30.81875
{"desc": "status", "id": "30", "client_id": "1"} 30.81875
{"desc": "status", "id": "31", "client_id": "1"} 30.81875
{"desc": "status", "id": "32", "client_id": "1"} 30.81875
{"desc": "status", "id": "33", "client_id": "1"} 30.81875
{"desc": "status", "id": "34", "client_id": "1"} 30.81875
{"desc": "status", "id": "35", "client_id": "1"} 30.81875
{"desc": "status", "id": "36", "client_id": "1"} 30.81875
{"desc": "status", "id": "37", "client_id": "1"} 30.81875
{"desc": "status", "id": "38", "client_id": "1"} 30.81875
{"desc": "status", "id": "39", "client_id": "1"} 30.81875
{"desc": "status", "id": "40", "client_id": "1"} 30.81875
{"desc": "status", "id": "41", "client_id": "1"} 30.81875
{"desc": "status", "id": "42", "client_id": "1"} 30.81875
{"desc": "status", "id": "43", "client_id": "1"} 30.81875
{"desc": "status", "id": "44", "client_id": "1"} 30.81875
{"desc": "status", "id": "45", "client_id": "1"} 30.81875
{"desc": "status", "id": "46", "client_id": "1"} 30.81875
{"desc": "status", "id": "47", "client_id": "1"} 30.81875
{"desc": "status", "id": "48", "client_id": "1"} 30.81875
{"desc": "status", "id": "49", "client_id": "1"} 30.81875
{"desc": "status", "id": "50", "client_id": "1"} 30.81875
{"desc": "status", "id": "51", "client_id": "1"} 30.81875
{"desc": "status", "id": "52", "client_id": "1"} 30.81875
{"desc": "status", "id": "53", "client_id": "1"} 30.81875
{"desc": "status", "id": "54", "client_id": "1"} 30.81875
{"desc": "status", "id": "55", "client_id": "1"} 30.81875
{"desc": "status", "id": "56", "client_id": "1"} 30.81875
{"desc": "status", "id": "57", "client_id": "1"} 30.81875
{"desc": "status", "id": "58", "client_id": "1"} 30.81875
{"desc": "status", "id": "59", "client_id": "1"} 30.81875
{"desc": "status", "id": "60", "client_id": "1"} 30.81875
{"desc": "status", "id": "61", "client_id": "1"} 30.81875
{"desc": "status", "id": "62", "client_id": "1"} 30.81875
{"desc": "status", "id": "63", "client_id": "1"} 30.81875
{"desc": "status", "id": "64", "client_id": "1"} 30.81875
{"desc": "status", "id": "65", "client_id": "1"} 30.81875
{"desc": "status", "id": "66", "client_id": "1"} 30.81875
{"desc": "status", "id": "67", "client_id": "1"} 30.81875
{"desc": "status", "id": "68", "client_id": "1"} 30.81875
{"desc": "status", "id": "69", "client_id": "1"} 30.81875
{"desc": "status", "id": "70", "client_id": "1"} 30.81875
{"desc": "status", "id": "71", "client_id": "1"} 30.81875
{"desc": "status", "id": "72", "client_id": "1"} 30.81875
{"desc": "status", "id": "73", "client_id": "1"} 30.81875
{"desc": "status", "id": "74", "client_id": "1"} 30.81875
{"desc": "status", "id": "75", "client_id": "1"} 30.81875
{"desc": "status", "id": "76", "client_id": "1"} 30.81875
{"desc": "status", "id": "77", "client_id": "1"} 30.81875
{"desc": "status", "id": "78", "client_id": "1"} 30.81875
{"desc": "status", "id": "79", "client_id": "1"} 30.81875
{"desc": "status", "id": "80", "client_id": "1"} 30.81875
{"desc": "status", "id": "81", "client_id": "1"} 30.81875
{"desc": "status", "id": "82", "client_id": "1"} 30.81875
{"desc": "status", "id": "83", "client_id": "1"} 30.81875
{"desc": "status", "id": "84", "client_id": "1"} 30.81875
{"desc": "status", "id": "85", "client_id": "1"} 30.81875
{"desc": "status", "id": "86", "client_id": "1"} 30.81875
{"desc": "status", "id": "87", "client_id": "1"} 30.81875
{"desc": "status", "id": "88", "client_id": "1"} 30.81875
{"desc": "status", "id": "89", "client_id": "1"} 30.81875
{"desc": "status", "id": "90", "client_id": "1"} 30.81875
{"desc": "status", "id": "9", "client_id": "1"} 30.81875
{"desc": "status", "id": "25", "client_id": "1"} 30.81875
{"desc": "status", "id": "42", "client_id": "1"} 30.81875
{"desc": "status", "id": "67", "client_id": "1"} 30.81875
{"desc": "status", "id": "78", "client_id": "1"} 30.81875
{"desc": "status", "id": "81", "client_id": "1"} 30.81875
{"desc": "status", "id": "83", "client_id": "1"} 30.81875
{"desc": "status", "id": "24", "client_id": "1"} 30.81875
{"desc": "status", "id": "84", "client_id": "1"} 30.81875
{"desc": "status", "id": "13", "client_id": "1"} 30.81875
{"desc": "status", "id": "60", "client_id": "1"} 30.81875
{"desc": "status", "id": "77", "client_id": "1"} 30.81875
{"desc": "status", "id": "6", "client_id": "1"} 30.81875
{"desc": "status", "id": "7", "client_id": "1"} 30.81875
{"desc": "status", "id": "17", "client_id": "1"} 30.81875
{"desc": "status", "id": "18", "client_id": "1"} 30.81875
{"desc": "status", "id": "27", "client_id": "1"} 30.81875
{"desc": "status", "id": "33", "client_id": "1"} 30.81875
{"desc": "status", "id": "37", "client_id": "1"} 30.81875
{"desc": "status", "id": "45", "client_id": "1"} 30.81875
{"desc": "status", "id": "47", "client_id": "1"} 30.81875
{"desc": "status", "id": "53", "client_id": "1"} 30.81875
{"desc": "status", "id": "58", "client_id": "1"} 30.81875
{"desc": "status", "id": "62", "client_id": "1"} 30.81875
{"desc": "status", "id": "65", "client_id": "1"} 30.81875
{"desc": "status", "id": "66", "client_id": "1"} 30.81875
{"desc": "status", "id": "74", "client_id": "1"} 30.81875
{"desc": "status", "id": "80", "client_id": "1"} 30.81875
{"desc": "status", "id": "89", "client_id": "1"} 30.81875
{"desc": "status", "id": "81", "client_id": "1"} 30.81875
{"desc": "status", "id": "83", "client_id": "1"} 30.81875
{"desc": "status", "id": "81", "client_id": "1"} 30.81875
{"desc": "status", "id": "71", "client_id": "1"} 30.81875
{"desc": "status", "id": "53", "client_id": "1"} 30.81875
{"desc": "status", "id": "77", "client_id": "1"} 30.81875
{"desc": "status", "id": "53", "client_id": "1"} 30.81875
{"desc": "status", "id": "38", "client_id": "1"} 30.81875
{"desc": "status", "id": "88", "client_id": "1"} 30.81875
{"desc": "status", "id": "90", "client_id": "1"} 30.81875
{"desc": "status", "id": "11", "client_id": "1"} 30.81875
{"desc": "status", "id": "30", "client_id": "1"} 30.81875
{"desc": "status", "id": "43", "client_id": "1"} 30.81875
{"desc": "status", "id": "61", "client_id": "1"} 30.81875
{"desc": "status", "id": "63", "client_id": "1"} 30.81875
{"desc": "status", "id": "64", "client_id": "1"} 30.81875
{"desc": "status", "id": "73", "client_id": "1"} 30.81875
{"desc": "status", "id": "86", "client_id": "1"} 30.81875
{"desc": "status", "id": "13", "client_id": "1"} 30.81875
{"desc": "status", "id": "20", "client_id": "1"} 30.81875
{"desc": "status", "id": "40", "client_id": "1"} 30.81875
{"desc": "status", "id": "67", "client_id": "1"} 30.81875
{"desc": "status", "id": "75", "client_id": "1"} 30.81875
{"desc": "status", "id": "79", "client_id": "1"} 30.81875
{"desc": "status", "id": "89", "client_id": "1"} 30.81875
{"desc": "status", "id": "53", "client_id": "1"} 30.81875
{"desc": "status", "id": "58", "client_id": "1"} 30.81875
{"desc": "status", "id": "80", "client_id": "1"} 30.81875
{"desc": "status", "id": "83", "client_id": "1"} 30.81875
{"desc": "status", "id": "34", "client_id": "1"} 30.81875
{"desc": "status", "id": "19", "client_id": "1"} 30.81875
{"desc": "status", "id": "52", "client_id": "1"} 30.81875
{"desc": "migration", "id": "1"} 31.7953125
{"desc": "migration", "id": "2"} 31.7953125
{"desc": "migration", "id": "6"} 31.7953125
{"desc": "migration", "id": "10"} 31.7953125
{"desc": "migration", "id": "26"} 31.7953125
{"desc": "migration", "id": "36"} 31.7953125
{"desc": "migration", "id": "40"} 31.7953125
{"desc": "migration", "id": "52"} 31.7953125
{"desc": "migration", "id": "69"} 31.7953125
{"desc": "migration", "id": "72"} 31.7953125
{"desc": "migration", "id": "80"} 31.7953125
{"desc": "migration", "id": "66"} 31.7953125
{"desc": "migration", "id": "74"} 31.7953125
{"desc": "migration", "id": "80"} 31.7953125
{"desc": "migration", "id": "80"} 31.7953125
{"desc": "status", "id": "1", "client_id": "1"} 31.7953125
{"desc": "status", "id": "2", "client_id": "1"} 31.7953125
{"desc": "status", "id": "3", "client_id": "1"} 31.7953125
{"desc": "status", "id": "4", "client_id": "1"} 31.7953125
{"desc": "status", "id": "5", "client_id": "1"} 31.7953125
{"desc": "status", "id": "6", "client_id": "1"} 31.7953125
{"desc": "status", "id": "7", "client_id": "1"} 31.7953125
{"desc": "status", "id": "8", "client_id": "1"} 31.7953125
{"desc": "status", "id": "9", "client_id": "1"} 31.7953125
{"desc": "status", "id": "10", "client_id": "1"} 31.7953125
{"desc": "status", "id": "11", "client_id": "1"} 31.7953125
{"desc": "status", "id": "12", "client_id": "1"} 31.7953125
{"desc": "status", "id": "13", "client_id": "1"} 31.7953125
{"desc": "status", "id": "14", "client_id": "1"} 31.7953125
{"desc": "status", "id": "15", "client_id": "1"} 31.7953125
{"desc": "status", "id": "16", "client_id": "1"} 31.7953125
{"desc": "status", "id": "17", "client_id": "1"} 31.7953125
{"desc": "status", "id": "18", "client_id": "1"} 31.7953125
{"desc": "status", "id": "19", "client_id": "1"} 31.7953125
{"desc": "status", "id": "20", "client_id": "1"} 31.7953125
{"desc": "status", "id": "21", "client_id": "1"} 31.7953125
{"desc": "status", "id": "22", "client_id": "1"} 31.7953125
{"desc": "status", "id": "23", "client_id": "1"} 31.7953125
{"desc": "status", "id": "24", "client_id": "1"} 31.7953125
{"desc": "status", "id": "25", "client_id": "1"} 31.7953125
{"desc": "status", "id": "26", "client_id": "1"} 31.7953125
{"desc": "status", "id": "27", "client_id": "1"} 31.7953125
{"desc": "status", "id": "28", "client_id": "1"} 31.7953125
{"desc": "status", "id": "29", "client_id": "1"} 31.7953125
{"desc": "status", "id": "30", "client_id": "1"} 31.7953125
{"desc": "status", "id": "31", "client_id": "1"} 31.7953125
{"desc": "status", "id": "32", "client_id": "1"} 31.7953125
{"desc": "status", "id": "33", "client_id": "1"} 31.7953125
{"desc": "status", "id": "34", "client_id": "1"} 31.7953125
{"desc": "status", "id": "35", "client_id": "1"} 31.7953125
{"desc": "status", "id": "36", "client_id": "1"} 31.7953125
{"desc": "status", "id": "37", "client_id": "1"} 31.7953125
{"desc": "status", "id": "38", "client_id": "1"} 31.7953125
{"desc": "status", "id": "39", "client_id": "1"} 31.7953125
{"desc": "status", "id": "40", "client_id": "1"} 31.7953125
{"desc": "status", "id": "41", "client_id": "1"} 31.7953125
{"desc": "status", "id": "42", "client_id": "1"} 31.7953125
{"desc": "status", "id": "43", "client_id": "1"} 31.7953125
{"desc": "status", "id": "44", "client_id": "1"} 31.7953125
{"desc": "status", "id": "45", "client_id": "1"} 31.7953125
{"desc": "status", "id": "46", "client_id": "1"} 31.7953125
{"desc": "status", "id": "47", "client_id": "1"} 31.7953125
{"desc": "status", "id": "48", "client_id": "1"} 31.7953125
{"desc": "status", "id": "49", "client_id": "1"} 31.7953125
{"desc": "status", "id": "50", "client_id": "1"} 31.7953125
{"desc": "status", "id": "51", "client_id": "1"} 31.7953125
{"desc": "status", "id": "52", "client_id": "1"} 31.7953125
{"desc": "status", "id": "53", "client_id": "1"} 31.7953125
{"desc": "status", "id": "54", "client_id": "1"} 31.7953125
{"desc": "status", "id": "55", "client_id": "1"} 31.7953125
{"desc": "status", "id": "56", "client_id": "1"} 31.7953125
{"desc": "status", "id": "57", "client_id": "1"} 31.7953125
{"desc": "status", "id": "58", "client_id": "1"} 31.7953125
{"desc": "status", "id": "59", "client_id": "1"} 31.7953125
{"desc": "status", "id": "60", "client_id": "1"} 31.7953125
{"desc": "status", "id": "61", "client_id": "1"} 31.7953125
{"desc": "status", "id": "62", "client_id": "1"} 31.7953125
{"desc": "status", "id": "63", "client_id": "1"} 31.7953125
{"desc": "status", "id": "64", "client_id": "1"} 31.7953125
{"desc": "status", "id": "65", "client_id": "1"} 31.7953125
{"desc": "status", "id": "66", "client_id": "1"} 31.7953125
{"desc": "status", "id": "67", "client_id": "1"} 31.7953125
{"desc": "status", "id": "68", "client_id": "1"} 31.7953125
{"desc": "status", "id": "69", "client_id": "1"} 31.7953125
{"desc": "status", "id": "70", "client_id": "1"} 31.7953125
{"desc": "status", "id": "71", "client_id": "1"} 31.7953125
{"desc": "status", "id": "72", "client_id": "1"} 31.7953125
{"desc": "status", "id": "73", "client_id": "1"} 31.7953125
{"desc": "status", "id": "74", "client_id": "1"} 31.7953125
{"desc": "status", "id": "75", "client_id": "1"} 31.7953125
{"desc": "status", "id": "76", "client_id": "1"} 31.7953125
{"desc": "status", "id": "77", "client_id": "1"} 31.7953125
{"desc": "status", "id": "78", "client_id": "1"} 31.7953125
{"desc": "status", "id": "79", "client_id": "1"} 31.7953125
{"desc": "status", "id": "80", "client_id": "1"} 31.7953125
{"desc": "status", "id": "81", "client_id": "1"} 31.7953125
{"desc": "status", "id": "82", "client_id": "1"} 31.7953125
{"desc": "status", "id": "83", "client_id": "1"} 31.7953125
{"desc": "status", "id": "84", "client_id": "1"} 31.7953125
{"desc": "status", "id": "85", "client_id": "1"} 31.7953125
{"desc": "status", "id": "86", "client_id": "1"} 31.7953125
{"desc": "status", "id": "87", "client_id": "1"} 31.7953125
{"desc": "status", "id": "88", "client_id": "1"} 31.7953125
{"desc": "status", "id": "89", "client_id": "1"} 31.7953125
{"desc": "status", "id": "90", "client_id": "1"} 31.7953125
{"desc": "status", "id": "9", "client_id": "1"} 31.7953125
{"desc": "status", "id": "25", "client_id": "1"} 31.7953125
{"desc": "status", "id": "42", "client_id": "1"} 31.7953125
{"desc": "status", "id": "67", "client_id": "1"} 31.7953125
{"desc": "status", "id": "78", "client_id": "1"} 31.7953125
{"desc": "status", "id": "81", "client_id": "1"} 31.7953125
{"desc": "status", "id": "83", "client_id": "1"} 31.7953125
{"desc": "status", "id": "24", "client_id": "1"} 31.7953125
{"desc": "status", "id": "84", "client_id": "1"} 31.7953125
{"desc": "status", "id": "13", "client_id": "1"} 31.7953125
{"desc": "status", "id": "60", "client_id": "1"} 31.7953125
{"desc": "status", "id": "77", "client_id": "1"} 31.7953125
{"desc": "status", "id": "6", "client_id": "1"} 31.7953125
{"desc": "status", "id": "7", "client_id": "1"} 31.7953125
{"desc": "status", "id": "17", "client_id": "1"} 31.7953125
{"desc": "status", "id": "18", "client_id": "1"} 31.7953125
{"desc": "status", "id": "27", "client_id": "1"} 31.7953125
{"desc": "status", "id": "33", "client_id": "1"} 31.7953125
{"desc": "status", "id": "37", "client_id": "1"} 31.7953125
{"desc": "status", "id": "45", "client_id": "1"} 31.7953125
{"desc": "status", "id": "47", "client_id": "1"} 31.7953125
{"desc": "status", "id": "53", "client_id": "1"} 31.7953125
{"desc": "status", "id": "58", "client_id": "1"} 31.7953125
{"desc": "status", "id": "62", "client_id": "1"} 31.7953125
{"desc": "status", "id": "65", "client_id": "1"} 31.7953125
{"desc": "status", "id": "66", "client_id": "1"} 31.7953125
{"desc": "status", "id": "74", "client_id": "1"} 31.7953125
{"desc": "status", "id": "80", "client_id": "1"} 31.7953125
{"desc": "status", "id": "89", "client_id": "1"} 31.7953125
{"desc": "status", "id": "81", "client_id": "1"} 31.7953125
{"desc": "status", "id": "83", "client_id": "1"} 31.7953125
{"desc": "status", "id": "81", "client_id": "1"} 31.7953125
{"desc": "status", "id": "71", "client_id": "1"} 31.7953125
{"desc": "status", "id": "53", "client_id": "1"} 31.7953125
{"desc": "status", "id": "77", "client_id": "1"} 31.7953125
{"desc": "status", "id": "53", "client_id": "1"} 31.7953125
{"desc": "status", "id": "38", "client_id": "1"} 31.7953125
{"desc": "status", "id": "88", "client_id": "1"} 31.7953125
{"desc": "status", "id": "90", "client_id": "1"} 31.7953125
{"desc": "status", "id": "11", "client_id": "1"} 31.7953125
{"desc": "status", "id": "30", "client_id": "1"} 31.7953125
{"desc": "status", "id": "43", "client_id": "1"} 31.7953125
{"desc": "status", "id": "61", "client_id": "1"} 31.7953125
{"desc": "status", "id": "63", "client_id": "1"} 31.7953125
{"desc": "status", "id": "64", "client_id": "1"} 31.7953125
{"desc": "status", "id": "73", "client_id": "1"} 31.7953125
{"desc": "status", "id": "86", "client_id": "1"} 31.7953125
{"desc": "status", "id": "13", "client_id": "1"} 31.7953125
{"desc": "status", "id": "20", "client_id": "1"} 31.7953125
{"desc": "status", "id": "40", "client_id": "1"} 31.7953125
{"desc": "status", "id": "67", "client_id": "1"} 31.7953125
{"desc": "status", "id": "75", "client_id": "1"} 31.7953125
{"desc": "status", "id": "79", "client_id": "1"} 31.7953125
{"desc": "status", "id": "89", "client_id": "1"} 31.7953125
{"desc": "status", "id": "53", "client_id": "1"} 31.7953125
{"desc": "status", "id": "58", "client_id": "1"} 31.7953125
{"desc": "status", "id": "80", "client_id": "1"} 31.7953125
{"desc": "status", "id": "83", "client_id": "1"} 31.7953125
{"desc": "status", "id": "34", "client_id": "1"} 31.7953125
{"desc": "status", "id": "19", "client_id": "1"} 31.7953125
{"desc": "status", "id": "52", "client_id": "1"} 31.7953125
{"desc": "status", "id": "44", "client_id": "1"} 31.7953125
{"desc": "status", "id": "55", "client_id": "1"} 31.7953125
{"desc": "migration", "id": "18"} 32.771875
{"desc": "migration", "id": "41"} 32.771875
{"desc": "migration", "id": "50"} 32.771875
{"desc": "migration", "id": "56"} 32.771875
{"desc": "migration", "id": "70"} 32.771875
{"desc": "migration", "id": "71"} 32.771875
{"desc": "migration", "id": "77"} 32.771875
{"desc": "migration", "id": "77"} 32.771875
{"desc": "migration", "id": "71"} 32.771875
{"desc": "migration", "id": "77"} 32.771875
{"desc": "migration", "id": "89"} 32.771875
{"desc": "status", "id": "1", "client_id": "1"} 32.771875
{"desc": "status", "id": "2", "client_id": "1"} 32.771875
{"desc": "status", "id": "3", "client_id": "1"} 32.771875
{"desc": "status", "id": "4", "client_id": "1"} 32.771875
{"desc": "status", "id": "5", "client_id": "1"} 32.771875
{"desc": "status", "id": "6", "client_id": "1"} 32.771875
{"desc": "status", "id": "7", "client_id": "1"} 32.771875
{"desc": "status", "id": "8", "client_id": "1"} 32.771875
{"desc": "status", "id": "9", "client_id": "1"} 32.771875
{"desc": "status", "id": "10", "client_id": "1"} 32.771875
{"desc": "status", "id": "11", "client_id": "1"} 32.771875
{"desc": "status", "id": "12", "client_id": "1"} 32.771875
{"desc": "status", "id": "13", "client_id": "1"} 32.771875
{"desc": "status", "id": "14", "client_id": "1"} 32.771875
{"desc": "status", "id": "15", "client_id": "1"} 32.771875
{"desc": "status", "id": "16", "client_id": "1"} 32.771875
{"desc": "status", "id": "17", "client_id": "1"} 32.771875
{"desc": "status", "id": "18", "client_id": "1"} 32.771875
{"desc": "status", "id": "19", "client_id": "1"} 32.771875
{"desc": "status", "id": "20", "client_id": "1"} 32.771875
{"desc": "status", "id": "21", "client_id": "1"} 32.771875
{"desc": "status", "id": "22", "client_id": "1"} 32.771875
{"desc": "status", "id": "23", "client_id": "1"} 32.771875
{"desc": "status", "id": "24", "client_id": "1"} 32.771875
{"desc": "status", "id": "25", "client_id": "1"} 32.771875
{"desc": "status", "id": "26", "client_id": "1"} 32.771875
{"desc": "status", "id": "27", "client_id": "1"} 32.771875
{"desc": "status", "id": "28", "client_id": "1"} 32.771875
{"desc": "status", "id": "29", "client_id": "1"} 32.771875
{"desc": "status", "id": "30", "client_id": "1"} 32.771875
{"desc": "status", "id": "31", "client_id": "1"} 32.771875
{"desc": "status", "id": "32", "client_id": "1"} 32.771875
{"desc": "status", "id": "33", "client_id": "1"} 32.771875
{"desc": "status", "id": "34", "client_id": "1"} 32.771875
{"desc": "status", "id": "35", "client_id": "1"} 32.771875
{"desc": "status", "id": "36", "client_id": "1"} 32.771875
{"desc": "status", "id": "37", "client_id": "1"} 32.771875
{"desc": "status", "id": "38", "client_id": "1"} 32.771875
{"desc": "status", "id": "39", "client_id": "1"} 32.771875
{"desc": "status", "id": "40", "client_id": "1"} 32.771875
{"desc": "status", "id": "41", "client_id": "1"} 32.771875
{"desc": "status", "id": "42", "client_id": "1"} 32.771875
{"desc": "status", "id": "43", "client_id": "1"} 32.771875
{"desc": "status", "id": "44", "client_id": "1"} 32.771875
{"desc": "status", "id": "45", "client_id": "1"} 32.771875
{"desc": "status", "id": "46", "client_id": "1"} 32.771875
{"desc": "status", "id": "47", "client_id": "1"} 32.771875
{"desc": "status", "id": "48", "client_id": "1"} 32.771875
{"desc": "status", "id": "49", "client_id": "1"} 32.771875
{"desc": "status", "id": "50", "client_id": "1"} 32.771875
{"desc": "status", "id": "51", "client_id": "1"} 32.771875
{"desc": "status", "id": "52", "client_id": "1"} 32.771875
{"desc": "status", "id": "53", "client_id": "1"} 32.771875
{"desc": "status", "id": "54", "client_id": "1"} 32.771875
{"desc": "status", "id": "55", "client_id": "1"} 32.771875
{"desc": "status", "id": "56", "client_id": "1"} 32.771875
{"desc": "status", "id": "57", "client_id": "1"} 32.771875
{"desc": "status", "id": "58", "client_id": "1"} 32.771875
{"desc": "status", "id": "59", "client_id": "1"} 32.771875
{"desc": "status", "id": "60", "client_id": "1"} 32.771875
{"desc": "status", "id": "61", "client_id": "1"} 32.771875
{"desc": "status", "id": "62", "client_id": "1"} 32.771875
{"desc": "status", "id": "63", "client_id": "1"} 32.771875
{"desc": "status", "id": "64", "client_id": "1"} 32.771875
{"desc": "status", "id": "65", "client_id": "1"} 32.771875
{"desc": "status", "id": "66", "client_id": "1"} 32.771875
{"desc": "status", "id": "67", "client_id": "1"} 32.771875
{"desc": "status", "id": "68", "client_id": "1"} 32.771875
{"desc": "status", "id": "69", "client_id": "1"} 32.771875
{"desc": "status", "id": "70", "client_id": "1"} 32.771875
{"desc": "status", "id": "71", "client_id": "1"} 32.771875
{"desc": "status", "id": "72", "client_id": "1"} 32.771875
{"desc": "status", "id": "73", "client_id": "1"} 32.771875
{"desc": "status", "id": "74", "client_id": "1"} 32.771875
{"desc": "status", "id": "75", "client_id": "1"} 32.771875
{"desc": "status", "id": "76", "client_id": "1"} 32.771875
{"desc": "status", "id": "77", "client_id": "1"} 32.771875
{"desc": "status", "id": "78", "client_id": "1"} 32.771875
{"desc": "status", "id": "79", "client_id": "1"} 32.771875
{"desc": "status", "id": "80", "client_id": "1"} 32.771875
{"desc": "status", "id": "81", "client_id": "1"} 32.771875
{"desc": "status", "id": "82", "client_id": "1"} 32.771875
{"desc": "status", "id": "83", "client_id": "1"} 32.771875
{"desc": "status", "id": "84", "client_id": "1"} 32.771875
{"desc": "status", "id": "85", "client_id": "1"} 32.771875
{"desc": "status", "id": "86", "client_id": "1"} 32.771875
{"desc": "status", "id": "87", "client_id": "1"} 32.771875
{"desc": "status", "id": "88", "client_id": "1"} 32.771875
{"desc": "status", "id": "89", "client_id": "1"} 32.771875
{"desc": "status", "id": "90", "client_id": "1"} 32.771875
{"desc": "status", "id": "9", "client_id": "1"} 32.771875
{"desc": "status", "id": "25", "client_id": "1"} 32.771875
{"desc": "status", "id": "42", "client_id": "1"} 32.771875
{"desc": "status", "id": "67", "client_id": "1"} 32.771875
{"desc": "status", "id": "78", "client_id": "1"} 32.771875
{"desc": "status", "id": "81", "client_id": "1"} 32.771875
{"desc": "status", "id": "83", "client_id": "1"} 32.771875
{"desc": "status", "id": "24", "client_id": "1"} 32.771875
{"desc": "status", "id": "84", "client_id": "1"} 32.771875
{"desc": "status", "id": "13", "client_id": "1"} 32.771875
{"desc": "status", "id": "60", "client_id": "1"} 32.771875
{"desc": "status", "id": "77", "client_id": "1"} 32.771875
{"desc": "status", "id": "6", "client_id": "1"} 32.771875
{"desc": "status", "id": "7", "client_id": "1"} 32.771875
{"desc": "status", "id": "17", "client_id": "1"} 32.771875
{"desc": "status", "id": "18", "client_id": "1"} 32.771875
{"desc": "status", "id": "27", "client_id": "1"} 32.771875
{"desc": "status", "id": "33", "client_id": "1"} 32.771875
{"desc": "status", "id": "37", "client_id": "1"} 32.771875
{"desc": "status", "id": "45", "client_id": "1"} 32.771875
{"desc": "status", "id": "47", "client_id": "1"} 32.771875
{"desc": "status", "id": "53", "client_id": "1"} 32.771875
{"desc": "status", "id": "58", "client_id": "1"} 32.771875
{"desc": "status", "id": "62", "client_id": "1"} 32.771875
{"desc": "status", "id": "65", "client_id": "1"} 32.771875
{"desc": "status", "id": "66", "client_id": "1"} 32.771875
{"desc": "status", "id": "74", "client_id": "1"} 32.771875
{"desc": "status", "id": "80", "client_id": "1"} 32.771875
{"desc": "status", "id": "89", "client_id": "1"} 32.771875
{"desc": "status", "id": "81", "client_id": "1"} 32.771875
{"desc": "status", "id": "83", "client_id": "1"} 32.771875
{"desc": "status", "id": "81", "client_id": "1"} 32.771875
{"desc": "status", "id": "71", "client_id": "1"} 32.771875
{"desc": "status", "id": "53", "client_id": "1"} 32.771875
{"desc": "status", "id": "77", "client_id": "1"} 32.771875
{"desc": "status", "id": "53", "client_id": "1"} 32.771875
{"desc": "status", "id": "38", "client_id": "1"} 32.771875
{"desc": "status", "id": "88", "client_id": "1"} 32.771875
{"desc": "status", "id": "90", "client_id": "1"} 32.771875
{"desc": "status", "id": "11", "client_id": "1"} 32.771875
{"desc": "status", "id": "30", "client_id": "1"} 32.771875
{"desc": "status", "id": "43", "client_id": "1"} 32.771875
{"desc": "status", "id": "61", "client_id": "1"} 32.771875
{"desc": "status", "id": "63", "client_id": "1"} 32.771875
{"desc": "status", "id": "64", "client_id": "1"} 32.771875
{"desc": "status", "id": "73", "client_id": "1"} 32.771875
{"desc": "status", "id": "86", "client_id": "1"} 32.771875
{"desc": "status", "id": "13", "client_id": "1"} 32.771875
{"desc": "status", "id": "20", "client_id": "1"} 32.771875
{"desc": "status", "id": "40", "client_id": "1"} 32.771875
{"desc": "status", "id": "67", "client_id": "1"} 32.771875
{"desc": "status", "id": "75", "client_id": "1"} 32.771875
{"desc": "status", "id": "79", "client_id": "1"} 32.771875
{"desc": "status", "id": "89", "client_id": "1"} 32.771875
{"desc": "status", "id": "53", "client_id": "1"} 32.771875
{"desc": "status", "id": "58", "client_id": "1"} 32.771875
{"desc": "status", "id": "80", "client_id": "1"} 32.771875
{"desc": "status", "id": "83", "client_id": "1"} 32.771875
{"desc": "status", "id": "34", "client_id": "1"} 32.771875
{"desc": "status", "id": "19", "client_id": "1"} 32.771875
{"desc": "status", "id": "52", "client_id": "1"} 32.771875
{"desc": "status", "id": "44", "client_id": "1"} 32.771875
{"desc": "status", "id": "55", "client_id": "1"} 32.771875
{"desc": "status", "id": "5", "client_id": "1"} 32.771875
{"desc": "migration", "id": "8"} 33.7484375
{"desc": "migration", "id": "13"} 33.7484375
{"desc": "migration", "id": "16"} 33.7484375
{"desc": "migration", "id": "24"} 33.7484375
{"desc": "migration", "id": "53"} 33.7484375
{"desc": "migration", "id": "60"} 33.7484375
{"desc": "migration", "id": "76"} 33.7484375
{"desc": "migration", "id": "53"} 33.7484375
{"desc": "migration", "id": "53"} 33.7484375
{"desc": "migration", "id": "53"} 33.7484375
{"desc": "migration", "id": "53"} 33.7484375
{"desc": "migration", "id": "80"} 33.7484375
{"desc": "status", "id": "1", "client_id": "1"} 33.7484375
{"desc": "status", "id": "2", "client_id": "1"} 33.7484375
{"desc": "status", "id": "3", "client_id": "1"} 33.7484375
{"desc": "status", "id": "4", "client_id": "1"} 33.7484375
{"desc": "status", "id": "5", "client_id": "1"} 33.7484375
{"desc": "status", "id": "6", "client_id": "1"} 33.7484375
{"desc": "status", "id": "7", "client_id": "1"} 33.7484375
{"desc": "status", "id": "8", "client_id": "1"} 33.7484375
{"desc": "status", "id": "9", "client_id": "1"} 33.7484375
{"desc": "status", "id": "10", "client_id": "1"} 33.7484375
{"desc": "status", "id": "11", "client_id": "1"} 33.7484375
{"desc": "status", "id": "12", "client_id": "1"} 33.7484375
{"desc": "status", "id": "13", "client_id": "1"} 33.7484375
{"desc": "status", "id": "14", "client_id": "1"} 33.7484375
{"desc": "status", "id": "15", "client_id": "1"} 33.7484375
{"desc": "status", "id": "16", "client_id": "1"} 33.7484375
{"desc": "status", "id": "17", "client_id": "1"} 33.7484375
{"desc": "status", "id": "18", "client_id": "1"} 33.7484375
{"desc": "status", "id": "19", "client_id": "1"} 33.7484375
{"desc": "status", "id": "20", "client_id": "1"} 33.7484375
{"desc": "status", "id": "21", "client_id": "1"} 33.7484375
{"desc": "status", "id": "22", "client_id": "1"} 33.7484375
{"desc": "status", "id": "23", "client_id": "1"} 33.7484375
{"desc": "status", "id": "24", "client_id": "1"} 33.7484375
{"desc": "status", "id": "25", "client_id": "1"} 33.7484375
{"desc": "status", "id": "26", "client_id": "1"} 33.7484375
{"desc": "status", "id": "27", "client_id": "1"} 33.7484375
{"desc": "status", "id": "28", "client_id": "1"} 33.7484375
{"desc": "status", "id": "29", "client_id": "1"} 33.7484375
{"desc": "status", "id": "30", "client_id": "1"} 33.7484375
{"desc": "status", "id": "31", "client_id": "1"} 33.7484375
{"desc": "status", "id": "32", "client_id": "1"} 33.7484375
{"desc": "status", "id": "33", "client_id": "1"} 33.7484375
{"desc": "status", "id": "34", "client_id": "1"} 33.7484375
{"desc": "status", "id": "35", "client_id": "1"} 33.7484375
{"desc": "status", "id": "36", "client_id": "1"} 33.7484375
{"desc": "status", "id": "37", "client_id": "1"} 33.7484375
{"desc": "status", "id": "38", "client_id": "1"} 33.7484375
{"desc": "status", "id": "39", "client_id": "1"} 33.7484375
{"desc": "status", "id": "40", "client_id": "1"} 33.7484375
{"desc": "status", "id": "41", "client_id": "1"} 33.7484375
{"desc": "status", "id": "42", "client_id": "1"} 33.7484375
{"desc": "status", "id": "43", "client_id": "1"} 33.7484375
{"desc": "status", "id": "44", "client_id": "1"} 33.7484375
{"desc": "status", "id": "45", "client_id": "1"} 33.7484375
{"desc": "status", "id": "46", "client_id": "1"} 33.7484375
{"desc": "status", "id": "47", "client_id": "1"} 33.7484375
{"desc": "status", "id": "48", "client_id": "1"} 33.7484375
{"desc": "status", "id": "49", "client_id": "1"} 33.7484375
{"desc": "status", "id": "50", "client_id": "1"} 33.7484375
{"desc": "status", "id": "51", "client_id": "1"} 33.7484375
{"desc": "status", "id": "52", "client_id": "1"} 33.7484375
{"desc": "status", "id": "53", "client_id": "1"} 33.7484375
{"desc": "status", "id": "54", "client_id": "1"} 33.7484375
{"desc": "status", "id": "55", "client_id": "1"} 33.7484375
{"desc": "status", "id": "56", "client_id": "1"} 33.7484375
{"desc": "status", "id": "57", "client_id": "1"} 33.7484375
{"desc": "status", "id": "58", "client_id": "1"} 33.7484375
{"desc": "status", "id": "59", "client_id": "1"} 33.7484375
{"desc": "status", "id": "60", "client_id": "1"} 33.7484375
{"desc": "status", "id": "61", "client_id": "1"} 33.7484375
{"desc": "status", "id": "62", "client_id": "1"} 33.7484375
{"desc": "status", "id": "63", "client_id": "1"} 33.7484375
{"desc": "status", "id": "64", "client_id": "1"} 33.7484375
{"desc": "status", "id": "65", "client_id": "1"} 33.7484375
{"desc": "status", "id": "66", "client_id": "1"} 33.7484375
{"desc": "status", "id": "67", "client_id": "1"} 33.7484375
{"desc": "status", "id": "68", "client_id": "1"} 33.7484375
{"desc": "status", "id": "69", "client_id": "1"} 33.7484375
{"desc": "status", "id": "70", "client_id": "1"} 33.7484375
{"desc": "status", "id": "71", "client_id": "1"} 33.7484375
{"desc": "status", "id": "72", "client_id": "1"} 33.7484375
{"desc": "status", "id": "73", "client_id": "1"} 33.7484375
{"desc": "status", "id": "74", "client_id": "1"} 33.7484375
{"desc": "status", "id": "75", "client_id": "1"} 33.7484375
{"desc": "status", "id": "76", "client_id": "1"} 33.7484375
{"desc": "status", "id": "77", "client_id": "1"} 33.7484375
{"desc": "status", "id": "78", "client_id": "1"} 33.7484375
{"desc": "status", "id": "79", "client_id": "1"} 33.7484375
{"desc": "status", "id": "80", "client_id": "1"} 33.7484375
{"desc": "status", "id": "81", "client_id": "1"} 33.7484375
{"desc": "status", "id": "82", "client_id": "1"} 33.7484375
{"desc": "status", "id": "83", "client_id": "1"} 33.7484375
{"desc": "status", "id": "84", "client_id": "1"} 33.7484375
{"desc": "status", "id": "85", "client_id": "1"} 33.7484375
{"desc": "status", "id": "86", "client_id": "1"} 33.7484375
{"desc": "status", "id": "87", "client_id": "1"} 33.7484375
{"desc": "status", "id": "88", "client_id": "1"} 33.7484375
{"desc": "status", "id": "89", "client_id": "1"} 33.7484375
{"desc": "status", "id": "90", "client_id": "1"} 33.7484375
{"desc": "status", "id": "9", "client_id": "1"} 33.7484375
{"desc": "status", "id": "25", "client_id": "1"} 33.7484375
{"desc": "status", "id": "42", "client_id": "1"} 33.7484375
{"desc": "status", "id": "67", "client_id": "1"} 33.7484375
{"desc": "status", "id": "78", "client_id": "1"} 33.7484375
{"desc": "status", "id": "81", "client_id": "1"} 33.7484375
{"desc": "status", "id": "83", "client_id": "1"} 33.7484375
{"desc": "status", "id": "24", "client_id": "1"} 33.7484375
{"desc": "status", "id": "84", "client_id": "1"} 33.7484375
{"desc": "status", "id": "13", "client_id": "1"} 33.7484375
{"desc": "status", "id": "60", "client_id": "1"} 33.7484375
{"desc": "status", "id": "77", "client_id": "1"} 33.7484375
{"desc": "status", "id": "6", "client_id": "1"} 33.7484375
{"desc": "status", "id": "7", "client_id": "1"} 33.7484375
{"desc": "status", "id": "17", "client_id": "1"} 33.7484375
{"desc": "status", "id": "18", "client_id": "1"} 33.7484375
{"desc": "status", "id": "27", "client_id": "1"} 33.7484375
{"desc": "status", "id": "33", "client_id": "1"} 33.7484375
{"desc": "status", "id": "37", "client_id": "1"} 33.7484375
{"desc": "status", "id": "45", "client_id": "1"} 33.7484375
{"desc": "status", "id": "47", "client_id": "1"} 33.7484375
{"desc": "status", "id": "53", "client_id": "1"} 33.7484375
{"desc": "status", "id": "58", "client_id": "1"} 33.7484375
{"desc": "status", "id": "62", "client_id": "1"} 33.7484375
{"desc": "status", "id": "65", "client_id": "1"} 33.7484375
{"desc": "status", "id": "66", "client_id": "1"} 33.7484375
{"desc": "status", "id": "74", "client_id": "1"} 33.7484375
{"desc": "status", "id": "80", "client_id": "1"} 33.7484375
{"desc": "status", "id": "89", "client_id": "1"} 33.7484375
{"desc": "status", "id": "81", "client_id": "1"} 33.7484375
{"desc": "status", "id": "83", "client_id": "1"} 33.7484375
{"desc": "status", "id": "81", "client_id": "1"} 33.7484375
{"desc": "status", "id": "71", "client_id": "1"} 33.7484375
{"desc": "status", "id": "53", "client_id": "1"} 33.7484375
{"desc": "status", "id": "77", "client_id": "1"} 33.7484375
{"desc": "status", "id": "53", "client_id": "1"} 33.7484375
{"desc": "status", "id": "38", "client_id": "1"} 33.7484375
{"desc": "status", "id": "88", "client_id": "1"} 33.7484375
{"desc": "status", "id": "90", "client_id": "1"} 33.7484375
{"desc": "status", "id": "11", "client_id": "1"} 33.7484375
{"desc": "status", "id": "30", "client_id": "1"} 33.7484375
{"desc": "status", "id": "43", "client_id": "1"} 33.7484375
{"desc": "status", "id": "61", "client_id": "1"} 33.7484375
{"desc": "status", "id": "63", "client_id": "1"} 33.7484375
{"desc": "status", "id": "64", "client_id": "1"} 33.7484375
{"desc": "status", "id": "73", "client_id": "1"} 33.7484375
{"desc": "status", "id": "86", "client_id": "1"} 33.7484375
{"desc": "status", "id": "13", "client_id": "1"} 33.7484375
{"desc": "status", "id": "20", "client_id": "1"} 33.7484375
{"desc": "status", "id": "40", "client_id": "1"} 33.7484375
{"desc": "status", "id": "67", "client_id": "1"} 33.7484375
{"desc": "status", "id": "75", "client_id": "1"} 33.7484375
{"desc": "status", "id": "79", "client_id": "1"} 33.7484375
{"desc": "status", "id": "89", "client_id": "1"} 33.7484375
{"desc": "status", "id": "53", "client_id": "1"} 33.7484375
{"desc": "status", "id": "58", "client_id": "1"} 33.7484375
{"desc": "status", "id": "80", "client_id": "1"} 33.7484375
{"desc": "status", "id": "83", "client_id": "1"} 33.7484375
{"desc": "status", "id": "34", "client_id": "1"} 33.7484375
{"desc": "status", "id": "19", "client_id": "1"} 33.7484375
{"desc": "status", "id": "52", "client_id": "1"} 33.7484375
{"desc": "status", "id": "44", "client_id": "1"} 33.7484375
{"desc": "status", "id": "55", "client_id": "1"} 33.7484375
{"desc": "status", "id": "5", "client_id": "1"} 33.7484375
{"desc": "status", "id": "82", "client_id": "1"} 33.7484375
{"desc": "status", "id": "87", "client_id": "1"} 33.7484375
{"desc": "status", "id": "90", "client_id": "1"} 33.7484375
{"desc": "status", "id": "62", "client_id": "1"} 33.7484375
{"desc": "status", "id": "2", "client_id": "1"} 33.7484375
{"desc": "status", "id": "6", "client_id": "1"} 33.7484375
{"desc": "migration", "id": "66"} 34.725
{"desc": "migration", "id": "77"} 34.725
{"desc": "migration", "id": "89"} 34.725
{"desc": "status", "id": "1", "client_id": "1"} 34.725
{"desc": "status", "id": "2", "client_id": "1"} 34.725
{"desc": "status", "id": "3", "client_id": "1"} 34.725
{"desc": "status", "id": "4", "client_id": "1"} 34.725
{"desc": "status", "id": "5", "client_id": "1"} 34.725
{"desc": "status", "id": "6", "client_id": "1"} 34.725
{"desc": "status", "id": "7", "client_id": "1"} 34.725
{"desc": "status", "id": "8", "client_id": "1"} 34.725
{"desc": "status", "id": "9", "client_id": "1"} 34.725
{"desc": "status", "id": "10", "client_id": "1"} 34.725
{"desc": "status", "id": "11", "client_id": "1"} 34.725
{"desc": "status", "id": "12", "client_id": "1"} 34.725
{"desc": "status", "id": "13", "client_id": "1"} 34.725
{"desc": "status", "id": "14", "client_id": "1"} 34.725
{"desc": "status", "id": "15", "client_id": "1"} 34.725
{"desc": "status", "id": "16", "client_id": "1"} 34.725
{"desc": "status", "id": "17", "client_id": "1"} 34.725
{"desc": "status", "id": "18", "client_id": "1"} 34.725
{"desc": "status", "id": "19", "client_id": "1"} 34.725
{"desc": "status", "id": "20", "client_id": "1"} 34.725
{"desc": "status", "id": "21", "client_id": "1"} 34.725
{"desc": "status", "id": "22", "client_id": "1"} 34.725
{"desc": "status", "id": "23", "client_id": "1"} 34.725
{"desc": "status", "id": "24", "client_id": "1"} 34.725
{"desc": "status", "id": "25", "client_id": "1"} 34.725
{"desc": "status", "id": "26", "client_id": "1"} 34.725
{"desc": "status", "id": "27", "client_id": "1"} 34.725
{"desc": "status", "id": "28", "client_id": "1"} 34.725
{"desc": "status", "id": "29", "client_id": "1"} 34.725
{"desc": "status", "id": "30", "client_id": "1"} 34.725
{"desc": "status", "id": "31", "client_id": "1"} 34.725
{"desc": "status", "id": "32", "client_id": "1"} 34.725
{"desc": "status", "id": "33", "client_id": "1"} 34.725
{"desc": "status", "id": "34", "client_id": "1"} 34.725
{"desc": "status", "id": "35", "client_id": "1"} 34.725
{"desc": "status", "id": "36", "client_id": "1"} 34.725
{"desc": "status", "id": "37", "client_id": "1"} 34.725
{"desc": "status", "id": "38", "client_id": "1"} 34.725
{"desc": "status", "id": "39", "client_id": "1"} 34.725
{"desc": "status", "id": "40", "client_id": "1"} 34.725
{"desc": "status", "id": "41", "client_id": "1"} 34.725
{"desc": "status", "id": "42", "client_id": "1"} 34.725
{"desc": "status", "id": "43", "client_id": "1"} 34.725
{"desc": "status", "id": "44", "client_id": "1"} 34.725
{"desc": "status", "id": "45", "client_id": "1"} 34.725
{"desc": "status", "id": "46", "client_id": "1"} 34.725
{"desc": "status", "id": "47", "client_id": "1"} 34.725
{"desc": "status", "id": "48", "client_id": "1"} 34.725
{"desc": "status", "id": "49", "client_id": "1"} 34.725
{"desc": "status", "id": "50", "client_id": "1"} 34.725
{"desc": "status", "id": "51", "client_id": "1"} 34.725
{"desc": "status", "id": "52", "client_id": "1"} 34.725
{"desc": "status", "id": "53", "client_id": "1"} 34.725
{"desc": "status", "id": "54", "client_id": "1"} 34.725
{"desc": "status", "id": "55", "client_id": "1"} 34.725
{"desc": "status", "id": "56", "client_id": "1"} 34.725
{"desc": "status", "id": "57", "client_id": "1"} 34.725
{"desc": "status", "id": "58", "client_id": "1"} 34.725
{"desc": "status", "id": "59", "client_id": "1"} 34.725
{"desc": "status", "id": "60", "client_id": "1"} 34.725
{"desc": "status", "id": "61", "client_id": "1"} 34.725
{"desc": "status", "id": "62", "client_id": "1"} 34.725
{"desc": "status", "id": "63", "client_id": "1"} 34.725
{"desc": "status", "id": "64", "client_id": "1"} 34.725
{"desc": "status", "id": "65", "client_id": "1"} 34.725
{"desc": "status", "id": "66", "client_id": "1"} 34.725
{"desc": "status", "id": "67", "client_id": "1"} 34.725
{"desc": "status", "id": "68", "client_id": "1"} 34.725
{"desc": "status", "id": "69", "client_id": "1"} 34.725
{"desc": "status", "id": "70", "client_id": "1"} 34.725
{"desc": "status", "id": "71", "client_id": "1"} 34.725
{"desc": "status", "id": "72", "client_id": "1"} 34.725
{"desc": "status", "id": "73", "client_id": "1"} 34.725
{"desc": "status", "id": "74", "client_id": "1"} 34.725
{"desc": "status", "id": "75", "client_id": "1"} 34.725
{"desc": "status", "id": "76", "client_id": "1"} 34.725
{"desc": "status", "id": "77", "client_id": "1"} 34.725
{"desc": "status", "id": "78", "client_id": "1"} 34.725
{"desc": "status", "id": "79", "client_id": "1"} 34.725
{"desc": "status", "id": "80", "client_id": "1"} 34.725
{"desc": "status", "id": "81", "client_id": "1"} 34.725
{"desc": "status", "id": "82", "client_id": "1"} 34.725
{"desc": "status", "id": "83", "client_id": "1"} 34.725
{"desc": "status", "id": "84", "client_id": "1"} 34.725
{"desc": "status", "id": "85", "client_id": "1"} 34.725
{"desc": "status", "id": "86", "client_id": "1"} 34.725
{"desc": "status", "id": "87", "client_id": "1"} 34.725
{"desc": "status", "id": "88", "client_id": "1"} 34.725
{"desc": "status", "id": "89", "client_id": "1"} 34.725
{"desc": "status", "id": "90", "client_id": "1"} 34.725
{"desc": "status", "id": "9", "client_id": "1"} 34.725
{"desc": "status", "id": "25", "client_id": "1"} 34.725
{"desc": "status", "id": "42", "client_id": "1"} 34.725
{"desc": "status", "id": "67", "client_id": "1"} 34.725
{"desc": "status", "id": "78", "client_id": "1"} 34.725
{"desc": "status", "id": "81", "client_id": "1"} 34.725
{"desc": "status", "id": "83", "client_id": "1"} 34.725
{"desc": "status", "id": "24", "client_id": "1"} 34.725
{"desc": "status", "id": "84", "client_id": "1"} 34.725
{"desc": "status", "id": "13", "client_id": "1"} 34.725
{"desc": "status", "id": "60", "client_id": "1"} 34.725
{"desc": "status", "id": "77", "client_id": "1"} 34.725
{"desc": "status", "id": "6", "client_id": "1"} 34.725
{"desc": "status", "id": "7", "client_id": "1"} 34.725
{"desc": "status", "id": "17", "client_id": "1"} 34.725
{"desc": "status", "id": "18", "client_id": "1"} 34.725
{"desc": "status", "id": "27", "client_id": "1"} 34.725
{"desc": "status", "id": "33", "client_id": "1"} 34.725
{"desc": "status", "id": "37", "client_id": "1"} 34.725
{"desc": "status", "id": "45", "client_id": "1"} 34.725
{"desc": "status", "id": "47", "client_id": "1"} 34.725
{"desc": "status", "id": "53", "client_id": "1"} 34.725
{"desc": "status", "id": "58", "client_id": "1"} 34.725
{"desc": "status", "id": "62", "client_id": "1"} 34.725
{"desc": "status", "id": "65", "client_id": "1"} 34.725
{"desc": "status", "id": "66", "client_id": "1"} 34.725
{"desc": "status", "id": "74", "client_id": "1"} 34.725
{"desc": "status", "id": "80", "client_id": "1"} 34.725
{"desc": "status", "id": "89", "client_id": "1"} 34.725
{"desc": "status", "id": "81", "client_id": "1"} 34.725
{"desc": "status", "id": "83", "client_id": "1"} 34.725
{"desc": "status", "id": "81", "client_id": "1"} 34.725
{"desc": "status", "id": "71", "client_id": "1"} 34.725
{"desc": "status", "id": "53", "client_id": "1"} 34.725
{"desc": "status", "id": "77", "client_id": "1"} 34.725
{"desc": "status", "id": "53", "client_id": "1"} 34.725
{"desc": "status", "id": "38", "client_id": "1"} 34.725
{"desc": "status", "id": "88", "client_id": "1"} 34.725
{"desc": "status", "id": "90", "client_id": "1"} 34.725
{"desc": "status", "id": "11", "client_id": "1"} 34.725
{"desc": "status", "id": "30", "client_id": "1"} 34.725
{"desc": "status", "id": "43", "client_id": "1"} 34.725
{"desc": "status", "id": "61", "client_id": "1"} 34.725
{"desc": "status", "id": "63", "client_id": "1"} 34.725
{"desc": "status", "id": "64", "client_id": "1"} 34.725
{"desc": "status", "id": "73", "client_id": "1"} 34.725
{"desc": "status", "id": "86", "client_id": "1"} 34.725
{"desc": "status", "id": "13", "client_id": "1"} 34.725
{"desc": "status", "id": "20", "client_id": "1"} 34.725
{"desc": "status", "id": "40", "client_id": "1"} 34.725
{"desc": "status", "id": "67", "client_id": "1"} 34.725
{"desc": "status", "id": "75", "client_id": "1"} 34.725
{"desc": "status", "id": "79", "client_id": "1"} 34.725
{"desc": "status", "id": "89", "client_id": "1"} 34.725
{"desc": "status", "id": "53", "client_id": "1"} 34.725
{"desc": "status", "id": "58", "client_id": "1"} 34.725
{"desc": "status", "id": "80", "client_id": "1"} 34.725
{"desc": "status", "id": "83", "client_id": "1"} 34.725
{"desc": "status", "id": "34", "client_id": "1"} 34.725
{"desc": "status", "id": "19", "client_id": "1"} 34.725
{"desc": "status", "id": "52", "client_id": "1"} 34.725
{"desc": "status", "id": "44", "client_id": "1"} 34.725
{"desc": "status", "id": "55", "client_id": "1"} 34.725
{"desc": "status", "id": "5", "client_id": "1"} 34.725
{"desc": "status", "id": "82", "client_id": "1"} 34.725
{"desc": "status", "id": "87", "client_id": "1"} 34.725
{"desc": "status", "id": "90", "client_id": "1"} 34.725
{"desc": "status", "id": "62", "client_id": "1"} 34.725
{"desc": "status", "id": "2", "client_id": "1"} 34.725
{"desc": "status", "id": "6", "client_id": "1"} 34.725
{"desc": "status", "id": "40", "client_id": "1"} 34.725
{"desc": "status", "id": "52", "client_id": "1"} 34.725
{"desc": "status", "id": "80", "client_id": "1"} 34.725
{"desc": "status", "id": "74", "client_id": "1"} 34.725
{"desc": "status", "id": "80", "client_id": "1"} 34.725
{"desc": "migration", "id": "12"} 35.7015625
{"desc": "migration", "id": "13"} 35.7015625
{"desc": "migration", "id": "15"} 35.7015625
{"desc": "migration", "id": "21"} 35.7015625
{"desc": "migration", "id": "23"} 35.7015625
{"desc": "migration", "id": "28"} 35.7015625
{"desc": "migration", "id": "37"} 35.7015625
{"desc": "migration", "id": "47"} 35.7015625
{"desc": "migration", "id": "49"} 35.7015625
{"desc": "migration", "id": "84"} 35.7015625
{"desc": "migration", "id": "88"} 35.7015625
{"desc": "migration", "id": "84"} 35.7015625
{"desc": "migration", "id": "37"} 35.7015625
{"desc": "migration", "id": "47"} 35.7015625
{"desc": "migration", "id": "88"} 35.7015625
{"desc": "status", "id": "1", "client_id": "1"} 35.7015625
{"desc": "status", "id": "2", "client_id": "1"} 35.7015625
{"desc": "status", "id": "3", "client_id": "1"} 35.7015625
{"desc": "status", "id": "4", "client_id": "1"} 35.7015625
{"desc": "status", "id": "5", "client_id": "1"} 35.7015625
{"desc": "status", "id": "6", "client_id": "1"} 35.7015625
{"desc": "status", "id": "7", "client_id": "1"} 35.7015625
{"desc": "status", "id": "8", "client_id": "1"} 35.7015625
{"desc": "status", "id": "9", "client_id": "1"} 35.7015625
{"desc": "status", "id": "10", "client_id": "1"} 35.7015625
{"desc": "status", "id": "11", "client_id": "1"} 35.7015625
{"desc": "status", "id": "12", "client_id": "1"} 35.7015625
{"desc": "status", "id": "13", "client_id": "1"} 35.7015625
{"desc": "status", "id": "14", "client_id": "1"} 35.7015625
{"desc": "status", "id": "15", "client_id": "1"} 35.7015625
{"desc": "status", "id": "16", "client_id": "1"} 35.7015625
{"desc": "status", "id": "17", "client_id": "1"} 35.7015625
{"desc": "status", "id": "18", "client_id": "1"} 35.7015625
{"desc": "status", "id": "19", "client_id": "1"} 35.7015625
{"desc": "status", "id": "20", "client_id": "1"} 35.7015625
{"desc": "status", "id": "21", "client_id": "1"} 35.7015625
{"desc": "status", "id": "22", "client_id": "1"} 35.7015625
{"desc": "status", "id": "23", "client_id": "1"} 35.7015625
{"desc": "status", "id": "24", "client_id": "1"} 35.7015625
{"desc": "status", "id": "25", "client_id": "1"} 35.7015625
{"desc": "status", "id": "26", "client_id": "1"} 35.7015625
{"desc": "status", "id": "27", "client_id": "1"} 35.7015625
{"desc": "status", "id": "28", "client_id": "1"} 35.7015625
{"desc": "status", "id": "29", "client_id": "1"} 35.7015625
{"desc": "status", "id": "30", "client_id": "1"} 35.7015625
{"desc": "status", "id": "31", "client_id": "1"} 35.7015625
{"desc": "status", "id": "32", "client_id": "1"} 35.7015625
{"desc": "status", "id": "33", "client_id": "1"} 35.7015625
{"desc": "status", "id": "34", "client_id": "1"} 35.7015625
{"desc": "status", "id": "35", "client_id": "1"} 35.7015625
{"desc": "status", "id": "36", "client_id": "1"} 35.7015625
{"desc": "status", "id": "37", "client_id": "1"} 35.7015625
{"desc": "status", "id": "38", "client_id": "1"} 35.7015625
{"desc": "status", "id": "39", "client_id": "1"} 35.7015625
{"desc": "status", "id": "40", "client_id": "1"} 35.7015625
{"desc": "status", "id": "41", "client_id": "1"} 35.7015625
{"desc": "status", "id": "42", "client_id": "1"} 35.7015625
{"desc": "status", "id": "43", "client_id": "1"} 35.7015625
{"desc": "status", "id": "44", "client_id": "1"} 35.7015625
{"desc": "status", "id": "45", "client_id": "1"} 35.7015625
{"desc": "status", "id": "46", "client_id": "1"} 35.7015625
{"desc": "status", "id": "47", "client_id": "1"} 35.7015625
{"desc": "status", "id": "48", "client_id": "1"} 35.7015625
{"desc": "status", "id": "49", "client_id": "1"} 35.7015625
{"desc": "status", "id": "50", "client_id": "1"} 35.7015625
{"desc": "status", "id": "51", "client_id": "1"} 35.7015625
{"desc": "status", "id": "52", "client_id": "1"} 35.7015625
{"desc": "status", "id": "53", "client_id": "1"} 35.7015625
{"desc": "status", "id": "54", "client_id": "1"} 35.7015625
{"desc": "status", "id": "55", "client_id": "1"} 35.7015625
{"desc": "status", "id": "56", "client_id": "1"} 35.7015625
{"desc": "status", "id": "57", "client_id": "1"} 35.7015625
{"desc": "status", "id": "58", "client_id": "1"} 35.7015625
{"desc": "status", "id": "59", "client_id": "1"} 35.7015625
{"desc": "status", "id": "60", "client_id": "1"} 35.7015625
{"desc": "status", "id": "61", "client_id": "1"} 35.7015625
{"desc": "status", "id": "62", "client_id": "1"} 35.7015625
{"desc": "status", "id": "63", "client_id": "1"} 35.7015625
{"desc": "status", "id": "64", "client_id": "1"} 35.7015625
{"desc": "status", "id": "65", "client_id": "1"} 35.7015625
{"desc": "status", "id": "66", "client_id": "1"} 35.7015625
{"desc": "status", "id": "67", "client_id": "1"} 35.7015625
{"desc": "status", "id": "68", "client_id": "1"} 35.7015625
{"desc": "status", "id": "69", "client_id": "1"} 35.7015625
{"desc": "status", "id": "70", "client_id": "1"} 35.7015625
{"desc": "status", "id": "71", "client_id": "1"} 35.7015625
{"desc": "status", "id": "72", "client_id": "1"} 35.7015625
{"desc": "status", "id": "73", "client_id": "1"} 35.7015625
{"desc": "status", "id": "74", "client_id": "1"} 35.7015625
{"desc": "status", "id": "75", "client_id": "1"} 35.7015625
{"desc": "status", "id": "76", "client_id": "1"} 35.7015625
{"desc": "status", "id": "77", "client_id": "1"} 35.7015625
{"desc": "status", "id": "78", "client_id": "1"} 35.7015625
{"desc": "status", "id": "79", "client_id": "1"} 35.7015625
{"desc": "status", "id": "80", "client_id": "1"} 35.7015625
{"desc": "status", "id": "81", "client_id": "1"} 35.7015625
{"desc": "status", "id": "82", "client_id": "1"} 35.7015625
{"desc": "status", "id": "83", "client_id": "1"} 35.7015625
{"desc": "status", "id": "84", "client_id": "1"} 35.7015625
{"desc": "status", "id": "85", "client_id": "1"} 35.7015625
{"desc": "status", "id": "86", "client_id": "1"} 35.7015625
{"desc": "status", "id": "87", "client_id": "1"} 35.7015625
{"desc": "status", "id": "88", "client_id": "1"} 35.7015625
{"desc": "status", "id": "89", "client_id": "1"} 35.7015625
{"desc": "status", "id": "90", "client_id": "1"} 35.7015625
{"desc": "status", "id": "9", "client_id": "1"} 35.7015625
{"desc": "status", "id": "25", "client_id": "1"} 35.7015625
{"desc": "status", "id": "42", "client_id": "1"} 35.7015625
{"desc": "status", "id": "67", "client_id": "1"} 35.7015625
{"desc": "status", "id": "78", "client_id": "1"} 35.7015625
{"desc": "status", "id": "81", "client_id": "1"} 35.7015625
{"desc": "status", "id": "83", "client_id": "1"} 35.7015625
{"desc": "status", "id": "24", "client_id": "1"} 35.7015625
{"desc": "status", "id": "84", "client_id": "1"} 35.7015625
{"desc": "status", "id": "13", "client_id": "1"} 35.7015625
{"desc": "status", "id": "60", "client_id": "1"} 35.7015625
{"desc": "status", "id": "77", "client_id": "1"} 35.7015625
{"desc": "status", "id": "6", "client_id": "1"} 35.7015625
{"desc": "status", "id": "7", "client_id": "1"} 35.7015625
{"desc": "status", "id": "17", "client_id": "1"} 35.7015625
{"desc": "status", "id": "18", "client_id": "1"} 35.7015625
{"desc": "status", "id": "27", "client_id": "1"} 35.7015625
{"desc": "status", "id": "33", "client_id": "1"} 35.7015625
{"desc": "status", "id": "37", "client_id": "1"} 35.7015625
{"desc": "status", "id": "45", "client_id": "1"} 35.7015625
{"desc": "status", "id": "47", "client_id": "1"} 35.7015625
{"desc": "status", "id": "53", "client_id": "1"} 35.7015625
{"desc": "status", "id": "58", "client_id": "1"} 35.7015625
{"desc": "status", "id": "62", "client_id": "1"} 35.7015625
{"desc": "status", "id": "65", "client_id": "1"} 35.7015625
{"desc": "status", "id": "66", "client_id": "1"} 35.7015625
{"desc": "status", "id": "74", "client_id": "1"} 35.7015625
{"desc": "status", "id": "80", "client_id": "1"} 35.7015625
{"desc": "status", "id": "89", "client_id": "1"} 35.7015625
{"desc": "status", "id": "81", "client_id": "1"} 35.7015625
{"desc": "status", "id": "83", "client_id": "1"} 35.7015625
{"desc": "status", "id": "81", "client_id": "1"} 35.7015625
{"desc": "status", "id": "71", "client_id": "1"} 35.7015625
{"desc": "status", "id": "53", "client_id": "1"} 35.7015625
{"desc": "status", "id": "77", "client_id": "1"} 35.7015625
{"desc": "status", "id": "53", "client_id": "1"} 35.7015625
{"desc": "status", "id": "38", "client_id": "1"} 35.7015625
{"desc": "status", "id": "88", "client_id": "1"} 35.7015625
{"desc": "status", "id": "90", "client_id": "1"} 35.7015625
{"desc": "status", "id": "11", "client_id": "1"} 35.7015625
{"desc": "status", "id": "30", "client_id": "1"} 35.7015625
{"desc": "status", "id": "43", "client_id": "1"} 35.7015625
{"desc": "status", "id": "61", "client_id": "1"} 35.7015625
{"desc": "status", "id": "63", "client_id": "1"} 35.7015625
{"desc": "status", "id": "64", "client_id": "1"} 35.7015625
{"desc": "status", "id": "73", "client_id": "1"} 35.7015625
{"desc": "status", "id": "86", "client_id": "1"} 35.7015625
{"desc": "status", "id": "13", "client_id": "1"} 35.7015625
{"desc": "status", "id": "20", "client_id": "1"} 35.7015625
{"desc": "status", "id": "40", "client_id": "1"} 35.7015625
{"desc": "status", "id": "67", "client_id": "1"} 35.7015625
{"desc": "status", "id": "75", "client_id": "1"} 35.7015625
{"desc": "status", "id": "79", "client_id": "1"} 35.7015625
{"desc": "status", "id": "89", "client_id": "1"} 35.7015625
{"desc": "status", "id": "53", "client_id": "1"} 35.7015625
{"desc": "status", "id": "58", "client_id": "1"} 35.7015625
{"desc": "status", "id": "80", "client_id": "1"} 35.7015625
{"desc": "status", "id": "83", "client_id": "1"} 35.7015625
{"desc": "status", "id": "34", "client_id": "1"} 35.7015625
{"desc": "status", "id": "19", "client_id": "1"} 35.7015625
{"desc": "status", "id": "52", "client_id": "1"} 35.7015625
{"desc": "status", "id": "44", "client_id": "1"} 35.7015625
{"desc": "status", "id": "55", "client_id": "1"} 35.7015625
{"desc": "status", "id": "5", "client_id": "1"} 35.7015625
{"desc": "status", "id": "82", "client_id": "1"} 35.7015625
{"desc": "status", "id": "87", "client_id": "1"} 35.7015625
{"desc": "status", "id": "90", "client_id": "1"} 35.7015625
{"desc": "status", "id": "62", "client_id": "1"} 35.7015625
{"desc": "status", "id": "2", "client_id": "1"} 35.7015625
{"desc": "status", "id": "6", "client_id": "1"} 35.7015625
{"desc": "status", "id": "40", "client_id": "1"} 35.7015625
{"desc": "status", "id": "52", "client_id": "1"} 35.7015625
{"desc": "status", "id": "80", "client_id": "1"} 35.7015625
{"desc": "status", "id": "74", "client_id": "1"} 35.7015625
{"desc": "status", "id": "80", "client_id": "1"} 35.7015625
{"desc": "status", "id": "18", "client_id": "1"} 35.7015625
{"desc": "status", "id": "41", "client_id": "1"} 35.7015625
{"desc": "status", "id": "71", "client_id": "1"} 35.7015625
{"desc": "status", "id": "77", "client_id": "1"} 35.7015625
{"desc": "status", "id": "53", "client_id": "1"} 35.7015625
{"desc": "status", "id": "53", "client_id": "1"} 35.7015625
{"desc": "migration", "id": "4"} 36.678125
{"desc": "migration", "id": "22"} 36.678125
{"desc": "migration", "id": "24"} 36.678125
{"desc": "migration", "id": "32"} 36.678125
{"desc": "migration", "id": "39"} 36.678125
{"desc": "migration", "id": "46"} 36.678125
{"desc": "migration", "id": "48"} 36.678125
{"desc": "migration", "id": "57"} 36.678125
{"desc": "migration", "id": "68"} 36.678125
{"desc": "migration", "id": "89"} 36.678125
{"desc": "status", "id": "1", "client_id": "1"} 36.678125
{"desc": "status", "id": "2", "client_id": "1"} 36.678125
{"desc": "status", "id": "3", "client_id": "1"} 36.678125
{"desc": "status", "id": "4", "client_id": "1"} 36.678125
{"desc": "status", "id": "5", "client_id": "1"} 36.678125
{"desc": "status", "id": "6", "client_id": "1"} 36.678125
{"desc": "status", "id": "7", "client_id": "1"} 36.678125
{"desc": "status", "id": "8", "client_id": "1"} 36.678125
{"desc": "status", "id": "9", "client_id": "1"} 36.678125
{"desc": "status", "id": "10", "client_id": "1"} 36.678125
{"desc": "status", "id": "11", "client_id": "1"} 36.678125
{"desc": "status", "id": "12", "client_id": "1"} 36.678125
{"desc": "status", "id": "13", "client_id": "1"} 36.678125
{"desc": "status", "id": "14", "client_id": "1"} 36.678125
{"desc": "status", "id": "15", "client_id": "1"} 36.678125
{"desc": "status", "id": "16", "client_id": "1"} 36.678125
{"desc": "status", "id": "17", "client_id": "1"} 36.678125
{"desc": "status", "id": "18", "client_id": "1"} 36.678125
{"desc": "status", "id": "19", "client_id": "1"} 36.678125
{"desc": "status", "id": "20", "client_id": "1"} 36.678125
{"desc": "status", "id": "21", "client_id": "1"} 36.678125
{"desc": "status", "id": "22", "client_id": "1"} 36.678125
{"desc": "status", "id": "23", "client_id": "1"} 36.678125
{"desc": "status", "id": "24", "client_id": "1"} 36.678125
{"desc": "status", "id": "25", "client_id": "1"} 36.678125
{"desc": "status", "id": "26", "client_id": "1"} 36.678125
{"desc": "status", "id": "27", "client_id": "1"} 36.678125
{"desc": "status", "id": "28", "client_id": "1"} 36.678125
{"desc": "status", "id": "29", "client_id": "1"} 36.678125
{"desc": "status", "id": "30", "client_id": "1"} 36.678125
{"desc": "status", "id": "31", "client_id": "1"} 36.678125
{"desc": "status", "id": "32", "client_id": "1"} 36.678125
{"desc": "status", "id": "33", "client_id": "1"} 36.678125
{"desc": "status", "id": "34", "client_id": "1"} 36.678125
{"desc": "status", "id": "35", "client_id": "1"} 36.678125
{"desc": "status", "id": "36", "client_id": "1"} 36.678125
{"desc": "status", "id": "37", "client_id": "1"} 36.678125
{"desc": "status", "id": "38", "client_id": "1"} 36.678125
{"desc": "status", "id": "39", "client_id": "1"} 36.678125
{"desc": "status", "id": "40", "client_id": "1"} 36.678125
{"desc": "status", "id": "41", "client_id": "1"} 36.678125
{"desc": "status", "id": "42", "client_id": "1"} 36.678125
{"desc": "status", "id": "43", "client_id": "1"} 36.678125
{"desc": "status", "id": "44", "client_id": "1"} 36.678125
{"desc": "status", "id": "45", "client_id": "1"} 36.678125
{"desc": "status", "id": "46", "client_id": "1"} 36.678125
{"desc": "status", "id": "47", "client_id": "1"} 36.678125
{"desc": "status", "id": "48", "client_id": "1"} 36.678125
{"desc": "status", "id": "49", "client_id": "1"} 36.678125
{"desc": "status", "id": "50", "client_id": "1"} 36.678125
{"desc": "status", "id": "51", "client_id": "1"} 36.678125
{"desc": "status", "id": "52", "client_id": "1"} 36.678125
{"desc": "status", "id": "53", "client_id": "1"} 36.678125
{"desc": "status", "id": "54", "client_id": "1"} 36.678125
{"desc": "status", "id": "55", "client_id": "1"} 36.678125
{"desc": "status", "id": "56", "client_id": "1"} 36.678125
{"desc": "status", "id": "57", "client_id": "1"} 36.678125
{"desc": "status", "id": "58", "client_id": "1"} 36.678125
{"desc": "status", "id": "59", "client_id": "1"} 36.678125
{"desc": "status", "id": "60", "client_id": "1"} 36.678125
{"desc": "status", "id": "61", "client_id": "1"} 36.678125
{"desc": "status", "id": "62", "client_id": "1"} 36.678125
{"desc": "status", "id": "63", "client_id": "1"} 36.678125
{"desc": "status", "id": "64", "client_id": "1"} 36.678125
{"desc": "status", "id": "65", "client_id": "1"} 36.678125
{"desc": "status", "id": "66", "client_id": "1"} 36.678125
{"desc": "status", "id": "67", "client_id": "1"} 36.678125
{"desc": "status", "id": "68", "client_id": "1"} 36.678125
{"desc": "status", "id": "69", "client_id": "1"} 36.678125
{"desc": "status", "id": "70", "client_id": "1"} 36.678125
{"desc": "status", "id": "71", "client_id": "1"} 36.678125
{"desc": "status", "id": "72", "client_id": "1"} 36.678125
{"desc": "status", "id": "73", "client_id": "1"} 36.678125
{"desc": "status", "id": "74", "client_id": "1"} 36.678125
{"desc": "status", "id": "75", "client_id": "1"} 36.678125
{"desc": "status", "id": "76", "client_id": "1"} 36.678125
{"desc": "status", "id": "77", "client_id": "1"} 36.678125
{"desc": "status", "id": "78", "client_id": "1"} 36.678125
{"desc": "status", "id": "79", "client_id": "1"} 36.678125
{"desc": "status", "id": "80", "client_id": "1"} 36.678125
{"desc": "status", "id": "81", "client_id": "1"} 36.678125
{"desc": "status", "id": "82", "client_id": "1"} 36.678125
{"desc": "status", "id": "83", "client_id": "1"} 36.678125
{"desc": "status", "id": "84", "client_id": "1"} 36.678125
{"desc": "status", "id": "85", "client_id": "1"} 36.678125
{"desc": "status", "id": "86", "client_id": "1"} 36.678125
{"desc": "status", "id": "87", "client_id": "1"} 36.678125
{"desc": "status", "id": "88", "client_id": "1"} 36.678125
{"desc": "status", "id": "89", "client_id": "1"} 36.678125
{"desc": "status", "id": "90", "client_id": "1"} 36.678125
{"desc": "status", "id": "9", "client_id": "1"} 36.678125
{"desc": "status", "id": "25", "client_id": "1"} 36.678125
{"desc": "status", "id": "42", "client_id": "1"} 36.678125
{"desc": "status", "id": "67", "client_id": "1"} 36.678125
{"desc": "status", "id": "78", "client_id": "1"} 36.678125
{"desc": "status", "id": "81", "client_id": "1"} 36.678125
{"desc": "status", "id": "83", "client_id": "1"} 36.678125
{"desc": "status", "id": "24", "client_id": "1"} 36.678125
{"desc": "status", "id": "84", "client_id": "1"} 36.678125
{"desc": "status", "id": "13", "client_id": "1"} 36.678125
{"desc": "status", "id": "60", "client_id": "1"} 36.678125
{"desc": "status", "id": "77", "client_id": "1"} 36.678125
{"desc": "status", "id": "6", "client_id": "1"} 36.678125
{"desc": "status", "id": "7", "client_id": "1"} 36.678125
{"desc": "status", "id": "17", "client_id": "1"} 36.678125
{"desc": "status", "id": "18", "client_id": "1"} 36.678125
{"desc": "status", "id": "27", "client_id": "1"} 36.678125
{"desc": "status", "id": "33", "client_id": "1"} 36.678125
{"desc": "status", "id": "37", "client_id": "1"} 36.678125
{"desc": "status", "id": "45", "client_id": "1"} 36.678125
{"desc": "status", "id": "47", "client_id": "1"} 36.678125
{"desc": "status", "id": "53", "client_id": "1"} 36.678125
{"desc": "status", "id": "58", "client_id": "1"} 36.678125
{"desc": "status", "id": "62", "client_id": "1"} 36.678125
{"desc": "status", "id": "65", "client_id": "1"} 36.678125
{"desc": "status", "id": "66", "client_id": "1"} 36.678125
{"desc": "status", "id": "74", "client_id": "1"} 36.678125
{"desc": "status", "id": "80", "client_id": "1"} 36.678125
{"desc": "status", "id": "89", "client_id": "1"} 36.678125
{"desc": "status", "id": "81", "client_id": "1"} 36.678125
{"desc": "status", "id": "83", "client_id": "1"} 36.678125
{"desc": "status", "id": "81", "client_id": "1"} 36.678125
{"desc": "status", "id": "71", "client_id": "1"} 36.678125
{"desc": "status", "id": "53", "client_id": "1"} 36.678125
{"desc": "status", "id": "77", "client_id": "1"} 36.678125
{"desc": "status", "id": "53", "client_id": "1"} 36.678125
{"desc": "status", "id": "38", "client_id": "1"} 36.678125
{"desc": "status", "id": "88", "client_id": "1"} 36.678125
{"desc": "status", "id": "90", "client_id": "1"} 36.678125
{"desc": "status", "id": "11", "client_id": "1"} 36.678125
{"desc": "status", "id": "30", "client_id": "1"} 36.678125
{"desc": "status", "id": "43", "client_id": "1"} 36.678125
{"desc": "status", "id": "61", "client_id": "1"} 36.678125
{"desc": "status", "id": "63", "client_id": "1"} 36.678125
{"desc": "status", "id": "64", "client_id": "1"} 36.678125
{"desc": "status", "id": "73", "client_id": "1"} 36.678125
{"desc": "status", "id": "86", "client_id": "1"} 36.678125
{"desc": "status", "id": "13", "client_id": "1"} 36.678125
{"desc": "status", "id": "20", "client_id": "1"} 36.678125
{"desc": "status", "id": "40", "client_id": "1"} 36.678125
{"desc": "status", "id": "67", "client_id": "1"} 36.678125
{"desc": "status", "id": "75", "client_id": "1"} 36.678125
{"desc": "status", "id": "79", "client_id": "1"} 36.678125
{"desc": "status", "id": "89", "client_id": "1"} 36.678125
{"desc": "status", "id": "53", "client_id": "1"} 36.678125
{"desc": "status", "id": "58", "client_id": "1"} 36.678125
{"desc": "status", "id": "80", "client_id": "1"} 36.678125
{"desc": "status", "id": "83", "client_id": "1"} 36.678125
{"desc": "status", "id": "34", "client_id": "1"} 36.678125
{"desc": "status", "id": "19", "client_id": "1"} 36.678125
{"desc": "status", "id": "52", "client_id": "1"} 36.678125
{"desc": "status", "id": "44", "client_id": "1"} 36.678125
{"desc": "status", "id": "55", "client_id": "1"} 36.678125
{"desc": "status", "id": "5", "client_id": "1"} 36.678125
{"desc": "status", "id": "82", "client_id": "1"} 36.678125
{"desc": "status", "id": "87", "client_id": "1"} 36.678125
{"desc": "status", "id": "90", "client_id": "1"} 36.678125
{"desc": "status", "id": "62", "client_id": "1"} 36.678125
{"desc": "status", "id": "2", "client_id": "1"} 36.678125
{"desc": "status", "id": "6", "client_id": "1"} 36.678125
{"desc": "status", "id": "40", "client_id": "1"} 36.678125
{"desc": "status", "id": "52", "client_id": "1"} 36.678125
{"desc": "status", "id": "80", "client_id": "1"} 36.678125
{"desc": "status", "id": "74", "client_id": "1"} 36.678125
{"desc": "status", "id": "80", "client_id": "1"} 36.678125
{"desc": "status", "id": "18", "client_id": "1"} 36.678125
{"desc": "status", "id": "41", "client_id": "1"} 36.678125
{"desc": "status", "id": "71", "client_id": "1"} 36.678125
{"desc": "status", "id": "77", "client_id": "1"} 36.678125
{"desc": "status", "id": "53", "client_id": "1"} 36.678125
{"desc": "status", "id": "53", "client_id": "1"} 36.678125
{"desc": "status", "id": "60", "client_id": "1"} 36.678125
{"desc": "migration", "id": "1"} 37.6546875
{"desc": "migration", "id": "10"} 37.6546875
{"desc": "migration", "id": "13"} 37.6546875
{"desc": "migration", "id": "26"} 37.6546875
{"desc": "migration", "id": "36"} 37.6546875
{"desc": "migration", "id": "69"} 37.6546875
{"desc": "migration", "id": "72"} 37.6546875
{"desc": "migration", "id": "66"} 37.6546875
{"desc": "status", "id": "1", "client_id": "1"} 37.6546875
{"desc": "status", "id": "2", "client_id": "1"} 37.6546875
{"desc": "status", "id": "3", "client_id": "1"} 37.6546875
{"desc": "status", "id": "4", "client_id": "1"} 37.6546875
{"desc": "status", "id": "5", "client_id": "1"} 37.6546875
{"desc": "status", "id": "6", "client_id": "1"} 37.6546875
{"desc": "status", "id": "7", "client_id": "1"} 37.6546875
{"desc": "status", "id": "8", "client_id": "1"} 37.6546875
{"desc": "status", "id": "9", "client_id": "1"} 37.6546875
{"desc": "status", "id": "10", "client_id": "1"} 37.6546875
{"desc": "status", "id": "11", "client_id": "1"} 37.6546875
{"desc": "status", "id": "12", "client_id": "1"} 37.6546875
{"desc": "status", "id": "13", "client_id": "1"} 37.6546875
{"desc": "status", "id": "14", "client_id": "1"} 37.6546875
{"desc": "status", "id": "15", "client_id": "1"} 37.6546875
{"desc": "status", "id": "16", "client_id": "1"} 37.6546875
{"desc": "status", "id": "17", "client_id": "1"} 37.6546875
{"desc": "status", "id": "18", "client_id": "1"} 37.6546875
{"desc": "status", "id": "19", "client_id": "1"} 37.6546875
{"desc": "status", "id": "20", "client_id": "1"} 37.6546875
{"desc": "status", "id": "21", "client_id": "1"} 37.6546875
{"desc": "status", "id": "22", "client_id": "1"} 37.6546875
{"desc": "status", "id": "23", "client_id": "1"} 37.6546875
{"desc": "status", "id": "24", "client_id": "1"} 37.6546875
{"desc": "status", "id": "25", "client_id": "1"} 37.6546875
{"desc": "status", "id": "26", "client_id": "1"} 37.6546875
{"desc": "status", "id": "27", "client_id": "1"} 37.6546875
{"desc": "status", "id": "28", "client_id": "1"} 37.6546875
{"desc": "status", "id": "29", "client_id": "1"} 37.6546875
{"desc": "status", "id": "30", "client_id": "1"} 37.6546875
{"desc": "status", "id": "31", "client_id": "1"} 37.6546875
{"desc": "status", "id": "32", "client_id": "1"} 37.6546875
{"desc": "status", "id": "33", "client_id": "1"} 37.6546875
{"desc": "status", "id": "34", "client_id": "1"} 37.6546875
{"desc": "status", "id": "35", "client_id": "1"} 37.6546875
{"desc": "status", "id": "36", "client_id": "1"} 37.6546875
{"desc": "status", "id": "37", "client_id": "1"} 37.6546875
{"desc": "status", "id": "38", "client_id": "1"} 37.6546875
{"desc": "status", "id": "39", "client_id": "1"} 37.6546875
{"desc": "status", "id": "40", "client_id": "1"} 37.6546875
{"desc": "status", "id": "41", "client_id": "1"} 37.6546875
{"desc": "status", "id": "42", "client_id": "1"} 37.6546875
{"desc": "status", "id": "43", "client_id": "1"} 37.6546875
{"desc": "status", "id": "44", "client_id": "1"} 37.6546875
{"desc": "status", "id": "45", "client_id": "1"} 37.6546875
{"desc": "status", "id": "46", "client_id": "1"} 37.6546875
{"desc": "status", "id": "47", "client_id": "1"} 37.6546875
{"desc": "status", "id": "48", "client_id": "1"} 37.6546875
{"desc": "status", "id": "49", "client_id": "1"} 37.6546875
{"desc": "status", "id": "50", "client_id": "1"} 37.6546875
{"desc": "status", "id": "51", "client_id": "1"} 37.6546875
{"desc": "status", "id": "52", "client_id": "1"} 37.6546875
{"desc": "status", "id": "53", "client_id": "1"} 37.6546875
{"desc": "status", "id": "54", "client_id": "1"} 37.6546875
{"desc": "status", "id": "55", "client_id": "1"} 37.6546875
{"desc": "status", "id": "56", "client_id": "1"} 37.6546875
{"desc": "status", "id": "57", "client_id": "1"} 37.6546875
{"desc": "status", "id": "58", "client_id": "1"} 37.6546875
{"desc": "status", "id": "59", "client_id": "1"} 37.6546875
{"desc": "status", "id": "60", "client_id": "1"} 37.6546875
{"desc": "status", "id": "61", "client_id": "1"} 37.6546875
{"desc": "status", "id": "62", "client_id": "1"} 37.6546875
{"desc": "status", "id": "63", "client_id": "1"} 37.6546875
{"desc": "status", "id": "64", "client_id": "1"} 37.6546875
{"desc": "status", "id": "65", "client_id": "1"} 37.6546875
{"desc": "status", "id": "66", "client_id": "1"} 37.6546875
{"desc": "status", "id": "67", "client_id": "1"} 37.6546875
{"desc": "status", "id": "68", "client_id": "1"} 37.6546875
{"desc": "status", "id": "69", "client_id": "1"} 37.6546875
{"desc": "status", "id": "70", "client_id": "1"} 37.6546875
{"desc": "status", "id": "71", "client_id": "1"} 37.6546875
{"desc": "status", "id": "72", "client_id": "1"} 37.6546875
{"desc": "status", "id": "73", "client_id": "1"} 37.6546875
{"desc": "status", "id": "74", "client_id": "1"} 37.6546875
{"desc": "status", "id": "75", "client_id": "1"} 37.6546875
{"desc": "status", "id": "76", "client_id": "1"} 37.6546875
{"desc": "status", "id": "77", "client_id": "1"} 37.6546875
{"desc": "status", "id": "78", "client_id": "1"} 37.6546875
{"desc": "status", "id": "79", "client_id": "1"} 37.6546875
{"desc": "status", "id": "80", "client_id": "1"} 37.6546875
{"desc": "status", "id": "81", "client_id": "1"} 37.6546875
{"desc": "status", "id": "82", "client_id": "1"} 37.6546875
{"desc": "status", "id": "83", "client_id": "1"} 37.6546875
{"desc": "status", "id": "84", "client_id": "1"} 37.6546875
{"desc": "status", "id": "85", "client_id": "1"} 37.6546875
{"desc": "status", "id": "86", "client_id": "1"} 37.6546875
{"desc": "status", "id": "87", "client_id": "1"} 37.6546875
{"desc": "status", "id": "88", "client_id": "1"} 37.6546875
{"desc": "status", "id": "89", "client_id": "1"} 37.6546875
{"desc": "status", "id": "90", "client_id": "1"} 37.6546875
{"desc": "status", "id": "9", "client_id": "1"} 37.6546875
{"desc": "status", "id": "25", "client_id": "1"} 37.6546875
{"desc": "status", "id": "42", "client_id": "1"} 37.6546875
{"desc": "status", "id": "67", "client_id": "1"} 37.6546875
{"desc": "status", "id": "78", "client_id": "1"} 37.6546875
{"desc": "status", "id": "81", "client_id": "1"} 37.6546875
{"desc": "status", "id": "83", "client_id": "1"} 37.6546875
{"desc": "status", "id": "24", "client_id": "1"} 37.6546875
{"desc": "status", "id": "84", "client_id": "1"} 37.6546875
{"desc": "status", "id": "13", "client_id": "1"} 37.6546875
{"desc": "status", "id": "60", "client_id": "1"} 37.6546875
{"desc": "status", "id": "77", "client_id": "1"} 37.6546875
{"desc": "status", "id": "6", "client_id": "1"} 37.6546875
{"desc": "status", "id": "7", "client_id": "1"} 37.6546875
{"desc": "status", "id": "17", "client_id": "1"} 37.6546875
{"desc": "status", "id": "18", "client_id": "1"} 37.6546875
{"desc": "status", "id": "27", "client_id": "1"} 37.6546875
{"desc": "status", "id": "33", "client_id": "1"} 37.6546875
{"desc": "status", "id": "37", "client_id": "1"} 37.6546875
{"desc": "status", "id": "45", "client_id": "1"} 37.6546875
{"desc": "status", "id": "47", "client_id": "1"} 37.6546875
{"desc": "status", "id": "53", "client_id": "1"} 37.6546875
{"desc": "status", "id": "58", "client_id": "1"} 37.6546875
{"desc": "status", "id": "62", "client_id": "1"} 37.6546875
{"desc": "status", "id": "65", "client_id": "1"} 37.6546875
{"desc": "status", "id": "66", "client_id": "1"} 37.6546875
{"desc": "status", "id": "74", "client_id": "1"} 37.6546875
{"desc": "status", "id": "80", "client_id": "1"} 37.6546875
{"desc": "status", "id": "89", "client_id": "1"} 37.6546875
{"desc": "status", "id": "81", "client_id": "1"} 37.6546875
{"desc": "status", "id": "83", "client_id": "1"} 37.6546875
{"desc": "status", "id": "81", "client_id": "1"} 37.6546875
{"desc": "status", "id": "71", "client_id": "1"} 37.6546875
{"desc": "status", "id": "53", "client_id": "1"} 37.6546875
{"desc": "status", "id": "77", "client_id": "1"} 37.6546875
{"desc": "status", "id": "53", "client_id": "1"} 37.6546875
{"desc": "status", "id": "38", "client_id": "1"} 37.6546875
{"desc": "status", "id": "88", "client_id": "1"} 37.6546875
{"desc": "status", "id": "90", "client_id": "1"} 37.6546875
{"desc": "status", "id": "11", "client_id": "1"} 37.6546875
{"desc": "status", "id": "30", "client_id": "1"} 37.6546875
{"desc": "status", "id": "43", "client_id": "1"} 37.6546875
{"desc": "status", "id": "61", "client_id": "1"} 37.6546875
{"desc": "status", "id": "63", "client_id": "1"} 37.6546875
{"desc": "status", "id": "64", "client_id": "1"} 37.6546875
{"desc": "status", "id": "73", "client_id": "1"} 37.6546875
{"desc": "status", "id": "86", "client_id": "1"} 37.6546875
{"desc": "status", "id": "13", "client_id": "1"} 37.6546875
{"desc": "status", "id": "20", "client_id": "1"} 37.6546875
{"desc": "status", "id": "40", "client_id": "1"} 37.6546875
{"desc": "status", "id": "67", "client_id": "1"} 37.6546875
{"desc": "status", "id": "75", "client_id": "1"} 37.6546875
{"desc": "status", "id": "79", "client_id": "1"} 37.6546875
{"desc": "status", "id": "89", "client_id": "1"} 37.6546875
{"desc": "status", "id": "53", "client_id": "1"} 37.6546875
{"desc": "status", "id": "58", "client_id": "1"} 37.6546875
{"desc": "status", "id": "80", "client_id": "1"} 37.6546875
{"desc": "status", "id": "83", "client_id": "1"} 37.6546875
{"desc": "status", "id": "34", "client_id": "1"} 37.6546875
{"desc": "status", "id": "19", "client_id": "1"} 37.6546875
{"desc": "status", "id": "52", "client_id": "1"} 37.6546875
{"desc": "status", "id": "44", "client_id": "1"} 37.6546875
{"desc": "status", "id": "55", "client_id": "1"} 37.6546875
{"desc": "status", "id": "5", "client_id": "1"} 37.6546875
{"desc": "status", "id": "82", "client_id": "1"} 37.6546875
{"desc": "status", "id": "87", "client_id": "1"} 37.6546875
{"desc": "status", "id": "90", "client_id": "1"} 37.6546875
{"desc": "status", "id": "62", "client_id": "1"} 37.6546875
{"desc": "status", "id": "2", "client_id": "1"} 37.6546875
{"desc": "status", "id": "6", "client_id": "1"} 37.6546875
{"desc": "status", "id": "40", "client_id": "1"} 37.6546875
{"desc": "status", "id": "52", "client_id": "1"} 37.6546875
{"desc": "status", "id": "80", "client_id": "1"} 37.6546875
{"desc": "status", "id": "74", "client_id": "1"} 37.6546875
{"desc": "status", "id": "80", "client_id": "1"} 37.6546875
{"desc": "status", "id": "18", "client_id": "1"} 37.6546875
{"desc": "status", "id": "41", "client_id": "1"} 37.6546875
{"desc": "status", "id": "71", "client_id": "1"} 37.6546875
{"desc": "status", "id": "77", "client_id": "1"} 37.6546875
{"desc": "status", "id": "53", "client_id": "1"} 37.6546875
{"desc": "status", "id": "53", "client_id": "1"} 37.6546875
{"desc": "status", "id": "60", "client_id": "1"} 37.6546875
{"desc": "status", "id": "77", "client_id": "1"} 37.6546875
{"desc": "migration", "id": "50"} 38.63125
{"desc": "migration", "id": "56"} 38.63125
{"desc": "migration", "id": "70"} 38.63125
{"desc": "migration", "id": "37"} 38.63125
{"desc": "migration", "id": "89"} 38.63125
{"desc": "status", "id": "1", "client_id": "1"} 38.63125
{"desc": "status", "id": "2", "client_id": "1"} 38.63125
{"desc": "status", "id": "3", "client_id": "1"} 38.63125
{"desc": "status", "id": "4", "client_id": "1"} 38.63125
{"desc": "status", "id": "5", "client_id": "1"} 38.63125
{"desc": "status", "id": "6", "client_id": "1"} 38.63125
{"desc": "status", "id": "7", "client_id": "1"} 38.63125
{"desc": "status", "id": "8", "client_id": "1"} 38.63125
{"desc": "status", "id": "9", "client_id": "1"} 38.63125
{"desc": "status", "id": "10", "client_id": "1"} 38.63125
{"desc": "status", "id": "11", "client_id": "1"} 38.63125
{"desc": "status", "id": "12", "client_id": "1"} 38.63125
{"desc": "status", "id": "13", "client_id": "1"} 38.63125
{"desc": "status", "id": "14", "client_id": "1"} 38.63125
{"desc": "status", "id": "15", "client_id": "1"} 38.63125
{"desc": "status", "id": "16", "client_id": "1"} 38.63125
{"desc": "status", "id": "17", "client_id": "1"} 38.63125
{"desc": "status", "id": "18", "client_id": "1"} 38.63125
{"desc": "status", "id": "19", "client_id": "1"} 38.63125
{"desc": "status", "id": "20", "client_id": "1"} 38.63125
{"desc": "status", "id": "21", "client_id": "1"} 38.63125
{"desc": "status", "id": "22", "client_id": "1"} 38.63125
{"desc": "status", "id": "23", "client_id": "1"} 38.63125
{"desc": "status", "id": "24", "client_id": "1"} 38.63125
{"desc": "status", "id": "25", "client_id": "1"} 38.63125
{"desc": "status", "id": "26", "client_id": "1"} 38.63125
{"desc": "status", "id": "27", "client_id": "1"} 38.63125
{"desc": "status", "id": "28", "client_id": "1"} 38.63125
{"desc": "status", "id": "29", "client_id": "1"} 38.63125
{"desc": "status", "id": "30", "client_id": "1"} 38.63125
{"desc": "status", "id": "31", "client_id": "1"} 38.63125
{"desc": "status", "id": "32", "client_id": "1"} 38.63125
{"desc": "status", "id": "33", "client_id": "1"} 38.63125
{"desc": "status", "id": "34", "client_id": "1"} 38.63125
{"desc": "status", "id": "35", "client_id": "1"} 38.63125
{"desc": "status", "id": "36", "client_id": "1"} 38.63125
{"desc": "status", "id": "37", "client_id": "1"} 38.63125
{"desc": "status", "id": "38", "client_id": "1"} 38.63125
{"desc": "status", "id": "39", "client_id": "1"} 38.63125
{"desc": "status", "id": "40", "client_id": "1"} 38.63125
{"desc": "status", "id": "41", "client_id": "1"} 38.63125
{"desc": "status", "id": "42", "client_id": "1"} 38.63125
{"desc": "status", "id": "43", "client_id": "1"} 38.63125
{"desc": "status", "id": "44", "client_id": "1"} 38.63125
{"desc": "status", "id": "45", "client_id": "1"} 38.63125
{"desc": "status", "id": "46", "client_id": "1"} 38.63125
{"desc": "status", "id": "47", "client_id": "1"} 38.63125
{"desc": "status", "id": "48", "client_id": "1"} 38.63125
{"desc": "status", "id": "49", "client_id": "1"} 38.63125
{"desc": "status", "id": "50", "client_id": "1"} 38.63125
{"desc": "status", "id": "51", "client_id": "1"} 38.63125
{"desc": "status", "id": "52", "client_id": "1"} 38.63125
{"desc": "status", "id": "53", "client_id": "1"} 38.63125
{"desc": "status", "id": "54", "client_id": "1"} 38.63125
{"desc": "status", "id": "55", "client_id": "1"} 38.63125
{"desc": "status", "id": "56", "client_id": "1"} 38.63125
{"desc": "status", "id": "57", "client_id": "1"} 38.63125
{"desc": "status", "id": "58", "client_id": "1"} 38.63125
{"desc": "status", "id": "59", "client_id": "1"} 38.63125
{"desc": "status", "id": "60", "client_id": "1"} 38.63125
{"desc": "status", "id": "61", "client_id": "1"} 38.63125
{"desc": "status", "id": "62", "client_id": "1"} 38.63125
{"desc": "status", "id": "63", "client_id": "1"} 38.63125
{"desc": "status", "id": "64", "client_id": "1"} 38.63125
{"desc": "status", "id": "65", "client_id": "1"} 38.63125
{"desc": "status", "id": "66", "client_id": "1"} 38.63125
{"desc": "status", "id": "67", "client_id": "1"} 38.63125
{"desc": "status", "id": "68", "client_id": "1"} 38.63125
{"desc": "status", "id": "69", "client_id": "1"} 38.63125
{"desc": "status", "id": "70", "client_id": "1"} 38.63125
{"desc": "status", "id": "71", "client_id": "1"} 38.63125
{"desc": "status", "id": "72", "client_id": "1"} 38.63125
{"desc": "status", "id": "73", "client_id": "1"} 38.63125
{"desc": "status", "id": "74", "client_id": "1"} 38.63125
{"desc": "status", "id": "75", "client_id": "1"} 38.63125
{"desc": "status", "id": "76", "client_id": "1"} 38.63125
{"desc": "status", "id": "77", "client_id": "1"} 38.63125
{"desc": "status", "id": "78", "client_id": "1"} 38.63125
{"desc": "status", "id": "79", "client_id": "1"} 38.63125
{"desc": "status", "id": "80", "client_id": "1"} 38.63125
{"desc": "status", "id": "81", "client_id": "1"} 38.63125
{"desc": "status", "id": "82", "client_id": "1"} 38.63125
{"desc": "status", "id": "83", "client_id": "1"} 38.63125
{"desc": "status", "id": "84", "client_id": "1"} 38.63125
{"desc": "status", "id": "85", "client_id": "1"} 38.63125
{"desc": "status", "id": "86", "client_id": "1"} 38.63125
{"desc": "status", "id": "87", "client_id": "1"} 38.63125
{"desc": "status", "id": "88", "client_id": "1"} 38.63125
{"desc": "status", "id": "89", "client_id": "1"} 38.63125
{"desc": "status", "id": "90", "client_id": "1"} 38.63125
{"desc": "status", "id": "9", "client_id": "1"} 38.63125
{"desc": "status", "id": "25", "client_id": "1"} 38.63125
{"desc": "status", "id": "42", "client_id": "1"} 38.63125
{"desc": "status", "id": "67", "client_id": "1"} 38.63125
{"desc": "status", "id": "78", "client_id": "1"} 38.63125
{"desc": "status", "id": "81", "client_id": "1"} 38.63125
{"desc": "status", "id": "83", "client_id": "1"} 38.63125
{"desc": "status", "id": "24", "client_id": "1"} 38.63125
{"desc": "status", "id": "84", "client_id": "1"} 38.63125
{"desc": "status", "id": "13", "client_id": "1"} 38.63125
{"desc": "status", "id": "60", "client_id": "1"} 38.63125
{"desc": "status", "id": "77", "client_id": "1"} 38.63125
{"desc": "status", "id": "6", "client_id": "1"} 38.63125
{"desc": "status", "id": "7", "client_id": "1"} 38.63125
{"desc": "status", "id": "17", "client_id": "1"} 38.63125
{"desc": "status", "id": "18", "client_id": "1"} 38.63125
{"desc": "status", "id": "27", "client_id": "1"} 38.63125
{"desc": "status", "id": "33", "client_id": "1"} 38.63125
{"desc": "status", "id": "37", "client_id": "1"} 38.63125
{"desc": "status", "id": "45", "client_id": "1"} 38.63125
{"desc": "status", "id": "47", "client_id": "1"} 38.63125
{"desc": "status", "id": "53", "client_id": "1"} 38.63125
{"desc": "status", "id": "58", "client_id": "1"} 38.63125
{"desc": "status", "id": "62", "client_id": "1"} 38.63125
{"desc": "status", "id": "65", "client_id": "1"} 38.63125
{"desc": "status", "id": "66", "client_id": "1"} 38.63125
{"desc": "status", "id": "74", "client_id": "1"} 38.63125
{"desc": "status", "id": "80", "client_id": "1"} 38.63125
{"desc": "status", "id": "89", "client_id": "1"} 38.63125
{"desc": "status", "id": "81", "client_id": "1"} 38.63125
{"desc": "status", "id": "83", "client_id": "1"} 38.63125
{"desc": "status", "id": "81", "client_id": "1"} 38.63125
{"desc": "status", "id": "71", "client_id": "1"} 38.63125
{"desc": "status", "id": "53", "client_id": "1"} 38.63125
{"desc": "status", "id": "77", "client_id": "1"} 38.63125
{"desc": "status", "id": "53", "client_id": "1"} 38.63125
{"desc": "status", "id": "38", "client_id": "1"} 38.63125
{"desc": "status", "id": "88", "client_id": "1"} 38.63125
{"desc": "status", "id": "90", "client_id": "1"} 38.63125
{"desc": "status", "id": "11", "client_id": "1"} 38.63125
{"desc": "status", "id": "30", "client_id": "1"} 38.63125
{"desc": "status", "id": "43", "client_id": "1"} 38.63125
{"desc": "status", "id": "61", "client_id": "1"} 38.63125
{"desc": "status", "id": "63", "client_id": "1"} 38.63125
{"desc": "status", "id": "64", "client_id": "1"} 38.63125
{"desc": "status", "id": "73", "client_id": "1"} 38.63125
{"desc": "status", "id": "86", "client_id": "1"} 38.63125
{"desc": "status", "id": "13", "client_id": "1"} 38.63125
{"desc": "status", "id": "20", "client_id": "1"} 38.63125
{"desc": "status", "id": "40", "client_id": "1"} 38.63125
{"desc": "status", "id": "67", "client_id": "1"} 38.63125
{"desc": "status", "id": "75", "client_id": "1"} 38.63125
{"desc": "status", "id": "79", "client_id": "1"} 38.63125
{"desc": "status", "id": "89", "client_id": "1"} 38.63125
{"desc": "status", "id": "53", "client_id": "1"} 38.63125
{"desc": "status", "id": "58", "client_id": "1"} 38.63125
{"desc": "status", "id": "80", "client_id": "1"} 38.63125
{"desc": "status", "id": "83", "client_id": "1"} 38.63125
{"desc": "status", "id": "34", "client_id": "1"} 38.63125
{"desc": "status", "id": "19", "client_id": "1"} 38.63125
{"desc": "status", "id": "52", "client_id": "1"} 38.63125
{"desc": "status", "id": "44", "client_id": "1"} 38.63125
{"desc": "status", "id": "55", "client_id": "1"} 38.63125
{"desc": "status", "id": "5", "client_id": "1"} 38.63125
{"desc": "status", "id": "82", "client_id": "1"} 38.63125
{"desc": "status", "id": "87", "client_id": "1"} 38.63125
{"desc": "status", "id": "90", "client_id": "1"} 38.63125
{"desc": "status", "id": "62", "client_id": "1"} 38.63125
{"desc": "status", "id": "2", "client_id": "1"} 38.63125
{"desc": "status", "id": "6", "client_id": "1"} 38.63125
{"desc": "status", "id": "40", "client_id": "1"} 38.63125
{"desc": "status", "id": "52", "client_id": "1"} 38.63125
{"desc": "status", "id": "80", "client_id": "1"} 38.63125
{"desc": "status", "id": "74", "client_id": "1"} 38.63125
{"desc": "status", "id": "80", "client_id": "1"} 38.63125
{"desc": "status", "id": "18", "client_id": "1"} 38.63125
{"desc": "status", "id": "41", "client_id": "1"} 38.63125
{"desc": "status", "id": "71", "client_id": "1"} 38.63125
{"desc": "status", "id": "77", "client_id": "1"} 38.63125
{"desc": "status", "id": "53", "client_id": "1"} 38.63125
{"desc": "status", "id": "53", "client_id": "1"} 38.63125
{"desc": "status", "id": "60", "client_id": "1"} 38.63125
{"desc": "status", "id": "77", "client_id": "1"} 38.63125
{"desc": "status", "id": "49", "client_id": "1"} 38.63125
{"desc": "status", "id": "88", "client_id": "1"} 38.63125
{"desc": "status", "id": "84", "client_id": "1"} 38.63125
{"desc": "status", "id": "47", "client_id": "1"} 38.63125

INFO:ftm.messaging_monitor:[47m[35m------------SIMULATION FINISHED---------[0m
DEBUG:ftm.server:[47m[34mon finish hit[0m
INFO:ftm.ftm_middleware:
+-------+--------------------+
| VM ID |  Failure Duration  |
+-------+--------------------+
|   4   | 7.092241548001766  |
|   10  | 1.0105799549783114 |
|   22  | 8.765674558992032  |
|   46  | 3.0325099820038304 |
|   55  | 8.090129182994133  |
|   64  |  3.02317373000551  |
|   70  | 3.037629090977134  |
|   79  |  2.01251110600424  |
|   88  | 1.0106318049947731 |
+-------+--------------------+
INFO:ftm.ftm_middleware:[32mTotal Failure Duration:	 37.07508095895173[0m
Availability: 0.9674779991588143[0m
INFO:ftm.ftm_middleware:[31mFILE OPENNING: [Errno 2] No such file or directory: './results/test.pkl'[0m
INFO:ftm.ftm_middleware:[32minitailising file with dict[0m
INFO:ftm.ftm_middleware:[35m



---------------EXITING SERVER---------------------



[0m
{"id":"50","desc":"migration"}
39.6078125
{"id":"56","desc":"migration"}
39.6078125
{"id":"70","desc":"migration"}
39.6078125
{"id":"37","desc":"migration"}
39.6078125
{"id":"89","desc":"migration"}
39.6078125
xxxxxxxxxxxxxx FTM finished xxxxxxxxxxxxxxxxx
p1 finished
received: quit | Now quitting
xxxxxxxxxxxxxx Client finished xxxxxxxxxxxxx
java.io.IOException: Connection reset by peer
	at sun.nio.ch.FileDispatcherImpl.write0(Native Method)
	at sun.nio.ch.SocketDispatcher.write(SocketDispatcher.java:47)
	at sun.nio.ch.IOUtil.writeFromNativeBuffer(IOUtil.java:93)
	at sun.nio.ch.IOUtil.write(IOUtil.java:51)
	at sun.nio.ch.SocketChannelImpl.write(SocketChannelImpl.java:468)
	at org.glassfish.grizzly.nio.transport.TCPNIOUtils.flushByteBuffer(TCPNIOUtils.java:149)
	at org.glassfish.grizzly.nio.transport.TCPNIOUtils.writeSimpleBuffer(TCPNIOUtils.java:133)
	at org.glassfish.grizzly.nio.transport.TCPNIOAsyncQueueWriter.write0(TCPNIOAsyncQueueWriter.java:109)
	at org.glassfish.grizzly.nio.transport.TCPNIOAsyncQueueWriter.write0(TCPNIOAsyncQueueWriter.java:91)
	at org.glassfish.grizzly.nio.AbstractNIOAsyncQueueWriter.write(AbstractNIOAsyncQueueWriter.java:261)
	at org.glassfish.grizzly.nio.AbstractNIOAsyncQueueWriter.write(AbstractNIOAsyncQueueWriter.java:170)
	at org.glassfish.grizzly.nio.AbstractNIOAsyncQueueWriter.write(AbstractNIOAsyncQueueWriter.java:70)
	at org.glassfish.grizzly.nio.transport.TCPNIOTransportFilter.handleWrite(TCPNIOTransportFilter.java:126)
	at org.glassfish.grizzly.filterchain.TransportFilter.handleWrite(TransportFilter.java:191)
	at org.glassfish.grizzly.filterchain.ExecutorResolver$8.execute(ExecutorResolver.java:111)
	at org.glassfish.grizzly.filterchain.DefaultFilterChain.executeFilter(DefaultFilterChain.java:284)
	at org.glassfish.grizzly.filterchain.DefaultFilterChain.executeChainPart(DefaultFilterChain.java:201)
	at org.glassfish.grizzly.filterchain.DefaultFilterChain.execute(DefaultFilterChain.java:133)
	at org.glassfish.grizzly.filterchain.DefaultFilterChain.process(DefaultFilterChain.java:112)
	at org.glassfish.grizzly.ProcessorExecutor.execute(ProcessorExecutor.java:77)
	at org.glassfish.grizzly.filterchain.DefaultFilterChain.write(DefaultFilterChain.java:413)
	at org.glassfish.grizzly.nio.NIOConnection.write(NIOConnection.java:407)
	at org.glassfish.grizzly.nio.NIOConnection.write(NIOConnection.java:381)
	at org.glassfish.tyrus.container.grizzly.client.GrizzlyWriter$WriteTask.execute(GrizzlyWriter.java:169)
	at org.glassfish.tyrus.container.grizzly.client.TaskProcessor.processTask(TaskProcessor.java:114)
	at org.glassfish.tyrus.container.grizzly.client.TaskProcessor.processTask(TaskProcessor.java:91)
	at org.glassfish.tyrus.container.grizzly.client.GrizzlyWriter.write(GrizzlyWriter.java:103)
	at org.glassfish.tyrus.core.ProtocolHandler.write(ProtocolHandler.java:338)
	at org.glassfish.tyrus.core.ProtocolHandler.send(ProtocolHandler.java:234)
	at org.glassfish.tyrus.core.ProtocolHandler.send(ProtocolHandler.java:229)
	at org.glassfish.tyrus.core.ProtocolHandler.send(ProtocolHandler.java:261)
	at org.glassfish.tyrus.core.TyrusWebSocket.sendText(TyrusWebSocket.java:298)
	at org.glassfish.tyrus.core.TyrusRemoteEndpoint.sendSyncObject(TyrusRemoteEndpoint.java:399)
	at org.glassfish.tyrus.core.TyrusRemoteEndpoint$Basic.sendObject(TyrusRemoteEndpoint.java:174)
	at Client.parseAndRoute(Client.java:1066)
	at Client.lambda$main$0(Client.java:271)
	at org.cloudbus.cloudsim.core.CloudSim.lambda$notifyEventListeners$0(CloudSim.java:308)
	at java.lang.Iterable.forEach(Iterable.java:75)
	at org.cloudbus.cloudsim.core.CloudSim.notifyEventListeners(CloudSim.java:308)
	at org.cloudbus.cloudsim.core.CloudSim.notifyOnClockTickListenersIfClockChanged(CloudSim.java:749)
	at org.cloudbus.cloudsim.core.CloudSim.setClock(CloudSim.java:472)
	at org.cloudbus.cloudsim.core.CloudSim.processEvent(CloudSim.java:707)
	at org.cloudbus.cloudsim.core.CloudSim.processFutureEventsHappeningAtSameTimeOfTheFirstOne(CloudSim.java:561)
	at org.cloudbus.cloudsim.core.CloudSim.runClockTickAndProcessFutureEvents(CloudSim.java:515)
	at org.cloudbus.cloudsim.core.CloudSim.processEvents(CloudSim.java:319)
	at org.cloudbus.cloudsim.core.CloudSim.start(CloudSim.java:278)
	at Client.main(Client.java:459)
	at sun.reflect.NativeMethodAccessorImpl.invoke0(Native Method)
	at sun.reflect.NativeMethodAccessorImpl.invoke(NativeMethodAccessorImpl.java:62)
	at sun.reflect.DelegatingMethodAccessorImpl.invoke(DelegatingMethodAccessorImpl.java:43)
	at java.lang.reflect.Method.invoke(Method.java:498)
	at org.codehaus.mojo.exec.ExecJavaMojo$1.run(ExecJavaMojo.java:282)
	at java.lang.Thread.run(Thread.java:748)
CloudSim Error: None
xxxxxxxxxxxxxx CloudSim finished xxxxxxxxxxxxxx
[32m



-----------------------------EPOCH COMPLETED---------------------------


[0m
